# Logfile created on 2026-03-23 13:42:58 +0100 by logger.rb/v1.5.3
2026-03-23 13:42:58 +0100: Memory Usage (435288K) : Starting running IHP-SG13G2 Klayout DRC antenna runset on /foss/designs/Design/xschem/HPAmplifier/OTA_Telescopic_NO_FLATTEN/Layout_and_Related_files/Buffer.gds
2026-03-23 13:42:58 +0100: Memory Usage (435288K) : Ruby Version for klayout: 3.2.3
2026-03-23 13:42:58 +0100: Memory Usage (436096K) : Loading database to memory is complete.
2026-03-23 13:42:58 +0100: Memory Usage (436096K) : IHP-SG13G2 Klayout DRC antenna runset output at: /foss/designs/Design/xschem/HPAmplifier/OTA_Telescopic_NO_FLATTEN/Layout_and_Related_files/drc_run_Buffer/Buffer_Buffer_antenna.lyrdb
2026-03-23 13:42:58 +0100: Memory Usage (436096K) : Evaluate switches.
2026-03-23 13:42:58 +0100: Memory Usage (436096K) : Klayout will use  thread(s)
2026-03-23 13:42:58 +0100: Memory Usage (436096K) : deep mode is enabled for antenna table.
2026-03-23 13:42:58 +0100: Memory Usage (436096K) : Read in polygons from layers.
2026-03-23 13:42:58 +0100: Memory Usage (437324K) : activ_drw has 452 polygons
2026-03-23 13:42:58 +0100: Memory Usage (437324K) : gatpoly_drw has 137 polygons
2026-03-23 13:42:58 +0100: Memory Usage (437324K) : cont_drw has 4222 polygons
2026-03-23 13:42:58 +0100: Memory Usage (437324K) : nsd_block has 0 polygons
2026-03-23 13:42:58 +0100: Memory Usage (437324K) : metal1_drw has 552 polygons
2026-03-23 13:42:58 +0100: Memory Usage (438056K) : metal2_drw has 85 polygons
2026-03-23 13:42:58 +0100: Memory Usage (438056K) : psd_drw has 201 polygons
2026-03-23 13:42:58 +0100: Memory Usage (438056K) : digisub_drw has 0 polygons
2026-03-23 13:42:58 +0100: Memory Usage (438056K) : via1_drw has 1121 polygons
2026-03-23 13:42:58 +0100: Memory Usage (438056K) : via2_drw has 316 polygons
2026-03-23 13:42:58 +0100: Memory Usage (438320K) : metal3_drw has 21 polygons
2026-03-23 13:42:58 +0100: Memory Usage (438320K) : nwell_drw has 57 polygons
2026-03-23 13:42:58 +0100: Memory Usage (438320K) : pwell_block has 0 polygons
2026-03-23 13:42:58 +0100: Memory Usage (438320K) : via3_drw has 221 polygons
2026-03-23 13:42:58 +0100: Memory Usage (438320K) : metal4_drw has 19 polygons
2026-03-23 13:42:58 +0100: Memory Usage (438320K) : via4_drw has 209 polygons
2026-03-23 13:42:58 +0100: Memory Usage (438584K) : metal5_drw has 7 polygons
2026-03-23 13:42:58 +0100: Memory Usage (438584K) : recog_diode has 0 polygons
2026-03-23 13:42:58 +0100: Memory Usage (438584K) : recog_esd has 0 polygons
2026-03-23 13:42:58 +0100: Memory Usage (438584K) : topvia1_drw has 48 polygons
2026-03-23 13:42:58 +0100: Memory Usage (438584K) : topmetal1_drw has 12 polygons
2026-03-23 13:42:58 +0100: Memory Usage (438848K) : topvia2_drw has 0 polygons
2026-03-23 13:42:58 +0100: Memory Usage (438848K) : topmetal2_drw has 0 polygons
2026-03-23 13:42:58 +0100: Memory Usage (438848K) : Total no. of polygons in the design is 7680
2026-03-23 13:42:58 +0100: Memory Usage (438848K) : Loaded TECH DRC rules values from /foss/pdks/ihp-sg13g2/libs.tech/klayout/python/sg13g2_pycell_lib/sg13g2_tech_mod.json
2026-03-23 13:42:58 +0100: Memory Usage (438848K) : Loaded default DRC rules values from /foss/pdks/ihp-sg13g2/libs.tech/klayout/tech/drc/rule_decks/sg13g2_tech_default.json
2026-03-23 13:42:58 +0100: Memory Usage (438848K) : The following rules values were missing in tech json and default values were used:
2026-03-23 13:42:58 +0100: Memory Usage (438848K) :   - Cnt_c_digibnd
2026-03-23 13:42:58 +0100: Memory Usage (439112K) : Total area of the design is 1986.56575 um^2.
2026-03-23 13:42:58 +0100: Memory Usage (439112K) : The design dimensions are 48.129999999999995 µm * 41.275 µm.
2026-03-23 13:42:58 +0100: Memory Usage (439112K) : Starting general IHP-SG13G2 derivations.
2026-03-23 13:42:58 +0100: Memory Usage (442864K) : Starting IHP-SG13G2 DRC rules.
2026-03-23 13:42:58 +0100: Memory Usage (442864K) : Starting 7.1 Antenna Rules table
2026-03-23 13:42:58 +0100: Memory Usage (442864K) : Executing rule Ant.a
2026-03-23 13:42:58 +0100: Memory Usage (443744K) : Executing rule Ant.c
2026-03-23 13:42:58 +0100: Memory Usage (443744K) : Starting cumulative antenna ratio calculations
2026-03-23 13:42:58 +0100: Memory Usage (443744K) : Evaluating metal1_drw ratio
2026-03-23 13:42:58 +0100: Memory Usage (444040K) : Evaluating via1_drw ratio
2026-03-23 13:42:58 +0100: Memory Usage (444040K) : Evaluating metal2_drw ratio
2026-03-23 13:42:58 +0100: Memory Usage (444360K) : Evaluating via2_drw ratio
2026-03-23 13:42:58 +0100: Memory Usage (444360K) : Evaluating metal3_drw ratio
2026-03-23 13:42:58 +0100: Memory Usage (444624K) : Evaluating via3_drw ratio
2026-03-23 13:42:58 +0100: Memory Usage (444624K) : Evaluating metal4_drw ratio
2026-03-23 13:42:58 +0100: Memory Usage (444624K) : Evaluating via4_drw ratio
2026-03-23 13:42:58 +0100: Memory Usage (444888K) : Evaluating metal5_drw ratio
2026-03-23 13:42:58 +0100: Memory Usage (444888K) : Evaluating topvia1_drw ratio
2026-03-23 13:42:58 +0100: Memory Usage (444888K) : Evaluating topmetal1_drw ratio
2026-03-23 13:42:58 +0100: Memory Usage (445112K) : Evaluating topvia2_drw ratio
2026-03-23 13:42:58 +0100: Memory Usage (445112K) : Evaluating topmetal2_drw ratio
2026-03-23 13:42:58 +0100: Memory Usage (445372K) : Evaluating diode presence
2026-03-23 13:42:58 +0100: Memory Usage (445372K) : Creating base layer with all individual ratios and diode flag
2026-03-23 13:42:58 +0100: Memory Usage (446540K) : Executing rules Ant.b and Ant.e
2026-03-23 13:42:58 +0100: Memory Usage (446540K) : Executing Ant.b_Metal1
2026-03-23 13:42:58 +0100: Memory Usage (446540K) : Executing Ant.e_Metal1
2026-03-23 13:42:58 +0100: Memory Usage (446864K) : Evaluating cumulative ratio after Metal2
2026-03-23 13:42:58 +0100: Memory Usage (446864K) : Executing Ant.b_Metal2
2026-03-23 13:42:58 +0100: Memory Usage (446864K) : Executing Ant.e_Metal2
2026-03-23 13:42:58 +0100: Memory Usage (447072K) : Evaluating cumulative ratio after Metal3
2026-03-23 13:42:58 +0100: Memory Usage (447072K) : Executing Ant.b_Metal3
2026-03-23 13:42:58 +0100: Memory Usage (447072K) : Executing Ant.e_Metal3
2026-03-23 13:42:58 +0100: Memory Usage (447332K) : Evaluating cumulative ratio after Metal4
2026-03-23 13:42:58 +0100: Memory Usage (447332K) : Executing Ant.b_Metal4
2026-03-23 13:42:58 +0100: Memory Usage (447332K) : Executing Ant.e_Metal4
2026-03-23 13:42:58 +0100: Memory Usage (447332K) : Evaluating cumulative ratio after Metal5
2026-03-23 13:42:58 +0100: Memory Usage (447596K) : Executing Ant.b_Metal5
2026-03-23 13:42:58 +0100: Memory Usage (447596K) : Executing Ant.e_Metal5
2026-03-23 13:42:58 +0100: Memory Usage (447596K) : Evaluating cumulative ratio after TopMetal1
2026-03-23 13:42:58 +0100: Memory Usage (447596K) : Executing Ant.b_TopMetal1
2026-03-23 13:42:58 +0100: Memory Usage (447860K) : Executing Ant.e_TopMetal1
2026-03-23 13:42:58 +0100: Memory Usage (447860K) : Evaluating cumulative ratio after TopMetal2
2026-03-23 13:42:58 +0100: Memory Usage (447860K) : Executing Ant.b_TopMetal2
2026-03-23 13:42:58 +0100: Memory Usage (447860K) : Executing Ant.e_TopMetal2
2026-03-23 13:42:58 +0100: Memory Usage (448124K) : Executing rules Ant.d and Ant.f
2026-03-23 13:42:58 +0100: Memory Usage (448124K) : Evaluating cumulative ratio after Via1
2026-03-23 13:42:58 +0100: Memory Usage (448144K) : Executing Ant.d_Via1
2026-03-23 13:42:59 +0100: Memory Usage (448144K) : Executing Ant.f_Via1
2026-03-23 13:42:59 +0100: Memory Usage (448360K) : Evaluating cumulative ratio after Via2
2026-03-23 13:42:59 +0100: Memory Usage (448360K) : Executing Ant.d_Via2
2026-03-23 13:42:59 +0100: Memory Usage (448360K) : Executing Ant.f_Via2
2026-03-23 13:42:59 +0100: Memory Usage (448620K) : Evaluating cumulative ratio after Via3
2026-03-23 13:42:59 +0100: Memory Usage (448620K) : Executing Ant.d_Via3
2026-03-23 13:42:59 +0100: Memory Usage (448620K) : Executing Ant.f_Via3
2026-03-23 13:42:59 +0100: Memory Usage (448620K) : Evaluating cumulative ratio after Via4
2026-03-23 13:42:59 +0100: Memory Usage (448620K) : Executing Ant.d_Via4
2026-03-23 13:42:59 +0100: Memory Usage (448884K) : Executing Ant.f_Via4
2026-03-23 13:42:59 +0100: Memory Usage (448884K) : Evaluating cumulative ratio after TopVia1
2026-03-23 13:42:59 +0100: Memory Usage (448884K) : Executing Ant.d_TopVia1
2026-03-23 13:42:59 +0100: Memory Usage (449148K) : Executing Ant.f_TopVia1
2026-03-23 13:42:59 +0100: Memory Usage (449372K) : Evaluating cumulative ratio after TopVia2
2026-03-23 13:42:59 +0100: Memory Usage (449372K) : Executing Ant.d_TopVia2
2026-03-23 13:42:59 +0100: Memory Usage (449372K) : Executing Ant.f_TopVia2
2026-03-23 13:42:59 +0100: Memory Usage (449632K) : Executing rule Ant.g
2026-03-23 13:42:59 +0100: Memory Usage (449956K) : Executing rule Ant.h
2026-03-23 13:42:59 +0100: Memory Usage (449956K) : Executing rule Ant.i
