# Logfile created on 2026-03-28 00:56:58 +0100 by logger.rb/v1.5.3
2026-03-28 00:56:58 +0100: Memory Usage (437236K) : Starting running IHP-SG13G2 KLayout DRC runset on /foss/designs/Design/xschem/HPAmplifier/OTA_Telescopic/Layout_and_Related_files/HPA_to_PADS.gds
2026-03-28 00:56:58 +0100: Memory Usage (437236K) : Ruby Version for klayout: 3.2.3
2026-03-28 00:56:58 +0100: Memory Usage (439888K) : Loading database to memory is complete.
2026-03-28 00:56:58 +0100: Memory Usage (440132K) : IHP-SG13G2 KLayout DRC runset output at: /foss/designs/Design/xschem/HPAmplifier/OTA_Telescopic/Layout_and_Related_files/drc_run_HPA/HPA_to_PADS_HPA_activfiller.lyrdb
2026-03-28 00:56:58 +0100: Memory Usage (440132K) : Evaluate switches.
2026-03-28 00:56:58 +0100: Memory Usage (440132K) : tables selected: activfiller
2026-03-28 00:56:58 +0100: Memory Usage (440132K) : KLayout will use 4 thread(s) in tiled mode.
2026-03-28 00:56:58 +0100: Memory Usage (440132K) : flat mode is enabled.
2026-03-28 00:56:58 +0100: Memory Usage (440132K) : FEOL enabled: false
2026-03-28 00:56:58 +0100: Memory Usage (440132K) : BEOL enabled: false
2026-03-28 00:56:58 +0100: Memory Usage (440132K) : OFFGRID enabled: true
2026-03-28 00:56:58 +0100: Memory Usage (440132K) : PIN enabled: false
2026-03-28 00:56:58 +0100: Memory Usage (440132K) : FORBIDDEN enabled: false
2026-03-28 00:56:58 +0100: Memory Usage (440132K) : RECOMMENDED enabled: true
2026-03-28 00:56:58 +0100: Memory Usage (440132K) : PreCheck DRC enabled: false
2026-03-28 00:56:58 +0100: Memory Usage (440132K) : CONNECTIVITY_RULES enabled: false.
2026-03-28 00:56:58 +0100: Memory Usage (440132K) : Read in polygons from layers.
2026-03-28 00:56:58 +0100: Memory Usage (443016K) : activ_drw has 198 polygons
2026-03-28 00:56:58 +0100: Memory Usage (443016K) : activ_pin has 0 polygons
2026-03-28 00:56:58 +0100: Memory Usage (443016K) : activ_mask has 0 polygons
2026-03-28 00:56:58 +0100: Memory Usage (443016K) : activ_filler has 0 polygons
2026-03-28 00:56:58 +0100: Memory Usage (443016K) : activ_nofill has 0 polygons
2026-03-28 00:56:58 +0100: Memory Usage (443016K) : activ_opc has 0 polygons
2026-03-28 00:56:58 +0100: Memory Usage (443016K) : activ_iopc has 0 polygons
2026-03-28 00:56:58 +0100: Memory Usage (443016K) : activ_noqrc has 0 polygons
2026-03-28 00:56:58 +0100: Memory Usage (443016K) : biwind_drw has 0 polygons
2026-03-28 00:56:58 +0100: Memory Usage (443016K) : biwind_opc has 0 polygons
2026-03-28 00:56:58 +0100: Memory Usage (443016K) : pemwind_drw has 0 polygons
2026-03-28 00:56:58 +0100: Memory Usage (443400K) : gatpoly_drw has 108 polygons
2026-03-28 00:56:59 +0100: Memory Usage (443616K) : gatpoly_pin has 124 polygons
2026-03-28 00:56:59 +0100: Memory Usage (443616K) : gatpoly_filler has 0 polygons
2026-03-28 00:56:59 +0100: Memory Usage (443616K) : gatpoly_nofill has 0 polygons
2026-03-28 00:56:59 +0100: Memory Usage (443616K) : gatpoly_opc has 0 polygons
2026-03-28 00:56:59 +0100: Memory Usage (443616K) : gatpoly_iopc has 0 polygons
2026-03-28 00:56:59 +0100: Memory Usage (443616K) : gatpoly_noqrc has 0 polygons
2026-03-28 00:56:59 +0100: Memory Usage (449684K) : cont_drw has 16803 polygons
2026-03-28 00:56:59 +0100: Memory Usage (449684K) : cont_opc has 0 polygons
2026-03-28 00:56:59 +0100: Memory Usage (449684K) : nsd_drw has 0 polygons
2026-03-28 00:56:59 +0100: Memory Usage (449684K) : nsd_block has 0 polygons
2026-03-28 00:56:59 +0100: Memory Usage (449684K) : metal1_drw has 390 polygons
2026-03-28 00:56:59 +0100: Memory Usage (449684K) : metal1_pin has 515 polygons
2026-03-28 00:56:59 +0100: Memory Usage (449684K) : metal1_mask has 0 polygons
2026-03-28 00:56:59 +0100: Memory Usage (449684K) : metal1_filler has 0 polygons
2026-03-28 00:56:59 +0100: Memory Usage (449684K) : metal1_nofill has 0 polygons
2026-03-28 00:56:59 +0100: Memory Usage (449948K) : metal1_slit has 0 polygons
2026-03-28 00:56:59 +0100: Memory Usage (449948K) : metal1_text has 0 polygons
2026-03-28 00:56:59 +0100: Memory Usage (449948K) : metal1_opc has 0 polygons
2026-03-28 00:56:59 +0100: Memory Usage (449948K) : metal1_noqrc has 0 polygons
2026-03-28 00:56:59 +0100: Memory Usage (449948K) : metal1_res has 0 polygons
2026-03-28 00:56:59 +0100: Memory Usage (449948K) : metal1_iprobe has 0 polygons
2026-03-28 00:56:59 +0100: Memory Usage (449948K) : metal1_diffprb has 0 polygons
2026-03-28 00:56:59 +0100: Memory Usage (449948K) : passiv_drw has 0 polygons
2026-03-28 00:56:59 +0100: Memory Usage (449948K) : passiv_pin has 0 polygons
2026-03-28 00:56:59 +0100: Memory Usage (449948K) : passiv_sbump has 0 polygons
2026-03-28 00:56:59 +0100: Memory Usage (449948K) : passiv_pillar has 0 polygons
2026-03-28 00:56:59 +0100: Memory Usage (449948K) : passiv_pdl has 0 polygons
2026-03-28 00:56:59 +0100: Memory Usage (449948K) : metal2_drw has 98 polygons
2026-03-28 00:56:59 +0100: Memory Usage (449948K) : metal2_pin has 12 polygons
2026-03-28 00:56:59 +0100: Memory Usage (449948K) : metal2_mask has 0 polygons
2026-03-28 00:56:59 +0100: Memory Usage (449948K) : metal2_filler has 0 polygons
2026-03-28 00:56:59 +0100: Memory Usage (449948K) : metal2_nofill has 0 polygons
2026-03-28 00:56:59 +0100: Memory Usage (449948K) : metal2_slit has 0 polygons
2026-03-28 00:56:59 +0100: Memory Usage (449948K) : metal2_text has 1 polygons
2026-03-28 00:56:59 +0100: Memory Usage (449948K) : metal2_opc has 0 polygons
2026-03-28 00:56:59 +0100: Memory Usage (449948K) : metal2_noqrc has 0 polygons
2026-03-28 00:56:59 +0100: Memory Usage (449948K) : metal2_res has 0 polygons
2026-03-28 00:56:59 +0100: Memory Usage (449948K) : metal2_iprobe has 0 polygons
2026-03-28 00:56:59 +0100: Memory Usage (449948K) : metal2_diffprb has 0 polygons
2026-03-28 00:56:59 +0100: Memory Usage (449948K) : baspoly_drw has 0 polygons
2026-03-28 00:56:59 +0100: Memory Usage (449948K) : baspoly_pin has 0 polygons
2026-03-28 00:56:59 +0100: Memory Usage (449948K) : psd_drw has 24 polygons
2026-03-28 00:56:59 +0100: Memory Usage (449948K) : nldb_drw has 0 polygons
2026-03-28 00:56:59 +0100: Memory Usage (449948K) : digibnd_drw has 0 polygons
2026-03-28 00:56:59 +0100: Memory Usage (449948K) : via1_drw has 9590 polygons
2026-03-28 00:56:59 +0100: Memory Usage (449948K) : backmetal1_drw has 0 polygons
2026-03-28 00:56:59 +0100: Memory Usage (449948K) : backmetal1_pin has 0 polygons
2026-03-28 00:56:59 +0100: Memory Usage (449948K) : backmetal1_mask has 0 polygons
2026-03-28 00:56:59 +0100: Memory Usage (449948K) : backmetal1_filler has 0 polygons
2026-03-28 00:56:59 +0100: Memory Usage (449948K) : backmetal1_nofill has 0 polygons
2026-03-28 00:56:59 +0100: Memory Usage (449948K) : backmetal1_slit has 0 polygons
2026-03-28 00:56:59 +0100: Memory Usage (449948K) : backmetal1_text has 0 polygons
2026-03-28 00:56:59 +0100: Memory Usage (449948K) : backmetal1_opc has 0 polygons
2026-03-28 00:56:59 +0100: Memory Usage (449948K) : backmetal1_noqrc has 0 polygons
2026-03-28 00:56:59 +0100: Memory Usage (449948K) : backmetal1_res has 0 polygons
2026-03-28 00:56:59 +0100: Memory Usage (449948K) : backmetal1_iprobe has 0 polygons
2026-03-28 00:56:59 +0100: Memory Usage (449948K) : backmetal1_diffprb has 0 polygons
2026-03-28 00:56:59 +0100: Memory Usage (449948K) : backpassiv_drw has 0 polygons
2026-03-28 00:56:59 +0100: Memory Usage (449948K) : res_drw has 0 polygons
2026-03-28 00:56:59 +0100: Memory Usage (449948K) : sram_drw has 0 polygons
2026-03-28 00:56:59 +0100: Memory Usage (449948K) : trans_drw has 0 polygons
2026-03-28 00:56:59 +0100: Memory Usage (449948K) : ind_drw has 0 polygons
2026-03-28 00:56:59 +0100: Memory Usage (449948K) : ind_pin has 0 polygons
2026-03-28 00:56:59 +0100: Memory Usage (449948K) : ind_text has 0 polygons
2026-03-28 00:56:59 +0100: Memory Usage (449948K) : salblock_drw has 7 polygons
2026-03-28 00:56:59 +0100: Memory Usage (450448K) : via2_drw has 10845 polygons
2026-03-28 00:56:59 +0100: Memory Usage (450448K) : metal3_drw has 75 polygons
2026-03-28 00:56:59 +0100: Memory Usage (450448K) : metal3_pin has 13 polygons
2026-03-28 00:56:59 +0100: Memory Usage (450448K) : metal3_mask has 0 polygons
2026-03-28 00:56:59 +0100: Memory Usage (450448K) : metal3_filler has 0 polygons
2026-03-28 00:56:59 +0100: Memory Usage (450448K) : metal3_nofill has 0 polygons
2026-03-28 00:56:59 +0100: Memory Usage (450448K) : metal3_slit has 0 polygons
2026-03-28 00:56:59 +0100: Memory Usage (450448K) : metal3_text has 5 polygons
2026-03-28 00:56:59 +0100: Memory Usage (450448K) : metal3_opc has 0 polygons
2026-03-28 00:56:59 +0100: Memory Usage (450448K) : metal3_noqrc has 0 polygons
2026-03-28 00:56:59 +0100: Memory Usage (450448K) : metal3_res has 0 polygons
2026-03-28 00:56:59 +0100: Memory Usage (450448K) : metal3_iprobe has 0 polygons
2026-03-28 00:56:59 +0100: Memory Usage (450448K) : metal3_diffprb has 0 polygons
2026-03-28 00:56:59 +0100: Memory Usage (450448K) : nwell_drw has 5 polygons
2026-03-28 00:56:59 +0100: Memory Usage (450448K) : nwell_pin has 0 polygons
2026-03-28 00:56:59 +0100: Memory Usage (450448K) : nbulay_drw has 0 polygons
2026-03-28 00:56:59 +0100: Memory Usage (450448K) : nbulay_pin has 0 polygons
2026-03-28 00:56:59 +0100: Memory Usage (450448K) : nbulay_block has 0 polygons
2026-03-28 00:56:59 +0100: Memory Usage (450448K) : emwind_drw has 0 polygons
2026-03-28 00:56:59 +0100: Memory Usage (450448K) : emwind_opc has 0 polygons
2026-03-28 00:56:59 +0100: Memory Usage (450448K) : deepco_drw has 0 polygons
2026-03-28 00:56:59 +0100: Memory Usage (450448K) : deepco_drw has 0 polygons
2026-03-28 00:56:59 +0100: Memory Usage (450448K) : mim_drw has 2 polygons
2026-03-28 00:56:59 +0100: Memory Usage (450712K) : edgeseal_drw has 0 polygons
2026-03-28 00:56:59 +0100: Memory Usage (450712K) : edgeseal_bound has 0 polygons
2026-03-28 00:56:59 +0100: Memory Usage (450712K) : substrate_drw has 723 polygons
2026-03-28 00:56:59 +0100: Memory Usage (450976K) : substrate_text has 0 polygons
2026-03-28 00:56:59 +0100: Memory Usage (450976K) : dfpad_drw has 0 polygons
2026-03-28 00:56:59 +0100: Memory Usage (450976K) : dfpad_pillar has 0 polygons
2026-03-28 00:56:59 +0100: Memory Usage (451240K) : dfpad_sbump has 0 polygons
2026-03-28 00:56:59 +0100: Memory Usage (451240K) : thickgateox_drw has 0 polygons
2026-03-28 00:56:59 +0100: Memory Usage (451240K) : pldb_drw has 0 polygons
2026-03-28 00:56:59 +0100: Memory Usage (451504K) : pwell_drw has 0 polygons
2026-03-28 00:56:59 +0100: Memory Usage (451504K) : pwell_pin has 0 polygons
2026-03-28 00:56:59 +0100: Memory Usage (451768K) : pwell_block has 0 polygons
2026-03-28 00:56:59 +0100: Memory Usage (451768K) : ic_drw has 0 polygons
2026-03-28 00:56:59 +0100: Memory Usage (455200K) : via3_drw has 14951 polygons
2026-03-28 00:56:59 +0100: Memory Usage (455200K) : metal4_drw has 48 polygons
2026-03-28 00:56:59 +0100: Memory Usage (455200K) : metal4_pin has 3 polygons
2026-03-28 00:56:59 +0100: Memory Usage (455200K) : metal4_mask has 0 polygons
2026-03-28 00:56:59 +0100: Memory Usage (455200K) : metal4_filler has 0 polygons
2026-03-28 00:56:59 +0100: Memory Usage (455200K) : metal4_nofill has 0 polygons
2026-03-28 00:56:59 +0100: Memory Usage (455200K) : metal4_slit has 0 polygons
2026-03-28 00:56:59 +0100: Memory Usage (455200K) : metal4_text has 0 polygons
2026-03-28 00:56:59 +0100: Memory Usage (455200K) : metal4_opc has 0 polygons
2026-03-28 00:56:59 +0100: Memory Usage (455200K) : metal4_noqrc has 0 polygons
2026-03-28 00:56:59 +0100: Memory Usage (455200K) : metal4_res has 0 polygons
2026-03-28 00:56:59 +0100: Memory Usage (455200K) : metal4_iprobe has 0 polygons
2026-03-28 00:56:59 +0100: Memory Usage (455200K) : metal4_diffprb has 0 polygons
2026-03-28 00:56:59 +0100: Memory Usage (455200K) : heattrans_drw has 421 polygons
2026-03-28 00:56:59 +0100: Memory Usage (455200K) : heatres_drw has 7 polygons
2026-03-28 00:56:59 +0100: Memory Usage (455200K) : pempoly_drw has 0 polygons
2026-03-28 00:56:59 +0100: Memory Usage (455200K) : fbe_drw has 0 polygons
2026-03-28 00:56:59 +0100: Memory Usage (455200K) : empoly_drw has 0 polygons
2026-03-28 00:56:59 +0100: Memory Usage (455200K) : ldmos_drw has 0 polygons
2026-03-28 00:56:59 +0100: Memory Usage (455200K) : pbiwind_drw has 0 polygons
2026-03-28 00:56:59 +0100: Memory Usage (455200K) : digisub_drw has 0 polygons
2026-03-28 00:56:59 +0100: Memory Usage (455464K) : nodrc_drw has 0 polygons
2026-03-28 00:56:59 +0100: Memory Usage (455464K) : text_drw has 1107 polygons
2026-03-28 00:56:59 +0100: Memory Usage (459160K) : via4_drw has 14844 polygons
2026-03-28 00:56:59 +0100: Memory Usage (459160K) : metal5_drw has 39 polygons
2026-03-28 00:56:59 +0100: Memory Usage (459160K) : metal5_pin has 4 polygons
2026-03-28 00:56:59 +0100: Memory Usage (459160K) : metal5_mask has 0 polygons
2026-03-28 00:56:59 +0100: Memory Usage (459160K) : metal5_filler has 0 polygons
2026-03-28 00:56:59 +0100: Memory Usage (459160K) : metal5_nofill has 0 polygons
2026-03-28 00:56:59 +0100: Memory Usage (459160K) : metal5_slit has 0 polygons
2026-03-28 00:56:59 +0100: Memory Usage (459160K) : metal5_text has 0 polygons
2026-03-28 00:56:59 +0100: Memory Usage (459160K) : metal5_opc has 0 polygons
2026-03-28 00:56:59 +0100: Memory Usage (459160K) : metal5_noqrc has 0 polygons
2026-03-28 00:56:59 +0100: Memory Usage (459160K) : metal5_res has 0 polygons
2026-03-28 00:56:59 +0100: Memory Usage (459160K) : metal5_iprobe has 0 polygons
2026-03-28 00:56:59 +0100: Memory Usage (459160K) : metal5_diffprb has 0 polygons
2026-03-28 00:56:59 +0100: Memory Usage (459160K) : radhard_drw has 0 polygons
2026-03-28 00:56:59 +0100: Memory Usage (459160K) : memcap_drw has 0 polygons
2026-03-28 00:56:59 +0100: Memory Usage (459160K) : varicap_drw has 0 polygons
2026-03-28 00:56:59 +0100: Memory Usage (459160K) : flash_drw has 0 polygons
2026-03-28 00:56:59 +0100: Memory Usage (459160K) : intbondvia_drw has 0 polygons
2026-03-28 00:56:59 +0100: Memory Usage (459160K) : intbondmet_drw has 0 polygons
2026-03-28 00:56:59 +0100: Memory Usage (459160K) : devbondvia_drw has 0 polygons
2026-03-28 00:56:59 +0100: Memory Usage (459160K) : devbondmet_drw has 0 polygons
2026-03-28 00:56:59 +0100: Memory Usage (459160K) : devtrench_drw has 0 polygons
2026-03-28 00:56:59 +0100: Memory Usage (459160K) : redist_drw has 0 polygons
2026-03-28 00:56:59 +0100: Memory Usage (459160K) : graphbot_drw has 0 polygons
2026-03-28 00:56:59 +0100: Memory Usage (459160K) : graphtop_drw has 0 polygons
2026-03-28 00:56:59 +0100: Memory Usage (459160K) : antvia1_drw has 0 polygons
2026-03-28 00:56:59 +0100: Memory Usage (459160K) : antmetal2_drw has 0 polygons
2026-03-28 00:56:59 +0100: Memory Usage (459160K) : graphcont_drw has 0 polygons
2026-03-28 00:56:59 +0100: Memory Usage (459160K) : siwg_drw has 0 polygons
2026-03-28 00:56:59 +0100: Memory Usage (459160K) : siwg_filler has 0 polygons
2026-03-28 00:56:59 +0100: Memory Usage (459160K) : siwg_nofill has 0 polygons
2026-03-28 00:56:59 +0100: Memory Usage (459160K) : sigrating_drw has 0 polygons
2026-03-28 00:56:59 +0100: Memory Usage (459160K) : singrating_drw has 0 polygons
2026-03-28 00:56:59 +0100: Memory Usage (459160K) : graphpas_drw has 0 polygons
2026-03-28 00:56:59 +0100: Memory Usage (459160K) : emwind3_drw has 0 polygons
2026-03-28 00:56:59 +0100: Memory Usage (459160K) : emwihv3_drw has 0 polygons
2026-03-28 00:56:59 +0100: Memory Usage (459160K) : redbulay_drw has 0 polygons
2026-03-28 00:56:59 +0100: Memory Usage (459160K) : smos_drw has 0 polygons
2026-03-28 00:56:59 +0100: Memory Usage (459160K) : graphpad_drw has 0 polygons
2026-03-28 00:56:59 +0100: Memory Usage (459160K) : polimide_drw has 0 polygons
2026-03-28 00:56:59 +0100: Memory Usage (459160K) : polimide_pin has 0 polygons
2026-03-28 00:56:59 +0100: Memory Usage (459160K) : recog_drw has 0 polygons
2026-03-28 00:56:59 +0100: Memory Usage (459160K) : recog_pin has 0 polygons
2026-03-28 00:56:59 +0100: Memory Usage (459160K) : recog_esd has 0 polygons
2026-03-28 00:56:59 +0100: Memory Usage (459160K) : recog_diode has 0 polygons
2026-03-28 00:56:59 +0100: Memory Usage (459160K) : recog_tsv has 0 polygons
2026-03-28 00:56:59 +0100: Memory Usage (459160K) : recog_iprobe has 0 polygons
2026-03-28 00:56:59 +0100: Memory Usage (459160K) : recog_diffprb has 0 polygons
2026-03-28 00:56:59 +0100: Memory Usage (459160K) : recog_pillar has 0 polygons
2026-03-28 00:56:59 +0100: Memory Usage (459160K) : recog_sbump has 0 polygons
2026-03-28 00:56:59 +0100: Memory Usage (459160K) : recog_otp has 0 polygons
2026-03-28 00:56:59 +0100: Memory Usage (459160K) : recog_pdiode has 0 polygons
2026-03-28 00:56:59 +0100: Memory Usage (459160K) : recog_mom has 0 polygons
2026-03-28 00:56:59 +0100: Memory Usage (459160K) : recog_pcm has 0 polygons
2026-03-28 00:56:59 +0100: Memory Usage (459160K) : colopen_drw has 0 polygons
2026-03-28 00:56:59 +0100: Memory Usage (459160K) : graphmetal1_drw has 0 polygons
2026-03-28 00:56:59 +0100: Memory Usage (459160K) : graphmetal1_filler has 0 polygons
2026-03-28 00:56:59 +0100: Memory Usage (459160K) : graphmetal1_nofill has 0 polygons
2026-03-28 00:56:59 +0100: Memory Usage (459160K) : graphmetal1_slit has 0 polygons
2026-03-28 00:56:59 +0100: Memory Usage (459160K) : graphmetal1_opc has 0 polygons
2026-03-28 00:56:59 +0100: Memory Usage (459160K) : graphmet1l_drw has 0 polygons
2026-03-28 00:56:59 +0100: Memory Usage (459160K) : graphmet1l_filler has 0 polygons
2026-03-28 00:56:59 +0100: Memory Usage (459160K) : graphmet1l_nofill has 0 polygons
2026-03-28 00:56:59 +0100: Memory Usage (459160K) : graphmet1l_slit has 0 polygons
2026-03-28 00:56:59 +0100: Memory Usage (459160K) : graphmet1l_opc has 0 polygons
2026-03-28 00:56:59 +0100: Memory Usage (459160K) : extblock_drw has 5 polygons
2026-03-28 00:56:59 +0100: Memory Usage (459160K) : nldd_drw has 0 polygons
2026-03-28 00:56:59 +0100: Memory Usage (459160K) : pldd_drw has 0 polygons
2026-03-28 00:57:00 +0100: Memory Usage (459160K) : next_drw has 0 polygons
2026-03-28 00:57:00 +0100: Memory Usage (459160K) : pext_drw has 0 polygons
2026-03-28 00:57:00 +0100: Memory Usage (459160K) : nexthv_drw has 0 polygons
2026-03-28 00:57:00 +0100: Memory Usage (459160K) : pexthv_drw has 0 polygons
2026-03-28 00:57:00 +0100: Memory Usage (459160K) : graphgate_drw has 0 polygons
2026-03-28 00:57:00 +0100: Memory Usage (459160K) : sinwg_drw has 0 polygons
2026-03-28 00:57:00 +0100: Memory Usage (459160K) : sinwg_filler has 0 polygons
2026-03-28 00:57:00 +0100: Memory Usage (459160K) : sinwg_nofill has 0 polygons
2026-03-28 00:57:00 +0100: Memory Usage (459160K) : mempad_drw has 0 polygons
2026-03-28 00:57:00 +0100: Memory Usage (459160K) : topvia1_drw has 3590 polygons
2026-03-28 00:57:00 +0100: Memory Usage (459160K) : topmetal1_drw has 16 polygons
2026-03-28 00:57:00 +0100: Memory Usage (459160K) : topmetal1_pin has 11 polygons
2026-03-28 00:57:00 +0100: Memory Usage (459160K) : topmetal1_mask has 0 polygons
2026-03-28 00:57:00 +0100: Memory Usage (459160K) : topmetal1_filler has 0 polygons
2026-03-28 00:57:00 +0100: Memory Usage (459160K) : topmetal1_nofill has 0 polygons
2026-03-28 00:57:00 +0100: Memory Usage (459160K) : topmetal1_slit has 0 polygons
2026-03-28 00:57:00 +0100: Memory Usage (459160K) : topmetal1_text has 1 polygons
2026-03-28 00:57:00 +0100: Memory Usage (459160K) : topmetal1_noqrc has 0 polygons
2026-03-28 00:57:00 +0100: Memory Usage (459160K) : topmetal1_res has 0 polygons
2026-03-28 00:57:00 +0100: Memory Usage (459160K) : topmetal1_iprobe has 0 polygons
2026-03-28 00:57:00 +0100: Memory Usage (459160K) : topmetal1_diffprb has 0 polygons
2026-03-28 00:57:00 +0100: Memory Usage (459160K) : inldpwl_drw has 0 polygons
2026-03-28 00:57:00 +0100: Memory Usage (459160K) : polyres_drw has 7 polygons
2026-03-28 00:57:00 +0100: Memory Usage (459160K) : polyres_pin has 0 polygons
2026-03-28 00:57:00 +0100: Memory Usage (459160K) : vmim_drw has 578 polygons
2026-03-28 00:57:00 +0100: Memory Usage (459160K) : nbulaycut_drw has 0 polygons
2026-03-28 00:57:00 +0100: Memory Usage (459160K) : antmetal1_drw has 0 polygons
2026-03-28 00:57:00 +0100: Memory Usage (459160K) : topvia2_drw has 1024 polygons
2026-03-28 00:57:00 +0100: Memory Usage (459160K) : topmetal2_drw has 4 polygons
2026-03-28 00:57:00 +0100: Memory Usage (459160K) : topmetal2_pin has 1 polygons
2026-03-28 00:57:00 +0100: Memory Usage (459160K) : topmetal2_mask has 0 polygons
2026-03-28 00:57:00 +0100: Memory Usage (459160K) : topmetal2_filler has 0 polygons
2026-03-28 00:57:00 +0100: Memory Usage (459160K) : topmetal2_nofill has 0 polygons
2026-03-28 00:57:00 +0100: Memory Usage (459160K) : topmetal2_slit has 0 polygons
2026-03-28 00:57:00 +0100: Memory Usage (459160K) : topmetal2_text has 1 polygons
2026-03-28 00:57:00 +0100: Memory Usage (459160K) : topmetal2_noqrc has 0 polygons
2026-03-28 00:57:00 +0100: Memory Usage (459160K) : topmetal2_res has 0 polygons
2026-03-28 00:57:00 +0100: Memory Usage (459160K) : topmetal2_iprobe has 0 polygons
2026-03-28 00:57:00 +0100: Memory Usage (459160K) : topmetal2_diffprb has 0 polygons
2026-03-28 00:57:00 +0100: Memory Usage (459160K) : snsring_drw has 0 polygons
2026-03-28 00:57:00 +0100: Memory Usage (459160K) : sensor_drw has 0 polygons
2026-03-28 00:57:00 +0100: Memory Usage (459160K) : snsarms_drw has 0 polygons
2026-03-28 00:57:00 +0100: Memory Usage (459160K) : snscmosvia_drw has 0 polygons
2026-03-28 00:57:00 +0100: Memory Usage (459160K) : colwind_drw has 0 polygons
2026-03-28 00:57:00 +0100: Memory Usage (459160K) : flm_drw has 0 polygons
2026-03-28 00:57:00 +0100: Memory Usage (459160K) : hafniumox_drw has 0 polygons
2026-03-28 00:57:00 +0100: Memory Usage (459160K) : memvia_drw has 0 polygons
2026-03-28 00:57:00 +0100: Memory Usage (459160K) : thinfilmres_drw has 0 polygons
2026-03-28 00:57:00 +0100: Memory Usage (459160K) : rfmem_drw has 0 polygons
2026-03-28 00:57:00 +0100: Memory Usage (459160K) : norcx_drw has 0 polygons
2026-03-28 00:57:00 +0100: Memory Usage (459160K) : norcx_m2m3 has 0 polygons
2026-03-28 00:57:00 +0100: Memory Usage (459160K) : norcx_m2m4 has 0 polygons
2026-03-28 00:57:00 +0100: Memory Usage (459160K) : norcx_m2m5 has 0 polygons
2026-03-28 00:57:00 +0100: Memory Usage (459160K) : norcx_m2tm1 has 0 polygons
2026-03-28 00:57:00 +0100: Memory Usage (459424K) : norcx_m2tm2 has 0 polygons
2026-03-28 00:57:00 +0100: Memory Usage (459424K) : norcx_m3m4 has 0 polygons
2026-03-28 00:57:00 +0100: Memory Usage (459424K) : norcx_m3m5 has 0 polygons
2026-03-28 00:57:00 +0100: Memory Usage (459688K) : norcx_m3tm1 has 0 polygons
2026-03-28 00:57:00 +0100: Memory Usage (459688K) : norcx_m3tm2 has 0 polygons
2026-03-28 00:57:00 +0100: Memory Usage (459952K) : norcx_m4m5 has 0 polygons
2026-03-28 00:57:00 +0100: Memory Usage (459952K) : norcx_m4tm1 has 0 polygons
2026-03-28 00:57:00 +0100: Memory Usage (459952K) : norcx_m4tm2 has 0 polygons
2026-03-28 00:57:00 +0100: Memory Usage (460216K) : norcx_m5tm1 has 0 polygons
2026-03-28 00:57:00 +0100: Memory Usage (460216K) : norcx_m5tm2 has 0 polygons
2026-03-28 00:57:00 +0100: Memory Usage (460480K) : norcx_tm1tm2 has 0 polygons
2026-03-28 00:57:00 +0100: Memory Usage (460480K) : norcx_m1sub has 0 polygons
2026-03-28 00:57:00 +0100: Memory Usage (460744K) : norcx_m2sub has 0 polygons
2026-03-28 00:57:00 +0100: Memory Usage (460744K) : norcx_m3sub has 0 polygons
2026-03-28 00:57:00 +0100: Memory Usage (460744K) : norcx_m4sub has 0 polygons
2026-03-28 00:57:00 +0100: Memory Usage (461008K) : norcx_m5sub has 0 polygons
2026-03-28 00:57:00 +0100: Memory Usage (461008K) : norcx_tm1sub has 0 polygons
2026-03-28 00:57:00 +0100: Memory Usage (461272K) : norcx_tm2sub has 0 polygons
2026-03-28 00:57:00 +0100: Memory Usage (461272K) : snsbotvia_drw has 0 polygons
2026-03-28 00:57:00 +0100: Memory Usage (461536K) : snstopvia_drw has 0 polygons
2026-03-28 00:57:00 +0100: Memory Usage (461536K) : deepvia_drw has 0 polygons
2026-03-28 00:57:00 +0100: Memory Usage (461536K) : fgetch_drw has 0 polygons
2026-03-28 00:57:00 +0100: Memory Usage (461800K) : ctrgat_drw has 0 polygons
2026-03-28 00:57:00 +0100: Memory Usage (461800K) : fgimp_drw has 0 polygons
2026-03-28 00:57:00 +0100: Memory Usage (461800K) : emwihv_drw has 0 polygons
2026-03-28 00:57:00 +0100: Memory Usage (462064K) : lbe_drw has 0 polygons
2026-03-28 00:57:00 +0100: Memory Usage (462064K) : alcustop_drw has 0 polygons
2026-03-28 00:57:00 +0100: Memory Usage (462328K) : nometfiller_drw has 0 polygons
2026-03-28 00:57:00 +0100: Memory Usage (462328K) : prboundary_drw has 0 polygons
2026-03-28 00:57:00 +0100: Memory Usage (462592K) : exchange0_drw has 0 polygons
2026-03-28 00:57:00 +0100: Memory Usage (462592K) : exchange0_pin has 0 polygons
2026-03-28 00:57:00 +0100: Memory Usage (462592K) : exchange0_text has 0 polygons
2026-03-28 00:57:00 +0100: Memory Usage (462856K) : exchange1_drw has 0 polygons
2026-03-28 00:57:00 +0100: Memory Usage (462856K) : exchange1_pin has 0 polygons
2026-03-28 00:57:00 +0100: Memory Usage (462856K) : exchange1_text has 0 polygons
2026-03-28 00:57:00 +0100: Memory Usage (462856K) : exchange2_drw has 0 polygons
2026-03-28 00:57:00 +0100: Memory Usage (462856K) : exchange2_pin has 0 polygons
2026-03-28 00:57:00 +0100: Memory Usage (462856K) : exchange2_text has 0 polygons
2026-03-28 00:57:00 +0100: Memory Usage (462856K) : exchange3_drw has 0 polygons
2026-03-28 00:57:00 +0100: Memory Usage (462856K) : exchange3_pin has 0 polygons
2026-03-28 00:57:00 +0100: Memory Usage (462856K) : exchange3_text has 0 polygons
2026-03-28 00:57:00 +0100: Memory Usage (462856K) : exchange4_drw has 0 polygons
2026-03-28 00:57:00 +0100: Memory Usage (462856K) : exchange4_pin has 0 polygons
2026-03-28 00:57:00 +0100: Memory Usage (462856K) : exchange4_text has 0 polygons
2026-03-28 00:57:00 +0100: Memory Usage (462856K) : isonwell_drw has 0 polygons
2026-03-28 00:57:00 +0100: Memory Usage (462856K) : Total no. of polygons in the design is 76200
2026-03-28 00:57:00 +0100: Memory Usage (462856K) : Loaded TECH DRC rules values from /foss/pdks/ihp-sg13g2/libs.tech/klayout/python/sg13g2_pycell_lib/sg13g2_tech_mod.json
2026-03-28 00:57:00 +0100: Memory Usage (462856K) : Loaded default DRC rules values from /foss/pdks/ihp-sg13g2/libs.tech/klayout/tech/drc/rule_decks/sg13g2_tech_default.json
2026-03-28 00:57:00 +0100: Memory Usage (462856K) : The following rules values were missing in tech json and default values were used:
2026-03-28 00:57:00 +0100: Memory Usage (462856K) :   - Cnt_c_digibnd
2026-03-28 00:57:00 +0100: Memory Usage (462856K) : Total area of the design is 228274.99654999998 um^2.
2026-03-28 00:57:00 +0100: Memory Usage (462856K) : The design dimensions are 241.69000000000005 µm * 944.4949999999999 µm.
2026-03-28 00:57:00 +0100: Memory Usage (462856K) : Starting general IHP-SG13G2 derivations.
2026-03-28 00:57:00 +0100: Memory Usage (462856K) : Starting Pwell derivations
2026-03-28 00:57:00 +0100: Memory Usage (462856K) : Starting IHP-SG13G2 DRC rules.
2026-03-28 00:57:00 +0100: Memory Usage (462856K) : Starting 5.6 Activ:filler table
2026-03-28 00:57:00 +0100: Memory Usage (464332K) : Executing rule AFil.c1
2026-03-28 00:57:00 +0100: Memory Usage (464332K) : Executing rule AFil.c
2026-03-28 00:57:00 +0100: Memory Usage (467560K) : Executing rule AFil.d
2026-03-28 00:57:00 +0100: Memory Usage (467560K) : Executing rule AFil.e
2026-03-28 00:57:00 +0100: Memory Usage (467560K) : Executing rule AFil.j
2026-03-28 00:57:00 +0100: Memory Usage (467560K) : KLayout DRC run for tables 'activfiller' completed in 1.8 seconds
