# Logfile created on 2026-03-28 00:57:09 +0100 by logger.rb/v1.5.3
2026-03-28 00:57:09 +0100: Memory Usage (437584K) : Starting running IHP-SG13G2 KLayout DRC runset on /foss/designs/Design/xschem/HPAmplifier/OTA_Telescopic/Layout_and_Related_files/HPA_to_PADS.gds
2026-03-28 00:57:09 +0100: Memory Usage (437584K) : Ruby Version for klayout: 3.2.3
2026-03-28 00:57:09 +0100: Memory Usage (440512K) : Loading database to memory is complete.
2026-03-28 00:57:09 +0100: Memory Usage (440512K) : IHP-SG13G2 KLayout DRC runset output at: /foss/designs/Design/xschem/HPAmplifier/OTA_Telescopic/Layout_and_Related_files/drc_run_HPA/HPA_to_PADS_HPA_pad.lyrdb
2026-03-28 00:57:09 +0100: Memory Usage (440512K) : Evaluate switches.
2026-03-28 00:57:09 +0100: Memory Usage (440512K) : tables selected: pad
2026-03-28 00:57:09 +0100: Memory Usage (440512K) : KLayout will use 4 thread(s) in tiled mode.
2026-03-28 00:57:09 +0100: Memory Usage (440512K) : flat mode is enabled.
2026-03-28 00:57:09 +0100: Memory Usage (440512K) : FEOL enabled: false
2026-03-28 00:57:09 +0100: Memory Usage (440512K) : BEOL enabled: false
2026-03-28 00:57:09 +0100: Memory Usage (440512K) : OFFGRID enabled: true
2026-03-28 00:57:09 +0100: Memory Usage (440512K) : PIN enabled: false
2026-03-28 00:57:09 +0100: Memory Usage (440512K) : FORBIDDEN enabled: false
2026-03-28 00:57:09 +0100: Memory Usage (440512K) : RECOMMENDED enabled: true
2026-03-28 00:57:09 +0100: Memory Usage (440512K) : PreCheck DRC enabled: false
2026-03-28 00:57:09 +0100: Memory Usage (440512K) : CONNECTIVITY_RULES enabled: false.
2026-03-28 00:57:09 +0100: Memory Usage (440512K) : Read in polygons from layers.
2026-03-28 00:57:09 +0100: Memory Usage (443564K) : activ_drw has 198 polygons
2026-03-28 00:57:09 +0100: Memory Usage (443564K) : activ_pin has 0 polygons
2026-03-28 00:57:09 +0100: Memory Usage (443564K) : activ_mask has 0 polygons
2026-03-28 00:57:09 +0100: Memory Usage (443564K) : activ_filler has 0 polygons
2026-03-28 00:57:09 +0100: Memory Usage (443564K) : activ_nofill has 0 polygons
2026-03-28 00:57:09 +0100: Memory Usage (443564K) : activ_opc has 0 polygons
2026-03-28 00:57:09 +0100: Memory Usage (443564K) : activ_iopc has 0 polygons
2026-03-28 00:57:09 +0100: Memory Usage (443564K) : activ_noqrc has 0 polygons
2026-03-28 00:57:09 +0100: Memory Usage (443564K) : biwind_drw has 0 polygons
2026-03-28 00:57:09 +0100: Memory Usage (443564K) : biwind_opc has 0 polygons
2026-03-28 00:57:09 +0100: Memory Usage (443564K) : pemwind_drw has 0 polygons
2026-03-28 00:57:09 +0100: Memory Usage (444020K) : gatpoly_drw has 108 polygons
2026-03-28 00:57:09 +0100: Memory Usage (444020K) : gatpoly_pin has 124 polygons
2026-03-28 00:57:09 +0100: Memory Usage (444020K) : gatpoly_filler has 0 polygons
2026-03-28 00:57:09 +0100: Memory Usage (444020K) : gatpoly_nofill has 0 polygons
2026-03-28 00:57:09 +0100: Memory Usage (444020K) : gatpoly_opc has 0 polygons
2026-03-28 00:57:09 +0100: Memory Usage (444020K) : gatpoly_iopc has 0 polygons
2026-03-28 00:57:09 +0100: Memory Usage (444020K) : gatpoly_noqrc has 0 polygons
2026-03-28 00:57:09 +0100: Memory Usage (450356K) : cont_drw has 16803 polygons
2026-03-28 00:57:09 +0100: Memory Usage (450356K) : cont_opc has 0 polygons
2026-03-28 00:57:09 +0100: Memory Usage (450356K) : nsd_drw has 0 polygons
2026-03-28 00:57:09 +0100: Memory Usage (450356K) : nsd_block has 0 polygons
2026-03-28 00:57:09 +0100: Memory Usage (450356K) : metal1_drw has 390 polygons
2026-03-28 00:57:09 +0100: Memory Usage (450356K) : metal1_pin has 515 polygons
2026-03-28 00:57:09 +0100: Memory Usage (450356K) : metal1_mask has 0 polygons
2026-03-28 00:57:09 +0100: Memory Usage (450356K) : metal1_filler has 0 polygons
2026-03-28 00:57:09 +0100: Memory Usage (450356K) : metal1_nofill has 0 polygons
2026-03-28 00:57:09 +0100: Memory Usage (450356K) : metal1_slit has 0 polygons
2026-03-28 00:57:09 +0100: Memory Usage (450356K) : metal1_text has 0 polygons
2026-03-28 00:57:09 +0100: Memory Usage (450356K) : metal1_opc has 0 polygons
2026-03-28 00:57:09 +0100: Memory Usage (450356K) : metal1_noqrc has 0 polygons
2026-03-28 00:57:09 +0100: Memory Usage (450356K) : metal1_res has 0 polygons
2026-03-28 00:57:09 +0100: Memory Usage (450356K) : metal1_iprobe has 0 polygons
2026-03-28 00:57:09 +0100: Memory Usage (450356K) : metal1_diffprb has 0 polygons
2026-03-28 00:57:09 +0100: Memory Usage (450356K) : passiv_drw has 0 polygons
2026-03-28 00:57:09 +0100: Memory Usage (450356K) : passiv_pin has 0 polygons
2026-03-28 00:57:09 +0100: Memory Usage (450356K) : passiv_sbump has 0 polygons
2026-03-28 00:57:09 +0100: Memory Usage (450356K) : passiv_pillar has 0 polygons
2026-03-28 00:57:09 +0100: Memory Usage (450356K) : passiv_pdl has 0 polygons
2026-03-28 00:57:09 +0100: Memory Usage (450356K) : metal2_drw has 98 polygons
2026-03-28 00:57:09 +0100: Memory Usage (450356K) : metal2_pin has 12 polygons
2026-03-28 00:57:09 +0100: Memory Usage (450356K) : metal2_mask has 0 polygons
2026-03-28 00:57:09 +0100: Memory Usage (450356K) : metal2_filler has 0 polygons
2026-03-28 00:57:09 +0100: Memory Usage (450356K) : metal2_nofill has 0 polygons
2026-03-28 00:57:09 +0100: Memory Usage (450356K) : metal2_slit has 0 polygons
2026-03-28 00:57:09 +0100: Memory Usage (450356K) : metal2_text has 1 polygons
2026-03-28 00:57:09 +0100: Memory Usage (450356K) : metal2_opc has 0 polygons
2026-03-28 00:57:09 +0100: Memory Usage (450356K) : metal2_noqrc has 0 polygons
2026-03-28 00:57:09 +0100: Memory Usage (450356K) : metal2_res has 0 polygons
2026-03-28 00:57:09 +0100: Memory Usage (450356K) : metal2_iprobe has 0 polygons
2026-03-28 00:57:09 +0100: Memory Usage (450356K) : metal2_diffprb has 0 polygons
2026-03-28 00:57:09 +0100: Memory Usage (450356K) : baspoly_drw has 0 polygons
2026-03-28 00:57:09 +0100: Memory Usage (450356K) : baspoly_pin has 0 polygons
2026-03-28 00:57:09 +0100: Memory Usage (450356K) : psd_drw has 24 polygons
2026-03-28 00:57:09 +0100: Memory Usage (450356K) : nldb_drw has 0 polygons
2026-03-28 00:57:09 +0100: Memory Usage (450356K) : digibnd_drw has 0 polygons
2026-03-28 00:57:09 +0100: Memory Usage (450356K) : via1_drw has 9590 polygons
2026-03-28 00:57:09 +0100: Memory Usage (450356K) : backmetal1_drw has 0 polygons
2026-03-28 00:57:09 +0100: Memory Usage (450356K) : backmetal1_pin has 0 polygons
2026-03-28 00:57:09 +0100: Memory Usage (450356K) : backmetal1_mask has 0 polygons
2026-03-28 00:57:09 +0100: Memory Usage (450356K) : backmetal1_filler has 0 polygons
2026-03-28 00:57:09 +0100: Memory Usage (450356K) : backmetal1_nofill has 0 polygons
2026-03-28 00:57:09 +0100: Memory Usage (450356K) : backmetal1_slit has 0 polygons
2026-03-28 00:57:09 +0100: Memory Usage (450356K) : backmetal1_text has 0 polygons
2026-03-28 00:57:09 +0100: Memory Usage (450356K) : backmetal1_opc has 0 polygons
2026-03-28 00:57:09 +0100: Memory Usage (450356K) : backmetal1_noqrc has 0 polygons
2026-03-28 00:57:09 +0100: Memory Usage (450356K) : backmetal1_res has 0 polygons
2026-03-28 00:57:09 +0100: Memory Usage (450356K) : backmetal1_iprobe has 0 polygons
2026-03-28 00:57:09 +0100: Memory Usage (450356K) : backmetal1_diffprb has 0 polygons
2026-03-28 00:57:09 +0100: Memory Usage (450356K) : backpassiv_drw has 0 polygons
2026-03-28 00:57:09 +0100: Memory Usage (450356K) : res_drw has 0 polygons
2026-03-28 00:57:09 +0100: Memory Usage (450356K) : sram_drw has 0 polygons
2026-03-28 00:57:09 +0100: Memory Usage (450356K) : trans_drw has 0 polygons
2026-03-28 00:57:09 +0100: Memory Usage (450356K) : ind_drw has 0 polygons
2026-03-28 00:57:09 +0100: Memory Usage (450356K) : ind_pin has 0 polygons
2026-03-28 00:57:09 +0100: Memory Usage (450356K) : ind_text has 0 polygons
2026-03-28 00:57:09 +0100: Memory Usage (450356K) : salblock_drw has 7 polygons
2026-03-28 00:57:09 +0100: Memory Usage (451264K) : via2_drw has 10845 polygons
2026-03-28 00:57:09 +0100: Memory Usage (451264K) : metal3_drw has 75 polygons
2026-03-28 00:57:09 +0100: Memory Usage (451264K) : metal3_pin has 13 polygons
2026-03-28 00:57:09 +0100: Memory Usage (451264K) : metal3_mask has 0 polygons
2026-03-28 00:57:09 +0100: Memory Usage (451264K) : metal3_filler has 0 polygons
2026-03-28 00:57:09 +0100: Memory Usage (451264K) : metal3_nofill has 0 polygons
2026-03-28 00:57:09 +0100: Memory Usage (451264K) : metal3_slit has 0 polygons
2026-03-28 00:57:09 +0100: Memory Usage (451264K) : metal3_text has 5 polygons
2026-03-28 00:57:09 +0100: Memory Usage (451264K) : metal3_opc has 0 polygons
2026-03-28 00:57:09 +0100: Memory Usage (451264K) : metal3_noqrc has 0 polygons
2026-03-28 00:57:09 +0100: Memory Usage (451264K) : metal3_res has 0 polygons
2026-03-28 00:57:09 +0100: Memory Usage (451264K) : metal3_iprobe has 0 polygons
2026-03-28 00:57:09 +0100: Memory Usage (451264K) : metal3_diffprb has 0 polygons
2026-03-28 00:57:09 +0100: Memory Usage (451264K) : nwell_drw has 5 polygons
2026-03-28 00:57:09 +0100: Memory Usage (451264K) : nwell_pin has 0 polygons
2026-03-28 00:57:09 +0100: Memory Usage (451264K) : nbulay_drw has 0 polygons
2026-03-28 00:57:09 +0100: Memory Usage (451264K) : nbulay_pin has 0 polygons
2026-03-28 00:57:09 +0100: Memory Usage (451264K) : nbulay_block has 0 polygons
2026-03-28 00:57:09 +0100: Memory Usage (451264K) : emwind_drw has 0 polygons
2026-03-28 00:57:09 +0100: Memory Usage (451264K) : emwind_opc has 0 polygons
2026-03-28 00:57:09 +0100: Memory Usage (451528K) : deepco_drw has 0 polygons
2026-03-28 00:57:09 +0100: Memory Usage (451528K) : deepco_drw has 0 polygons
2026-03-28 00:57:09 +0100: Memory Usage (451528K) : mim_drw has 2 polygons
2026-03-28 00:57:09 +0100: Memory Usage (451528K) : edgeseal_drw has 0 polygons
2026-03-28 00:57:09 +0100: Memory Usage (451792K) : edgeseal_bound has 0 polygons
2026-03-28 00:57:09 +0100: Memory Usage (451792K) : substrate_drw has 723 polygons
2026-03-28 00:57:09 +0100: Memory Usage (452056K) : substrate_text has 0 polygons
2026-03-28 00:57:09 +0100: Memory Usage (452056K) : dfpad_drw has 0 polygons
2026-03-28 00:57:09 +0100: Memory Usage (452056K) : dfpad_pillar has 0 polygons
2026-03-28 00:57:09 +0100: Memory Usage (452320K) : dfpad_sbump has 0 polygons
2026-03-28 00:57:09 +0100: Memory Usage (452320K) : thickgateox_drw has 0 polygons
2026-03-28 00:57:09 +0100: Memory Usage (452320K) : pldb_drw has 0 polygons
2026-03-28 00:57:09 +0100: Memory Usage (452584K) : pwell_drw has 0 polygons
2026-03-28 00:57:09 +0100: Memory Usage (452584K) : pwell_pin has 0 polygons
2026-03-28 00:57:09 +0100: Memory Usage (452584K) : pwell_block has 0 polygons
2026-03-28 00:57:09 +0100: Memory Usage (452848K) : ic_drw has 0 polygons
2026-03-28 00:57:10 +0100: Memory Usage (456280K) : via3_drw has 14951 polygons
2026-03-28 00:57:10 +0100: Memory Usage (456280K) : metal4_drw has 48 polygons
2026-03-28 00:57:10 +0100: Memory Usage (456280K) : metal4_pin has 3 polygons
2026-03-28 00:57:10 +0100: Memory Usage (456280K) : metal4_mask has 0 polygons
2026-03-28 00:57:10 +0100: Memory Usage (456280K) : metal4_filler has 0 polygons
2026-03-28 00:57:10 +0100: Memory Usage (456280K) : metal4_nofill has 0 polygons
2026-03-28 00:57:10 +0100: Memory Usage (456280K) : metal4_slit has 0 polygons
2026-03-28 00:57:10 +0100: Memory Usage (456280K) : metal4_text has 0 polygons
2026-03-28 00:57:10 +0100: Memory Usage (456280K) : metal4_opc has 0 polygons
2026-03-28 00:57:10 +0100: Memory Usage (456280K) : metal4_noqrc has 0 polygons
2026-03-28 00:57:10 +0100: Memory Usage (456280K) : metal4_res has 0 polygons
2026-03-28 00:57:10 +0100: Memory Usage (456280K) : metal4_iprobe has 0 polygons
2026-03-28 00:57:10 +0100: Memory Usage (456280K) : metal4_diffprb has 0 polygons
2026-03-28 00:57:10 +0100: Memory Usage (456280K) : heattrans_drw has 421 polygons
2026-03-28 00:57:10 +0100: Memory Usage (456280K) : heatres_drw has 7 polygons
2026-03-28 00:57:10 +0100: Memory Usage (456280K) : pempoly_drw has 0 polygons
2026-03-28 00:57:10 +0100: Memory Usage (456280K) : fbe_drw has 0 polygons
2026-03-28 00:57:10 +0100: Memory Usage (456280K) : empoly_drw has 0 polygons
2026-03-28 00:57:10 +0100: Memory Usage (456280K) : ldmos_drw has 0 polygons
2026-03-28 00:57:10 +0100: Memory Usage (456280K) : pbiwind_drw has 0 polygons
2026-03-28 00:57:10 +0100: Memory Usage (456280K) : digisub_drw has 0 polygons
2026-03-28 00:57:10 +0100: Memory Usage (456280K) : nodrc_drw has 0 polygons
2026-03-28 00:57:10 +0100: Memory Usage (456280K) : text_drw has 1107 polygons
2026-03-28 00:57:10 +0100: Memory Usage (456280K) : via4_drw has 14844 polygons
2026-03-28 00:57:10 +0100: Memory Usage (456280K) : metal5_drw has 39 polygons
2026-03-28 00:57:10 +0100: Memory Usage (456280K) : metal5_pin has 4 polygons
2026-03-28 00:57:10 +0100: Memory Usage (456280K) : metal5_mask has 0 polygons
2026-03-28 00:57:10 +0100: Memory Usage (456280K) : metal5_filler has 0 polygons
2026-03-28 00:57:10 +0100: Memory Usage (456280K) : metal5_nofill has 0 polygons
2026-03-28 00:57:10 +0100: Memory Usage (456280K) : metal5_slit has 0 polygons
2026-03-28 00:57:10 +0100: Memory Usage (456280K) : metal5_text has 0 polygons
2026-03-28 00:57:10 +0100: Memory Usage (456280K) : metal5_opc has 0 polygons
2026-03-28 00:57:10 +0100: Memory Usage (456280K) : metal5_noqrc has 0 polygons
2026-03-28 00:57:10 +0100: Memory Usage (456280K) : metal5_res has 0 polygons
2026-03-28 00:57:10 +0100: Memory Usage (456280K) : metal5_iprobe has 0 polygons
2026-03-28 00:57:10 +0100: Memory Usage (456280K) : metal5_diffprb has 0 polygons
2026-03-28 00:57:10 +0100: Memory Usage (456280K) : radhard_drw has 0 polygons
2026-03-28 00:57:10 +0100: Memory Usage (456280K) : memcap_drw has 0 polygons
2026-03-28 00:57:10 +0100: Memory Usage (456280K) : varicap_drw has 0 polygons
2026-03-28 00:57:10 +0100: Memory Usage (456280K) : flash_drw has 0 polygons
2026-03-28 00:57:10 +0100: Memory Usage (456280K) : intbondvia_drw has 0 polygons
2026-03-28 00:57:10 +0100: Memory Usage (456280K) : intbondmet_drw has 0 polygons
2026-03-28 00:57:10 +0100: Memory Usage (456280K) : devbondvia_drw has 0 polygons
2026-03-28 00:57:10 +0100: Memory Usage (456280K) : devbondmet_drw has 0 polygons
2026-03-28 00:57:10 +0100: Memory Usage (456280K) : devtrench_drw has 0 polygons
2026-03-28 00:57:10 +0100: Memory Usage (456280K) : redist_drw has 0 polygons
2026-03-28 00:57:10 +0100: Memory Usage (456280K) : graphbot_drw has 0 polygons
2026-03-28 00:57:10 +0100: Memory Usage (456280K) : graphtop_drw has 0 polygons
2026-03-28 00:57:10 +0100: Memory Usage (456280K) : antvia1_drw has 0 polygons
2026-03-28 00:57:10 +0100: Memory Usage (456280K) : antmetal2_drw has 0 polygons
2026-03-28 00:57:10 +0100: Memory Usage (456280K) : graphcont_drw has 0 polygons
2026-03-28 00:57:10 +0100: Memory Usage (456280K) : siwg_drw has 0 polygons
2026-03-28 00:57:10 +0100: Memory Usage (456280K) : siwg_filler has 0 polygons
2026-03-28 00:57:10 +0100: Memory Usage (456280K) : siwg_nofill has 0 polygons
2026-03-28 00:57:10 +0100: Memory Usage (456280K) : sigrating_drw has 0 polygons
2026-03-28 00:57:10 +0100: Memory Usage (456280K) : singrating_drw has 0 polygons
2026-03-28 00:57:10 +0100: Memory Usage (456280K) : graphpas_drw has 0 polygons
2026-03-28 00:57:10 +0100: Memory Usage (456280K) : emwind3_drw has 0 polygons
2026-03-28 00:57:10 +0100: Memory Usage (456280K) : emwihv3_drw has 0 polygons
2026-03-28 00:57:10 +0100: Memory Usage (456280K) : redbulay_drw has 0 polygons
2026-03-28 00:57:10 +0100: Memory Usage (456280K) : smos_drw has 0 polygons
2026-03-28 00:57:10 +0100: Memory Usage (456280K) : graphpad_drw has 0 polygons
2026-03-28 00:57:10 +0100: Memory Usage (456280K) : polimide_drw has 0 polygons
2026-03-28 00:57:10 +0100: Memory Usage (456280K) : polimide_pin has 0 polygons
2026-03-28 00:57:10 +0100: Memory Usage (456280K) : recog_drw has 0 polygons
2026-03-28 00:57:10 +0100: Memory Usage (456280K) : recog_pin has 0 polygons
2026-03-28 00:57:10 +0100: Memory Usage (456280K) : recog_esd has 0 polygons
2026-03-28 00:57:10 +0100: Memory Usage (456280K) : recog_diode has 0 polygons
2026-03-28 00:57:10 +0100: Memory Usage (456280K) : recog_tsv has 0 polygons
2026-03-28 00:57:10 +0100: Memory Usage (456280K) : recog_iprobe has 0 polygons
2026-03-28 00:57:10 +0100: Memory Usage (456280K) : recog_diffprb has 0 polygons
2026-03-28 00:57:10 +0100: Memory Usage (456280K) : recog_pillar has 0 polygons
2026-03-28 00:57:10 +0100: Memory Usage (456280K) : recog_sbump has 0 polygons
2026-03-28 00:57:10 +0100: Memory Usage (456280K) : recog_otp has 0 polygons
2026-03-28 00:57:10 +0100: Memory Usage (456280K) : recog_pdiode has 0 polygons
2026-03-28 00:57:10 +0100: Memory Usage (456280K) : recog_mom has 0 polygons
2026-03-28 00:57:10 +0100: Memory Usage (456280K) : recog_pcm has 0 polygons
2026-03-28 00:57:10 +0100: Memory Usage (456280K) : colopen_drw has 0 polygons
2026-03-28 00:57:10 +0100: Memory Usage (456280K) : graphmetal1_drw has 0 polygons
2026-03-28 00:57:10 +0100: Memory Usage (456280K) : graphmetal1_filler has 0 polygons
2026-03-28 00:57:10 +0100: Memory Usage (456280K) : graphmetal1_nofill has 0 polygons
2026-03-28 00:57:10 +0100: Memory Usage (456280K) : graphmetal1_slit has 0 polygons
2026-03-28 00:57:10 +0100: Memory Usage (456280K) : graphmetal1_opc has 0 polygons
2026-03-28 00:57:10 +0100: Memory Usage (456280K) : graphmet1l_drw has 0 polygons
2026-03-28 00:57:10 +0100: Memory Usage (456280K) : graphmet1l_filler has 0 polygons
2026-03-28 00:57:10 +0100: Memory Usage (456280K) : graphmet1l_nofill has 0 polygons
2026-03-28 00:57:10 +0100: Memory Usage (456280K) : graphmet1l_slit has 0 polygons
2026-03-28 00:57:10 +0100: Memory Usage (456280K) : graphmet1l_opc has 0 polygons
2026-03-28 00:57:10 +0100: Memory Usage (456280K) : extblock_drw has 5 polygons
2026-03-28 00:57:10 +0100: Memory Usage (456280K) : nldd_drw has 0 polygons
2026-03-28 00:57:10 +0100: Memory Usage (456280K) : pldd_drw has 0 polygons
2026-03-28 00:57:10 +0100: Memory Usage (456280K) : next_drw has 0 polygons
2026-03-28 00:57:10 +0100: Memory Usage (456280K) : pext_drw has 0 polygons
2026-03-28 00:57:10 +0100: Memory Usage (456280K) : nexthv_drw has 0 polygons
2026-03-28 00:57:10 +0100: Memory Usage (456280K) : pexthv_drw has 0 polygons
2026-03-28 00:57:10 +0100: Memory Usage (456280K) : graphgate_drw has 0 polygons
2026-03-28 00:57:10 +0100: Memory Usage (456280K) : sinwg_drw has 0 polygons
2026-03-28 00:57:10 +0100: Memory Usage (456280K) : sinwg_filler has 0 polygons
2026-03-28 00:57:10 +0100: Memory Usage (456280K) : sinwg_nofill has 0 polygons
2026-03-28 00:57:10 +0100: Memory Usage (456544K) : mempad_drw has 0 polygons
2026-03-28 00:57:10 +0100: Memory Usage (457336K) : topvia1_drw has 3590 polygons
2026-03-28 00:57:10 +0100: Memory Usage (457336K) : topmetal1_drw has 16 polygons
2026-03-28 00:57:10 +0100: Memory Usage (457336K) : topmetal1_pin has 11 polygons
2026-03-28 00:57:10 +0100: Memory Usage (457336K) : topmetal1_mask has 0 polygons
2026-03-28 00:57:10 +0100: Memory Usage (457600K) : topmetal1_filler has 0 polygons
2026-03-28 00:57:10 +0100: Memory Usage (457600K) : topmetal1_nofill has 0 polygons
2026-03-28 00:57:10 +0100: Memory Usage (457600K) : topmetal1_slit has 0 polygons
2026-03-28 00:57:10 +0100: Memory Usage (457600K) : topmetal1_text has 1 polygons
2026-03-28 00:57:10 +0100: Memory Usage (457600K) : topmetal1_noqrc has 0 polygons
2026-03-28 00:57:10 +0100: Memory Usage (457864K) : topmetal1_res has 0 polygons
2026-03-28 00:57:10 +0100: Memory Usage (457864K) : topmetal1_iprobe has 0 polygons
2026-03-28 00:57:10 +0100: Memory Usage (458128K) : topmetal1_diffprb has 0 polygons
2026-03-28 00:57:10 +0100: Memory Usage (458128K) : inldpwl_drw has 0 polygons
2026-03-28 00:57:10 +0100: Memory Usage (458128K) : polyres_drw has 7 polygons
2026-03-28 00:57:10 +0100: Memory Usage (458392K) : polyres_pin has 0 polygons
2026-03-28 00:57:10 +0100: Memory Usage (458392K) : vmim_drw has 578 polygons
2026-03-28 00:57:10 +0100: Memory Usage (458656K) : nbulaycut_drw has 0 polygons
2026-03-28 00:57:10 +0100: Memory Usage (458656K) : antmetal1_drw has 0 polygons
2026-03-28 00:57:10 +0100: Memory Usage (458920K) : topvia2_drw has 1024 polygons
2026-03-28 00:57:10 +0100: Memory Usage (459184K) : topmetal2_drw has 4 polygons
2026-03-28 00:57:10 +0100: Memory Usage (459184K) : topmetal2_pin has 1 polygons
2026-03-28 00:57:10 +0100: Memory Usage (459184K) : topmetal2_mask has 0 polygons
2026-03-28 00:57:10 +0100: Memory Usage (459448K) : topmetal2_filler has 0 polygons
2026-03-28 00:57:10 +0100: Memory Usage (459448K) : topmetal2_nofill has 0 polygons
2026-03-28 00:57:10 +0100: Memory Usage (459712K) : topmetal2_slit has 0 polygons
2026-03-28 00:57:10 +0100: Memory Usage (459712K) : topmetal2_text has 1 polygons
2026-03-28 00:57:10 +0100: Memory Usage (459712K) : topmetal2_noqrc has 0 polygons
2026-03-28 00:57:10 +0100: Memory Usage (459976K) : topmetal2_res has 0 polygons
2026-03-28 00:57:10 +0100: Memory Usage (459976K) : topmetal2_iprobe has 0 polygons
2026-03-28 00:57:10 +0100: Memory Usage (459976K) : topmetal2_diffprb has 0 polygons
2026-03-28 00:57:10 +0100: Memory Usage (459976K) : snsring_drw has 0 polygons
2026-03-28 00:57:10 +0100: Memory Usage (459976K) : sensor_drw has 0 polygons
2026-03-28 00:57:10 +0100: Memory Usage (459976K) : snsarms_drw has 0 polygons
2026-03-28 00:57:10 +0100: Memory Usage (459976K) : snscmosvia_drw has 0 polygons
2026-03-28 00:57:10 +0100: Memory Usage (459976K) : colwind_drw has 0 polygons
2026-03-28 00:57:10 +0100: Memory Usage (459976K) : flm_drw has 0 polygons
2026-03-28 00:57:10 +0100: Memory Usage (459976K) : hafniumox_drw has 0 polygons
2026-03-28 00:57:10 +0100: Memory Usage (459976K) : memvia_drw has 0 polygons
2026-03-28 00:57:10 +0100: Memory Usage (459976K) : thinfilmres_drw has 0 polygons
2026-03-28 00:57:10 +0100: Memory Usage (459976K) : rfmem_drw has 0 polygons
2026-03-28 00:57:10 +0100: Memory Usage (459976K) : norcx_drw has 0 polygons
2026-03-28 00:57:10 +0100: Memory Usage (459976K) : norcx_m2m3 has 0 polygons
2026-03-28 00:57:10 +0100: Memory Usage (459976K) : norcx_m2m4 has 0 polygons
2026-03-28 00:57:10 +0100: Memory Usage (459976K) : norcx_m2m5 has 0 polygons
2026-03-28 00:57:10 +0100: Memory Usage (459976K) : norcx_m2tm1 has 0 polygons
2026-03-28 00:57:10 +0100: Memory Usage (459976K) : norcx_m2tm2 has 0 polygons
2026-03-28 00:57:10 +0100: Memory Usage (459976K) : norcx_m3m4 has 0 polygons
2026-03-28 00:57:10 +0100: Memory Usage (459976K) : norcx_m3m5 has 0 polygons
2026-03-28 00:57:10 +0100: Memory Usage (459976K) : norcx_m3tm1 has 0 polygons
2026-03-28 00:57:10 +0100: Memory Usage (459976K) : norcx_m3tm2 has 0 polygons
2026-03-28 00:57:10 +0100: Memory Usage (459976K) : norcx_m4m5 has 0 polygons
2026-03-28 00:57:10 +0100: Memory Usage (459976K) : norcx_m4tm1 has 0 polygons
2026-03-28 00:57:10 +0100: Memory Usage (459976K) : norcx_m4tm2 has 0 polygons
2026-03-28 00:57:10 +0100: Memory Usage (459976K) : norcx_m5tm1 has 0 polygons
2026-03-28 00:57:10 +0100: Memory Usage (459976K) : norcx_m5tm2 has 0 polygons
2026-03-28 00:57:10 +0100: Memory Usage (459976K) : norcx_tm1tm2 has 0 polygons
2026-03-28 00:57:10 +0100: Memory Usage (459976K) : norcx_m1sub has 0 polygons
2026-03-28 00:57:10 +0100: Memory Usage (459976K) : norcx_m2sub has 0 polygons
2026-03-28 00:57:10 +0100: Memory Usage (459976K) : norcx_m3sub has 0 polygons
2026-03-28 00:57:10 +0100: Memory Usage (459976K) : norcx_m4sub has 0 polygons
2026-03-28 00:57:10 +0100: Memory Usage (459976K) : norcx_m5sub has 0 polygons
2026-03-28 00:57:10 +0100: Memory Usage (459976K) : norcx_tm1sub has 0 polygons
2026-03-28 00:57:10 +0100: Memory Usage (459976K) : norcx_tm2sub has 0 polygons
2026-03-28 00:57:10 +0100: Memory Usage (459976K) : snsbotvia_drw has 0 polygons
2026-03-28 00:57:10 +0100: Memory Usage (459976K) : snstopvia_drw has 0 polygons
2026-03-28 00:57:10 +0100: Memory Usage (459976K) : deepvia_drw has 0 polygons
2026-03-28 00:57:10 +0100: Memory Usage (459976K) : fgetch_drw has 0 polygons
2026-03-28 00:57:10 +0100: Memory Usage (459976K) : ctrgat_drw has 0 polygons
2026-03-28 00:57:10 +0100: Memory Usage (459976K) : fgimp_drw has 0 polygons
2026-03-28 00:57:10 +0100: Memory Usage (459976K) : emwihv_drw has 0 polygons
2026-03-28 00:57:10 +0100: Memory Usage (459976K) : lbe_drw has 0 polygons
2026-03-28 00:57:10 +0100: Memory Usage (459976K) : alcustop_drw has 0 polygons
2026-03-28 00:57:10 +0100: Memory Usage (459976K) : nometfiller_drw has 0 polygons
2026-03-28 00:57:10 +0100: Memory Usage (459976K) : prboundary_drw has 0 polygons
2026-03-28 00:57:10 +0100: Memory Usage (459976K) : exchange0_drw has 0 polygons
2026-03-28 00:57:10 +0100: Memory Usage (459976K) : exchange0_pin has 0 polygons
2026-03-28 00:57:10 +0100: Memory Usage (459976K) : exchange0_text has 0 polygons
2026-03-28 00:57:10 +0100: Memory Usage (459976K) : exchange1_drw has 0 polygons
2026-03-28 00:57:10 +0100: Memory Usage (459976K) : exchange1_pin has 0 polygons
2026-03-28 00:57:10 +0100: Memory Usage (459976K) : exchange1_text has 0 polygons
2026-03-28 00:57:10 +0100: Memory Usage (459976K) : exchange2_drw has 0 polygons
2026-03-28 00:57:10 +0100: Memory Usage (459976K) : exchange2_pin has 0 polygons
2026-03-28 00:57:10 +0100: Memory Usage (459976K) : exchange2_text has 0 polygons
2026-03-28 00:57:10 +0100: Memory Usage (459976K) : exchange3_drw has 0 polygons
2026-03-28 00:57:10 +0100: Memory Usage (459976K) : exchange3_pin has 0 polygons
2026-03-28 00:57:10 +0100: Memory Usage (459976K) : exchange3_text has 0 polygons
2026-03-28 00:57:10 +0100: Memory Usage (459976K) : exchange4_drw has 0 polygons
2026-03-28 00:57:10 +0100: Memory Usage (459976K) : exchange4_pin has 0 polygons
2026-03-28 00:57:10 +0100: Memory Usage (459976K) : exchange4_text has 0 polygons
2026-03-28 00:57:10 +0100: Memory Usage (459976K) : isonwell_drw has 0 polygons
2026-03-28 00:57:10 +0100: Memory Usage (459976K) : Total no. of polygons in the design is 76200
2026-03-28 00:57:10 +0100: Memory Usage (459976K) : Loaded TECH DRC rules values from /foss/pdks/ihp-sg13g2/libs.tech/klayout/python/sg13g2_pycell_lib/sg13g2_tech_mod.json
2026-03-28 00:57:10 +0100: Memory Usage (459976K) : Loaded default DRC rules values from /foss/pdks/ihp-sg13g2/libs.tech/klayout/tech/drc/rule_decks/sg13g2_tech_default.json
2026-03-28 00:57:10 +0100: Memory Usage (459976K) : The following rules values were missing in tech json and default values were used:
2026-03-28 00:57:10 +0100: Memory Usage (459976K) :   - Cnt_c_digibnd
2026-03-28 00:57:10 +0100: Memory Usage (459976K) : Total area of the design is 228274.99654999998 um^2.
2026-03-28 00:57:10 +0100: Memory Usage (459976K) : The design dimensions are 241.69000000000005 µm * 944.4949999999999 µm.
2026-03-28 00:57:10 +0100: Memory Usage (459976K) : Starting general IHP-SG13G2 derivations.
2026-03-28 00:57:10 +0100: Memory Usage (459976K) : Starting Pwell derivations
2026-03-28 00:57:10 +0100: Memory Usage (459976K) : Starting pad general derivations
2026-03-28 00:57:10 +0100: Memory Usage (459976K) : Starting IHP-SG13G2 DRC rules.
2026-03-28 00:57:10 +0100: Memory Usage (459976K) : Starting 6.9 Pad table
2026-03-28 00:57:10 +0100: Memory Usage (459976K) : Executing rule Pad.m
2026-03-28 00:57:10 +0100: Memory Usage (459976K) : Executing rule Pad.fR_M1
2026-03-28 00:57:10 +0100: Memory Usage (459976K) : Executing rule Pad.fR_M2
2026-03-28 00:57:10 +0100: Memory Usage (459976K) : Executing rule Pad.fR_M3
2026-03-28 00:57:10 +0100: Memory Usage (459976K) : Executing rule Pad.fR_M4
2026-03-28 00:57:10 +0100: Memory Usage (459976K) : Executing rule Pad.fR_M5
2026-03-28 00:57:10 +0100: Memory Usage (459976K) : Executing rule Pad.fR_TM1
2026-03-28 00:57:10 +0100: Memory Usage (459976K) : Executing rule Pad.fR_TM2
2026-03-28 00:57:10 +0100: Memory Usage (459976K) : Executing rule Pad.i
2026-03-28 00:57:10 +0100: Memory Usage (459976K) : KLayout DRC run for tables 'pad' completed in 1.81 seconds
