# Logfile created on 2026-03-28 00:56:53 +0100 by logger.rb/v1.5.3
2026-03-28 00:56:53 +0100: Memory Usage (437336K) : Starting running IHP-SG13G2 KLayout DRC runset on /foss/designs/Design/xschem/HPAmplifier/OTA_Telescopic/Layout_and_Related_files/HPA_to_PADS.gds
2026-03-28 00:56:53 +0100: Memory Usage (437336K) : Ruby Version for klayout: 3.2.3
2026-03-28 00:56:54 +0100: Memory Usage (439960K) : Loading database to memory is complete.
2026-03-28 00:56:54 +0100: Memory Usage (440264K) : IHP-SG13G2 KLayout DRC runset output at: /foss/designs/Design/xschem/HPAmplifier/OTA_Telescopic/Layout_and_Related_files/drc_run_HPA/HPA_to_PADS_HPA_cont.lyrdb
2026-03-28 00:56:54 +0100: Memory Usage (440264K) : Evaluate switches.
2026-03-28 00:56:54 +0100: Memory Usage (440264K) : tables selected: cont
2026-03-28 00:56:54 +0100: Memory Usage (440264K) : KLayout will use 4 thread(s) in tiled mode.
2026-03-28 00:56:54 +0100: Memory Usage (440264K) : flat mode is enabled.
2026-03-28 00:56:54 +0100: Memory Usage (440264K) : FEOL enabled: false
2026-03-28 00:56:54 +0100: Memory Usage (440264K) : BEOL enabled: false
2026-03-28 00:56:54 +0100: Memory Usage (440264K) : OFFGRID enabled: true
2026-03-28 00:56:54 +0100: Memory Usage (440264K) : PIN enabled: false
2026-03-28 00:56:54 +0100: Memory Usage (440264K) : FORBIDDEN enabled: false
2026-03-28 00:56:54 +0100: Memory Usage (440264K) : RECOMMENDED enabled: true
2026-03-28 00:56:54 +0100: Memory Usage (440264K) : PreCheck DRC enabled: false
2026-03-28 00:56:54 +0100: Memory Usage (440264K) : CONNECTIVITY_RULES enabled: false.
2026-03-28 00:56:54 +0100: Memory Usage (440264K) : Read in polygons from layers.
2026-03-28 00:56:54 +0100: Memory Usage (443192K) : activ_drw has 198 polygons
2026-03-28 00:56:54 +0100: Memory Usage (443192K) : activ_pin has 0 polygons
2026-03-28 00:56:54 +0100: Memory Usage (443192K) : activ_mask has 0 polygons
2026-03-28 00:56:54 +0100: Memory Usage (443192K) : activ_filler has 0 polygons
2026-03-28 00:56:54 +0100: Memory Usage (443192K) : activ_nofill has 0 polygons
2026-03-28 00:56:54 +0100: Memory Usage (443192K) : activ_opc has 0 polygons
2026-03-28 00:56:54 +0100: Memory Usage (443192K) : activ_iopc has 0 polygons
2026-03-28 00:56:54 +0100: Memory Usage (443192K) : activ_noqrc has 0 polygons
2026-03-28 00:56:54 +0100: Memory Usage (443192K) : biwind_drw has 0 polygons
2026-03-28 00:56:54 +0100: Memory Usage (443192K) : biwind_opc has 0 polygons
2026-03-28 00:56:54 +0100: Memory Usage (443192K) : pemwind_drw has 0 polygons
2026-03-28 00:56:54 +0100: Memory Usage (443692K) : gatpoly_drw has 108 polygons
2026-03-28 00:56:54 +0100: Memory Usage (443916K) : gatpoly_pin has 124 polygons
2026-03-28 00:56:54 +0100: Memory Usage (443916K) : gatpoly_filler has 0 polygons
2026-03-28 00:56:54 +0100: Memory Usage (443916K) : gatpoly_nofill has 0 polygons
2026-03-28 00:56:54 +0100: Memory Usage (443916K) : gatpoly_opc has 0 polygons
2026-03-28 00:56:54 +0100: Memory Usage (443916K) : gatpoly_iopc has 0 polygons
2026-03-28 00:56:54 +0100: Memory Usage (443916K) : gatpoly_noqrc has 0 polygons
2026-03-28 00:56:54 +0100: Memory Usage (450248K) : cont_drw has 16803 polygons
2026-03-28 00:56:54 +0100: Memory Usage (450248K) : cont_opc has 0 polygons
2026-03-28 00:56:54 +0100: Memory Usage (450248K) : nsd_drw has 0 polygons
2026-03-28 00:56:54 +0100: Memory Usage (450248K) : nsd_block has 0 polygons
2026-03-28 00:56:54 +0100: Memory Usage (450248K) : metal1_drw has 390 polygons
2026-03-28 00:56:54 +0100: Memory Usage (450248K) : metal1_pin has 515 polygons
2026-03-28 00:56:54 +0100: Memory Usage (450248K) : metal1_mask has 0 polygons
2026-03-28 00:56:54 +0100: Memory Usage (450248K) : metal1_filler has 0 polygons
2026-03-28 00:56:54 +0100: Memory Usage (450248K) : metal1_nofill has 0 polygons
2026-03-28 00:56:54 +0100: Memory Usage (450248K) : metal1_slit has 0 polygons
2026-03-28 00:56:54 +0100: Memory Usage (450248K) : metal1_text has 0 polygons
2026-03-28 00:56:54 +0100: Memory Usage (450248K) : metal1_opc has 0 polygons
2026-03-28 00:56:54 +0100: Memory Usage (450248K) : metal1_noqrc has 0 polygons
2026-03-28 00:56:54 +0100: Memory Usage (450248K) : metal1_res has 0 polygons
2026-03-28 00:56:54 +0100: Memory Usage (450248K) : metal1_iprobe has 0 polygons
2026-03-28 00:56:54 +0100: Memory Usage (450248K) : metal1_diffprb has 0 polygons
2026-03-28 00:56:54 +0100: Memory Usage (450248K) : passiv_drw has 0 polygons
2026-03-28 00:56:54 +0100: Memory Usage (450248K) : passiv_pin has 0 polygons
2026-03-28 00:56:54 +0100: Memory Usage (450248K) : passiv_sbump has 0 polygons
2026-03-28 00:56:54 +0100: Memory Usage (450248K) : passiv_pillar has 0 polygons
2026-03-28 00:56:54 +0100: Memory Usage (450248K) : passiv_pdl has 0 polygons
2026-03-28 00:56:54 +0100: Memory Usage (450248K) : metal2_drw has 98 polygons
2026-03-28 00:56:54 +0100: Memory Usage (450248K) : metal2_pin has 12 polygons
2026-03-28 00:56:54 +0100: Memory Usage (450248K) : metal2_mask has 0 polygons
2026-03-28 00:56:54 +0100: Memory Usage (450248K) : metal2_filler has 0 polygons
2026-03-28 00:56:54 +0100: Memory Usage (450248K) : metal2_nofill has 0 polygons
2026-03-28 00:56:54 +0100: Memory Usage (450248K) : metal2_slit has 0 polygons
2026-03-28 00:56:54 +0100: Memory Usage (450248K) : metal2_text has 1 polygons
2026-03-28 00:56:54 +0100: Memory Usage (450248K) : metal2_opc has 0 polygons
2026-03-28 00:56:54 +0100: Memory Usage (450248K) : metal2_noqrc has 0 polygons
2026-03-28 00:56:54 +0100: Memory Usage (450248K) : metal2_res has 0 polygons
2026-03-28 00:56:54 +0100: Memory Usage (450248K) : metal2_iprobe has 0 polygons
2026-03-28 00:56:54 +0100: Memory Usage (450248K) : metal2_diffprb has 0 polygons
2026-03-28 00:56:54 +0100: Memory Usage (450248K) : baspoly_drw has 0 polygons
2026-03-28 00:56:54 +0100: Memory Usage (450248K) : baspoly_pin has 0 polygons
2026-03-28 00:56:54 +0100: Memory Usage (450248K) : psd_drw has 24 polygons
2026-03-28 00:56:54 +0100: Memory Usage (450248K) : nldb_drw has 0 polygons
2026-03-28 00:56:54 +0100: Memory Usage (450248K) : digibnd_drw has 0 polygons
2026-03-28 00:56:54 +0100: Memory Usage (450248K) : via1_drw has 9590 polygons
2026-03-28 00:56:54 +0100: Memory Usage (450248K) : backmetal1_drw has 0 polygons
2026-03-28 00:56:54 +0100: Memory Usage (450248K) : backmetal1_pin has 0 polygons
2026-03-28 00:56:54 +0100: Memory Usage (450248K) : backmetal1_mask has 0 polygons
2026-03-28 00:56:54 +0100: Memory Usage (450248K) : backmetal1_filler has 0 polygons
2026-03-28 00:56:54 +0100: Memory Usage (450248K) : backmetal1_nofill has 0 polygons
2026-03-28 00:56:54 +0100: Memory Usage (450248K) : backmetal1_slit has 0 polygons
2026-03-28 00:56:54 +0100: Memory Usage (450248K) : backmetal1_text has 0 polygons
2026-03-28 00:56:54 +0100: Memory Usage (450248K) : backmetal1_opc has 0 polygons
2026-03-28 00:56:54 +0100: Memory Usage (450248K) : backmetal1_noqrc has 0 polygons
2026-03-28 00:56:54 +0100: Memory Usage (450248K) : backmetal1_res has 0 polygons
2026-03-28 00:56:54 +0100: Memory Usage (450248K) : backmetal1_iprobe has 0 polygons
2026-03-28 00:56:54 +0100: Memory Usage (450248K) : backmetal1_diffprb has 0 polygons
2026-03-28 00:56:54 +0100: Memory Usage (450248K) : backpassiv_drw has 0 polygons
2026-03-28 00:56:54 +0100: Memory Usage (450248K) : res_drw has 0 polygons
2026-03-28 00:56:54 +0100: Memory Usage (450248K) : sram_drw has 0 polygons
2026-03-28 00:56:54 +0100: Memory Usage (450248K) : trans_drw has 0 polygons
2026-03-28 00:56:54 +0100: Memory Usage (450248K) : ind_drw has 0 polygons
2026-03-28 00:56:54 +0100: Memory Usage (450248K) : ind_pin has 0 polygons
2026-03-28 00:56:54 +0100: Memory Usage (450248K) : ind_text has 0 polygons
2026-03-28 00:56:54 +0100: Memory Usage (450248K) : salblock_drw has 7 polygons
2026-03-28 00:56:54 +0100: Memory Usage (451420K) : via2_drw has 10845 polygons
2026-03-28 00:56:54 +0100: Memory Usage (451420K) : metal3_drw has 75 polygons
2026-03-28 00:56:54 +0100: Memory Usage (451420K) : metal3_pin has 13 polygons
2026-03-28 00:56:54 +0100: Memory Usage (451420K) : metal3_mask has 0 polygons
2026-03-28 00:56:54 +0100: Memory Usage (451420K) : metal3_filler has 0 polygons
2026-03-28 00:56:54 +0100: Memory Usage (451420K) : metal3_nofill has 0 polygons
2026-03-28 00:56:54 +0100: Memory Usage (451420K) : metal3_slit has 0 polygons
2026-03-28 00:56:54 +0100: Memory Usage (451420K) : metal3_text has 5 polygons
2026-03-28 00:56:54 +0100: Memory Usage (451420K) : metal3_opc has 0 polygons
2026-03-28 00:56:54 +0100: Memory Usage (451420K) : metal3_noqrc has 0 polygons
2026-03-28 00:56:54 +0100: Memory Usage (451420K) : metal3_res has 0 polygons
2026-03-28 00:56:54 +0100: Memory Usage (451420K) : metal3_iprobe has 0 polygons
2026-03-28 00:56:54 +0100: Memory Usage (451420K) : metal3_diffprb has 0 polygons
2026-03-28 00:56:54 +0100: Memory Usage (451684K) : nwell_drw has 5 polygons
2026-03-28 00:56:54 +0100: Memory Usage (451684K) : nwell_pin has 0 polygons
2026-03-28 00:56:54 +0100: Memory Usage (451684K) : nbulay_drw has 0 polygons
2026-03-28 00:56:54 +0100: Memory Usage (451684K) : nbulay_pin has 0 polygons
2026-03-28 00:56:54 +0100: Memory Usage (451684K) : nbulay_block has 0 polygons
2026-03-28 00:56:54 +0100: Memory Usage (451684K) : emwind_drw has 0 polygons
2026-03-28 00:56:54 +0100: Memory Usage (451684K) : emwind_opc has 0 polygons
2026-03-28 00:56:54 +0100: Memory Usage (451684K) : deepco_drw has 0 polygons
2026-03-28 00:56:54 +0100: Memory Usage (451684K) : deepco_drw has 0 polygons
2026-03-28 00:56:55 +0100: Memory Usage (451684K) : mim_drw has 2 polygons
2026-03-28 00:56:55 +0100: Memory Usage (451684K) : edgeseal_drw has 0 polygons
2026-03-28 00:56:55 +0100: Memory Usage (451684K) : edgeseal_bound has 0 polygons
2026-03-28 00:56:55 +0100: Memory Usage (451684K) : substrate_drw has 723 polygons
2026-03-28 00:56:55 +0100: Memory Usage (451684K) : substrate_text has 0 polygons
2026-03-28 00:56:55 +0100: Memory Usage (451684K) : dfpad_drw has 0 polygons
2026-03-28 00:56:55 +0100: Memory Usage (451684K) : dfpad_pillar has 0 polygons
2026-03-28 00:56:55 +0100: Memory Usage (451684K) : dfpad_sbump has 0 polygons
2026-03-28 00:56:55 +0100: Memory Usage (451684K) : thickgateox_drw has 0 polygons
2026-03-28 00:56:55 +0100: Memory Usage (451684K) : pldb_drw has 0 polygons
2026-03-28 00:56:55 +0100: Memory Usage (451684K) : pwell_drw has 0 polygons
2026-03-28 00:56:55 +0100: Memory Usage (451684K) : pwell_pin has 0 polygons
2026-03-28 00:56:55 +0100: Memory Usage (451684K) : pwell_block has 0 polygons
2026-03-28 00:56:55 +0100: Memory Usage (451684K) : ic_drw has 0 polygons
2026-03-28 00:56:55 +0100: Memory Usage (453268K) : via3_drw has 14951 polygons
2026-03-28 00:56:55 +0100: Memory Usage (453268K) : metal4_drw has 48 polygons
2026-03-28 00:56:55 +0100: Memory Usage (453268K) : metal4_pin has 3 polygons
2026-03-28 00:56:55 +0100: Memory Usage (453268K) : metal4_mask has 0 polygons
2026-03-28 00:56:55 +0100: Memory Usage (453268K) : metal4_filler has 0 polygons
2026-03-28 00:56:55 +0100: Memory Usage (453268K) : metal4_nofill has 0 polygons
2026-03-28 00:56:55 +0100: Memory Usage (453268K) : metal4_slit has 0 polygons
2026-03-28 00:56:55 +0100: Memory Usage (453268K) : metal4_text has 0 polygons
2026-03-28 00:56:55 +0100: Memory Usage (453268K) : metal4_opc has 0 polygons
2026-03-28 00:56:55 +0100: Memory Usage (453268K) : metal4_noqrc has 0 polygons
2026-03-28 00:56:55 +0100: Memory Usage (453268K) : metal4_res has 0 polygons
2026-03-28 00:56:55 +0100: Memory Usage (453268K) : metal4_iprobe has 0 polygons
2026-03-28 00:56:55 +0100: Memory Usage (453268K) : metal4_diffprb has 0 polygons
2026-03-28 00:56:55 +0100: Memory Usage (453268K) : heattrans_drw has 421 polygons
2026-03-28 00:56:55 +0100: Memory Usage (453268K) : heatres_drw has 7 polygons
2026-03-28 00:56:55 +0100: Memory Usage (453268K) : pempoly_drw has 0 polygons
2026-03-28 00:56:55 +0100: Memory Usage (453268K) : fbe_drw has 0 polygons
2026-03-28 00:56:55 +0100: Memory Usage (453268K) : empoly_drw has 0 polygons
2026-03-28 00:56:55 +0100: Memory Usage (453268K) : ldmos_drw has 0 polygons
2026-03-28 00:56:55 +0100: Memory Usage (453268K) : pbiwind_drw has 0 polygons
2026-03-28 00:56:55 +0100: Memory Usage (453268K) : digisub_drw has 0 polygons
2026-03-28 00:56:55 +0100: Memory Usage (453268K) : nodrc_drw has 0 polygons
2026-03-28 00:56:55 +0100: Memory Usage (453268K) : text_drw has 1107 polygons
2026-03-28 00:56:55 +0100: Memory Usage (453268K) : via4_drw has 14844 polygons
2026-03-28 00:56:55 +0100: Memory Usage (453268K) : metal5_drw has 39 polygons
2026-03-28 00:56:55 +0100: Memory Usage (453268K) : metal5_pin has 4 polygons
2026-03-28 00:56:55 +0100: Memory Usage (453268K) : metal5_mask has 0 polygons
2026-03-28 00:56:55 +0100: Memory Usage (453268K) : metal5_filler has 0 polygons
2026-03-28 00:56:55 +0100: Memory Usage (453268K) : metal5_nofill has 0 polygons
2026-03-28 00:56:55 +0100: Memory Usage (453268K) : metal5_slit has 0 polygons
2026-03-28 00:56:55 +0100: Memory Usage (453268K) : metal5_text has 0 polygons
2026-03-28 00:56:55 +0100: Memory Usage (453268K) : metal5_opc has 0 polygons
2026-03-28 00:56:55 +0100: Memory Usage (453268K) : metal5_noqrc has 0 polygons
2026-03-28 00:56:55 +0100: Memory Usage (453268K) : metal5_res has 0 polygons
2026-03-28 00:56:55 +0100: Memory Usage (453268K) : metal5_iprobe has 0 polygons
2026-03-28 00:56:55 +0100: Memory Usage (453268K) : metal5_diffprb has 0 polygons
2026-03-28 00:56:55 +0100: Memory Usage (453268K) : radhard_drw has 0 polygons
2026-03-28 00:56:55 +0100: Memory Usage (453268K) : memcap_drw has 0 polygons
2026-03-28 00:56:55 +0100: Memory Usage (453268K) : varicap_drw has 0 polygons
2026-03-28 00:56:55 +0100: Memory Usage (453268K) : flash_drw has 0 polygons
2026-03-28 00:56:55 +0100: Memory Usage (453268K) : intbondvia_drw has 0 polygons
2026-03-28 00:56:55 +0100: Memory Usage (453268K) : intbondmet_drw has 0 polygons
2026-03-28 00:56:55 +0100: Memory Usage (453268K) : devbondvia_drw has 0 polygons
2026-03-28 00:56:55 +0100: Memory Usage (453268K) : devbondmet_drw has 0 polygons
2026-03-28 00:56:55 +0100: Memory Usage (453268K) : devtrench_drw has 0 polygons
2026-03-28 00:56:55 +0100: Memory Usage (453268K) : redist_drw has 0 polygons
2026-03-28 00:56:55 +0100: Memory Usage (453268K) : graphbot_drw has 0 polygons
2026-03-28 00:56:55 +0100: Memory Usage (453268K) : graphtop_drw has 0 polygons
2026-03-28 00:56:55 +0100: Memory Usage (453268K) : antvia1_drw has 0 polygons
2026-03-28 00:56:55 +0100: Memory Usage (453268K) : antmetal2_drw has 0 polygons
2026-03-28 00:56:55 +0100: Memory Usage (453268K) : graphcont_drw has 0 polygons
2026-03-28 00:56:55 +0100: Memory Usage (453268K) : siwg_drw has 0 polygons
2026-03-28 00:56:55 +0100: Memory Usage (453268K) : siwg_filler has 0 polygons
2026-03-28 00:56:55 +0100: Memory Usage (453268K) : siwg_nofill has 0 polygons
2026-03-28 00:56:55 +0100: Memory Usage (453268K) : sigrating_drw has 0 polygons
2026-03-28 00:56:55 +0100: Memory Usage (453532K) : singrating_drw has 0 polygons
2026-03-28 00:56:55 +0100: Memory Usage (453532K) : graphpas_drw has 0 polygons
2026-03-28 00:56:55 +0100: Memory Usage (453532K) : emwind3_drw has 0 polygons
2026-03-28 00:56:55 +0100: Memory Usage (453796K) : emwihv3_drw has 0 polygons
2026-03-28 00:56:55 +0100: Memory Usage (453796K) : redbulay_drw has 0 polygons
2026-03-28 00:56:55 +0100: Memory Usage (454060K) : smos_drw has 0 polygons
2026-03-28 00:56:55 +0100: Memory Usage (454060K) : graphpad_drw has 0 polygons
2026-03-28 00:56:55 +0100: Memory Usage (454060K) : polimide_drw has 0 polygons
2026-03-28 00:56:55 +0100: Memory Usage (454324K) : polimide_pin has 0 polygons
2026-03-28 00:56:55 +0100: Memory Usage (454324K) : recog_drw has 0 polygons
2026-03-28 00:56:55 +0100: Memory Usage (454588K) : recog_pin has 0 polygons
2026-03-28 00:56:55 +0100: Memory Usage (454588K) : recog_esd has 0 polygons
2026-03-28 00:56:55 +0100: Memory Usage (454588K) : recog_diode has 0 polygons
2026-03-28 00:56:55 +0100: Memory Usage (454852K) : recog_tsv has 0 polygons
2026-03-28 00:56:55 +0100: Memory Usage (454852K) : recog_iprobe has 0 polygons
2026-03-28 00:56:55 +0100: Memory Usage (455116K) : recog_diffprb has 0 polygons
2026-03-28 00:56:55 +0100: Memory Usage (455116K) : recog_pillar has 0 polygons
2026-03-28 00:56:55 +0100: Memory Usage (455116K) : recog_sbump has 0 polygons
2026-03-28 00:56:55 +0100: Memory Usage (455380K) : recog_otp has 0 polygons
2026-03-28 00:56:55 +0100: Memory Usage (455380K) : recog_pdiode has 0 polygons
2026-03-28 00:56:55 +0100: Memory Usage (455644K) : recog_mom has 0 polygons
2026-03-28 00:56:55 +0100: Memory Usage (455644K) : recog_pcm has 0 polygons
2026-03-28 00:56:55 +0100: Memory Usage (455644K) : colopen_drw has 0 polygons
2026-03-28 00:56:55 +0100: Memory Usage (455908K) : graphmetal1_drw has 0 polygons
2026-03-28 00:56:55 +0100: Memory Usage (455908K) : graphmetal1_filler has 0 polygons
2026-03-28 00:56:55 +0100: Memory Usage (456172K) : graphmetal1_nofill has 0 polygons
2026-03-28 00:56:55 +0100: Memory Usage (456172K) : graphmetal1_slit has 0 polygons
2026-03-28 00:56:55 +0100: Memory Usage (456172K) : graphmetal1_opc has 0 polygons
2026-03-28 00:56:55 +0100: Memory Usage (456436K) : graphmet1l_drw has 0 polygons
2026-03-28 00:56:55 +0100: Memory Usage (456436K) : graphmet1l_filler has 0 polygons
2026-03-28 00:56:55 +0100: Memory Usage (456700K) : graphmet1l_nofill has 0 polygons
2026-03-28 00:56:55 +0100: Memory Usage (456700K) : graphmet1l_slit has 0 polygons
2026-03-28 00:56:55 +0100: Memory Usage (456700K) : graphmet1l_opc has 0 polygons
2026-03-28 00:56:55 +0100: Memory Usage (456964K) : extblock_drw has 5 polygons
2026-03-28 00:56:55 +0100: Memory Usage (456964K) : nldd_drw has 0 polygons
2026-03-28 00:56:55 +0100: Memory Usage (457228K) : pldd_drw has 0 polygons
2026-03-28 00:56:55 +0100: Memory Usage (457228K) : next_drw has 0 polygons
2026-03-28 00:56:55 +0100: Memory Usage (457228K) : pext_drw has 0 polygons
2026-03-28 00:56:55 +0100: Memory Usage (457492K) : nexthv_drw has 0 polygons
2026-03-28 00:56:55 +0100: Memory Usage (457492K) : pexthv_drw has 0 polygons
2026-03-28 00:56:55 +0100: Memory Usage (457756K) : graphgate_drw has 0 polygons
2026-03-28 00:56:55 +0100: Memory Usage (457756K) : sinwg_drw has 0 polygons
2026-03-28 00:56:55 +0100: Memory Usage (457756K) : sinwg_filler has 0 polygons
2026-03-28 00:56:55 +0100: Memory Usage (457756K) : sinwg_nofill has 0 polygons
2026-03-28 00:56:55 +0100: Memory Usage (457756K) : mempad_drw has 0 polygons
2026-03-28 00:56:55 +0100: Memory Usage (458020K) : topvia1_drw has 3590 polygons
2026-03-28 00:56:55 +0100: Memory Usage (458020K) : topmetal1_drw has 16 polygons
2026-03-28 00:56:55 +0100: Memory Usage (458020K) : topmetal1_pin has 11 polygons
2026-03-28 00:56:55 +0100: Memory Usage (458020K) : topmetal1_mask has 0 polygons
2026-03-28 00:56:55 +0100: Memory Usage (458020K) : topmetal1_filler has 0 polygons
2026-03-28 00:56:55 +0100: Memory Usage (458020K) : topmetal1_nofill has 0 polygons
2026-03-28 00:56:55 +0100: Memory Usage (458020K) : topmetal1_slit has 0 polygons
2026-03-28 00:56:55 +0100: Memory Usage (458020K) : topmetal1_text has 1 polygons
2026-03-28 00:56:55 +0100: Memory Usage (458020K) : topmetal1_noqrc has 0 polygons
2026-03-28 00:56:55 +0100: Memory Usage (458020K) : topmetal1_res has 0 polygons
2026-03-28 00:56:55 +0100: Memory Usage (458020K) : topmetal1_iprobe has 0 polygons
2026-03-28 00:56:55 +0100: Memory Usage (458020K) : topmetal1_diffprb has 0 polygons
2026-03-28 00:56:55 +0100: Memory Usage (458020K) : inldpwl_drw has 0 polygons
2026-03-28 00:56:55 +0100: Memory Usage (458020K) : polyres_drw has 7 polygons
2026-03-28 00:56:55 +0100: Memory Usage (458020K) : polyres_pin has 0 polygons
2026-03-28 00:56:55 +0100: Memory Usage (458020K) : vmim_drw has 578 polygons
2026-03-28 00:56:55 +0100: Memory Usage (458020K) : nbulaycut_drw has 0 polygons
2026-03-28 00:56:55 +0100: Memory Usage (458020K) : antmetal1_drw has 0 polygons
2026-03-28 00:56:55 +0100: Memory Usage (458020K) : topvia2_drw has 1024 polygons
2026-03-28 00:56:55 +0100: Memory Usage (458020K) : topmetal2_drw has 4 polygons
2026-03-28 00:56:55 +0100: Memory Usage (458020K) : topmetal2_pin has 1 polygons
2026-03-28 00:56:55 +0100: Memory Usage (458020K) : topmetal2_mask has 0 polygons
2026-03-28 00:56:55 +0100: Memory Usage (458020K) : topmetal2_filler has 0 polygons
2026-03-28 00:56:55 +0100: Memory Usage (458020K) : topmetal2_nofill has 0 polygons
2026-03-28 00:56:55 +0100: Memory Usage (458020K) : topmetal2_slit has 0 polygons
2026-03-28 00:56:55 +0100: Memory Usage (458020K) : topmetal2_text has 1 polygons
2026-03-28 00:56:55 +0100: Memory Usage (458020K) : topmetal2_noqrc has 0 polygons
2026-03-28 00:56:55 +0100: Memory Usage (458020K) : topmetal2_res has 0 polygons
2026-03-28 00:56:55 +0100: Memory Usage (458020K) : topmetal2_iprobe has 0 polygons
2026-03-28 00:56:55 +0100: Memory Usage (458020K) : topmetal2_diffprb has 0 polygons
2026-03-28 00:56:55 +0100: Memory Usage (458020K) : snsring_drw has 0 polygons
2026-03-28 00:56:55 +0100: Memory Usage (458020K) : sensor_drw has 0 polygons
2026-03-28 00:56:55 +0100: Memory Usage (458020K) : snsarms_drw has 0 polygons
2026-03-28 00:56:55 +0100: Memory Usage (458020K) : snscmosvia_drw has 0 polygons
2026-03-28 00:56:55 +0100: Memory Usage (458020K) : colwind_drw has 0 polygons
2026-03-28 00:56:55 +0100: Memory Usage (458020K) : flm_drw has 0 polygons
2026-03-28 00:56:55 +0100: Memory Usage (458020K) : hafniumox_drw has 0 polygons
2026-03-28 00:56:55 +0100: Memory Usage (458020K) : memvia_drw has 0 polygons
2026-03-28 00:56:55 +0100: Memory Usage (458020K) : thinfilmres_drw has 0 polygons
2026-03-28 00:56:55 +0100: Memory Usage (458020K) : rfmem_drw has 0 polygons
2026-03-28 00:56:55 +0100: Memory Usage (458020K) : norcx_drw has 0 polygons
2026-03-28 00:56:55 +0100: Memory Usage (458020K) : norcx_m2m3 has 0 polygons
2026-03-28 00:56:55 +0100: Memory Usage (458020K) : norcx_m2m4 has 0 polygons
2026-03-28 00:56:55 +0100: Memory Usage (458020K) : norcx_m2m5 has 0 polygons
2026-03-28 00:56:55 +0100: Memory Usage (458020K) : norcx_m2tm1 has 0 polygons
2026-03-28 00:56:55 +0100: Memory Usage (458020K) : norcx_m2tm2 has 0 polygons
2026-03-28 00:56:55 +0100: Memory Usage (458020K) : norcx_m3m4 has 0 polygons
2026-03-28 00:56:55 +0100: Memory Usage (458020K) : norcx_m3m5 has 0 polygons
2026-03-28 00:56:55 +0100: Memory Usage (458020K) : norcx_m3tm1 has 0 polygons
2026-03-28 00:56:55 +0100: Memory Usage (458020K) : norcx_m3tm2 has 0 polygons
2026-03-28 00:56:55 +0100: Memory Usage (458020K) : norcx_m4m5 has 0 polygons
2026-03-28 00:56:55 +0100: Memory Usage (458020K) : norcx_m4tm1 has 0 polygons
2026-03-28 00:56:55 +0100: Memory Usage (458020K) : norcx_m4tm2 has 0 polygons
2026-03-28 00:56:55 +0100: Memory Usage (458020K) : norcx_m5tm1 has 0 polygons
2026-03-28 00:56:55 +0100: Memory Usage (458020K) : norcx_m5tm2 has 0 polygons
2026-03-28 00:56:55 +0100: Memory Usage (458020K) : norcx_tm1tm2 has 0 polygons
2026-03-28 00:56:55 +0100: Memory Usage (458020K) : norcx_m1sub has 0 polygons
2026-03-28 00:56:55 +0100: Memory Usage (458020K) : norcx_m2sub has 0 polygons
2026-03-28 00:56:55 +0100: Memory Usage (458020K) : norcx_m3sub has 0 polygons
2026-03-28 00:56:55 +0100: Memory Usage (458020K) : norcx_m4sub has 0 polygons
2026-03-28 00:56:55 +0100: Memory Usage (458020K) : norcx_m5sub has 0 polygons
2026-03-28 00:56:55 +0100: Memory Usage (458020K) : norcx_tm1sub has 0 polygons
2026-03-28 00:56:55 +0100: Memory Usage (458020K) : norcx_tm2sub has 0 polygons
2026-03-28 00:56:55 +0100: Memory Usage (458020K) : snsbotvia_drw has 0 polygons
2026-03-28 00:56:55 +0100: Memory Usage (458020K) : snstopvia_drw has 0 polygons
2026-03-28 00:56:55 +0100: Memory Usage (458020K) : deepvia_drw has 0 polygons
2026-03-28 00:56:55 +0100: Memory Usage (458020K) : fgetch_drw has 0 polygons
2026-03-28 00:56:55 +0100: Memory Usage (458020K) : ctrgat_drw has 0 polygons
2026-03-28 00:56:55 +0100: Memory Usage (458020K) : fgimp_drw has 0 polygons
2026-03-28 00:56:55 +0100: Memory Usage (458020K) : emwihv_drw has 0 polygons
2026-03-28 00:56:55 +0100: Memory Usage (458020K) : lbe_drw has 0 polygons
2026-03-28 00:56:55 +0100: Memory Usage (458020K) : alcustop_drw has 0 polygons
2026-03-28 00:56:55 +0100: Memory Usage (458020K) : nometfiller_drw has 0 polygons
2026-03-28 00:56:55 +0100: Memory Usage (458020K) : prboundary_drw has 0 polygons
2026-03-28 00:56:55 +0100: Memory Usage (458020K) : exchange0_drw has 0 polygons
2026-03-28 00:56:55 +0100: Memory Usage (458020K) : exchange0_pin has 0 polygons
2026-03-28 00:56:55 +0100: Memory Usage (458020K) : exchange0_text has 0 polygons
2026-03-28 00:56:55 +0100: Memory Usage (458020K) : exchange1_drw has 0 polygons
2026-03-28 00:56:55 +0100: Memory Usage (458020K) : exchange1_pin has 0 polygons
2026-03-28 00:56:55 +0100: Memory Usage (458020K) : exchange1_text has 0 polygons
2026-03-28 00:56:55 +0100: Memory Usage (458020K) : exchange2_drw has 0 polygons
2026-03-28 00:56:55 +0100: Memory Usage (458020K) : exchange2_pin has 0 polygons
2026-03-28 00:56:55 +0100: Memory Usage (458020K) : exchange2_text has 0 polygons
2026-03-28 00:56:55 +0100: Memory Usage (458020K) : exchange3_drw has 0 polygons
2026-03-28 00:56:55 +0100: Memory Usage (458020K) : exchange3_pin has 0 polygons
2026-03-28 00:56:55 +0100: Memory Usage (458020K) : exchange3_text has 0 polygons
2026-03-28 00:56:55 +0100: Memory Usage (458020K) : exchange4_drw has 0 polygons
2026-03-28 00:56:55 +0100: Memory Usage (458020K) : exchange4_pin has 0 polygons
2026-03-28 00:56:55 +0100: Memory Usage (458020K) : exchange4_text has 0 polygons
2026-03-28 00:56:55 +0100: Memory Usage (458020K) : isonwell_drw has 0 polygons
2026-03-28 00:56:55 +0100: Memory Usage (458020K) : Total no. of polygons in the design is 76200
2026-03-28 00:56:55 +0100: Memory Usage (458020K) : Loaded TECH DRC rules values from /foss/pdks/ihp-sg13g2/libs.tech/klayout/python/sg13g2_pycell_lib/sg13g2_tech_mod.json
2026-03-28 00:56:55 +0100: Memory Usage (458020K) : Loaded default DRC rules values from /foss/pdks/ihp-sg13g2/libs.tech/klayout/tech/drc/rule_decks/sg13g2_tech_default.json
2026-03-28 00:56:55 +0100: Memory Usage (458020K) : The following rules values were missing in tech json and default values were used:
2026-03-28 00:56:55 +0100: Memory Usage (458020K) :   - Cnt_c_digibnd
2026-03-28 00:56:55 +0100: Memory Usage (458020K) : Total area of the design is 228274.99654999998 um^2.
2026-03-28 00:56:55 +0100: Memory Usage (458020K) : The design dimensions are 241.69000000000005 µm * 944.4949999999999 µm.
2026-03-28 00:56:55 +0100: Memory Usage (458020K) : Starting general IHP-SG13G2 derivations.
2026-03-28 00:56:55 +0100: Memory Usage (458020K) : Starting Pwell derivations
2026-03-28 00:56:55 +0100: Memory Usage (458020K) : Starting n-Activ derivations
2026-03-28 00:56:55 +0100: Memory Usage (458020K) : Starting p-Activ derivations
2026-03-28 00:56:55 +0100: Memory Usage (458020K) : Starting cont/contbar general derivations
2026-03-28 00:56:55 +0100: Memory Usage (464668K) : Starting IHP-SG13G2 DRC rules.
2026-03-28 00:56:55 +0100: Memory Usage (464668K) : Starting 5.14. Cont table
2026-03-28 00:56:55 +0100: Memory Usage (464668K) : Executing rule Cnt.a
2026-03-28 00:56:56 +0100: Memory Usage (464668K) : Executing rule Cnt.b
2026-03-28 00:56:56 +0100: Memory Usage (464668K) : Executing rule Cnt.c
2026-03-28 00:56:56 +0100: Memory Usage (464668K) : Executing rule Cnt.c
2026-03-28 00:56:56 +0100: Memory Usage (464668K) : Executing rule Cnt.d
2026-03-28 00:56:56 +0100: Memory Usage (464668K) : Executing rule Cnt.e
2026-03-28 00:56:56 +0100: Memory Usage (468444K) : Executing rule Cnt.g1
2026-03-28 00:56:56 +0100: Memory Usage (468444K) : Executing rule Cnt.g2
2026-03-28 00:56:56 +0100: Memory Usage (468444K) : KLayout DRC run for tables 'cont' completed in 2.59 seconds
