# Logfile created on 2026-03-28 00:56:53 +0100 by logger.rb/v1.5.3
2026-03-28 00:56:53 +0100: Memory Usage (434732K) : Starting running IHP-SG13G2 Klayout DRC antenna runset on /foss/designs/Design/xschem/HPAmplifier/OTA_Telescopic/Layout_and_Related_files/HPA_to_PADS.gds
2026-03-28 00:56:53 +0100: Memory Usage (434732K) : Ruby Version for klayout: 3.2.3
2026-03-28 00:56:54 +0100: Memory Usage (439032K) : Loading database to memory is complete.
2026-03-28 00:56:54 +0100: Memory Usage (439032K) : IHP-SG13G2 Klayout DRC antenna runset output at: /foss/designs/Design/xschem/HPAmplifier/OTA_Telescopic/Layout_and_Related_files/drc_run_HPA/HPA_to_PADS_HPA_antenna.lyrdb
2026-03-28 00:56:54 +0100: Memory Usage (439032K) : Evaluate switches.
2026-03-28 00:56:54 +0100: Memory Usage (439032K) : Klayout will use  thread(s)
2026-03-28 00:56:54 +0100: Memory Usage (439032K) : flat mode is enabled for antenna table.
2026-03-28 00:56:54 +0100: Memory Usage (439032K) : Read in polygons from layers.
2026-03-28 00:56:54 +0100: Memory Usage (441848K) : activ_drw has 198 polygons
2026-03-28 00:56:54 +0100: Memory Usage (441848K) : gatpoly_drw has 108 polygons
2026-03-28 00:56:54 +0100: Memory Usage (446660K) : cont_drw has 16803 polygons
2026-03-28 00:56:54 +0100: Memory Usage (446660K) : nsd_block has 0 polygons
2026-03-28 00:56:54 +0100: Memory Usage (446660K) : metal1_drw has 390 polygons
2026-03-28 00:56:54 +0100: Memory Usage (446660K) : metal2_drw has 98 polygons
2026-03-28 00:56:54 +0100: Memory Usage (446660K) : psd_drw has 24 polygons
2026-03-28 00:56:54 +0100: Memory Usage (446660K) : digisub_drw has 0 polygons
2026-03-28 00:56:54 +0100: Memory Usage (446660K) : via1_drw has 9590 polygons
2026-03-28 00:56:54 +0100: Memory Usage (448100K) : via2_drw has 10845 polygons
2026-03-28 00:56:54 +0100: Memory Usage (448100K) : metal3_drw has 75 polygons
2026-03-28 00:56:54 +0100: Memory Usage (448100K) : nwell_drw has 5 polygons
2026-03-28 00:56:54 +0100: Memory Usage (448100K) : pwell_block has 0 polygons
2026-03-28 00:56:54 +0100: Memory Usage (448628K) : via3_drw has 14951 polygons
2026-03-28 00:56:54 +0100: Memory Usage (448628K) : metal4_drw has 48 polygons
2026-03-28 00:56:54 +0100: Memory Usage (449420K) : via4_drw has 14844 polygons
2026-03-28 00:56:54 +0100: Memory Usage (449420K) : metal5_drw has 39 polygons
2026-03-28 00:56:54 +0100: Memory Usage (449420K) : recog_diode has 0 polygons
2026-03-28 00:56:54 +0100: Memory Usage (449420K) : recog_esd has 0 polygons
2026-03-28 00:56:54 +0100: Memory Usage (449420K) : topvia1_drw has 3590 polygons
2026-03-28 00:56:54 +0100: Memory Usage (449420K) : topmetal1_drw has 16 polygons
2026-03-28 00:56:54 +0100: Memory Usage (449420K) : topvia2_drw has 1024 polygons
2026-03-28 00:56:54 +0100: Memory Usage (449420K) : topmetal2_drw has 4 polygons
2026-03-28 00:56:54 +0100: Memory Usage (449420K) : Total no. of polygons in the design is 72652
2026-03-28 00:56:54 +0100: Memory Usage (449420K) : Loaded TECH DRC rules values from /foss/pdks/ihp-sg13g2/libs.tech/klayout/python/sg13g2_pycell_lib/sg13g2_tech_mod.json
2026-03-28 00:56:54 +0100: Memory Usage (449420K) : Loaded default DRC rules values from /foss/pdks/ihp-sg13g2/libs.tech/klayout/tech/drc/rule_decks/sg13g2_tech_default.json
2026-03-28 00:56:54 +0100: Memory Usage (449420K) : The following rules values were missing in tech json and default values were used:
2026-03-28 00:56:54 +0100: Memory Usage (449420K) :   - Cnt_c_digibnd
2026-03-28 00:56:54 +0100: Memory Usage (449420K) : Total area of the design is 228274.99654999998 um^2.
2026-03-28 00:56:54 +0100: Memory Usage (449420K) : The design dimensions are 241.69000000000005 µm * 944.4949999999999 µm.
2026-03-28 00:56:54 +0100: Memory Usage (449420K) : Starting general IHP-SG13G2 derivations.
2026-03-28 00:56:54 +0100: Memory Usage (449420K) : Starting IHP-SG13G2 DRC rules.
2026-03-28 00:56:54 +0100: Memory Usage (449420K) : Starting 7.1 Antenna Rules table
2026-03-28 00:56:54 +0100: Memory Usage (449420K) : Executing rule Ant.a
2026-03-28 00:56:54 +0100: Memory Usage (454472K) : Executing rule Ant.c
2026-03-28 00:56:54 +0100: Memory Usage (454472K) : Starting cumulative antenna ratio calculations
2026-03-28 00:56:54 +0100: Memory Usage (454472K) : Evaluating metal1_drw ratio
2026-03-28 00:56:55 +0100: Memory Usage (454472K) : Evaluating via1_drw ratio
2026-03-28 00:56:55 +0100: Memory Usage (455604K) : Evaluating metal2_drw ratio
2026-03-28 00:56:55 +0100: Memory Usage (456396K) : Evaluating via2_drw ratio
2026-03-28 00:56:55 +0100: Memory Usage (456924K) : Evaluating metal3_drw ratio
2026-03-28 00:56:55 +0100: Memory Usage (456924K) : Evaluating via3_drw ratio
2026-03-28 00:56:56 +0100: Memory Usage (459036K) : Evaluating metal4_drw ratio
2026-03-28 00:56:56 +0100: Memory Usage (459300K) : Evaluating via4_drw ratio
2026-03-28 00:56:57 +0100: Memory Usage (462204K) : Evaluating metal5_drw ratio
2026-03-28 00:56:57 +0100: Memory Usage (463524K) : Evaluating topvia1_drw ratio
2026-03-28 00:56:58 +0100: Memory Usage (463524K) : Evaluating topmetal1_drw ratio
2026-03-28 00:56:59 +0100: Memory Usage (464580K) : Evaluating topvia2_drw ratio
2026-03-28 00:56:59 +0100: Memory Usage (464580K) : Evaluating topmetal2_drw ratio
2026-03-28 00:57:00 +0100: Memory Usage (464580K) : Evaluating diode presence
2026-03-28 00:57:00 +0100: Memory Usage (464580K) : Creating base layer with all individual ratios and diode flag
2026-03-28 00:57:00 +0100: Memory Usage (465548K) : Executing rules Ant.b and Ant.e
2026-03-28 00:57:00 +0100: Memory Usage (465548K) : Executing Ant.b_Metal1
2026-03-28 00:57:00 +0100: Memory Usage (465548K) : Executing Ant.e_Metal1
2026-03-28 00:57:00 +0100: Memory Usage (465548K) : Evaluating cumulative ratio after Metal2
2026-03-28 00:57:00 +0100: Memory Usage (465548K) : Executing Ant.b_Metal2
2026-03-28 00:57:00 +0100: Memory Usage (465548K) : Executing Ant.e_Metal2
2026-03-28 00:57:00 +0100: Memory Usage (465548K) : Evaluating cumulative ratio after Metal3
2026-03-28 00:57:00 +0100: Memory Usage (465548K) : Executing Ant.b_Metal3
2026-03-28 00:57:00 +0100: Memory Usage (465548K) : Executing Ant.e_Metal3
2026-03-28 00:57:00 +0100: Memory Usage (465548K) : Evaluating cumulative ratio after Metal4
2026-03-28 00:57:00 +0100: Memory Usage (465548K) : Executing Ant.b_Metal4
2026-03-28 00:57:00 +0100: Memory Usage (465548K) : Executing Ant.e_Metal4
2026-03-28 00:57:00 +0100: Memory Usage (465548K) : Evaluating cumulative ratio after Metal5
2026-03-28 00:57:00 +0100: Memory Usage (465548K) : Executing Ant.b_Metal5
2026-03-28 00:57:00 +0100: Memory Usage (465548K) : Executing Ant.e_Metal5
2026-03-28 00:57:00 +0100: Memory Usage (465548K) : Evaluating cumulative ratio after TopMetal1
2026-03-28 00:57:00 +0100: Memory Usage (465548K) : Executing Ant.b_TopMetal1
2026-03-28 00:57:00 +0100: Memory Usage (465548K) : Executing Ant.e_TopMetal1
2026-03-28 00:57:00 +0100: Memory Usage (465548K) : Evaluating cumulative ratio after TopMetal2
2026-03-28 00:57:00 +0100: Memory Usage (465548K) : Executing Ant.b_TopMetal2
2026-03-28 00:57:00 +0100: Memory Usage (465548K) : Executing Ant.e_TopMetal2
2026-03-28 00:57:00 +0100: Memory Usage (465548K) : Executing rules Ant.d and Ant.f
2026-03-28 00:57:00 +0100: Memory Usage (465548K) : Evaluating cumulative ratio after Via1
2026-03-28 00:57:00 +0100: Memory Usage (465548K) : Executing Ant.d_Via1
2026-03-28 00:57:00 +0100: Memory Usage (465548K) : Executing Ant.f_Via1
2026-03-28 00:57:00 +0100: Memory Usage (465548K) : Evaluating cumulative ratio after Via2
2026-03-28 00:57:00 +0100: Memory Usage (465548K) : Executing Ant.d_Via2
2026-03-28 00:57:00 +0100: Memory Usage (465548K) : Executing Ant.f_Via2
2026-03-28 00:57:00 +0100: Memory Usage (465548K) : Evaluating cumulative ratio after Via3
2026-03-28 00:57:00 +0100: Memory Usage (465548K) : Executing Ant.d_Via3
2026-03-28 00:57:00 +0100: Memory Usage (465548K) : Executing Ant.f_Via3
2026-03-28 00:57:00 +0100: Memory Usage (465548K) : Evaluating cumulative ratio after Via4
2026-03-28 00:57:00 +0100: Memory Usage (465548K) : Executing Ant.d_Via4
2026-03-28 00:57:00 +0100: Memory Usage (465548K) : Executing Ant.f_Via4
2026-03-28 00:57:00 +0100: Memory Usage (465548K) : Evaluating cumulative ratio after TopVia1
2026-03-28 00:57:00 +0100: Memory Usage (465548K) : Executing Ant.d_TopVia1
2026-03-28 00:57:00 +0100: Memory Usage (465548K) : Executing Ant.f_TopVia1
2026-03-28 00:57:00 +0100: Memory Usage (465548K) : Evaluating cumulative ratio after TopVia2
2026-03-28 00:57:00 +0100: Memory Usage (465548K) : Executing Ant.d_TopVia2
2026-03-28 00:57:00 +0100: Memory Usage (465548K) : Executing Ant.f_TopVia2
2026-03-28 00:57:00 +0100: Memory Usage (465548K) : Executing rule Ant.g
2026-03-28 00:57:00 +0100: Memory Usage (465548K) : Executing rule Ant.h
2026-03-28 00:57:00 +0100: Memory Usage (465548K) : Executing rule Ant.i
