# Logfile created on 2026-03-23 16:41:53 +0100 by logger.rb/v1.5.3
2026-03-23 16:41:53 +0100: Memory Usage (436060K) : Starting running IHP-SG13G2 KLayout DRC runset on /foss/designs/Design/xschem/HPAmplifier/OTA_Telescopic_NO_FLATTEN/Layout_and_Related_files/OTA_Telescopic_TOP_wp.gds
2026-03-23 16:41:53 +0100: Memory Usage (436060K) : Ruby Version for klayout: 3.2.3
2026-03-23 16:41:53 +0100: Memory Usage (436060K) : Loading database to memory is complete.
2026-03-23 16:41:53 +0100: Memory Usage (437456K) : IHP-SG13G2 KLayout DRC runset output at: /foss/designs/Design/xschem/HPAmplifier/OTA_Telescopic_NO_FLATTEN/Layout_and_Related_files/drc_run_OTA_Telescopic_core/OTA_Telescopic_TOP_wp_OTA_Telescopic_core_main.lyrdb
2026-03-23 16:41:53 +0100: Memory Usage (437456K) : Evaluate switches.
2026-03-23 16:41:53 +0100: Memory Usage (437456K) : tables selected: main
2026-03-23 16:41:53 +0100: Memory Usage (437456K) : KLayout will use 1 thread(s) in tiled mode.
2026-03-23 16:41:53 +0100: Memory Usage (437456K) : deep mode is enabled.
2026-03-23 16:41:53 +0100: Memory Usage (437456K) : FEOL enabled: true
2026-03-23 16:41:53 +0100: Memory Usage (437456K) : BEOL enabled: true
2026-03-23 16:41:53 +0100: Memory Usage (437456K) : OFFGRID enabled: true
2026-03-23 16:41:53 +0100: Memory Usage (437456K) : PIN enabled: true
2026-03-23 16:41:53 +0100: Memory Usage (437456K) : FORBIDDEN enabled: true
2026-03-23 16:41:53 +0100: Memory Usage (437456K) : RECOMMENDED enabled: true
2026-03-23 16:41:53 +0100: Memory Usage (437456K) : PreCheck DRC enabled: false
2026-03-23 16:41:53 +0100: Memory Usage (437456K) : CONNECTIVITY_RULES enabled: true.
2026-03-23 16:41:53 +0100: Memory Usage (437456K) : Read in polygons from layers.
2026-03-23 16:41:53 +0100: Memory Usage (437456K) : activ_drw has 3122 polygons
2026-03-23 16:41:53 +0100: Memory Usage (437456K) : activ_pin has 0 polygons
2026-03-23 16:41:53 +0100: Memory Usage (437456K) : activ_mask has 0 polygons
2026-03-23 16:41:53 +0100: Memory Usage (437456K) : activ_filler has 0 polygons
2026-03-23 16:41:53 +0100: Memory Usage (437456K) : activ_nofill has 0 polygons
2026-03-23 16:41:53 +0100: Memory Usage (437456K) : activ_opc has 0 polygons
2026-03-23 16:41:53 +0100: Memory Usage (437456K) : activ_iopc has 0 polygons
2026-03-23 16:41:53 +0100: Memory Usage (437456K) : activ_noqrc has 0 polygons
2026-03-23 16:41:53 +0100: Memory Usage (437456K) : biwind_drw has 0 polygons
2026-03-23 16:41:53 +0100: Memory Usage (437456K) : biwind_opc has 0 polygons
2026-03-23 16:41:53 +0100: Memory Usage (437456K) : pemwind_drw has 0 polygons
2026-03-23 16:41:53 +0100: Memory Usage (437456K) : gatpoly_drw has 1699 polygons
2026-03-23 16:41:53 +0100: Memory Usage (437456K) : gatpoly_pin has 240 polygons
2026-03-23 16:41:53 +0100: Memory Usage (438584K) : gatpoly_filler has 0 polygons
2026-03-23 16:41:53 +0100: Memory Usage (438584K) : gatpoly_nofill has 0 polygons
2026-03-23 16:41:53 +0100: Memory Usage (438584K) : gatpoly_opc has 0 polygons
2026-03-23 16:41:53 +0100: Memory Usage (438584K) : gatpoly_iopc has 0 polygons
2026-03-23 16:41:53 +0100: Memory Usage (438584K) : gatpoly_noqrc has 0 polygons
2026-03-23 16:41:53 +0100: Memory Usage (438584K) : cont_drw has 13252 polygons
2026-03-23 16:41:53 +0100: Memory Usage (438848K) : cont_opc has 0 polygons
2026-03-23 16:41:53 +0100: Memory Usage (438848K) : nsd_drw has 0 polygons
2026-03-23 16:41:53 +0100: Memory Usage (438848K) : nsd_block has 0 polygons
2026-03-23 16:41:53 +0100: Memory Usage (439112K) : metal1_drw has 5169 polygons
2026-03-23 16:41:53 +0100: Memory Usage (439112K) : metal1_pin has 942 polygons
2026-03-23 16:41:53 +0100: Memory Usage (439112K) : metal1_mask has 0 polygons
2026-03-23 16:41:53 +0100: Memory Usage (439112K) : metal1_filler has 0 polygons
2026-03-23 16:41:53 +0100: Memory Usage (439376K) : metal1_nofill has 0 polygons
2026-03-23 16:41:53 +0100: Memory Usage (439376K) : metal1_slit has 0 polygons
2026-03-23 16:41:53 +0100: Memory Usage (439376K) : metal1_text has 0 polygons
2026-03-23 16:41:53 +0100: Memory Usage (439376K) : metal1_opc has 0 polygons
2026-03-23 16:41:53 +0100: Memory Usage (439376K) : metal1_noqrc has 0 polygons
2026-03-23 16:41:53 +0100: Memory Usage (439816K) : metal1_res has 0 polygons
2026-03-23 16:41:53 +0100: Memory Usage (439816K) : metal1_iprobe has 0 polygons
2026-03-23 16:41:53 +0100: Memory Usage (439816K) : metal1_diffprb has 0 polygons
2026-03-23 16:41:53 +0100: Memory Usage (439816K) : passiv_drw has 0 polygons
2026-03-23 16:41:53 +0100: Memory Usage (440080K) : passiv_pin has 0 polygons
2026-03-23 16:41:53 +0100: Memory Usage (440080K) : passiv_sbump has 0 polygons
2026-03-23 16:41:53 +0100: Memory Usage (440080K) : passiv_pillar has 0 polygons
2026-03-23 16:41:53 +0100: Memory Usage (440080K) : passiv_pdl has 0 polygons
2026-03-23 16:41:53 +0100: Memory Usage (440080K) : metal2_drw has 1001 polygons
2026-03-23 16:41:53 +0100: Memory Usage (440344K) : metal2_pin has 3 polygons
2026-03-23 16:41:53 +0100: Memory Usage (440344K) : metal2_mask has 0 polygons
2026-03-23 16:41:53 +0100: Memory Usage (440344K) : metal2_filler has 0 polygons
2026-03-23 16:41:53 +0100: Memory Usage (440344K) : metal2_nofill has 0 polygons
2026-03-23 16:41:53 +0100: Memory Usage (440608K) : metal2_slit has 0 polygons
2026-03-23 16:41:53 +0100: Memory Usage (440608K) : metal2_text has 3 polygons
2026-03-23 16:41:53 +0100: Memory Usage (440608K) : metal2_opc has 0 polygons
2026-03-23 16:41:53 +0100: Memory Usage (440828K) : metal2_noqrc has 0 polygons
2026-03-23 16:41:53 +0100: Memory Usage (440828K) : metal2_res has 0 polygons
2026-03-23 16:41:53 +0100: Memory Usage (440828K) : metal2_iprobe has 0 polygons
2026-03-23 16:41:53 +0100: Memory Usage (441088K) : metal2_diffprb has 0 polygons
2026-03-23 16:41:53 +0100: Memory Usage (441088K) : baspoly_drw has 0 polygons
2026-03-23 16:41:53 +0100: Memory Usage (441088K) : baspoly_pin has 0 polygons
2026-03-23 16:41:53 +0100: Memory Usage (441088K) : psd_drw has 850 polygons
2026-03-23 16:41:53 +0100: Memory Usage (441088K) : nldb_drw has 0 polygons
2026-03-23 16:41:53 +0100: Memory Usage (441352K) : digibnd_drw has 0 polygons
2026-03-23 16:41:53 +0100: Memory Usage (441352K) : via1_drw has 5079 polygons
2026-03-23 16:41:53 +0100: Memory Usage (441352K) : backmetal1_drw has 0 polygons
2026-03-23 16:41:53 +0100: Memory Usage (441352K) : backmetal1_pin has 0 polygons
2026-03-23 16:41:53 +0100: Memory Usage (441676K) : backmetal1_mask has 0 polygons
2026-03-23 16:41:53 +0100: Memory Usage (441676K) : backmetal1_filler has 0 polygons
2026-03-23 16:41:53 +0100: Memory Usage (441676K) : backmetal1_nofill has 0 polygons
2026-03-23 16:41:53 +0100: Memory Usage (441676K) : backmetal1_slit has 0 polygons
2026-03-23 16:41:53 +0100: Memory Usage (441940K) : backmetal1_text has 0 polygons
2026-03-23 16:41:53 +0100: Memory Usage (441940K) : backmetal1_opc has 0 polygons
2026-03-23 16:41:53 +0100: Memory Usage (441940K) : backmetal1_noqrc has 0 polygons
2026-03-23 16:41:53 +0100: Memory Usage (441940K) : backmetal1_res has 0 polygons
2026-03-23 16:41:53 +0100: Memory Usage (441940K) : backmetal1_iprobe has 0 polygons
2026-03-23 16:41:53 +0100: Memory Usage (442204K) : backmetal1_diffprb has 0 polygons
2026-03-23 16:41:53 +0100: Memory Usage (442204K) : backpassiv_drw has 0 polygons
2026-03-23 16:41:53 +0100: Memory Usage (442204K) : res_drw has 0 polygons
2026-03-23 16:41:53 +0100: Memory Usage (442204K) : sram_drw has 0 polygons
2026-03-23 16:41:53 +0100: Memory Usage (442436K) : trans_drw has 0 polygons
2026-03-23 16:41:53 +0100: Memory Usage (442436K) : ind_drw has 0 polygons
2026-03-23 16:41:53 +0100: Memory Usage (442436K) : ind_pin has 0 polygons
2026-03-23 16:41:53 +0100: Memory Usage (442436K) : ind_text has 0 polygons
2026-03-23 16:41:53 +0100: Memory Usage (442696K) : salblock_drw has 2 polygons
2026-03-23 16:41:53 +0100: Memory Usage (442696K) : via2_drw has 1877 polygons
2026-03-23 16:41:53 +0100: Memory Usage (442772K) : metal3_drw has 116 polygons
2026-03-23 16:41:53 +0100: Memory Usage (442772K) : metal3_pin has 2 polygons
2026-03-23 16:41:53 +0100: Memory Usage (442772K) : metal3_mask has 0 polygons
2026-03-23 16:41:53 +0100: Memory Usage (443032K) : metal3_filler has 0 polygons
2026-03-23 16:41:53 +0100: Memory Usage (443032K) : metal3_nofill has 0 polygons
2026-03-23 16:41:53 +0100: Memory Usage (443172K) : metal3_slit has 0 polygons
2026-03-23 16:41:53 +0100: Memory Usage (443172K) : metal3_text has 2 polygons
2026-03-23 16:41:53 +0100: Memory Usage (443172K) : metal3_opc has 0 polygons
2026-03-23 16:41:53 +0100: Memory Usage (443172K) : metal3_noqrc has 0 polygons
2026-03-23 16:41:53 +0100: Memory Usage (443432K) : metal3_res has 0 polygons
2026-03-23 16:41:53 +0100: Memory Usage (443432K) : metal3_iprobe has 0 polygons
2026-03-23 16:41:53 +0100: Memory Usage (443432K) : metal3_diffprb has 0 polygons
2026-03-23 16:41:53 +0100: Memory Usage (443432K) : nwell_drw has 896 polygons
2026-03-23 16:41:53 +0100: Memory Usage (443432K) : nwell_pin has 0 polygons
2026-03-23 16:41:53 +0100: Memory Usage (443696K) : nbulay_drw has 0 polygons
2026-03-23 16:41:53 +0100: Memory Usage (443696K) : nbulay_pin has 0 polygons
2026-03-23 16:41:53 +0100: Memory Usage (443696K) : nbulay_block has 0 polygons
2026-03-23 16:41:53 +0100: Memory Usage (443696K) : emwind_drw has 0 polygons
2026-03-23 16:41:53 +0100: Memory Usage (443904K) : emwind_opc has 0 polygons
2026-03-23 16:41:53 +0100: Memory Usage (443904K) : deepco_drw has 0 polygons
2026-03-23 16:41:53 +0100: Memory Usage (444124K) : deepco_drw has 0 polygons
2026-03-23 16:41:53 +0100: Memory Usage (444124K) : mim_drw has 2 polygons
2026-03-23 16:41:53 +0100: Memory Usage (444124K) : edgeseal_drw has 0 polygons
2026-03-23 16:41:53 +0100: Memory Usage (444124K) : edgeseal_bound has 0 polygons
2026-03-23 16:41:53 +0100: Memory Usage (444384K) : substrate_drw has 630 polygons
2026-03-23 16:41:53 +0100: Memory Usage (444384K) : substrate_text has 0 polygons
2026-03-23 16:41:53 +0100: Memory Usage (444384K) : dfpad_drw has 0 polygons
2026-03-23 16:41:53 +0100: Memory Usage (444384K) : dfpad_pillar has 0 polygons
2026-03-23 16:41:53 +0100: Memory Usage (444384K) : dfpad_sbump has 0 polygons
2026-03-23 16:41:53 +0100: Memory Usage (444648K) : thickgateox_drw has 0 polygons
2026-03-23 16:41:53 +0100: Memory Usage (444648K) : pldb_drw has 0 polygons
2026-03-23 16:41:53 +0100: Memory Usage (444648K) : pwell_drw has 0 polygons
2026-03-23 16:41:53 +0100: Memory Usage (444648K) : pwell_pin has 0 polygons
2026-03-23 16:41:53 +0100: Memory Usage (444648K) : pwell_block has 0 polygons
2026-03-23 16:41:53 +0100: Memory Usage (444648K) : ic_drw has 0 polygons
2026-03-23 16:41:53 +0100: Memory Usage (444648K) : via3_drw has 1685 polygons
2026-03-23 16:41:53 +0100: Memory Usage (444648K) : metal4_drw has 70 polygons
2026-03-23 16:41:53 +0100: Memory Usage (444648K) : metal4_pin has 1 polygons
2026-03-23 16:41:53 +0100: Memory Usage (444648K) : metal4_mask has 0 polygons
2026-03-23 16:41:53 +0100: Memory Usage (444648K) : metal4_filler has 0 polygons
2026-03-23 16:41:53 +0100: Memory Usage (444648K) : metal4_nofill has 0 polygons
2026-03-23 16:41:53 +0100: Memory Usage (444648K) : metal4_slit has 0 polygons
2026-03-23 16:41:53 +0100: Memory Usage (444648K) : metal4_text has 1 polygons
2026-03-23 16:41:53 +0100: Memory Usage (444648K) : metal4_opc has 0 polygons
2026-03-23 16:41:53 +0100: Memory Usage (444648K) : metal4_noqrc has 0 polygons
2026-03-23 16:41:53 +0100: Memory Usage (444648K) : metal4_res has 0 polygons
2026-03-23 16:41:53 +0100: Memory Usage (444648K) : metal4_iprobe has 0 polygons
2026-03-23 16:41:53 +0100: Memory Usage (444648K) : metal4_diffprb has 0 polygons
2026-03-23 16:41:53 +0100: Memory Usage (444648K) : heattrans_drw has 918 polygons
2026-03-23 16:41:53 +0100: Memory Usage (444648K) : heatres_drw has 2 polygons
2026-03-23 16:41:53 +0100: Memory Usage (444648K) : pempoly_drw has 0 polygons
2026-03-23 16:41:53 +0100: Memory Usage (444648K) : fbe_drw has 0 polygons
2026-03-23 16:41:53 +0100: Memory Usage (444648K) : empoly_drw has 0 polygons
2026-03-23 16:41:53 +0100: Memory Usage (444648K) : ldmos_drw has 0 polygons
2026-03-23 16:41:53 +0100: Memory Usage (444648K) : pbiwind_drw has 0 polygons
2026-03-23 16:41:53 +0100: Memory Usage (444648K) : digisub_drw has 0 polygons
2026-03-23 16:41:53 +0100: Memory Usage (444648K) : nodrc_drw has 0 polygons
2026-03-23 16:41:53 +0100: Memory Usage (444648K) : text_drw has 872 polygons
2026-03-23 16:41:53 +0100: Memory Usage (444648K) : via4_drw has 1638 polygons
2026-03-23 16:41:53 +0100: Memory Usage (444648K) : metal5_drw has 52 polygons
2026-03-23 16:41:53 +0100: Memory Usage (444648K) : metal5_pin has 0 polygons
2026-03-23 16:41:53 +0100: Memory Usage (444648K) : metal5_mask has 0 polygons
2026-03-23 16:41:53 +0100: Memory Usage (444648K) : metal5_filler has 0 polygons
2026-03-23 16:41:53 +0100: Memory Usage (444648K) : metal5_nofill has 0 polygons
2026-03-23 16:41:53 +0100: Memory Usage (444648K) : metal5_slit has 0 polygons
2026-03-23 16:41:53 +0100: Memory Usage (444648K) : metal5_text has 0 polygons
2026-03-23 16:41:53 +0100: Memory Usage (444648K) : metal5_opc has 0 polygons
2026-03-23 16:41:53 +0100: Memory Usage (444648K) : metal5_noqrc has 0 polygons
2026-03-23 16:41:53 +0100: Memory Usage (444648K) : metal5_res has 0 polygons
2026-03-23 16:41:53 +0100: Memory Usage (444648K) : metal5_iprobe has 0 polygons
2026-03-23 16:41:53 +0100: Memory Usage (444648K) : metal5_diffprb has 0 polygons
2026-03-23 16:41:53 +0100: Memory Usage (444648K) : radhard_drw has 0 polygons
2026-03-23 16:41:53 +0100: Memory Usage (444648K) : memcap_drw has 0 polygons
2026-03-23 16:41:53 +0100: Memory Usage (444648K) : varicap_drw has 0 polygons
2026-03-23 16:41:53 +0100: Memory Usage (444648K) : flash_drw has 0 polygons
2026-03-23 16:41:53 +0100: Memory Usage (444648K) : intbondvia_drw has 0 polygons
2026-03-23 16:41:53 +0100: Memory Usage (444648K) : intbondmet_drw has 0 polygons
2026-03-23 16:41:53 +0100: Memory Usage (444648K) : devbondvia_drw has 0 polygons
2026-03-23 16:41:53 +0100: Memory Usage (444648K) : devbondmet_drw has 0 polygons
2026-03-23 16:41:53 +0100: Memory Usage (444648K) : devtrench_drw has 0 polygons
2026-03-23 16:41:53 +0100: Memory Usage (444648K) : redist_drw has 0 polygons
2026-03-23 16:41:53 +0100: Memory Usage (444648K) : graphbot_drw has 0 polygons
2026-03-23 16:41:53 +0100: Memory Usage (444648K) : graphtop_drw has 0 polygons
2026-03-23 16:41:53 +0100: Memory Usage (444648K) : antvia1_drw has 0 polygons
2026-03-23 16:41:53 +0100: Memory Usage (444648K) : antmetal2_drw has 0 polygons
2026-03-23 16:41:53 +0100: Memory Usage (444648K) : graphcont_drw has 0 polygons
2026-03-23 16:41:53 +0100: Memory Usage (444648K) : siwg_drw has 0 polygons
2026-03-23 16:41:53 +0100: Memory Usage (444648K) : siwg_filler has 0 polygons
2026-03-23 16:41:53 +0100: Memory Usage (444648K) : siwg_nofill has 0 polygons
2026-03-23 16:41:53 +0100: Memory Usage (444648K) : sigrating_drw has 0 polygons
2026-03-23 16:41:53 +0100: Memory Usage (444648K) : singrating_drw has 0 polygons
2026-03-23 16:41:53 +0100: Memory Usage (444648K) : graphpas_drw has 0 polygons
2026-03-23 16:41:53 +0100: Memory Usage (444648K) : emwind3_drw has 0 polygons
2026-03-23 16:41:53 +0100: Memory Usage (444648K) : emwihv3_drw has 0 polygons
2026-03-23 16:41:53 +0100: Memory Usage (444648K) : redbulay_drw has 0 polygons
2026-03-23 16:41:54 +0100: Memory Usage (444648K) : smos_drw has 0 polygons
2026-03-23 16:41:54 +0100: Memory Usage (444648K) : graphpad_drw has 0 polygons
2026-03-23 16:41:54 +0100: Memory Usage (444648K) : polimide_drw has 0 polygons
2026-03-23 16:41:54 +0100: Memory Usage (444648K) : polimide_pin has 0 polygons
2026-03-23 16:41:54 +0100: Memory Usage (444648K) : recog_drw has 0 polygons
2026-03-23 16:41:54 +0100: Memory Usage (444648K) : recog_pin has 0 polygons
2026-03-23 16:41:54 +0100: Memory Usage (444648K) : recog_esd has 0 polygons
2026-03-23 16:41:54 +0100: Memory Usage (444648K) : recog_diode has 0 polygons
2026-03-23 16:41:54 +0100: Memory Usage (444648K) : recog_tsv has 0 polygons
2026-03-23 16:41:54 +0100: Memory Usage (444648K) : recog_iprobe has 0 polygons
2026-03-23 16:41:54 +0100: Memory Usage (444648K) : recog_diffprb has 0 polygons
2026-03-23 16:41:54 +0100: Memory Usage (444648K) : recog_pillar has 0 polygons
2026-03-23 16:41:54 +0100: Memory Usage (444648K) : recog_sbump has 0 polygons
2026-03-23 16:41:54 +0100: Memory Usage (444648K) : recog_otp has 0 polygons
2026-03-23 16:41:54 +0100: Memory Usage (444648K) : recog_pdiode has 0 polygons
2026-03-23 16:41:54 +0100: Memory Usage (444648K) : recog_mom has 0 polygons
2026-03-23 16:41:54 +0100: Memory Usage (444648K) : recog_pcm has 0 polygons
2026-03-23 16:41:54 +0100: Memory Usage (444648K) : colopen_drw has 0 polygons
2026-03-23 16:41:54 +0100: Memory Usage (444648K) : graphmetal1_drw has 0 polygons
2026-03-23 16:41:54 +0100: Memory Usage (444648K) : graphmetal1_filler has 0 polygons
2026-03-23 16:41:54 +0100: Memory Usage (444648K) : graphmetal1_nofill has 0 polygons
2026-03-23 16:41:54 +0100: Memory Usage (444648K) : graphmetal1_slit has 0 polygons
2026-03-23 16:41:54 +0100: Memory Usage (444648K) : graphmetal1_opc has 0 polygons
2026-03-23 16:41:54 +0100: Memory Usage (444648K) : graphmet1l_drw has 0 polygons
2026-03-23 16:41:54 +0100: Memory Usage (444648K) : graphmet1l_filler has 0 polygons
2026-03-23 16:41:54 +0100: Memory Usage (444648K) : graphmet1l_nofill has 0 polygons
2026-03-23 16:41:54 +0100: Memory Usage (444648K) : graphmet1l_slit has 0 polygons
2026-03-23 16:41:54 +0100: Memory Usage (444648K) : graphmet1l_opc has 0 polygons
2026-03-23 16:41:54 +0100: Memory Usage (444648K) : extblock_drw has 6 polygons
2026-03-23 16:41:54 +0100: Memory Usage (444648K) : nldd_drw has 0 polygons
2026-03-23 16:41:54 +0100: Memory Usage (444648K) : pldd_drw has 0 polygons
2026-03-23 16:41:54 +0100: Memory Usage (444648K) : next_drw has 0 polygons
2026-03-23 16:41:54 +0100: Memory Usage (444648K) : pext_drw has 0 polygons
2026-03-23 16:41:54 +0100: Memory Usage (444648K) : nexthv_drw has 0 polygons
2026-03-23 16:41:54 +0100: Memory Usage (444648K) : pexthv_drw has 0 polygons
2026-03-23 16:41:54 +0100: Memory Usage (444648K) : graphgate_drw has 0 polygons
2026-03-23 16:41:54 +0100: Memory Usage (444648K) : sinwg_drw has 0 polygons
2026-03-23 16:41:54 +0100: Memory Usage (444648K) : sinwg_filler has 0 polygons
2026-03-23 16:41:54 +0100: Memory Usage (444648K) : sinwg_nofill has 0 polygons
2026-03-23 16:41:54 +0100: Memory Usage (444648K) : mempad_drw has 0 polygons
2026-03-23 16:41:54 +0100: Memory Usage (444648K) : topvia1_drw has 42 polygons
2026-03-23 16:41:54 +0100: Memory Usage (444648K) : topmetal1_drw has 50 polygons
2026-03-23 16:41:54 +0100: Memory Usage (444648K) : topmetal1_pin has 2 polygons
2026-03-23 16:41:54 +0100: Memory Usage (444648K) : topmetal1_mask has 0 polygons
2026-03-23 16:41:54 +0100: Memory Usage (444648K) : topmetal1_filler has 0 polygons
2026-03-23 16:41:54 +0100: Memory Usage (444648K) : topmetal1_nofill has 0 polygons
2026-03-23 16:41:54 +0100: Memory Usage (444648K) : topmetal1_slit has 0 polygons
2026-03-23 16:41:54 +0100: Memory Usage (444648K) : topmetal1_text has 2 polygons
2026-03-23 16:41:54 +0100: Memory Usage (444648K) : topmetal1_noqrc has 0 polygons
2026-03-23 16:41:54 +0100: Memory Usage (444648K) : topmetal1_res has 0 polygons
2026-03-23 16:41:54 +0100: Memory Usage (444648K) : topmetal1_iprobe has 0 polygons
2026-03-23 16:41:54 +0100: Memory Usage (444648K) : topmetal1_diffprb has 0 polygons
2026-03-23 16:41:54 +0100: Memory Usage (444648K) : inldpwl_drw has 0 polygons
2026-03-23 16:41:54 +0100: Memory Usage (444648K) : polyres_drw has 2 polygons
2026-03-23 16:41:54 +0100: Memory Usage (444648K) : polyres_pin has 0 polygons
2026-03-23 16:41:54 +0100: Memory Usage (444648K) : vmim_drw has 578 polygons
2026-03-23 16:41:54 +0100: Memory Usage (444648K) : nbulaycut_drw has 0 polygons
2026-03-23 16:41:54 +0100: Memory Usage (444648K) : antmetal1_drw has 0 polygons
2026-03-23 16:41:54 +0100: Memory Usage (444648K) : topvia2_drw has 0 polygons
2026-03-23 16:41:54 +0100: Memory Usage (444648K) : topmetal2_drw has 0 polygons
2026-03-23 16:41:54 +0100: Memory Usage (444648K) : topmetal2_pin has 0 polygons
2026-03-23 16:41:54 +0100: Memory Usage (444648K) : topmetal2_mask has 0 polygons
2026-03-23 16:41:54 +0100: Memory Usage (444648K) : topmetal2_filler has 0 polygons
2026-03-23 16:41:54 +0100: Memory Usage (444648K) : topmetal2_nofill has 0 polygons
2026-03-23 16:41:54 +0100: Memory Usage (444648K) : topmetal2_slit has 0 polygons
2026-03-23 16:41:54 +0100: Memory Usage (444648K) : topmetal2_text has 0 polygons
2026-03-23 16:41:54 +0100: Memory Usage (444648K) : topmetal2_noqrc has 0 polygons
2026-03-23 16:41:54 +0100: Memory Usage (444912K) : topmetal2_res has 0 polygons
2026-03-23 16:41:54 +0100: Memory Usage (444912K) : topmetal2_iprobe has 0 polygons
2026-03-23 16:41:54 +0100: Memory Usage (444912K) : topmetal2_diffprb has 0 polygons
2026-03-23 16:41:54 +0100: Memory Usage (444912K) : snsring_drw has 0 polygons
2026-03-23 16:41:54 +0100: Memory Usage (444912K) : sensor_drw has 0 polygons
2026-03-23 16:41:54 +0100: Memory Usage (444912K) : snsarms_drw has 0 polygons
2026-03-23 16:41:54 +0100: Memory Usage (444912K) : snscmosvia_drw has 0 polygons
2026-03-23 16:41:54 +0100: Memory Usage (445176K) : colwind_drw has 0 polygons
2026-03-23 16:41:54 +0100: Memory Usage (445176K) : flm_drw has 0 polygons
2026-03-23 16:41:54 +0100: Memory Usage (445176K) : hafniumox_drw has 0 polygons
2026-03-23 16:41:54 +0100: Memory Usage (445176K) : memvia_drw has 0 polygons
2026-03-23 16:41:54 +0100: Memory Usage (445176K) : thinfilmres_drw has 0 polygons
2026-03-23 16:41:54 +0100: Memory Usage (445176K) : rfmem_drw has 0 polygons
2026-03-23 16:41:54 +0100: Memory Usage (445176K) : norcx_drw has 0 polygons
2026-03-23 16:41:54 +0100: Memory Usage (445440K) : norcx_m2m3 has 0 polygons
2026-03-23 16:41:54 +0100: Memory Usage (445440K) : norcx_m2m4 has 0 polygons
2026-03-23 16:41:54 +0100: Memory Usage (445440K) : norcx_m2m5 has 0 polygons
2026-03-23 16:41:54 +0100: Memory Usage (445440K) : norcx_m2tm1 has 0 polygons
2026-03-23 16:41:54 +0100: Memory Usage (445440K) : norcx_m2tm2 has 0 polygons
2026-03-23 16:41:54 +0100: Memory Usage (445704K) : norcx_m3m4 has 0 polygons
2026-03-23 16:41:54 +0100: Memory Usage (445704K) : norcx_m3m5 has 0 polygons
2026-03-23 16:41:54 +0100: Memory Usage (445704K) : norcx_m3tm1 has 0 polygons
2026-03-23 16:41:54 +0100: Memory Usage (445704K) : norcx_m3tm2 has 0 polygons
2026-03-23 16:41:54 +0100: Memory Usage (445704K) : norcx_m4m5 has 0 polygons
2026-03-23 16:41:54 +0100: Memory Usage (445968K) : norcx_m4tm1 has 0 polygons
2026-03-23 16:41:54 +0100: Memory Usage (445968K) : norcx_m4tm2 has 0 polygons
2026-03-23 16:41:54 +0100: Memory Usage (445968K) : norcx_m5tm1 has 0 polygons
2026-03-23 16:41:54 +0100: Memory Usage (445968K) : norcx_m5tm2 has 0 polygons
2026-03-23 16:41:54 +0100: Memory Usage (445968K) : norcx_tm1tm2 has 0 polygons
2026-03-23 16:41:54 +0100: Memory Usage (446232K) : norcx_m1sub has 0 polygons
2026-03-23 16:41:54 +0100: Memory Usage (446232K) : norcx_m2sub has 0 polygons
2026-03-23 16:41:54 +0100: Memory Usage (446232K) : norcx_m3sub has 0 polygons
2026-03-23 16:41:54 +0100: Memory Usage (446232K) : norcx_m4sub has 0 polygons
2026-03-23 16:41:54 +0100: Memory Usage (446232K) : norcx_m5sub has 0 polygons
2026-03-23 16:41:54 +0100: Memory Usage (446496K) : norcx_tm1sub has 0 polygons
2026-03-23 16:41:54 +0100: Memory Usage (446496K) : norcx_tm2sub has 0 polygons
2026-03-23 16:41:54 +0100: Memory Usage (446496K) : snsbotvia_drw has 0 polygons
2026-03-23 16:41:54 +0100: Memory Usage (446496K) : snstopvia_drw has 0 polygons
2026-03-23 16:41:54 +0100: Memory Usage (446496K) : deepvia_drw has 0 polygons
2026-03-23 16:41:54 +0100: Memory Usage (446496K) : fgetch_drw has 0 polygons
2026-03-23 16:41:54 +0100: Memory Usage (446760K) : ctrgat_drw has 0 polygons
2026-03-23 16:41:54 +0100: Memory Usage (446760K) : fgimp_drw has 0 polygons
2026-03-23 16:41:54 +0100: Memory Usage (446760K) : emwihv_drw has 0 polygons
2026-03-23 16:41:54 +0100: Memory Usage (446760K) : lbe_drw has 0 polygons
2026-03-23 16:41:54 +0100: Memory Usage (446760K) : alcustop_drw has 0 polygons
2026-03-23 16:41:54 +0100: Memory Usage (447024K) : nometfiller_drw has 0 polygons
2026-03-23 16:41:54 +0100: Memory Usage (447024K) : prboundary_drw has 0 polygons
2026-03-23 16:41:54 +0100: Memory Usage (447024K) : exchange0_drw has 0 polygons
2026-03-23 16:41:54 +0100: Memory Usage (447024K) : exchange0_pin has 0 polygons
2026-03-23 16:41:54 +0100: Memory Usage (447024K) : exchange0_text has 0 polygons
2026-03-23 16:41:54 +0100: Memory Usage (447288K) : exchange1_drw has 0 polygons
2026-03-23 16:41:54 +0100: Memory Usage (447288K) : exchange1_pin has 0 polygons
2026-03-23 16:41:54 +0100: Memory Usage (447288K) : exchange1_text has 0 polygons
2026-03-23 16:41:54 +0100: Memory Usage (447288K) : exchange2_drw has 0 polygons
2026-03-23 16:41:54 +0100: Memory Usage (447288K) : exchange2_pin has 0 polygons
2026-03-23 16:41:54 +0100: Memory Usage (447552K) : exchange2_text has 0 polygons
2026-03-23 16:41:54 +0100: Memory Usage (447552K) : exchange3_drw has 0 polygons
2026-03-23 16:41:54 +0100: Memory Usage (447552K) : exchange3_pin has 0 polygons
2026-03-23 16:41:54 +0100: Memory Usage (447552K) : exchange3_text has 0 polygons
2026-03-23 16:41:54 +0100: Memory Usage (447552K) : exchange4_drw has 0 polygons
2026-03-23 16:41:54 +0100: Memory Usage (447816K) : exchange4_pin has 0 polygons
2026-03-23 16:41:54 +0100: Memory Usage (447816K) : exchange4_text has 0 polygons
2026-03-23 16:41:54 +0100: Memory Usage (447816K) : isonwell_drw has 0 polygons
2026-03-23 16:41:54 +0100: Memory Usage (447816K) : Total no. of polygons in the design is 40808
2026-03-23 16:41:54 +0100: Memory Usage (447816K) : Loaded TECH DRC rules values from /foss/pdks/ihp-sg13g2/libs.tech/klayout/python/sg13g2_pycell_lib/sg13g2_tech_mod.json
2026-03-23 16:41:54 +0100: Memory Usage (447816K) : Loaded default DRC rules values from /foss/pdks/ihp-sg13g2/libs.tech/klayout/tech/drc/rule_decks/sg13g2_tech_default.json
2026-03-23 16:41:54 +0100: Memory Usage (447816K) : The following rules values were missing in tech json and default values were used:
2026-03-23 16:41:54 +0100: Memory Usage (447816K) :   - Cnt_c_digibnd
2026-03-23 16:41:54 +0100: Memory Usage (448080K) : Total area of the design is 7428.8279999999995 um^2.
2026-03-23 16:41:54 +0100: Memory Usage (448080K) : The design dimensions are 110.22 µm * 67.4 µm.
2026-03-23 16:41:54 +0100: Memory Usage (448080K) : Starting general IHP-SG13G2 derivations.
2026-03-23 16:41:54 +0100: Memory Usage (448080K) : Starting Pwell derivations
2026-03-23 16:41:54 +0100: Memory Usage (452176K) : Starting n-Activ derivations
2026-03-23 16:41:54 +0100: Memory Usage (452748K) : Starting p-Activ derivations
2026-03-23 16:41:54 +0100: Memory Usage (452752K) : Starting ptap derivations
2026-03-23 16:41:54 +0100: Memory Usage (452908K) : Starting ntap derivations
2026-03-23 16:41:54 +0100: Memory Usage (452908K) : Starting pact FET derivations
2026-03-23 16:41:54 +0100: Memory Usage (452908K) : Starting nact FET derivations
2026-03-23 16:41:54 +0100: Memory Usage (452908K) : Starting Gate derivations
2026-03-23 16:41:54 +0100: Memory Usage (452908K) : Starting cont/contbar general derivations
2026-03-23 16:41:54 +0100: Memory Usage (452908K) : Starting pad general derivations
2026-03-23 16:41:54 +0100: Memory Usage (452908K) : Starting IHP-SG13G2 DRC connectivity related derivations.
2026-03-23 16:41:54 +0100: Memory Usage (452908K) : Starting IHP-SG13G2 DRC connectivity setup
2026-03-23 16:41:54 +0100: Memory Usage (452908K) : Starting IHP-SG13G2 DRC rules.
2026-03-23 16:41:54 +0100: Memory Usage (452908K) : Running all FEOL rules
2026-03-23 16:41:54 +0100: Memory Usage (452908K) : Running all BEOL rules
2026-03-23 16:41:54 +0100: Memory Usage (452908K) : Running all PIN rules
2026-03-23 16:41:54 +0100: Memory Usage (452908K) : Running all FORBIDDEN rules
2026-03-23 16:41:54 +0100: Memory Usage (452908K) : Starting 5.1 NWell table
2026-03-23 16:41:54 +0100: Memory Usage (452908K) : Executing rule NW.b
2026-03-23 16:41:54 +0100: Memory Usage (453248K) : Executing rule NW.b1
2026-03-23 16:41:54 +0100: Memory Usage (453248K) : Starting 5.2 PWell:block
2026-03-23 16:41:54 +0100: Memory Usage (453248K) : Executing rule PWB.e
2026-03-23 16:41:54 +0100: Memory Usage (453248K) : Executing rule PWB.e1
2026-03-23 16:41:54 +0100: Memory Usage (453248K) : Executing rule PWB.f
2026-03-23 16:41:54 +0100: Memory Usage (453248K) : Executing rule PWB.f1
2026-03-23 16:41:54 +0100: Memory Usage (453248K) : Starting 5.3 nBuLay table
2026-03-23 16:41:54 +0100: Memory Usage (453468K) : Executing rule NBL.b
2026-03-23 16:41:54 +0100: Memory Usage (453468K) : Executing rule NBL.c
2026-03-23 16:41:54 +0100: Memory Usage (453468K) : Executing rule NBL.d
2026-03-23 16:41:54 +0100: Memory Usage (453468K) : Executing rule NBL.e
2026-03-23 16:41:54 +0100: Memory Usage (453468K) : Executing rule NBL.f
2026-03-23 16:41:54 +0100: Memory Usage (453468K) : Starting 5.5. Activ table
2026-03-23 16:41:54 +0100: Memory Usage (453468K) : Executing rule Act.a
2026-03-23 16:41:54 +0100: Memory Usage (453468K) : Executing rule Act.b
2026-03-23 16:41:54 +0100: Memory Usage (453524K) : Starting 5.6 Activ:filler table
2026-03-23 16:41:54 +0100: Memory Usage (453524K) : Executing rule AFil.c1
2026-03-23 16:41:54 +0100: Memory Usage (453524K) : Executing rule AFil.c
2026-03-23 16:41:54 +0100: Memory Usage (453524K) : Executing rule AFil.d
2026-03-23 16:41:54 +0100: Memory Usage (453524K) : Executing rule AFil.e
2026-03-23 16:41:54 +0100: Memory Usage (453524K) : Executing rule AFil.j
2026-03-23 16:41:54 +0100: Memory Usage (453524K) : Starting 5.7. ThickGateOx table
2026-03-23 16:41:54 +0100: Memory Usage (453524K) : Executing rule TGO.f
2026-03-23 16:41:54 +0100: Memory Usage (453524K) : Starting 5.8. GatPoly table
2026-03-23 16:41:54 +0100: Memory Usage (453524K) : Executing rule Gat.a
2026-03-23 16:41:54 +0100: Memory Usage (453524K) : Executing rule Gat.b
2026-03-23 16:41:54 +0100: Memory Usage (453524K) : Executing rule Gat.d
2026-03-23 16:41:54 +0100: Memory Usage (453524K) : Executing rule Gat.a1
2026-03-23 16:41:54 +0100: Memory Usage (453580K) : Executing rule Gat.a2
2026-03-23 16:41:54 +0100: Memory Usage (453580K) : Executing rule Gat.g
2026-03-23 16:41:54 +0100: Memory Usage (456684K) : Starting 5.9 GatPoly:filler
2026-03-23 16:41:54 +0100: Memory Usage (456948K) : Executing rule GFil.d
2026-03-23 16:41:54 +0100: Memory Usage (457212K) : Executing rule GFil.e
2026-03-23 16:41:54 +0100: Memory Usage (457212K) : Executing rule GFil.i
2026-03-23 16:41:54 +0100: Memory Usage (457476K) : Starting 5.10 pSD table
2026-03-23 16:41:54 +0100: Memory Usage (457476K) : Executing rule pSD.c1
2026-03-23 16:41:54 +0100: Memory Usage (457740K) : Starting 5.14. Cont table
2026-03-23 16:41:54 +0100: Memory Usage (457740K) : Executing rule Cnt.a
2026-03-23 16:41:54 +0100: Memory Usage (460908K) : Executing rule Cnt.b
2026-03-23 16:41:54 +0100: Memory Usage (460968K) : Executing rule Cnt.c
2026-03-23 16:41:54 +0100: Memory Usage (460968K) : Executing rule Cnt.c
2026-03-23 16:41:54 +0100: Memory Usage (460968K) : Executing rule Cnt.d
2026-03-23 16:41:54 +0100: Memory Usage (460968K) : Executing rule Cnt.e
2026-03-23 16:41:55 +0100: Memory Usage (460968K) : Executing rule Cnt.g1
2026-03-23 16:41:55 +0100: Memory Usage (460968K) : Executing rule Cnt.g2
2026-03-23 16:41:55 +0100: Memory Usage (460968K) : Starting 5.15. ContBar table
2026-03-23 16:41:55 +0100: Memory Usage (460968K) : Executing rule CntB.b1
2026-03-23 16:41:55 +0100: Memory Usage (460968K) : Executing rule CntB.h1
2026-03-23 16:41:55 +0100: Memory Usage (460968K) : Starting 6.1.3 NPN Substrate-Tie table
2026-03-23 16:41:55 +0100: Memory Usage (460968K) : Executing rule npn13G2.bR 
2026-03-23 16:41:55 +0100: Memory Usage (460968K) : Executing rule npn13G2L.cR 
2026-03-23 16:41:55 +0100: Memory Usage (460968K) : Executing rule npn13G2V.cR 
2026-03-23 16:41:55 +0100: Memory Usage (460968K) : Starting 6.7 Schottky diode table
2026-03-23 16:41:55 +0100: Memory Usage (460968K) : Executing rule Sdiod.d
2026-03-23 16:41:55 +0100: Memory Usage (460968K) : Executing rule Sdiod.e
2026-03-23 16:41:55 +0100: Memory Usage (460968K) : Starting 7.2 Latch-up table
2026-03-23 16:41:55 +0100: Memory Usage (460968K) : Executing rule LU.b
2026-03-23 16:41:55 +0100: Memory Usage (460968K) : Starting 5.16. Metal1 table
2026-03-23 16:41:55 +0100: Memory Usage (460968K) : Executing rule M1.a
2026-03-23 16:41:55 +0100: Memory Usage (460968K) : Executing rule M1.b
2026-03-23 16:41:55 +0100: Memory Usage (461528K) : Executing rule M1.e
2026-03-23 16:41:55 +0100: Memory Usage (461528K) : Executing rule M1.f
2026-03-23 16:41:55 +0100: Memory Usage (461528K) : Executing rule M1.g
2026-03-23 16:41:55 +0100: Memory Usage (461528K) : Executing rule M1.i
2026-03-23 16:41:55 +0100: Memory Usage (461528K) : Starting 5.17 Metaln table
2026-03-23 16:41:55 +0100: Memory Usage (461528K) : Executing rule M2.a
2026-03-23 16:41:55 +0100: Memory Usage (461528K) : Executing rule M2.b
2026-03-23 16:41:55 +0100: Memory Usage (461528K) : Executing rule M2.e
2026-03-23 16:41:55 +0100: Memory Usage (461528K) : Executing rule M2.f
2026-03-23 16:41:55 +0100: Memory Usage (461528K) : Executing rule M2.g
2026-03-23 16:41:55 +0100: Memory Usage (461528K) : Executing rule M2.i
2026-03-23 16:41:55 +0100: Memory Usage (461528K) : Executing rule M3.a
2026-03-23 16:41:55 +0100: Memory Usage (461528K) : Executing rule M3.b
2026-03-23 16:41:55 +0100: Memory Usage (461528K) : Executing rule M3.e
2026-03-23 16:41:55 +0100: Memory Usage (461528K) : Executing rule M3.f
2026-03-23 16:41:55 +0100: Memory Usage (461528K) : Executing rule M3.g
2026-03-23 16:41:55 +0100: Memory Usage (461528K) : Executing rule M3.i
2026-03-23 16:41:55 +0100: Memory Usage (461528K) : Executing rule M4.a
2026-03-23 16:41:55 +0100: Memory Usage (461528K) : Executing rule M4.b
2026-03-23 16:41:55 +0100: Memory Usage (461528K) : Executing rule M4.e
2026-03-23 16:41:55 +0100: Memory Usage (461528K) : Executing rule M4.f
2026-03-23 16:41:55 +0100: Memory Usage (461528K) : Executing rule M4.g
2026-03-23 16:41:55 +0100: Memory Usage (461528K) : Executing rule M4.i
2026-03-23 16:41:55 +0100: Memory Usage (461528K) : Executing rule M5.a
2026-03-23 16:41:55 +0100: Memory Usage (461528K) : Executing rule M5.b
2026-03-23 16:41:55 +0100: Memory Usage (461528K) : Executing rule M5.e
2026-03-23 16:41:55 +0100: Memory Usage (461528K) : Executing rule M5.f
2026-03-23 16:41:55 +0100: Memory Usage (461528K) : Executing rule M5.g
2026-03-23 16:41:55 +0100: Memory Usage (461528K) : Executing rule M5.i
2026-03-23 16:41:55 +0100: Memory Usage (461528K) : Starting 5.18 Metaln:filler table
2026-03-23 16:41:55 +0100: Memory Usage (461528K) : Executing rule M1Fil.c
2026-03-23 16:41:55 +0100: Memory Usage (461528K) : Executing rule M1Fil.a2
2026-03-23 16:41:55 +0100: Memory Usage (461528K) : Executing rule M2Fil.c
2026-03-23 16:41:55 +0100: Memory Usage (461528K) : Executing rule M2Fil.a2
2026-03-23 16:41:55 +0100: Memory Usage (461528K) : Executing rule M3Fil.c
2026-03-23 16:41:55 +0100: Memory Usage (461528K) : Executing rule M3Fil.a2
2026-03-23 16:41:55 +0100: Memory Usage (461528K) : Executing rule M4Fil.c
2026-03-23 16:41:55 +0100: Memory Usage (461528K) : Executing rule M4Fil.a2
2026-03-23 16:41:55 +0100: Memory Usage (461528K) : Executing rule M5Fil.c
2026-03-23 16:41:55 +0100: Memory Usage (461528K) : Executing rule M5Fil.a2
2026-03-23 16:41:55 +0100: Memory Usage (461528K) : Starting 5.19. Via1 table
2026-03-23 16:41:55 +0100: Memory Usage (461528K) : Starting 5.19. Via1 table derivations
2026-03-23 16:41:55 +0100: Memory Usage (461528K) : Executing rule V1.a
2026-03-23 16:41:55 +0100: Memory Usage (462056K) : Executing rule V1.b
2026-03-23 16:41:55 +0100: Memory Usage (462056K) : Executing rule V1.c
2026-03-23 16:41:55 +0100: Memory Usage (462056K) : Starting 5.20. Vian table
2026-03-23 16:41:55 +0100: Memory Usage (462056K) : Executing rule V2.a
2026-03-23 16:41:55 +0100: Memory Usage (462056K) : Executing rule V2.b
2026-03-23 16:41:55 +0100: Memory Usage (462056K) : Executing rule V2.c
2026-03-23 16:41:55 +0100: Memory Usage (462056K) : Executing rule V3.a
2026-03-23 16:41:55 +0100: Memory Usage (462320K) : Executing rule V3.b
2026-03-23 16:41:55 +0100: Memory Usage (462320K) : Executing rule V3.c
2026-03-23 16:41:55 +0100: Memory Usage (462584K) : Executing rule V4.a
2026-03-23 16:41:55 +0100: Memory Usage (462848K) : Executing rule V4.b
2026-03-23 16:41:55 +0100: Memory Usage (462848K) : Executing rule V4.c
2026-03-23 16:41:55 +0100: Memory Usage (463112K) : Starting 5.21. TopVia1 table
2026-03-23 16:41:55 +0100: Memory Usage (463112K) : Executing rule TV1.a
2026-03-23 16:41:55 +0100: Memory Usage (463376K) : Executing rule TV1.b
2026-03-23 16:41:55 +0100: Memory Usage (463376K) : Executing rule TV1.c
2026-03-23 16:41:55 +0100: Memory Usage (463640K) : Executing rule TV1.d
2026-03-23 16:41:55 +0100: Memory Usage (463640K) : Starting 5.22. TopMetal1 table
2026-03-23 16:41:55 +0100: Memory Usage (463640K) : Executing rule TM1.a
2026-03-23 16:41:55 +0100: Memory Usage (463904K) : Executing rule TM1.b
2026-03-23 16:41:55 +0100: Memory Usage (463904K) : Starting 5.23 TopMetal1:filler table
2026-03-23 16:41:55 +0100: Memory Usage (463904K) : Executing rule TM1Fil.c
2026-03-23 16:41:55 +0100: Memory Usage (463904K) : Executing rule TM1Fil.a1
2026-03-23 16:41:55 +0100: Memory Usage (463904K) : Starting 5.24. TopVia2 table
2026-03-23 16:41:55 +0100: Memory Usage (463904K) : Executing rule TV2.a
2026-03-23 16:41:55 +0100: Memory Usage (463904K) : Executing rule TV2.b
2026-03-23 16:41:55 +0100: Memory Usage (463904K) : Executing rule TV2.c
2026-03-23 16:41:55 +0100: Memory Usage (463904K) : Executing rule TV2.d
2026-03-23 16:41:55 +0100: Memory Usage (463904K) : Starting 5.25. TopMetal2 table
2026-03-23 16:41:55 +0100: Memory Usage (463904K) : Executing rule TM2.a
2026-03-23 16:41:55 +0100: Memory Usage (463904K) : Executing rule TM2.b
2026-03-23 16:41:55 +0100: Memory Usage (463904K) : Executing rule TM2.bR
2026-03-23 16:41:55 +0100: Memory Usage (463904K) : Starting 5.26 TopMetal2:filler table
2026-03-23 16:41:55 +0100: Memory Usage (463904K) : Executing rule TM2Fil.c
2026-03-23 16:41:55 +0100: Memory Usage (463904K) : Executing rule TM2Fil.a1
2026-03-23 16:41:55 +0100: Memory Usage (463904K) : Starting 5.27. Passiv table
2026-03-23 16:41:55 +0100: Memory Usage (463904K) : Executing rule Pas.a
2026-03-23 16:41:55 +0100: Memory Usage (463904K) : Executing rule Pas.b
2026-03-23 16:41:55 +0100: Memory Usage (463904K) : Executing rule Pas.c
2026-03-23 16:41:55 +0100: Memory Usage (463904K) : Starting 6.9.2 Copper Pillar table
2026-03-23 16:41:55 +0100: Memory Usage (463904K) : Executing rule Padc.a
2026-03-23 16:41:55 +0100: Memory Usage (463904K) : Executing rule Padc.b
2026-03-23 16:41:55 +0100: Memory Usage (463904K) : Executing rule Padc.c
2026-03-23 16:41:55 +0100: Memory Usage (463904K) : Executing rule Padb.f
2026-03-23 16:41:55 +0100: Memory Usage (463904K) : Starting 6.9 Pad table
2026-03-23 16:41:55 +0100: Memory Usage (463904K) : Executing rule Pad.m
2026-03-23 16:41:55 +0100: Memory Usage (463904K) : Executing rule Pad.fR_M1
2026-03-23 16:41:55 +0100: Memory Usage (463904K) : Executing rule Pad.fR_M2
2026-03-23 16:41:56 +0100: Memory Usage (463904K) : Executing rule Pad.fR_M3
2026-03-23 16:41:56 +0100: Memory Usage (463904K) : Executing rule Pad.fR_M4
2026-03-23 16:41:56 +0100: Memory Usage (463904K) : Executing rule Pad.fR_M5
2026-03-23 16:41:56 +0100: Memory Usage (463904K) : Executing rule Pad.fR_TM1
2026-03-23 16:41:56 +0100: Memory Usage (463904K) : Executing rule Pad.fR_TM2
2026-03-23 16:41:56 +0100: Memory Usage (463904K) : Executing rule Pad.i
2026-03-23 16:41:56 +0100: Memory Usage (463904K) : Starting 6.9.1 Solder Bump
2026-03-23 16:41:56 +0100: Memory Usage (463904K) : Executing rule Padb.a
2026-03-23 16:41:56 +0100: Memory Usage (463904K) : Executing rule Padb.b
2026-03-23 16:41:56 +0100: Memory Usage (463904K) : Executing rule Padb.c
2026-03-23 16:41:56 +0100: Memory Usage (463904K) : Executing rule Padb.f
2026-03-23 16:41:56 +0100: Memory Usage (463904K) : Executing rule Padb.d
2026-03-23 16:41:56 +0100: Memory Usage (463904K) : Starting 6.10 Sealring table
2026-03-23 16:41:56 +0100: Memory Usage (463904K) : Executing rule Seal.l
2026-03-23 16:41:56 +0100: Memory Usage (463904K) : Executing rule Seal.n
2026-03-23 16:41:56 +0100: Memory Usage (463904K) : Executing rule seal.b_metal1
2026-03-23 16:41:56 +0100: Memory Usage (463904K) : Executing rule seal.b_metal2
2026-03-23 16:41:56 +0100: Memory Usage (463904K) : Executing rule seal.b_metal3
2026-03-23 16:41:56 +0100: Memory Usage (463904K) : Executing rule seal.b_metal4
2026-03-23 16:41:56 +0100: Memory Usage (463904K) : Executing rule seal.b_metal5
2026-03-23 16:41:56 +0100: Memory Usage (463904K) : Executing rule seal.b_topmetal1
2026-03-23 16:41:56 +0100: Memory Usage (463904K) : Executing rule seal.b_topmetal2
2026-03-23 16:41:56 +0100: Memory Usage (463904K) : Executing rule seal.b_activ
2026-03-23 16:41:56 +0100: Memory Usage (463904K) : Executing rule seal.b_psd
2026-03-23 16:41:56 +0100: Memory Usage (463904K) : Executing rule Seal.k
2026-03-23 16:41:56 +0100: Memory Usage (463904K) : Executing rule Seal.m
2026-03-23 16:41:56 +0100: Memory Usage (463904K) : Starting 6.11 MIM table
2026-03-23 16:41:56 +0100: Memory Usage (463904K) : Executing rule MIM.c
2026-03-23 16:41:56 +0100: Memory Usage (463904K) : Executing rule MIM.d
2026-03-23 16:41:56 +0100: Memory Usage (463904K) : Executing rule MIM.gR
2026-03-23 16:41:56 +0100: Memory Usage (463904K) : Starting 7.3 Metal Slits table
2026-03-23 16:41:56 +0100: Memory Usage (463904K) : Executing rule Slt.e1_M1
2026-03-23 16:41:56 +0100: Memory Usage (463904K) : Executing rule Slt.e1_M2
2026-03-23 16:41:56 +0100: Memory Usage (463904K) : Executing rule Slt.e1_M3
2026-03-23 16:41:56 +0100: Memory Usage (463904K) : Executing rule Slt.e1_M4
2026-03-23 16:41:56 +0100: Memory Usage (463904K) : Executing rule Slt.e1_M5
2026-03-23 16:41:56 +0100: Memory Usage (464168K) : Executing rule Slt.e1_TM1
2026-03-23 16:41:56 +0100: Memory Usage (464168K) : Executing rule Slt.e1_TM2
2026-03-23 16:41:56 +0100: Memory Usage (464432K) : Starting 9.1. LBE table
2026-03-23 16:41:56 +0100: Memory Usage (464432K) : Executing rule LBE.a
2026-03-23 16:41:56 +0100: Memory Usage (464696K) : Executing rule LBE.b
2026-03-23 16:41:56 +0100: Memory Usage (464696K) : Executing rule LBE.b1
2026-03-23 16:41:56 +0100: Memory Usage (464960K) : Executing rule LBE.c
2026-03-23 16:41:56 +0100: Memory Usage (464960K) : Executing rule LBE.d
2026-03-23 16:41:56 +0100: Memory Usage (464960K) : Executing rule LBE.h
2026-03-23 16:41:56 +0100: Memory Usage (465224K) : Starting 7.4. PIN table
2026-03-23 16:41:56 +0100: Memory Usage (465224K) : Executing rule Pin.a
2026-03-23 16:41:56 +0100: Memory Usage (465488K) : Executing rule Pin.b
2026-03-23 16:41:56 +0100: Memory Usage (465488K) : Executing rule Pin.e
2026-03-23 16:41:56 +0100: Memory Usage (465752K) : Executing rule Pin.f_M2
2026-03-23 16:41:56 +0100: Memory Usage (465752K) : Executing rule Pin.f_M3
2026-03-23 16:41:56 +0100: Memory Usage (466016K) : Executing rule Pin.f_M4
2026-03-23 16:41:56 +0100: Memory Usage (466280K) : Executing rule Pin.f_M5
2026-03-23 16:41:56 +0100: Memory Usage (466280K) : Executing rule Pin.g
2026-03-23 16:41:56 +0100: Memory Usage (466544K) : Executing rule Pin.h
2026-03-23 16:41:56 +0100: Memory Usage (466808K) : Starting 3.2. FORBIDDEN table
2026-03-23 16:41:56 +0100: Memory Usage (466808K) : Executing rule forbidden.biwind
2026-03-23 16:41:56 +0100: Memory Usage (466808K) : Executing rule forbidden.pemwind
2026-03-23 16:41:56 +0100: Memory Usage (466808K) : Executing rule forbidden.baspoly
2026-03-23 16:41:56 +0100: Memory Usage (467100K) : Executing rule forbidden.deepco
2026-03-23 16:41:56 +0100: Memory Usage (467100K) : Executing rule forbidden.pempoly
2026-03-23 16:41:56 +0100: Memory Usage (467100K) : Executing rule forbidden.empoly
2026-03-23 16:41:56 +0100: Memory Usage (467360K) : Executing rule forbidden.ldmos
2026-03-23 16:41:56 +0100: Memory Usage (467480K) : Executing rule forbidden.pbiwind
2026-03-23 16:41:56 +0100: Memory Usage (467480K) : Executing rule forbidden.nodrc
2026-03-23 16:41:56 +0100: Memory Usage (467480K) : Executing rule forbidden.flash
2026-03-23 16:41:56 +0100: Memory Usage (467740K) : Executing rule forbidden.colwind
2026-03-23 16:41:56 +0100: Memory Usage (467860K) : KLayout DRC run for tables 'main' completed in 2.86 seconds
