# Logfile created on 2026-03-23 02:16:15 +0100 by logger.rb/v1.5.3
2026-03-23 02:16:15 +0100: Memory Usage (434528K) : Starting running IHP-SG13G2 Klayout DRC antenna runset on /foss/designs/Design/xschem/HPAmplifier/OTA_Telescopic_NO_FLATTEN/Layout_and_Related_files/OTA_Telescopic_currentRef.gds
2026-03-23 02:16:15 +0100: Memory Usage (434528K) : Ruby Version for klayout: 3.2.3
2026-03-23 02:16:15 +0100: Memory Usage (435656K) : Loading database to memory is complete.
2026-03-23 02:16:15 +0100: Memory Usage (435656K) : IHP-SG13G2 Klayout DRC antenna runset output at: /foss/designs/Design/xschem/HPAmplifier/OTA_Telescopic_NO_FLATTEN/Layout_and_Related_files/drc_run_OTA_Telescopic_currentRef/OTA_Telescopic_currentRef_OTA_Telescopic_currentRef_antenna.lyrdb
2026-03-23 02:16:15 +0100: Memory Usage (435656K) : Evaluate switches.
2026-03-23 02:16:15 +0100: Memory Usage (435656K) : Klayout will use  thread(s)
2026-03-23 02:16:15 +0100: Memory Usage (435656K) : deep mode is enabled for antenna table.
2026-03-23 02:16:15 +0100: Memory Usage (435656K) : Read in polygons from layers.
2026-03-23 02:16:15 +0100: Memory Usage (435656K) : activ_drw has 296 polygons
2026-03-23 02:16:15 +0100: Memory Usage (437056K) : gatpoly_drw has 82 polygons
2026-03-23 02:16:15 +0100: Memory Usage (437056K) : cont_drw has 1124 polygons
2026-03-23 02:16:15 +0100: Memory Usage (437056K) : nsd_block has 0 polygons
2026-03-23 02:16:15 +0100: Memory Usage (437056K) : metal1_drw has 370 polygons
2026-03-23 02:16:15 +0100: Memory Usage (437056K) : metal2_drw has 48 polygons
2026-03-23 02:16:15 +0100: Memory Usage (437320K) : psd_drw has 167 polygons
2026-03-23 02:16:15 +0100: Memory Usage (437320K) : digisub_drw has 0 polygons
2026-03-23 02:16:15 +0100: Memory Usage (437320K) : via1_drw has 194 polygons
2026-03-23 02:16:15 +0100: Memory Usage (437320K) : via2_drw has 8 polygons
2026-03-23 02:16:15 +0100: Memory Usage (437320K) : metal3_drw has 1 polygons
2026-03-23 02:16:15 +0100: Memory Usage (437320K) : nwell_drw has 80 polygons
2026-03-23 02:16:15 +0100: Memory Usage (437584K) : pwell_block has 0 polygons
2026-03-23 02:16:15 +0100: Memory Usage (437584K) : via3_drw has 8 polygons
2026-03-23 02:16:15 +0100: Memory Usage (437584K) : metal4_drw has 1 polygons
2026-03-23 02:16:15 +0100: Memory Usage (437584K) : via4_drw has 8 polygons
2026-03-23 02:16:15 +0100: Memory Usage (437584K) : metal5_drw has 1 polygons
2026-03-23 02:16:15 +0100: Memory Usage (437584K) : recog_diode has 0 polygons
2026-03-23 02:16:15 +0100: Memory Usage (437848K) : recog_esd has 0 polygons
2026-03-23 02:16:15 +0100: Memory Usage (437848K) : topvia1_drw has 2 polygons
2026-03-23 02:16:15 +0100: Memory Usage (437848K) : topmetal1_drw has 1 polygons
2026-03-23 02:16:15 +0100: Memory Usage (437848K) : topvia2_drw has 0 polygons
2026-03-23 02:16:15 +0100: Memory Usage (437848K) : topmetal2_drw has 0 polygons
2026-03-23 02:16:15 +0100: Memory Usage (437848K) : Total no. of polygons in the design is 2391
2026-03-23 02:16:15 +0100: Memory Usage (437848K) : Loaded TECH DRC rules values from /foss/pdks/ihp-sg13g2/libs.tech/klayout/python/sg13g2_pycell_lib/sg13g2_tech_mod.json
2026-03-23 02:16:15 +0100: Memory Usage (437848K) : Loaded default DRC rules values from /foss/pdks/ihp-sg13g2/libs.tech/klayout/tech/drc/rule_decks/sg13g2_tech_default.json
2026-03-23 02:16:15 +0100: Memory Usage (437848K) : The following rules values were missing in tech json and default values were used:
2026-03-23 02:16:15 +0100: Memory Usage (437848K) :   - Cnt_c_digibnd
2026-03-23 02:16:15 +0100: Memory Usage (439424K) : Total area of the design is 1685.39735 um^2.
2026-03-23 02:16:15 +0100: Memory Usage (439424K) : The design dimensions are 69.89000000000001 µm * 24.115 µm.
2026-03-23 02:16:15 +0100: Memory Usage (439424K) : Starting general IHP-SG13G2 derivations.
2026-03-23 02:16:15 +0100: Memory Usage (441888K) : Starting IHP-SG13G2 DRC rules.
2026-03-23 02:16:15 +0100: Memory Usage (441888K) : Starting 7.1 Antenna Rules table
2026-03-23 02:16:15 +0100: Memory Usage (441888K) : Executing rule Ant.a
2026-03-23 02:16:15 +0100: Memory Usage (442712K) : Executing rule Ant.c
2026-03-23 02:16:15 +0100: Memory Usage (442956K) : Starting cumulative antenna ratio calculations
2026-03-23 02:16:15 +0100: Memory Usage (442956K) : Evaluating metal1_drw ratio
2026-03-23 02:16:15 +0100: Memory Usage (443216K) : Evaluating via1_drw ratio
2026-03-23 02:16:15 +0100: Memory Usage (443216K) : Evaluating metal2_drw ratio
2026-03-23 02:16:15 +0100: Memory Usage (443536K) : Evaluating via2_drw ratio
2026-03-23 02:16:15 +0100: Memory Usage (443536K) : Evaluating metal3_drw ratio
2026-03-23 02:16:15 +0100: Memory Usage (443536K) : Evaluating via3_drw ratio
2026-03-23 02:16:15 +0100: Memory Usage (443800K) : Evaluating metal4_drw ratio
2026-03-23 02:16:15 +0100: Memory Usage (443800K) : Evaluating via4_drw ratio
2026-03-23 02:16:15 +0100: Memory Usage (443800K) : Evaluating metal5_drw ratio
2026-03-23 02:16:15 +0100: Memory Usage (444064K) : Evaluating topvia1_drw ratio
2026-03-23 02:16:15 +0100: Memory Usage (444196K) : Evaluating topmetal1_drw ratio
2026-03-23 02:16:15 +0100: Memory Usage (444196K) : Evaluating topvia2_drw ratio
2026-03-23 02:16:15 +0100: Memory Usage (444196K) : Evaluating topmetal2_drw ratio
2026-03-23 02:16:15 +0100: Memory Usage (444456K) : Evaluating diode presence
2026-03-23 02:16:15 +0100: Memory Usage (444456K) : Creating base layer with all individual ratios and diode flag
2026-03-23 02:16:15 +0100: Memory Usage (445420K) : Executing rules Ant.b and Ant.e
2026-03-23 02:16:15 +0100: Memory Usage (445420K) : Executing Ant.b_Metal1
2026-03-23 02:16:15 +0100: Memory Usage (445420K) : Executing Ant.e_Metal1
2026-03-23 02:16:15 +0100: Memory Usage (445744K) : Evaluating cumulative ratio after Metal2
2026-03-23 02:16:15 +0100: Memory Usage (445744K) : Executing Ant.b_Metal2
2026-03-23 02:16:15 +0100: Memory Usage (445864K) : Executing Ant.e_Metal2
2026-03-23 02:16:15 +0100: Memory Usage (445864K) : Evaluating cumulative ratio after Metal3
2026-03-23 02:16:15 +0100: Memory Usage (445864K) : Executing Ant.b_Metal3
2026-03-23 02:16:15 +0100: Memory Usage (445864K) : Executing Ant.e_Metal3
2026-03-23 02:16:15 +0100: Memory Usage (446176K) : Evaluating cumulative ratio after Metal4
2026-03-23 02:16:15 +0100: Memory Usage (446176K) : Executing Ant.b_Metal4
2026-03-23 02:16:15 +0100: Memory Usage (446176K) : Executing Ant.e_Metal4
2026-03-23 02:16:15 +0100: Memory Usage (446176K) : Evaluating cumulative ratio after Metal5
2026-03-23 02:16:15 +0100: Memory Usage (446440K) : Executing Ant.b_Metal5
2026-03-23 02:16:15 +0100: Memory Usage (446440K) : Executing Ant.e_Metal5
2026-03-23 02:16:15 +0100: Memory Usage (446440K) : Evaluating cumulative ratio after TopMetal1
2026-03-23 02:16:15 +0100: Memory Usage (446704K) : Executing Ant.b_TopMetal1
2026-03-23 02:16:15 +0100: Memory Usage (446704K) : Executing Ant.e_TopMetal1
2026-03-23 02:16:15 +0100: Memory Usage (446704K) : Evaluating cumulative ratio after TopMetal2
2026-03-23 02:16:15 +0100: Memory Usage (446704K) : Executing Ant.b_TopMetal2
2026-03-23 02:16:15 +0100: Memory Usage (446968K) : Executing Ant.e_TopMetal2
2026-03-23 02:16:15 +0100: Memory Usage (447100K) : Executing rules Ant.d and Ant.f
2026-03-23 02:16:15 +0100: Memory Usage (447100K) : Evaluating cumulative ratio after Via1
2026-03-23 02:16:15 +0100: Memory Usage (447100K) : Executing Ant.d_Via1
2026-03-23 02:16:15 +0100: Memory Usage (447100K) : Executing Ant.f_Via1
2026-03-23 02:16:15 +0100: Memory Usage (447316K) : Evaluating cumulative ratio after Via2
2026-03-23 02:16:15 +0100: Memory Usage (447316K) : Executing Ant.d_Via2
2026-03-23 02:16:15 +0100: Memory Usage (447576K) : Executing Ant.f_Via2
2026-03-23 02:16:15 +0100: Memory Usage (447576K) : Evaluating cumulative ratio after Via3
2026-03-23 02:16:15 +0100: Memory Usage (447576K) : Executing Ant.d_Via3
2026-03-23 02:16:15 +0100: Memory Usage (447576K) : Executing Ant.f_Via3
2026-03-23 02:16:15 +0100: Memory Usage (447840K) : Evaluating cumulative ratio after Via4
2026-03-23 02:16:15 +0100: Memory Usage (447840K) : Executing Ant.d_Via4
2026-03-23 02:16:15 +0100: Memory Usage (447840K) : Executing Ant.f_Via4
2026-03-23 02:16:15 +0100: Memory Usage (448104K) : Evaluating cumulative ratio after TopVia1
2026-03-23 02:16:15 +0100: Memory Usage (448104K) : Executing Ant.d_TopVia1
2026-03-23 02:16:15 +0100: Memory Usage (448296K) : Executing Ant.f_TopVia1
2026-03-23 02:16:15 +0100: Memory Usage (448360K) : Evaluating cumulative ratio after TopVia2
2026-03-23 02:16:15 +0100: Memory Usage (448360K) : Executing Ant.d_TopVia2
2026-03-23 02:16:15 +0100: Memory Usage (448620K) : Executing Ant.f_TopVia2
2026-03-23 02:16:15 +0100: Memory Usage (448620K) : Executing rule Ant.g
2026-03-23 02:16:15 +0100: Memory Usage (448944K) : Executing rule Ant.h
2026-03-23 02:16:15 +0100: Memory Usage (449208K) : Executing rule Ant.i
