# Logfile created on 2026-03-25 02:32:55 +0100 by logger.rb/v1.5.3
2026-03-25 02:32:55 +0100: Memory Usage (435820K) : Starting running IHP-SG13G2 KLayout DRC runset on /foss/designs/Design/xschem/HPAmplifier/OTA_Telescopic_backup/OTA_Telescopic_NO_FLATTEN/Layout_and_Related_files/OTA_Telescopic_TOP_wp.gds
2026-03-25 02:32:55 +0100: Memory Usage (435820K) : Ruby Version for klayout: 3.2.3
2026-03-25 02:32:55 +0100: Memory Usage (435864K) : Loading database to memory is complete.
2026-03-25 02:32:55 +0100: Memory Usage (435864K) : IHP-SG13G2 KLayout DRC runset output at: /foss/designs/Design/xschem/HPAmplifier/OTA_Telescopic_backup/OTA_Telescopic_NO_FLATTEN/Layout_and_Related_files/drc_run_OTA_Telescopic_TOP_wp/OTA_Telescopic_TOP_wp_OTA_Telescopic_TOP_wp_npnsubstratetie.lyrdb
2026-03-25 02:32:55 +0100: Memory Usage (435864K) : Evaluate switches.
2026-03-25 02:32:55 +0100: Memory Usage (435864K) : tables selected: npnsubstratetie
2026-03-25 02:32:55 +0100: Memory Usage (435864K) : KLayout will use 4 thread(s) in tiled mode.
2026-03-25 02:32:55 +0100: Memory Usage (435864K) : deep mode is enabled.
2026-03-25 02:32:55 +0100: Memory Usage (435864K) : FEOL enabled: false
2026-03-25 02:32:55 +0100: Memory Usage (435864K) : BEOL enabled: false
2026-03-25 02:32:55 +0100: Memory Usage (435864K) : OFFGRID enabled: true
2026-03-25 02:32:55 +0100: Memory Usage (435864K) : PIN enabled: false
2026-03-25 02:32:55 +0100: Memory Usage (435864K) : FORBIDDEN enabled: false
2026-03-25 02:32:55 +0100: Memory Usage (435864K) : RECOMMENDED enabled: true
2026-03-25 02:32:55 +0100: Memory Usage (435864K) : PreCheck DRC enabled: false
2026-03-25 02:32:55 +0100: Memory Usage (435864K) : CONNECTIVITY_RULES enabled: false.
2026-03-25 02:32:55 +0100: Memory Usage (435864K) : Read in polygons from layers.
2026-03-25 02:32:55 +0100: Memory Usage (437544K) : activ_drw has 5032 polygons
2026-03-25 02:32:55 +0100: Memory Usage (437544K) : activ_pin has 0 polygons
2026-03-25 02:32:55 +0100: Memory Usage (437544K) : activ_mask has 0 polygons
2026-03-25 02:32:55 +0100: Memory Usage (437544K) : activ_filler has 0 polygons
2026-03-25 02:32:55 +0100: Memory Usage (437544K) : activ_nofill has 0 polygons
2026-03-25 02:32:55 +0100: Memory Usage (437544K) : activ_opc has 0 polygons
2026-03-25 02:32:55 +0100: Memory Usage (437544K) : activ_iopc has 0 polygons
2026-03-25 02:32:55 +0100: Memory Usage (437544K) : activ_noqrc has 0 polygons
2026-03-25 02:32:55 +0100: Memory Usage (437544K) : biwind_drw has 0 polygons
2026-03-25 02:32:55 +0100: Memory Usage (437544K) : biwind_opc has 0 polygons
2026-03-25 02:32:55 +0100: Memory Usage (438596K) : pemwind_drw has 0 polygons
2026-03-25 02:32:55 +0100: Memory Usage (438596K) : gatpoly_drw has 2679 polygons
2026-03-25 02:32:55 +0100: Memory Usage (438596K) : gatpoly_pin has 377 polygons
2026-03-25 02:32:55 +0100: Memory Usage (438596K) : gatpoly_filler has 0 polygons
2026-03-25 02:32:55 +0100: Memory Usage (438596K) : gatpoly_nofill has 0 polygons
2026-03-25 02:32:55 +0100: Memory Usage (438596K) : gatpoly_opc has 0 polygons
2026-03-25 02:32:55 +0100: Memory Usage (438596K) : gatpoly_iopc has 0 polygons
2026-03-25 02:32:55 +0100: Memory Usage (438860K) : gatpoly_noqrc has 0 polygons
2026-03-25 02:32:55 +0100: Memory Usage (438860K) : cont_drw has 24680 polygons
2026-03-25 02:32:55 +0100: Memory Usage (438860K) : cont_opc has 0 polygons
2026-03-25 02:32:55 +0100: Memory Usage (439104K) : nsd_drw has 0 polygons
2026-03-25 02:32:55 +0100: Memory Usage (439104K) : nsd_block has 0 polygons
2026-03-25 02:32:55 +0100: Memory Usage (439104K) : metal1_drw has 7670 polygons
2026-03-25 02:32:55 +0100: Memory Usage (439364K) : metal1_pin has 2038 polygons
2026-03-25 02:32:55 +0100: Memory Usage (439364K) : metal1_mask has 0 polygons
2026-03-25 02:32:55 +0100: Memory Usage (439364K) : metal1_filler has 0 polygons
2026-03-25 02:32:55 +0100: Memory Usage (439364K) : metal1_nofill has 0 polygons
2026-03-25 02:32:55 +0100: Memory Usage (439628K) : metal1_slit has 0 polygons
2026-03-25 02:32:55 +0100: Memory Usage (439628K) : metal1_text has 1 polygons
2026-03-25 02:32:55 +0100: Memory Usage (439628K) : metal1_opc has 0 polygons
2026-03-25 02:32:55 +0100: Memory Usage (439628K) : metal1_noqrc has 0 polygons
2026-03-25 02:32:55 +0100: Memory Usage (440068K) : metal1_res has 0 polygons
2026-03-25 02:32:55 +0100: Memory Usage (440068K) : metal1_iprobe has 0 polygons
2026-03-25 02:32:55 +0100: Memory Usage (440068K) : metal1_diffprb has 0 polygons
2026-03-25 02:32:55 +0100: Memory Usage (440068K) : passiv_drw has 0 polygons
2026-03-25 02:32:55 +0100: Memory Usage (440068K) : passiv_pin has 0 polygons
2026-03-25 02:32:55 +0100: Memory Usage (440332K) : passiv_sbump has 0 polygons
2026-03-25 02:32:55 +0100: Memory Usage (440332K) : passiv_pillar has 0 polygons
2026-03-25 02:32:55 +0100: Memory Usage (440332K) : passiv_pdl has 0 polygons
2026-03-25 02:32:56 +0100: Memory Usage (440332K) : metal2_drw has 1317 polygons
2026-03-25 02:32:56 +0100: Memory Usage (440944K) : metal2_pin has 11 polygons
2026-03-25 02:32:56 +0100: Memory Usage (440944K) : metal2_mask has 0 polygons
2026-03-25 02:32:56 +0100: Memory Usage (440944K) : metal2_filler has 0 polygons
2026-03-25 02:32:56 +0100: Memory Usage (440944K) : metal2_nofill has 0 polygons
2026-03-25 02:32:56 +0100: Memory Usage (441208K) : metal2_slit has 0 polygons
2026-03-25 02:32:56 +0100: Memory Usage (441208K) : metal2_text has 6 polygons
2026-03-25 02:32:56 +0100: Memory Usage (441256K) : metal2_opc has 0 polygons
2026-03-25 02:32:56 +0100: Memory Usage (441256K) : metal2_noqrc has 0 polygons
2026-03-25 02:32:56 +0100: Memory Usage (441256K) : metal2_res has 0 polygons
2026-03-25 02:32:56 +0100: Memory Usage (441516K) : metal2_iprobe has 0 polygons
2026-03-25 02:32:56 +0100: Memory Usage (441516K) : metal2_diffprb has 0 polygons
2026-03-25 02:32:56 +0100: Memory Usage (441516K) : baspoly_drw has 0 polygons
2026-03-25 02:32:56 +0100: Memory Usage (441516K) : baspoly_pin has 0 polygons
2026-03-25 02:32:56 +0100: Memory Usage (441516K) : psd_drw has 1551 polygons
2026-03-25 02:32:56 +0100: Memory Usage (441780K) : nldb_drw has 0 polygons
2026-03-25 02:32:56 +0100: Memory Usage (441780K) : digibnd_drw has 0 polygons
2026-03-25 02:32:56 +0100: Memory Usage (441780K) : via1_drw has 9054 polygons
2026-03-25 02:32:56 +0100: Memory Usage (442104K) : backmetal1_drw has 0 polygons
2026-03-25 02:32:56 +0100: Memory Usage (442104K) : backmetal1_pin has 0 polygons
2026-03-25 02:32:56 +0100: Memory Usage (442104K) : backmetal1_mask has 0 polygons
2026-03-25 02:32:56 +0100: Memory Usage (442104K) : backmetal1_filler has 0 polygons
2026-03-25 02:32:56 +0100: Memory Usage (442104K) : backmetal1_nofill has 0 polygons
2026-03-25 02:32:56 +0100: Memory Usage (442368K) : backmetal1_slit has 0 polygons
2026-03-25 02:32:56 +0100: Memory Usage (442368K) : backmetal1_text has 0 polygons
2026-03-25 02:32:56 +0100: Memory Usage (442368K) : backmetal1_opc has 0 polygons
2026-03-25 02:32:56 +0100: Memory Usage (442368K) : backmetal1_noqrc has 0 polygons
2026-03-25 02:32:56 +0100: Memory Usage (442368K) : backmetal1_res has 0 polygons
2026-03-25 02:32:56 +0100: Memory Usage (442632K) : backmetal1_iprobe has 0 polygons
2026-03-25 02:32:56 +0100: Memory Usage (442632K) : backmetal1_diffprb has 0 polygons
2026-03-25 02:32:56 +0100: Memory Usage (442632K) : backpassiv_drw has 0 polygons
2026-03-25 02:32:56 +0100: Memory Usage (442632K) : res_drw has 0 polygons
2026-03-25 02:32:56 +0100: Memory Usage (442632K) : sram_drw has 0 polygons
2026-03-25 02:32:56 +0100: Memory Usage (442892K) : trans_drw has 0 polygons
2026-03-25 02:32:56 +0100: Memory Usage (442892K) : ind_drw has 0 polygons
2026-03-25 02:32:56 +0100: Memory Usage (442892K) : ind_pin has 0 polygons
2026-03-25 02:32:56 +0100: Memory Usage (443152K) : ind_text has 0 polygons
2026-03-25 02:32:56 +0100: Memory Usage (443152K) : salblock_drw has 7 polygons
2026-03-25 02:32:56 +0100: Memory Usage (443288K) : via2_drw has 4753 polygons
2026-03-25 02:32:56 +0100: Memory Usage (443288K) : metal3_drw has 226 polygons
2026-03-25 02:32:56 +0100: Memory Usage (443288K) : metal3_pin has 8 polygons
2026-03-25 02:32:56 +0100: Memory Usage (443508K) : metal3_mask has 0 polygons
2026-03-25 02:32:56 +0100: Memory Usage (443508K) : metal3_filler has 0 polygons
2026-03-25 02:32:56 +0100: Memory Usage (443508K) : metal3_nofill has 0 polygons
2026-03-25 02:32:56 +0100: Memory Usage (443768K) : metal3_slit has 0 polygons
2026-03-25 02:32:56 +0100: Memory Usage (443768K) : metal3_text has 2 polygons
2026-03-25 02:32:56 +0100: Memory Usage (443768K) : metal3_opc has 0 polygons
2026-03-25 02:32:56 +0100: Memory Usage (443768K) : metal3_noqrc has 0 polygons
2026-03-25 02:32:56 +0100: Memory Usage (443768K) : metal3_res has 0 polygons
2026-03-25 02:32:56 +0100: Memory Usage (444032K) : metal3_iprobe has 0 polygons
2026-03-25 02:32:56 +0100: Memory Usage (444032K) : metal3_diffprb has 0 polygons
2026-03-25 02:32:56 +0100: Memory Usage (444032K) : nwell_drw has 1216 polygons
2026-03-25 02:32:56 +0100: Memory Usage (444032K) : nwell_pin has 0 polygons
2026-03-25 02:32:56 +0100: Memory Usage (444296K) : nbulay_drw has 0 polygons
2026-03-25 02:32:56 +0100: Memory Usage (444296K) : nbulay_pin has 0 polygons
2026-03-25 02:32:56 +0100: Memory Usage (444296K) : nbulay_block has 0 polygons
2026-03-25 02:32:56 +0100: Memory Usage (444412K) : emwind_drw has 0 polygons
2026-03-25 02:32:56 +0100: Memory Usage (444412K) : emwind_opc has 0 polygons
2026-03-25 02:32:56 +0100: Memory Usage (444628K) : deepco_drw has 0 polygons
2026-03-25 02:32:56 +0100: Memory Usage (444628K) : deepco_drw has 0 polygons
2026-03-25 02:32:56 +0100: Memory Usage (444628K) : mim_drw has 2 polygons
2026-03-25 02:32:56 +0100: Memory Usage (444628K) : edgeseal_drw has 0 polygons
2026-03-25 02:32:56 +0100: Memory Usage (444888K) : edgeseal_bound has 0 polygons
2026-03-25 02:32:56 +0100: Memory Usage (444888K) : substrate_drw has 723 polygons
2026-03-25 02:32:56 +0100: Memory Usage (444888K) : substrate_text has 0 polygons
2026-03-25 02:32:56 +0100: Memory Usage (444888K) : dfpad_drw has 0 polygons
2026-03-25 02:32:56 +0100: Memory Usage (444888K) : dfpad_pillar has 0 polygons
2026-03-25 02:32:56 +0100: Memory Usage (445152K) : dfpad_sbump has 0 polygons
2026-03-25 02:32:56 +0100: Memory Usage (445152K) : thickgateox_drw has 0 polygons
2026-03-25 02:32:56 +0100: Memory Usage (445152K) : pldb_drw has 0 polygons
2026-03-25 02:32:56 +0100: Memory Usage (445152K) : pwell_drw has 0 polygons
2026-03-25 02:32:56 +0100: Memory Usage (445416K) : pwell_pin has 0 polygons
2026-03-25 02:32:56 +0100: Memory Usage (445416K) : pwell_block has 0 polygons
2026-03-25 02:32:56 +0100: Memory Usage (445416K) : ic_drw has 0 polygons
2026-03-25 02:32:56 +0100: Memory Usage (445536K) : via3_drw has 4357 polygons
2026-03-25 02:32:56 +0100: Memory Usage (445536K) : metal4_drw has 157 polygons
2026-03-25 02:32:56 +0100: Memory Usage (445796K) : metal4_pin has 3 polygons
2026-03-25 02:32:56 +0100: Memory Usage (445796K) : metal4_mask has 0 polygons
2026-03-25 02:32:56 +0100: Memory Usage (445796K) : metal4_filler has 0 polygons
2026-03-25 02:32:56 +0100: Memory Usage (445796K) : metal4_nofill has 0 polygons
2026-03-25 02:32:56 +0100: Memory Usage (445796K) : metal4_slit has 0 polygons
2026-03-25 02:32:56 +0100: Memory Usage (446060K) : metal4_text has 5 polygons
2026-03-25 02:32:56 +0100: Memory Usage (446060K) : metal4_opc has 0 polygons
2026-03-25 02:32:56 +0100: Memory Usage (446060K) : metal4_noqrc has 0 polygons
2026-03-25 02:32:56 +0100: Memory Usage (446188K) : metal4_res has 0 polygons
2026-03-25 02:32:56 +0100: Memory Usage (446188K) : metal4_iprobe has 0 polygons
2026-03-25 02:32:56 +0100: Memory Usage (446188K) : metal4_diffprb has 0 polygons
2026-03-25 02:32:56 +0100: Memory Usage (446448K) : heattrans_drw has 1555 polygons
2026-03-25 02:32:56 +0100: Memory Usage (446448K) : heatres_drw has 7 polygons
2026-03-25 02:32:56 +0100: Memory Usage (446448K) : pempoly_drw has 0 polygons
2026-03-25 02:32:56 +0100: Memory Usage (446448K) : fbe_drw has 0 polygons
2026-03-25 02:32:56 +0100: Memory Usage (446712K) : empoly_drw has 0 polygons
2026-03-25 02:32:56 +0100: Memory Usage (446720K) : ldmos_drw has 0 polygons
2026-03-25 02:32:56 +0100: Memory Usage (446720K) : pbiwind_drw has 0 polygons
2026-03-25 02:32:56 +0100: Memory Usage (446720K) : digisub_drw has 0 polygons
2026-03-25 02:32:56 +0100: Memory Usage (446980K) : nodrc_drw has 0 polygons
2026-03-25 02:32:56 +0100: Memory Usage (446980K) : text_drw has 1107 polygons
2026-03-25 02:32:56 +0100: Memory Usage (446980K) : via4_drw has 4250 polygons
2026-03-25 02:32:56 +0100: Memory Usage (446980K) : metal5_drw has 107 polygons
2026-03-25 02:32:56 +0100: Memory Usage (447244K) : metal5_pin has 12 polygons
2026-03-25 02:32:56 +0100: Memory Usage (447244K) : metal5_mask has 0 polygons
2026-03-25 02:32:56 +0100: Memory Usage (447244K) : metal5_filler has 0 polygons
2026-03-25 02:32:56 +0100: Memory Usage (447244K) : metal5_nofill has 0 polygons
2026-03-25 02:32:56 +0100: Memory Usage (447244K) : metal5_slit has 0 polygons
2026-03-25 02:32:56 +0100: Memory Usage (447508K) : metal5_text has 18 polygons
2026-03-25 02:32:56 +0100: Memory Usage (447508K) : metal5_opc has 0 polygons
2026-03-25 02:32:56 +0100: Memory Usage (447508K) : metal5_noqrc has 0 polygons
2026-03-25 02:32:56 +0100: Memory Usage (447508K) : metal5_res has 0 polygons
2026-03-25 02:32:56 +0100: Memory Usage (447508K) : metal5_iprobe has 0 polygons
2026-03-25 02:32:56 +0100: Memory Usage (447772K) : metal5_diffprb has 0 polygons
2026-03-25 02:32:56 +0100: Memory Usage (447772K) : radhard_drw has 0 polygons
2026-03-25 02:32:56 +0100: Memory Usage (448036K) : memcap_drw has 0 polygons
2026-03-25 02:32:56 +0100: Memory Usage (448036K) : varicap_drw has 0 polygons
2026-03-25 02:32:56 +0100: Memory Usage (448036K) : flash_drw has 0 polygons
2026-03-25 02:32:56 +0100: Memory Usage (448036K) : intbondvia_drw has 0 polygons
2026-03-25 02:32:56 +0100: Memory Usage (448036K) : intbondmet_drw has 0 polygons
2026-03-25 02:32:56 +0100: Memory Usage (448300K) : devbondvia_drw has 0 polygons
2026-03-25 02:32:56 +0100: Memory Usage (448300K) : devbondmet_drw has 0 polygons
2026-03-25 02:32:56 +0100: Memory Usage (448300K) : devtrench_drw has 0 polygons
2026-03-25 02:32:56 +0100: Memory Usage (448300K) : redist_drw has 0 polygons
2026-03-25 02:32:56 +0100: Memory Usage (448300K) : graphbot_drw has 0 polygons
2026-03-25 02:32:56 +0100: Memory Usage (448564K) : graphtop_drw has 0 polygons
2026-03-25 02:32:56 +0100: Memory Usage (448564K) : antvia1_drw has 0 polygons
2026-03-25 02:32:56 +0100: Memory Usage (448564K) : antmetal2_drw has 0 polygons
2026-03-25 02:32:56 +0100: Memory Usage (448564K) : graphcont_drw has 0 polygons
2026-03-25 02:32:56 +0100: Memory Usage (448564K) : siwg_drw has 0 polygons
2026-03-25 02:32:56 +0100: Memory Usage (448828K) : siwg_filler has 0 polygons
2026-03-25 02:32:56 +0100: Memory Usage (448828K) : siwg_nofill has 0 polygons
2026-03-25 02:32:56 +0100: Memory Usage (448924K) : sigrating_drw has 0 polygons
2026-03-25 02:32:56 +0100: Memory Usage (448924K) : singrating_drw has 0 polygons
2026-03-25 02:32:56 +0100: Memory Usage (448924K) : graphpas_drw has 0 polygons
2026-03-25 02:32:56 +0100: Memory Usage (449184K) : emwind3_drw has 0 polygons
2026-03-25 02:32:56 +0100: Memory Usage (449184K) : emwihv3_drw has 0 polygons
2026-03-25 02:32:56 +0100: Memory Usage (449184K) : redbulay_drw has 0 polygons
2026-03-25 02:32:56 +0100: Memory Usage (449184K) : smos_drw has 0 polygons
2026-03-25 02:32:56 +0100: Memory Usage (449184K) : graphpad_drw has 0 polygons
2026-03-25 02:32:56 +0100: Memory Usage (449424K) : polimide_drw has 0 polygons
2026-03-25 02:32:56 +0100: Memory Usage (449424K) : polimide_pin has 0 polygons
2026-03-25 02:32:56 +0100: Memory Usage (449424K) : recog_drw has 0 polygons
2026-03-25 02:32:56 +0100: Memory Usage (449424K) : recog_pin has 0 polygons
2026-03-25 02:32:56 +0100: Memory Usage (449424K) : recog_esd has 0 polygons
2026-03-25 02:32:56 +0100: Memory Usage (449684K) : recog_diode has 0 polygons
2026-03-25 02:32:56 +0100: Memory Usage (449684K) : recog_tsv has 0 polygons
2026-03-25 02:32:56 +0100: Memory Usage (449684K) : recog_iprobe has 0 polygons
2026-03-25 02:32:56 +0100: Memory Usage (449684K) : recog_diffprb has 0 polygons
2026-03-25 02:32:56 +0100: Memory Usage (449684K) : recog_pillar has 0 polygons
2026-03-25 02:32:56 +0100: Memory Usage (449684K) : recog_sbump has 0 polygons
2026-03-25 02:32:56 +0100: Memory Usage (449684K) : recog_otp has 0 polygons
2026-03-25 02:32:56 +0100: Memory Usage (449948K) : recog_pdiode has 0 polygons
2026-03-25 02:32:56 +0100: Memory Usage (449948K) : recog_mom has 0 polygons
2026-03-25 02:32:56 +0100: Memory Usage (449948K) : recog_pcm has 0 polygons
2026-03-25 02:32:56 +0100: Memory Usage (449948K) : colopen_drw has 0 polygons
2026-03-25 02:32:56 +0100: Memory Usage (449948K) : graphmetal1_drw has 0 polygons
2026-03-25 02:32:56 +0100: Memory Usage (449948K) : graphmetal1_filler has 0 polygons
2026-03-25 02:32:56 +0100: Memory Usage (449948K) : graphmetal1_nofill has 0 polygons
2026-03-25 02:32:56 +0100: Memory Usage (450212K) : graphmetal1_slit has 0 polygons
2026-03-25 02:32:56 +0100: Memory Usage (450212K) : graphmetal1_opc has 0 polygons
2026-03-25 02:32:56 +0100: Memory Usage (450212K) : graphmet1l_drw has 0 polygons
2026-03-25 02:32:56 +0100: Memory Usage (450212K) : graphmet1l_filler has 0 polygons
2026-03-25 02:32:56 +0100: Memory Usage (450212K) : graphmet1l_nofill has 0 polygons
2026-03-25 02:32:56 +0100: Memory Usage (450476K) : graphmet1l_slit has 0 polygons
2026-03-25 02:32:56 +0100: Memory Usage (450476K) : graphmet1l_opc has 0 polygons
2026-03-25 02:32:56 +0100: Memory Usage (450476K) : extblock_drw has 21 polygons
2026-03-25 02:32:56 +0100: Memory Usage (450476K) : nldd_drw has 0 polygons
2026-03-25 02:32:56 +0100: Memory Usage (450740K) : pldd_drw has 0 polygons
2026-03-25 02:32:56 +0100: Memory Usage (450740K) : next_drw has 0 polygons
2026-03-25 02:32:56 +0100: Memory Usage (450740K) : pext_drw has 0 polygons
2026-03-25 02:32:56 +0100: Memory Usage (450740K) : nexthv_drw has 0 polygons
2026-03-25 02:32:56 +0100: Memory Usage (450740K) : pexthv_drw has 0 polygons
2026-03-25 02:32:56 +0100: Memory Usage (451004K) : graphgate_drw has 0 polygons
2026-03-25 02:32:56 +0100: Memory Usage (451004K) : sinwg_drw has 0 polygons
2026-03-25 02:32:56 +0100: Memory Usage (451004K) : sinwg_filler has 0 polygons
2026-03-25 02:32:56 +0100: Memory Usage (451004K) : sinwg_nofill has 0 polygons
2026-03-25 02:32:56 +0100: Memory Usage (451004K) : mempad_drw has 0 polygons
2026-03-25 02:32:56 +0100: Memory Usage (451004K) : topvia1_drw has 924 polygons
2026-03-25 02:32:56 +0100: Memory Usage (451004K) : topmetal1_drw has 120 polygons
2026-03-25 02:32:56 +0100: Memory Usage (451268K) : topmetal1_pin has 15 polygons
2026-03-25 02:32:56 +0100: Memory Usage (451268K) : topmetal1_mask has 0 polygons
2026-03-25 02:32:56 +0100: Memory Usage (451268K) : topmetal1_filler has 0 polygons
2026-03-25 02:32:56 +0100: Memory Usage (451268K) : topmetal1_nofill has 0 polygons
2026-03-25 02:32:56 +0100: Memory Usage (451268K) : topmetal1_slit has 0 polygons
2026-03-25 02:32:56 +0100: Memory Usage (451532K) : topmetal1_text has 4 polygons
2026-03-25 02:32:56 +0100: Memory Usage (451532K) : topmetal1_noqrc has 0 polygons
2026-03-25 02:32:56 +0100: Memory Usage (451532K) : topmetal1_res has 0 polygons
2026-03-25 02:32:56 +0100: Memory Usage (451532K) : topmetal1_iprobe has 0 polygons
2026-03-25 02:32:56 +0100: Memory Usage (451532K) : topmetal1_diffprb has 0 polygons
2026-03-25 02:32:56 +0100: Memory Usage (451796K) : inldpwl_drw has 0 polygons
2026-03-25 02:32:56 +0100: Memory Usage (451796K) : polyres_drw has 7 polygons
2026-03-25 02:32:56 +0100: Memory Usage (451796K) : polyres_pin has 0 polygons
2026-03-25 02:32:56 +0100: Memory Usage (451796K) : vmim_drw has 578 polygons
2026-03-25 02:32:56 +0100: Memory Usage (451796K) : nbulaycut_drw has 0 polygons
2026-03-25 02:32:56 +0100: Memory Usage (452060K) : antmetal1_drw has 0 polygons
2026-03-25 02:32:56 +0100: Memory Usage (452060K) : topvia2_drw has 0 polygons
2026-03-25 02:32:56 +0100: Memory Usage (452060K) : topmetal2_drw has 0 polygons
2026-03-25 02:32:56 +0100: Memory Usage (452060K) : topmetal2_pin has 0 polygons
2026-03-25 02:32:56 +0100: Memory Usage (452060K) : topmetal2_mask has 0 polygons
2026-03-25 02:32:56 +0100: Memory Usage (452324K) : topmetal2_filler has 0 polygons
2026-03-25 02:32:56 +0100: Memory Usage (452324K) : topmetal2_nofill has 0 polygons
2026-03-25 02:32:56 +0100: Memory Usage (452324K) : topmetal2_slit has 0 polygons
2026-03-25 02:32:56 +0100: Memory Usage (452324K) : topmetal2_text has 0 polygons
2026-03-25 02:32:56 +0100: Memory Usage (452324K) : topmetal2_noqrc has 0 polygons
2026-03-25 02:32:56 +0100: Memory Usage (452588K) : topmetal2_res has 0 polygons
2026-03-25 02:32:56 +0100: Memory Usage (452588K) : topmetal2_iprobe has 0 polygons
2026-03-25 02:32:56 +0100: Memory Usage (452588K) : topmetal2_diffprb has 0 polygons
2026-03-25 02:32:56 +0100: Memory Usage (452588K) : snsring_drw has 0 polygons
2026-03-25 02:32:56 +0100: Memory Usage (452588K) : sensor_drw has 0 polygons
2026-03-25 02:32:56 +0100: Memory Usage (452852K) : snsarms_drw has 0 polygons
2026-03-25 02:32:56 +0100: Memory Usage (452852K) : snscmosvia_drw has 0 polygons
2026-03-25 02:32:56 +0100: Memory Usage (452852K) : colwind_drw has 0 polygons
2026-03-25 02:32:56 +0100: Memory Usage (452852K) : flm_drw has 0 polygons
2026-03-25 02:32:56 +0100: Memory Usage (452852K) : hafniumox_drw has 0 polygons
2026-03-25 02:32:56 +0100: Memory Usage (453116K) : memvia_drw has 0 polygons
2026-03-25 02:32:56 +0100: Memory Usage (453116K) : thinfilmres_drw has 0 polygons
2026-03-25 02:32:56 +0100: Memory Usage (453116K) : rfmem_drw has 0 polygons
2026-03-25 02:32:56 +0100: Memory Usage (453116K) : norcx_drw has 0 polygons
2026-03-25 02:32:56 +0100: Memory Usage (453116K) : norcx_m2m3 has 0 polygons
2026-03-25 02:32:56 +0100: Memory Usage (453380K) : norcx_m2m4 has 0 polygons
2026-03-25 02:32:56 +0100: Memory Usage (453380K) : norcx_m2m5 has 0 polygons
2026-03-25 02:32:56 +0100: Memory Usage (453380K) : norcx_m2tm1 has 0 polygons
2026-03-25 02:32:56 +0100: Memory Usage (453380K) : norcx_m2tm2 has 0 polygons
2026-03-25 02:32:56 +0100: Memory Usage (453380K) : norcx_m3m4 has 0 polygons
2026-03-25 02:32:56 +0100: Memory Usage (453380K) : norcx_m3m5 has 0 polygons
2026-03-25 02:32:56 +0100: Memory Usage (453380K) : norcx_m3tm1 has 0 polygons
2026-03-25 02:32:56 +0100: Memory Usage (453644K) : norcx_m3tm2 has 0 polygons
2026-03-25 02:32:56 +0100: Memory Usage (453644K) : norcx_m4m5 has 0 polygons
2026-03-25 02:32:56 +0100: Memory Usage (453644K) : norcx_m4tm1 has 0 polygons
2026-03-25 02:32:56 +0100: Memory Usage (453644K) : norcx_m4tm2 has 0 polygons
2026-03-25 02:32:56 +0100: Memory Usage (453644K) : norcx_m5tm1 has 0 polygons
2026-03-25 02:32:56 +0100: Memory Usage (453644K) : norcx_m5tm2 has 0 polygons
2026-03-25 02:32:56 +0100: Memory Usage (453644K) : norcx_tm1tm2 has 0 polygons
2026-03-25 02:32:56 +0100: Memory Usage (453908K) : norcx_m1sub has 0 polygons
2026-03-25 02:32:56 +0100: Memory Usage (453908K) : norcx_m2sub has 0 polygons
2026-03-25 02:32:56 +0100: Memory Usage (453908K) : norcx_m3sub has 0 polygons
2026-03-25 02:32:56 +0100: Memory Usage (453908K) : norcx_m4sub has 0 polygons
2026-03-25 02:32:56 +0100: Memory Usage (453908K) : norcx_m5sub has 0 polygons
2026-03-25 02:32:56 +0100: Memory Usage (453908K) : norcx_tm1sub has 0 polygons
2026-03-25 02:32:56 +0100: Memory Usage (453908K) : norcx_tm2sub has 0 polygons
2026-03-25 02:32:56 +0100: Memory Usage (454172K) : snsbotvia_drw has 0 polygons
2026-03-25 02:32:56 +0100: Memory Usage (454172K) : snstopvia_drw has 0 polygons
2026-03-25 02:32:56 +0100: Memory Usage (454172K) : deepvia_drw has 0 polygons
2026-03-25 02:32:56 +0100: Memory Usage (454172K) : fgetch_drw has 0 polygons
2026-03-25 02:32:56 +0100: Memory Usage (454172K) : ctrgat_drw has 0 polygons
2026-03-25 02:32:56 +0100: Memory Usage (454172K) : fgimp_drw has 0 polygons
2026-03-25 02:32:56 +0100: Memory Usage (454172K) : emwihv_drw has 0 polygons
2026-03-25 02:32:56 +0100: Memory Usage (454436K) : lbe_drw has 0 polygons
2026-03-25 02:32:56 +0100: Memory Usage (454436K) : alcustop_drw has 0 polygons
2026-03-25 02:32:56 +0100: Memory Usage (454436K) : nometfiller_drw has 0 polygons
2026-03-25 02:32:56 +0100: Memory Usage (454436K) : prboundary_drw has 0 polygons
2026-03-25 02:32:56 +0100: Memory Usage (454436K) : exchange0_drw has 0 polygons
2026-03-25 02:32:56 +0100: Memory Usage (454436K) : exchange0_pin has 0 polygons
2026-03-25 02:32:56 +0100: Memory Usage (454700K) : exchange0_text has 0 polygons
2026-03-25 02:32:56 +0100: Memory Usage (454700K) : exchange1_drw has 0 polygons
2026-03-25 02:32:56 +0100: Memory Usage (454700K) : exchange1_pin has 0 polygons
2026-03-25 02:32:56 +0100: Memory Usage (454700K) : exchange1_text has 0 polygons
2026-03-25 02:32:56 +0100: Memory Usage (454700K) : exchange2_drw has 0 polygons
2026-03-25 02:32:56 +0100: Memory Usage (454964K) : exchange2_pin has 0 polygons
2026-03-25 02:32:56 +0100: Memory Usage (454964K) : exchange2_text has 0 polygons
2026-03-25 02:32:56 +0100: Memory Usage (454964K) : exchange3_drw has 0 polygons
2026-03-25 02:32:56 +0100: Memory Usage (454964K) : exchange3_pin has 0 polygons
2026-03-25 02:32:56 +0100: Memory Usage (454964K) : exchange3_text has 0 polygons
2026-03-25 02:32:56 +0100: Memory Usage (454964K) : exchange4_drw has 0 polygons
2026-03-25 02:32:56 +0100: Memory Usage (454964K) : exchange4_pin has 0 polygons
2026-03-25 02:32:56 +0100: Memory Usage (454964K) : exchange4_text has 0 polygons
2026-03-25 02:32:56 +0100: Memory Usage (454964K) : isonwell_drw has 0 polygons
2026-03-25 02:32:56 +0100: Memory Usage (454964K) : Total no. of polygons in the design is 74600
2026-03-25 02:32:56 +0100: Memory Usage (454964K) : Loaded TECH DRC rules values from /foss/pdks/ihp-sg13g2/libs.tech/klayout/python/sg13g2_pycell_lib/sg13g2_tech_mod.json
2026-03-25 02:32:56 +0100: Memory Usage (454964K) : Loaded default DRC rules values from /foss/pdks/ihp-sg13g2/libs.tech/klayout/tech/drc/rule_decks/sg13g2_tech_default.json
2026-03-25 02:32:56 +0100: Memory Usage (454964K) : The following rules values were missing in tech json and default values were used:
2026-03-25 02:32:56 +0100: Memory Usage (454964K) :   - Cnt_c_digibnd
2026-03-25 02:32:56 +0100: Memory Usage (454964K) : Total area of the design is 28136.451999999997 um^2.
2026-03-25 02:32:56 +0100: Memory Usage (454964K) : The design dimensions are 211.6 µm * 132.97 µm.
2026-03-25 02:32:56 +0100: Memory Usage (454964K) : Starting general IHP-SG13G2 derivations.
2026-03-25 02:32:56 +0100: Memory Usage (454964K) : Starting Pwell derivations
2026-03-25 02:32:56 +0100: Memory Usage (457156K) : Starting p-Activ derivations
2026-03-25 02:32:56 +0100: Memory Usage (458212K) : Starting ptap derivations
2026-03-25 02:32:56 +0100: Memory Usage (460208K) : Starting IHP-SG13G2 DRC rules.
2026-03-25 02:32:56 +0100: Memory Usage (460172K) : Starting 6.1.3 NPN Substrate-Tie table
2026-03-25 02:32:56 +0100: Memory Usage (460172K) : Executing rule npn13G2.bR 
2026-03-25 02:32:56 +0100: Memory Usage (460172K) : Executing rule npn13G2L.cR 
2026-03-25 02:32:56 +0100: Memory Usage (460172K) : Executing rule npn13G2V.cR 
2026-03-25 02:32:56 +0100: Memory Usage (460172K) : KLayout DRC run for tables 'npnsubstratetie' completed in 0.6 seconds
