# Logfile created on 2026-03-25 02:33:02 +0100 by logger.rb/v1.5.3
2026-03-25 02:33:02 +0100: Memory Usage (435696K) : Starting running IHP-SG13G2 KLayout DRC runset on /foss/designs/Design/xschem/HPAmplifier/OTA_Telescopic_backup/OTA_Telescopic_NO_FLATTEN/Layout_and_Related_files/OTA_Telescopic_TOP_wp.gds
2026-03-25 02:33:02 +0100: Memory Usage (435696K) : Ruby Version for klayout: 3.2.3
2026-03-25 02:33:02 +0100: Memory Usage (435740K) : Loading database to memory is complete.
2026-03-25 02:33:02 +0100: Memory Usage (435740K) : IHP-SG13G2 KLayout DRC runset output at: /foss/designs/Design/xschem/HPAmplifier/OTA_Telescopic_backup/OTA_Telescopic_NO_FLATTEN/Layout_and_Related_files/drc_run_OTA_Telescopic_TOP_wp/OTA_Telescopic_TOP_wp_OTA_Telescopic_TOP_wp_vian.lyrdb
2026-03-25 02:33:02 +0100: Memory Usage (435740K) : Evaluate switches.
2026-03-25 02:33:02 +0100: Memory Usage (435740K) : tables selected: vian
2026-03-25 02:33:02 +0100: Memory Usage (435740K) : KLayout will use 4 thread(s) in tiled mode.
2026-03-25 02:33:02 +0100: Memory Usage (435740K) : deep mode is enabled.
2026-03-25 02:33:02 +0100: Memory Usage (435740K) : FEOL enabled: false
2026-03-25 02:33:02 +0100: Memory Usage (435740K) : BEOL enabled: false
2026-03-25 02:33:02 +0100: Memory Usage (435740K) : OFFGRID enabled: true
2026-03-25 02:33:02 +0100: Memory Usage (435740K) : PIN enabled: false
2026-03-25 02:33:02 +0100: Memory Usage (435740K) : FORBIDDEN enabled: false
2026-03-25 02:33:02 +0100: Memory Usage (435740K) : RECOMMENDED enabled: true
2026-03-25 02:33:02 +0100: Memory Usage (435740K) : PreCheck DRC enabled: false
2026-03-25 02:33:02 +0100: Memory Usage (435740K) : CONNECTIVITY_RULES enabled: false.
2026-03-25 02:33:02 +0100: Memory Usage (435740K) : Read in polygons from layers.
2026-03-25 02:33:02 +0100: Memory Usage (437356K) : activ_drw has 5032 polygons
2026-03-25 02:33:02 +0100: Memory Usage (437356K) : activ_pin has 0 polygons
2026-03-25 02:33:02 +0100: Memory Usage (437356K) : activ_mask has 0 polygons
2026-03-25 02:33:02 +0100: Memory Usage (437356K) : activ_filler has 0 polygons
2026-03-25 02:33:02 +0100: Memory Usage (437356K) : activ_nofill has 0 polygons
2026-03-25 02:33:02 +0100: Memory Usage (437356K) : activ_opc has 0 polygons
2026-03-25 02:33:02 +0100: Memory Usage (437356K) : activ_iopc has 0 polygons
2026-03-25 02:33:02 +0100: Memory Usage (437356K) : activ_noqrc has 0 polygons
2026-03-25 02:33:02 +0100: Memory Usage (437356K) : biwind_drw has 0 polygons
2026-03-25 02:33:02 +0100: Memory Usage (437356K) : biwind_opc has 0 polygons
2026-03-25 02:33:02 +0100: Memory Usage (438424K) : pemwind_drw has 0 polygons
2026-03-25 02:33:02 +0100: Memory Usage (438424K) : gatpoly_drw has 2679 polygons
2026-03-25 02:33:02 +0100: Memory Usage (438424K) : gatpoly_pin has 377 polygons
2026-03-25 02:33:02 +0100: Memory Usage (438424K) : gatpoly_filler has 0 polygons
2026-03-25 02:33:02 +0100: Memory Usage (438424K) : gatpoly_nofill has 0 polygons
2026-03-25 02:33:02 +0100: Memory Usage (438424K) : gatpoly_opc has 0 polygons
2026-03-25 02:33:02 +0100: Memory Usage (438424K) : gatpoly_iopc has 0 polygons
2026-03-25 02:33:02 +0100: Memory Usage (438688K) : gatpoly_noqrc has 0 polygons
2026-03-25 02:33:02 +0100: Memory Usage (438688K) : cont_drw has 24680 polygons
2026-03-25 02:33:02 +0100: Memory Usage (438688K) : cont_opc has 0 polygons
2026-03-25 02:33:02 +0100: Memory Usage (438928K) : nsd_drw has 0 polygons
2026-03-25 02:33:02 +0100: Memory Usage (438928K) : nsd_block has 0 polygons
2026-03-25 02:33:02 +0100: Memory Usage (438928K) : metal1_drw has 7670 polygons
2026-03-25 02:33:02 +0100: Memory Usage (439188K) : metal1_pin has 2038 polygons
2026-03-25 02:33:02 +0100: Memory Usage (439188K) : metal1_mask has 0 polygons
2026-03-25 02:33:02 +0100: Memory Usage (439188K) : metal1_filler has 0 polygons
2026-03-25 02:33:02 +0100: Memory Usage (439188K) : metal1_nofill has 0 polygons
2026-03-25 02:33:02 +0100: Memory Usage (439452K) : metal1_slit has 0 polygons
2026-03-25 02:33:02 +0100: Memory Usage (439452K) : metal1_text has 1 polygons
2026-03-25 02:33:02 +0100: Memory Usage (439452K) : metal1_opc has 0 polygons
2026-03-25 02:33:02 +0100: Memory Usage (439452K) : metal1_noqrc has 0 polygons
2026-03-25 02:33:02 +0100: Memory Usage (439952K) : metal1_res has 0 polygons
2026-03-25 02:33:02 +0100: Memory Usage (439952K) : metal1_iprobe has 0 polygons
2026-03-25 02:33:02 +0100: Memory Usage (439952K) : metal1_diffprb has 0 polygons
2026-03-25 02:33:02 +0100: Memory Usage (439952K) : passiv_drw has 0 polygons
2026-03-25 02:33:02 +0100: Memory Usage (439952K) : passiv_pin has 0 polygons
2026-03-25 02:33:02 +0100: Memory Usage (440216K) : passiv_sbump has 0 polygons
2026-03-25 02:33:02 +0100: Memory Usage (440216K) : passiv_pillar has 0 polygons
2026-03-25 02:33:02 +0100: Memory Usage (440216K) : passiv_pdl has 0 polygons
2026-03-25 02:33:02 +0100: Memory Usage (440216K) : metal2_drw has 1317 polygons
2026-03-25 02:33:02 +0100: Memory Usage (440776K) : metal2_pin has 11 polygons
2026-03-25 02:33:02 +0100: Memory Usage (440776K) : metal2_mask has 0 polygons
2026-03-25 02:33:02 +0100: Memory Usage (440776K) : metal2_filler has 0 polygons
2026-03-25 02:33:02 +0100: Memory Usage (440776K) : metal2_nofill has 0 polygons
2026-03-25 02:33:02 +0100: Memory Usage (441040K) : metal2_slit has 0 polygons
2026-03-25 02:33:02 +0100: Memory Usage (441040K) : metal2_text has 6 polygons
2026-03-25 02:33:02 +0100: Memory Usage (441100K) : metal2_opc has 0 polygons
2026-03-25 02:33:02 +0100: Memory Usage (441100K) : metal2_noqrc has 0 polygons
2026-03-25 02:33:02 +0100: Memory Usage (441100K) : metal2_res has 0 polygons
2026-03-25 02:33:02 +0100: Memory Usage (441360K) : metal2_iprobe has 0 polygons
2026-03-25 02:33:02 +0100: Memory Usage (441360K) : metal2_diffprb has 0 polygons
2026-03-25 02:33:02 +0100: Memory Usage (441360K) : baspoly_drw has 0 polygons
2026-03-25 02:33:02 +0100: Memory Usage (441360K) : baspoly_pin has 0 polygons
2026-03-25 02:33:02 +0100: Memory Usage (441360K) : psd_drw has 1551 polygons
2026-03-25 02:33:02 +0100: Memory Usage (441624K) : nldb_drw has 0 polygons
2026-03-25 02:33:02 +0100: Memory Usage (441624K) : digibnd_drw has 0 polygons
2026-03-25 02:33:02 +0100: Memory Usage (441624K) : via1_drw has 9054 polygons
2026-03-25 02:33:02 +0100: Memory Usage (441948K) : backmetal1_drw has 0 polygons
2026-03-25 02:33:02 +0100: Memory Usage (441948K) : backmetal1_pin has 0 polygons
2026-03-25 02:33:02 +0100: Memory Usage (441948K) : backmetal1_mask has 0 polygons
2026-03-25 02:33:02 +0100: Memory Usage (441948K) : backmetal1_filler has 0 polygons
2026-03-25 02:33:02 +0100: Memory Usage (441948K) : backmetal1_nofill has 0 polygons
2026-03-25 02:33:02 +0100: Memory Usage (442212K) : backmetal1_slit has 0 polygons
2026-03-25 02:33:02 +0100: Memory Usage (442212K) : backmetal1_text has 0 polygons
2026-03-25 02:33:02 +0100: Memory Usage (442212K) : backmetal1_opc has 0 polygons
2026-03-25 02:33:02 +0100: Memory Usage (442212K) : backmetal1_noqrc has 0 polygons
2026-03-25 02:33:02 +0100: Memory Usage (442212K) : backmetal1_res has 0 polygons
2026-03-25 02:33:02 +0100: Memory Usage (442476K) : backmetal1_iprobe has 0 polygons
2026-03-25 02:33:02 +0100: Memory Usage (442476K) : backmetal1_diffprb has 0 polygons
2026-03-25 02:33:02 +0100: Memory Usage (442476K) : backpassiv_drw has 0 polygons
2026-03-25 02:33:02 +0100: Memory Usage (442476K) : res_drw has 0 polygons
2026-03-25 02:33:02 +0100: Memory Usage (442728K) : sram_drw has 0 polygons
2026-03-25 02:33:02 +0100: Memory Usage (442728K) : trans_drw has 0 polygons
2026-03-25 02:33:02 +0100: Memory Usage (442728K) : ind_drw has 0 polygons
2026-03-25 02:33:02 +0100: Memory Usage (442728K) : ind_pin has 0 polygons
2026-03-25 02:33:02 +0100: Memory Usage (442988K) : ind_text has 0 polygons
2026-03-25 02:33:02 +0100: Memory Usage (442988K) : salblock_drw has 7 polygons
2026-03-25 02:33:02 +0100: Memory Usage (443124K) : via2_drw has 4753 polygons
2026-03-25 02:33:02 +0100: Memory Usage (443124K) : metal3_drw has 226 polygons
2026-03-25 02:33:02 +0100: Memory Usage (443124K) : metal3_pin has 8 polygons
2026-03-25 02:33:02 +0100: Memory Usage (443340K) : metal3_mask has 0 polygons
2026-03-25 02:33:02 +0100: Memory Usage (443340K) : metal3_filler has 0 polygons
2026-03-25 02:33:02 +0100: Memory Usage (443340K) : metal3_nofill has 0 polygons
2026-03-25 02:33:02 +0100: Memory Usage (443600K) : metal3_slit has 0 polygons
2026-03-25 02:33:02 +0100: Memory Usage (443600K) : metal3_text has 2 polygons
2026-03-25 02:33:02 +0100: Memory Usage (443600K) : metal3_opc has 0 polygons
2026-03-25 02:33:02 +0100: Memory Usage (443600K) : metal3_noqrc has 0 polygons
2026-03-25 02:33:02 +0100: Memory Usage (443600K) : metal3_res has 0 polygons
2026-03-25 02:33:02 +0100: Memory Usage (443864K) : metal3_iprobe has 0 polygons
2026-03-25 02:33:02 +0100: Memory Usage (443864K) : metal3_diffprb has 0 polygons
2026-03-25 02:33:02 +0100: Memory Usage (443864K) : nwell_drw has 1216 polygons
2026-03-25 02:33:02 +0100: Memory Usage (443864K) : nwell_pin has 0 polygons
2026-03-25 02:33:03 +0100: Memory Usage (444128K) : nbulay_drw has 0 polygons
2026-03-25 02:33:03 +0100: Memory Usage (444128K) : nbulay_pin has 0 polygons
2026-03-25 02:33:03 +0100: Memory Usage (444128K) : nbulay_block has 0 polygons
2026-03-25 02:33:03 +0100: Memory Usage (444296K) : emwind_drw has 0 polygons
2026-03-25 02:33:03 +0100: Memory Usage (444296K) : emwind_opc has 0 polygons
2026-03-25 02:33:03 +0100: Memory Usage (444472K) : deepco_drw has 0 polygons
2026-03-25 02:33:03 +0100: Memory Usage (444472K) : deepco_drw has 0 polygons
2026-03-25 02:33:03 +0100: Memory Usage (444472K) : mim_drw has 2 polygons
2026-03-25 02:33:03 +0100: Memory Usage (444472K) : edgeseal_drw has 0 polygons
2026-03-25 02:33:03 +0100: Memory Usage (444732K) : edgeseal_bound has 0 polygons
2026-03-25 02:33:03 +0100: Memory Usage (444732K) : substrate_drw has 723 polygons
2026-03-25 02:33:03 +0100: Memory Usage (444732K) : substrate_text has 0 polygons
2026-03-25 02:33:03 +0100: Memory Usage (444732K) : dfpad_drw has 0 polygons
2026-03-25 02:33:03 +0100: Memory Usage (444732K) : dfpad_pillar has 0 polygons
2026-03-25 02:33:03 +0100: Memory Usage (444996K) : dfpad_sbump has 0 polygons
2026-03-25 02:33:03 +0100: Memory Usage (444996K) : thickgateox_drw has 0 polygons
2026-03-25 02:33:03 +0100: Memory Usage (444996K) : pldb_drw has 0 polygons
2026-03-25 02:33:03 +0100: Memory Usage (444996K) : pwell_drw has 0 polygons
2026-03-25 02:33:03 +0100: Memory Usage (444996K) : pwell_pin has 0 polygons
2026-03-25 02:33:03 +0100: Memory Usage (445260K) : pwell_block has 0 polygons
2026-03-25 02:33:03 +0100: Memory Usage (445260K) : ic_drw has 0 polygons
2026-03-25 02:33:03 +0100: Memory Usage (445364K) : via3_drw has 4357 polygons
2026-03-25 02:33:03 +0100: Memory Usage (445364K) : metal4_drw has 157 polygons
2026-03-25 02:33:03 +0100: Memory Usage (445624K) : metal4_pin has 3 polygons
2026-03-25 02:33:03 +0100: Memory Usage (445624K) : metal4_mask has 0 polygons
2026-03-25 02:33:03 +0100: Memory Usage (445624K) : metal4_filler has 0 polygons
2026-03-25 02:33:03 +0100: Memory Usage (445624K) : metal4_nofill has 0 polygons
2026-03-25 02:33:03 +0100: Memory Usage (445624K) : metal4_slit has 0 polygons
2026-03-25 02:33:03 +0100: Memory Usage (445888K) : metal4_text has 5 polygons
2026-03-25 02:33:03 +0100: Memory Usage (445888K) : metal4_opc has 0 polygons
2026-03-25 02:33:03 +0100: Memory Usage (445888K) : metal4_noqrc has 0 polygons
2026-03-25 02:33:03 +0100: Memory Usage (446024K) : metal4_res has 0 polygons
2026-03-25 02:33:03 +0100: Memory Usage (446024K) : metal4_iprobe has 0 polygons
2026-03-25 02:33:03 +0100: Memory Usage (446024K) : metal4_diffprb has 0 polygons
2026-03-25 02:33:03 +0100: Memory Usage (446284K) : heattrans_drw has 1555 polygons
2026-03-25 02:33:03 +0100: Memory Usage (446284K) : heatres_drw has 7 polygons
2026-03-25 02:33:03 +0100: Memory Usage (446284K) : pempoly_drw has 0 polygons
2026-03-25 02:33:03 +0100: Memory Usage (446284K) : fbe_drw has 0 polygons
2026-03-25 02:33:03 +0100: Memory Usage (446284K) : empoly_drw has 0 polygons
2026-03-25 02:33:03 +0100: Memory Usage (446540K) : ldmos_drw has 0 polygons
2026-03-25 02:33:03 +0100: Memory Usage (446540K) : pbiwind_drw has 0 polygons
2026-03-25 02:33:03 +0100: Memory Usage (446540K) : digisub_drw has 0 polygons
2026-03-25 02:33:03 +0100: Memory Usage (446800K) : nodrc_drw has 0 polygons
2026-03-25 02:33:03 +0100: Memory Usage (446800K) : text_drw has 1107 polygons
2026-03-25 02:33:03 +0100: Memory Usage (446800K) : via4_drw has 4250 polygons
2026-03-25 02:33:03 +0100: Memory Usage (446800K) : metal5_drw has 107 polygons
2026-03-25 02:33:03 +0100: Memory Usage (447064K) : metal5_pin has 12 polygons
2026-03-25 02:33:03 +0100: Memory Usage (447064K) : metal5_mask has 0 polygons
2026-03-25 02:33:03 +0100: Memory Usage (447064K) : metal5_filler has 0 polygons
2026-03-25 02:33:03 +0100: Memory Usage (447064K) : metal5_nofill has 0 polygons
2026-03-25 02:33:03 +0100: Memory Usage (447064K) : metal5_slit has 0 polygons
2026-03-25 02:33:03 +0100: Memory Usage (447328K) : metal5_text has 18 polygons
2026-03-25 02:33:03 +0100: Memory Usage (447328K) : metal5_opc has 0 polygons
2026-03-25 02:33:03 +0100: Memory Usage (447328K) : metal5_noqrc has 0 polygons
2026-03-25 02:33:03 +0100: Memory Usage (447328K) : metal5_res has 0 polygons
2026-03-25 02:33:03 +0100: Memory Usage (447328K) : metal5_iprobe has 0 polygons
2026-03-25 02:33:03 +0100: Memory Usage (447592K) : metal5_diffprb has 0 polygons
2026-03-25 02:33:03 +0100: Memory Usage (447700K) : radhard_drw has 0 polygons
2026-03-25 02:33:03 +0100: Memory Usage (447700K) : memcap_drw has 0 polygons
2026-03-25 02:33:03 +0100: Memory Usage (447700K) : varicap_drw has 0 polygons
2026-03-25 02:33:03 +0100: Memory Usage (447960K) : flash_drw has 0 polygons
2026-03-25 02:33:03 +0100: Memory Usage (447960K) : intbondvia_drw has 0 polygons
2026-03-25 02:33:03 +0100: Memory Usage (447960K) : intbondmet_drw has 0 polygons
2026-03-25 02:33:03 +0100: Memory Usage (447960K) : devbondvia_drw has 0 polygons
2026-03-25 02:33:03 +0100: Memory Usage (447960K) : devbondmet_drw has 0 polygons
2026-03-25 02:33:03 +0100: Memory Usage (448224K) : devtrench_drw has 0 polygons
2026-03-25 02:33:03 +0100: Memory Usage (448224K) : redist_drw has 0 polygons
2026-03-25 02:33:03 +0100: Memory Usage (448224K) : graphbot_drw has 0 polygons
2026-03-25 02:33:03 +0100: Memory Usage (448224K) : graphtop_drw has 0 polygons
2026-03-25 02:33:03 +0100: Memory Usage (448224K) : antvia1_drw has 0 polygons
2026-03-25 02:33:03 +0100: Memory Usage (448488K) : antmetal2_drw has 0 polygons
2026-03-25 02:33:03 +0100: Memory Usage (448488K) : graphcont_drw has 0 polygons
2026-03-25 02:33:03 +0100: Memory Usage (448488K) : siwg_drw has 0 polygons
2026-03-25 02:33:03 +0100: Memory Usage (448488K) : siwg_filler has 0 polygons
2026-03-25 02:33:03 +0100: Memory Usage (448752K) : siwg_nofill has 0 polygons
2026-03-25 02:33:03 +0100: Memory Usage (448760K) : sigrating_drw has 0 polygons
2026-03-25 02:33:03 +0100: Memory Usage (448760K) : singrating_drw has 0 polygons
2026-03-25 02:33:03 +0100: Memory Usage (448760K) : graphpas_drw has 0 polygons
2026-03-25 02:33:03 +0100: Memory Usage (449020K) : emwind3_drw has 0 polygons
2026-03-25 02:33:03 +0100: Memory Usage (449020K) : emwihv3_drw has 0 polygons
2026-03-25 02:33:03 +0100: Memory Usage (449020K) : redbulay_drw has 0 polygons
2026-03-25 02:33:03 +0100: Memory Usage (449020K) : smos_drw has 0 polygons
2026-03-25 02:33:03 +0100: Memory Usage (449020K) : graphpad_drw has 0 polygons
2026-03-25 02:33:03 +0100: Memory Usage (449260K) : polimide_drw has 0 polygons
2026-03-25 02:33:03 +0100: Memory Usage (449260K) : polimide_pin has 0 polygons
2026-03-25 02:33:03 +0100: Memory Usage (449260K) : recog_drw has 0 polygons
2026-03-25 02:33:03 +0100: Memory Usage (449260K) : recog_pin has 0 polygons
2026-03-25 02:33:03 +0100: Memory Usage (449260K) : recog_esd has 0 polygons
2026-03-25 02:33:03 +0100: Memory Usage (449520K) : recog_diode has 0 polygons
2026-03-25 02:33:03 +0100: Memory Usage (449520K) : recog_tsv has 0 polygons
2026-03-25 02:33:03 +0100: Memory Usage (449520K) : recog_iprobe has 0 polygons
2026-03-25 02:33:03 +0100: Memory Usage (449520K) : recog_diffprb has 0 polygons
2026-03-25 02:33:03 +0100: Memory Usage (449520K) : recog_pillar has 0 polygons
2026-03-25 02:33:03 +0100: Memory Usage (449520K) : recog_sbump has 0 polygons
2026-03-25 02:33:03 +0100: Memory Usage (449520K) : recog_otp has 0 polygons
2026-03-25 02:33:03 +0100: Memory Usage (449784K) : recog_pdiode has 0 polygons
2026-03-25 02:33:03 +0100: Memory Usage (449784K) : recog_mom has 0 polygons
2026-03-25 02:33:03 +0100: Memory Usage (449784K) : recog_pcm has 0 polygons
2026-03-25 02:33:03 +0100: Memory Usage (449784K) : colopen_drw has 0 polygons
2026-03-25 02:33:03 +0100: Memory Usage (449784K) : graphmetal1_drw has 0 polygons
2026-03-25 02:33:03 +0100: Memory Usage (449784K) : graphmetal1_filler has 0 polygons
2026-03-25 02:33:03 +0100: Memory Usage (449784K) : graphmetal1_nofill has 0 polygons
2026-03-25 02:33:03 +0100: Memory Usage (450048K) : graphmetal1_slit has 0 polygons
2026-03-25 02:33:03 +0100: Memory Usage (450048K) : graphmetal1_opc has 0 polygons
2026-03-25 02:33:03 +0100: Memory Usage (450048K) : graphmet1l_drw has 0 polygons
2026-03-25 02:33:03 +0100: Memory Usage (450048K) : graphmet1l_filler has 0 polygons
2026-03-25 02:33:03 +0100: Memory Usage (450048K) : graphmet1l_nofill has 0 polygons
2026-03-25 02:33:03 +0100: Memory Usage (450312K) : graphmet1l_slit has 0 polygons
2026-03-25 02:33:03 +0100: Memory Usage (450312K) : graphmet1l_opc has 0 polygons
2026-03-25 02:33:03 +0100: Memory Usage (450312K) : extblock_drw has 21 polygons
2026-03-25 02:33:03 +0100: Memory Usage (450312K) : nldd_drw has 0 polygons
2026-03-25 02:33:03 +0100: Memory Usage (450576K) : pldd_drw has 0 polygons
2026-03-25 02:33:03 +0100: Memory Usage (450576K) : next_drw has 0 polygons
2026-03-25 02:33:03 +0100: Memory Usage (450576K) : pext_drw has 0 polygons
2026-03-25 02:33:03 +0100: Memory Usage (450576K) : nexthv_drw has 0 polygons
2026-03-25 02:33:03 +0100: Memory Usage (450576K) : pexthv_drw has 0 polygons
2026-03-25 02:33:03 +0100: Memory Usage (450840K) : graphgate_drw has 0 polygons
2026-03-25 02:33:03 +0100: Memory Usage (450840K) : sinwg_drw has 0 polygons
2026-03-25 02:33:03 +0100: Memory Usage (450840K) : sinwg_filler has 0 polygons
2026-03-25 02:33:03 +0100: Memory Usage (450840K) : sinwg_nofill has 0 polygons
2026-03-25 02:33:03 +0100: Memory Usage (450840K) : mempad_drw has 0 polygons
2026-03-25 02:33:03 +0100: Memory Usage (450840K) : topvia1_drw has 924 polygons
2026-03-25 02:33:03 +0100: Memory Usage (450840K) : topmetal1_drw has 120 polygons
2026-03-25 02:33:03 +0100: Memory Usage (451104K) : topmetal1_pin has 15 polygons
2026-03-25 02:33:03 +0100: Memory Usage (451104K) : topmetal1_mask has 0 polygons
2026-03-25 02:33:03 +0100: Memory Usage (451104K) : topmetal1_filler has 0 polygons
2026-03-25 02:33:03 +0100: Memory Usage (451104K) : topmetal1_nofill has 0 polygons
2026-03-25 02:33:03 +0100: Memory Usage (451104K) : topmetal1_slit has 0 polygons
2026-03-25 02:33:03 +0100: Memory Usage (451368K) : topmetal1_text has 4 polygons
2026-03-25 02:33:03 +0100: Memory Usage (451368K) : topmetal1_noqrc has 0 polygons
2026-03-25 02:33:03 +0100: Memory Usage (451368K) : topmetal1_res has 0 polygons
2026-03-25 02:33:03 +0100: Memory Usage (451368K) : topmetal1_iprobe has 0 polygons
2026-03-25 02:33:03 +0100: Memory Usage (451368K) : topmetal1_diffprb has 0 polygons
2026-03-25 02:33:03 +0100: Memory Usage (451368K) : inldpwl_drw has 0 polygons
2026-03-25 02:33:03 +0100: Memory Usage (451632K) : polyres_drw has 7 polygons
2026-03-25 02:33:03 +0100: Memory Usage (451632K) : polyres_pin has 0 polygons
2026-03-25 02:33:03 +0100: Memory Usage (451632K) : vmim_drw has 578 polygons
2026-03-25 02:33:03 +0100: Memory Usage (451632K) : nbulaycut_drw has 0 polygons
2026-03-25 02:33:03 +0100: Memory Usage (451632K) : antmetal1_drw has 0 polygons
2026-03-25 02:33:03 +0100: Memory Usage (451896K) : topvia2_drw has 0 polygons
2026-03-25 02:33:03 +0100: Memory Usage (451896K) : topmetal2_drw has 0 polygons
2026-03-25 02:33:03 +0100: Memory Usage (451896K) : topmetal2_pin has 0 polygons
2026-03-25 02:33:03 +0100: Memory Usage (451896K) : topmetal2_mask has 0 polygons
2026-03-25 02:33:03 +0100: Memory Usage (452160K) : topmetal2_filler has 0 polygons
2026-03-25 02:33:03 +0100: Memory Usage (452160K) : topmetal2_nofill has 0 polygons
2026-03-25 02:33:03 +0100: Memory Usage (452160K) : topmetal2_slit has 0 polygons
2026-03-25 02:33:03 +0100: Memory Usage (452160K) : topmetal2_text has 0 polygons
2026-03-25 02:33:03 +0100: Memory Usage (452160K) : topmetal2_noqrc has 0 polygons
2026-03-25 02:33:03 +0100: Memory Usage (452424K) : topmetal2_res has 0 polygons
2026-03-25 02:33:03 +0100: Memory Usage (452424K) : topmetal2_iprobe has 0 polygons
2026-03-25 02:33:03 +0100: Memory Usage (452424K) : topmetal2_diffprb has 0 polygons
2026-03-25 02:33:03 +0100: Memory Usage (452424K) : snsring_drw has 0 polygons
2026-03-25 02:33:03 +0100: Memory Usage (452424K) : sensor_drw has 0 polygons
2026-03-25 02:33:03 +0100: Memory Usage (452688K) : snsarms_drw has 0 polygons
2026-03-25 02:33:03 +0100: Memory Usage (452688K) : snscmosvia_drw has 0 polygons
2026-03-25 02:33:03 +0100: Memory Usage (452688K) : colwind_drw has 0 polygons
2026-03-25 02:33:03 +0100: Memory Usage (452688K) : flm_drw has 0 polygons
2026-03-25 02:33:03 +0100: Memory Usage (452688K) : hafniumox_drw has 0 polygons
2026-03-25 02:33:03 +0100: Memory Usage (452952K) : memvia_drw has 0 polygons
2026-03-25 02:33:03 +0100: Memory Usage (452952K) : thinfilmres_drw has 0 polygons
2026-03-25 02:33:03 +0100: Memory Usage (452952K) : rfmem_drw has 0 polygons
2026-03-25 02:33:03 +0100: Memory Usage (452952K) : norcx_drw has 0 polygons
2026-03-25 02:33:03 +0100: Memory Usage (452952K) : norcx_m2m3 has 0 polygons
2026-03-25 02:33:03 +0100: Memory Usage (453216K) : norcx_m2m4 has 0 polygons
2026-03-25 02:33:03 +0100: Memory Usage (453216K) : norcx_m2m5 has 0 polygons
2026-03-25 02:33:03 +0100: Memory Usage (453216K) : norcx_m2tm1 has 0 polygons
2026-03-25 02:33:03 +0100: Memory Usage (453216K) : norcx_m2tm2 has 0 polygons
2026-03-25 02:33:03 +0100: Memory Usage (453216K) : norcx_m3m4 has 0 polygons
2026-03-25 02:33:03 +0100: Memory Usage (453216K) : norcx_m3m5 has 0 polygons
2026-03-25 02:33:03 +0100: Memory Usage (453216K) : norcx_m3tm1 has 0 polygons
2026-03-25 02:33:03 +0100: Memory Usage (453216K) : norcx_m3tm2 has 0 polygons
2026-03-25 02:33:03 +0100: Memory Usage (453480K) : norcx_m4m5 has 0 polygons
2026-03-25 02:33:03 +0100: Memory Usage (453480K) : norcx_m4tm1 has 0 polygons
2026-03-25 02:33:03 +0100: Memory Usage (453480K) : norcx_m4tm2 has 0 polygons
2026-03-25 02:33:03 +0100: Memory Usage (453480K) : norcx_m5tm1 has 0 polygons
2026-03-25 02:33:03 +0100: Memory Usage (453480K) : norcx_m5tm2 has 0 polygons
2026-03-25 02:33:03 +0100: Memory Usage (453480K) : norcx_tm1tm2 has 0 polygons
2026-03-25 02:33:03 +0100: Memory Usage (453480K) : norcx_m1sub has 0 polygons
2026-03-25 02:33:03 +0100: Memory Usage (453744K) : norcx_m2sub has 0 polygons
2026-03-25 02:33:03 +0100: Memory Usage (453744K) : norcx_m3sub has 0 polygons
2026-03-25 02:33:03 +0100: Memory Usage (453744K) : norcx_m4sub has 0 polygons
2026-03-25 02:33:03 +0100: Memory Usage (453744K) : norcx_m5sub has 0 polygons
2026-03-25 02:33:03 +0100: Memory Usage (453744K) : norcx_tm1sub has 0 polygons
2026-03-25 02:33:03 +0100: Memory Usage (453744K) : norcx_tm2sub has 0 polygons
2026-03-25 02:33:03 +0100: Memory Usage (454008K) : snsbotvia_drw has 0 polygons
2026-03-25 02:33:03 +0100: Memory Usage (454008K) : snstopvia_drw has 0 polygons
2026-03-25 02:33:03 +0100: Memory Usage (454008K) : deepvia_drw has 0 polygons
2026-03-25 02:33:03 +0100: Memory Usage (454008K) : fgetch_drw has 0 polygons
2026-03-25 02:33:03 +0100: Memory Usage (454008K) : ctrgat_drw has 0 polygons
2026-03-25 02:33:03 +0100: Memory Usage (454008K) : fgimp_drw has 0 polygons
2026-03-25 02:33:03 +0100: Memory Usage (454008K) : emwihv_drw has 0 polygons
2026-03-25 02:33:03 +0100: Memory Usage (454272K) : lbe_drw has 0 polygons
2026-03-25 02:33:03 +0100: Memory Usage (454272K) : alcustop_drw has 0 polygons
2026-03-25 02:33:03 +0100: Memory Usage (454272K) : nometfiller_drw has 0 polygons
2026-03-25 02:33:03 +0100: Memory Usage (454272K) : prboundary_drw has 0 polygons
2026-03-25 02:33:03 +0100: Memory Usage (454272K) : exchange0_drw has 0 polygons
2026-03-25 02:33:03 +0100: Memory Usage (454272K) : exchange0_pin has 0 polygons
2026-03-25 02:33:03 +0100: Memory Usage (454536K) : exchange0_text has 0 polygons
2026-03-25 02:33:03 +0100: Memory Usage (454536K) : exchange1_drw has 0 polygons
2026-03-25 02:33:03 +0100: Memory Usage (454536K) : exchange1_pin has 0 polygons
2026-03-25 02:33:03 +0100: Memory Usage (454536K) : exchange1_text has 0 polygons
2026-03-25 02:33:03 +0100: Memory Usage (454536K) : exchange2_drw has 0 polygons
2026-03-25 02:33:03 +0100: Memory Usage (454800K) : exchange2_pin has 0 polygons
2026-03-25 02:33:03 +0100: Memory Usage (454800K) : exchange2_text has 0 polygons
2026-03-25 02:33:03 +0100: Memory Usage (454800K) : exchange3_drw has 0 polygons
2026-03-25 02:33:03 +0100: Memory Usage (454800K) : exchange3_pin has 0 polygons
2026-03-25 02:33:03 +0100: Memory Usage (454800K) : exchange3_text has 0 polygons
2026-03-25 02:33:03 +0100: Memory Usage (454800K) : exchange4_drw has 0 polygons
2026-03-25 02:33:03 +0100: Memory Usage (454800K) : exchange4_pin has 0 polygons
2026-03-25 02:33:03 +0100: Memory Usage (454800K) : exchange4_text has 0 polygons
2026-03-25 02:33:03 +0100: Memory Usage (454800K) : isonwell_drw has 0 polygons
2026-03-25 02:33:03 +0100: Memory Usage (454800K) : Total no. of polygons in the design is 74600
2026-03-25 02:33:03 +0100: Memory Usage (454800K) : Loaded TECH DRC rules values from /foss/pdks/ihp-sg13g2/libs.tech/klayout/python/sg13g2_pycell_lib/sg13g2_tech_mod.json
2026-03-25 02:33:03 +0100: Memory Usage (454800K) : Loaded default DRC rules values from /foss/pdks/ihp-sg13g2/libs.tech/klayout/tech/drc/rule_decks/sg13g2_tech_default.json
2026-03-25 02:33:03 +0100: Memory Usage (454800K) : The following rules values were missing in tech json and default values were used:
2026-03-25 02:33:03 +0100: Memory Usage (454800K) :   - Cnt_c_digibnd
2026-03-25 02:33:03 +0100: Memory Usage (455064K) : Total area of the design is 28136.451999999997 um^2.
2026-03-25 02:33:03 +0100: Memory Usage (455064K) : The design dimensions are 211.6 µm * 132.97 µm.
2026-03-25 02:33:03 +0100: Memory Usage (455064K) : Starting general IHP-SG13G2 derivations.
2026-03-25 02:33:03 +0100: Memory Usage (455064K) : Starting Pwell derivations
2026-03-25 02:33:03 +0100: Memory Usage (458864K) : Starting IHP-SG13G2 DRC rules.
2026-03-25 02:33:03 +0100: Memory Usage (458864K) : Starting 5.20. Vian table
2026-03-25 02:33:03 +0100: Memory Usage (459428K) : Executing rule V2.a
2026-03-25 02:33:03 +0100: Memory Usage (460076K) : Executing rule V2.b
2026-03-25 02:33:03 +0100: Memory Usage (460948K) : Executing rule V2.c
2026-03-25 02:33:03 +0100: Memory Usage (462016K) : Executing rule V3.a
2026-03-25 02:33:03 +0100: Memory Usage (462016K) : Executing rule V3.b
2026-03-25 02:33:03 +0100: Memory Usage (462248K) : Executing rule V3.c
2026-03-25 02:33:03 +0100: Memory Usage (462216K) : Executing rule V4.a
2026-03-25 02:33:03 +0100: Memory Usage (462216K) : Executing rule V4.b
2026-03-25 02:33:03 +0100: Memory Usage (462312K) : Executing rule V4.c
2026-03-25 02:33:03 +0100: Memory Usage (462300K) : KLayout DRC run for tables 'vian' completed in 0.6 seconds
