# Logfile created on 2026-03-25 02:33:00 +0100 by logger.rb/v1.5.3
2026-03-25 02:33:00 +0100: Memory Usage (436288K) : Starting running IHP-SG13G2 KLayout DRC runset on /foss/designs/Design/xschem/HPAmplifier/OTA_Telescopic_backup/OTA_Telescopic_NO_FLATTEN/Layout_and_Related_files/OTA_Telescopic_TOP_wp.gds
2026-03-25 02:33:00 +0100: Memory Usage (436288K) : Ruby Version for klayout: 3.2.3
2026-03-25 02:33:00 +0100: Memory Usage (436288K) : Loading database to memory is complete.
2026-03-25 02:33:00 +0100: Memory Usage (437964K) : IHP-SG13G2 KLayout DRC runset output at: /foss/designs/Design/xschem/HPAmplifier/OTA_Telescopic_backup/OTA_Telescopic_NO_FLATTEN/Layout_and_Related_files/drc_run_OTA_Telescopic_TOP_wp/OTA_Telescopic_TOP_wp_OTA_Telescopic_TOP_wp_activfiller.lyrdb
2026-03-25 02:33:00 +0100: Memory Usage (437964K) : Evaluate switches.
2026-03-25 02:33:00 +0100: Memory Usage (437964K) : tables selected: activfiller
2026-03-25 02:33:00 +0100: Memory Usage (437964K) : KLayout will use 4 thread(s) in tiled mode.
2026-03-25 02:33:00 +0100: Memory Usage (437964K) : deep mode is enabled.
2026-03-25 02:33:00 +0100: Memory Usage (437964K) : FEOL enabled: false
2026-03-25 02:33:00 +0100: Memory Usage (437964K) : BEOL enabled: false
2026-03-25 02:33:00 +0100: Memory Usage (437964K) : OFFGRID enabled: true
2026-03-25 02:33:00 +0100: Memory Usage (437964K) : PIN enabled: false
2026-03-25 02:33:00 +0100: Memory Usage (437964K) : FORBIDDEN enabled: false
2026-03-25 02:33:00 +0100: Memory Usage (437964K) : RECOMMENDED enabled: true
2026-03-25 02:33:00 +0100: Memory Usage (437964K) : PreCheck DRC enabled: false
2026-03-25 02:33:00 +0100: Memory Usage (437964K) : CONNECTIVITY_RULES enabled: false.
2026-03-25 02:33:00 +0100: Memory Usage (437964K) : Read in polygons from layers.
2026-03-25 02:33:00 +0100: Memory Usage (437964K) : activ_drw has 5032 polygons
2026-03-25 02:33:00 +0100: Memory Usage (437964K) : activ_pin has 0 polygons
2026-03-25 02:33:00 +0100: Memory Usage (437964K) : activ_mask has 0 polygons
2026-03-25 02:33:00 +0100: Memory Usage (437964K) : activ_filler has 0 polygons
2026-03-25 02:33:00 +0100: Memory Usage (437964K) : activ_nofill has 0 polygons
2026-03-25 02:33:00 +0100: Memory Usage (437964K) : activ_opc has 0 polygons
2026-03-25 02:33:00 +0100: Memory Usage (437964K) : activ_iopc has 0 polygons
2026-03-25 02:33:00 +0100: Memory Usage (437964K) : activ_noqrc has 0 polygons
2026-03-25 02:33:00 +0100: Memory Usage (437964K) : biwind_drw has 0 polygons
2026-03-25 02:33:00 +0100: Memory Usage (437964K) : biwind_opc has 0 polygons
2026-03-25 02:33:00 +0100: Memory Usage (439056K) : pemwind_drw has 0 polygons
2026-03-25 02:33:00 +0100: Memory Usage (439056K) : gatpoly_drw has 2679 polygons
2026-03-25 02:33:00 +0100: Memory Usage (439056K) : gatpoly_pin has 377 polygons
2026-03-25 02:33:00 +0100: Memory Usage (439056K) : gatpoly_filler has 0 polygons
2026-03-25 02:33:00 +0100: Memory Usage (439056K) : gatpoly_nofill has 0 polygons
2026-03-25 02:33:00 +0100: Memory Usage (439056K) : gatpoly_opc has 0 polygons
2026-03-25 02:33:00 +0100: Memory Usage (439320K) : gatpoly_iopc has 0 polygons
2026-03-25 02:33:00 +0100: Memory Usage (439320K) : gatpoly_noqrc has 0 polygons
2026-03-25 02:33:00 +0100: Memory Usage (439320K) : cont_drw has 24680 polygons
2026-03-25 02:33:00 +0100: Memory Usage (439320K) : cont_opc has 0 polygons
2026-03-25 02:33:00 +0100: Memory Usage (439584K) : nsd_drw has 0 polygons
2026-03-25 02:33:00 +0100: Memory Usage (439692K) : nsd_block has 0 polygons
2026-03-25 02:33:00 +0100: Memory Usage (439692K) : metal1_drw has 7670 polygons
2026-03-25 02:33:00 +0100: Memory Usage (439692K) : metal1_pin has 2038 polygons
2026-03-25 02:33:00 +0100: Memory Usage (439952K) : metal1_mask has 0 polygons
2026-03-25 02:33:00 +0100: Memory Usage (439952K) : metal1_filler has 0 polygons
2026-03-25 02:33:00 +0100: Memory Usage (439952K) : metal1_nofill has 0 polygons
2026-03-25 02:33:00 +0100: Memory Usage (439952K) : metal1_slit has 0 polygons
2026-03-25 02:33:00 +0100: Memory Usage (440216K) : metal1_text has 1 polygons
2026-03-25 02:33:00 +0100: Memory Usage (440216K) : metal1_opc has 0 polygons
2026-03-25 02:33:00 +0100: Memory Usage (440216K) : metal1_noqrc has 0 polygons
2026-03-25 02:33:00 +0100: Memory Usage (440216K) : metal1_res has 0 polygons
2026-03-25 02:33:00 +0100: Memory Usage (440216K) : metal1_iprobe has 0 polygons
2026-03-25 02:33:00 +0100: Memory Usage (440836K) : metal1_diffprb has 0 polygons
2026-03-25 02:33:00 +0100: Memory Usage (440836K) : passiv_drw has 0 polygons
2026-03-25 02:33:00 +0100: Memory Usage (440836K) : passiv_pin has 0 polygons
2026-03-25 02:33:00 +0100: Memory Usage (440836K) : passiv_sbump has 0 polygons
2026-03-25 02:33:00 +0100: Memory Usage (441100K) : passiv_pillar has 0 polygons
2026-03-25 02:33:00 +0100: Memory Usage (441100K) : passiv_pdl has 0 polygons
2026-03-25 02:33:00 +0100: Memory Usage (441100K) : metal2_drw has 1317 polygons
2026-03-25 02:33:00 +0100: Memory Usage (441100K) : metal2_pin has 11 polygons
2026-03-25 02:33:00 +0100: Memory Usage (441720K) : metal2_mask has 0 polygons
2026-03-25 02:33:00 +0100: Memory Usage (441720K) : metal2_filler has 0 polygons
2026-03-25 02:33:00 +0100: Memory Usage (441720K) : metal2_nofill has 0 polygons
2026-03-25 02:33:00 +0100: Memory Usage (441720K) : metal2_slit has 0 polygons
2026-03-25 02:33:00 +0100: Memory Usage (441984K) : metal2_text has 6 polygons
2026-03-25 02:33:00 +0100: Memory Usage (441984K) : metal2_opc has 0 polygons
2026-03-25 02:33:00 +0100: Memory Usage (442036K) : metal2_noqrc has 0 polygons
2026-03-25 02:33:00 +0100: Memory Usage (442036K) : metal2_res has 0 polygons
2026-03-25 02:33:00 +0100: Memory Usage (442036K) : metal2_iprobe has 0 polygons
2026-03-25 02:33:00 +0100: Memory Usage (442296K) : metal2_diffprb has 0 polygons
2026-03-25 02:33:00 +0100: Memory Usage (442296K) : baspoly_drw has 0 polygons
2026-03-25 02:33:00 +0100: Memory Usage (442296K) : baspoly_pin has 0 polygons
2026-03-25 02:33:00 +0100: Memory Usage (442296K) : psd_drw has 1551 polygons
2026-03-25 02:33:00 +0100: Memory Usage (442296K) : nldb_drw has 0 polygons
2026-03-25 02:33:00 +0100: Memory Usage (442560K) : digibnd_drw has 0 polygons
2026-03-25 02:33:00 +0100: Memory Usage (442560K) : via1_drw has 9054 polygons
2026-03-25 02:33:00 +0100: Memory Usage (442560K) : backmetal1_drw has 0 polygons
2026-03-25 02:33:00 +0100: Memory Usage (442824K) : backmetal1_pin has 0 polygons
2026-03-25 02:33:00 +0100: Memory Usage (442824K) : backmetal1_mask has 0 polygons
2026-03-25 02:33:00 +0100: Memory Usage (442824K) : backmetal1_filler has 0 polygons
2026-03-25 02:33:00 +0100: Memory Usage (442824K) : backmetal1_nofill has 0 polygons
2026-03-25 02:33:00 +0100: Memory Usage (442824K) : backmetal1_slit has 0 polygons
2026-03-25 02:33:00 +0100: Memory Usage (443088K) : backmetal1_text has 0 polygons
2026-03-25 02:33:00 +0100: Memory Usage (443088K) : backmetal1_opc has 0 polygons
2026-03-25 02:33:00 +0100: Memory Usage (443088K) : backmetal1_noqrc has 0 polygons
2026-03-25 02:33:00 +0100: Memory Usage (443088K) : backmetal1_res has 0 polygons
2026-03-25 02:33:00 +0100: Memory Usage (443088K) : backmetal1_iprobe has 0 polygons
2026-03-25 02:33:00 +0100: Memory Usage (443352K) : backmetal1_diffprb has 0 polygons
2026-03-25 02:33:00 +0100: Memory Usage (443352K) : backpassiv_drw has 0 polygons
2026-03-25 02:33:00 +0100: Memory Usage (443352K) : res_drw has 0 polygons
2026-03-25 02:33:00 +0100: Memory Usage (443352K) : sram_drw has 0 polygons
2026-03-25 02:33:00 +0100: Memory Usage (443620K) : trans_drw has 0 polygons
2026-03-25 02:33:00 +0100: Memory Usage (443620K) : ind_drw has 0 polygons
2026-03-25 02:33:00 +0100: Memory Usage (443620K) : ind_pin has 0 polygons
2026-03-25 02:33:00 +0100: Memory Usage (443620K) : ind_text has 0 polygons
2026-03-25 02:33:00 +0100: Memory Usage (443880K) : salblock_drw has 7 polygons
2026-03-25 02:33:00 +0100: Memory Usage (443880K) : via2_drw has 4753 polygons
2026-03-25 02:33:00 +0100: Memory Usage (443880K) : metal3_drw has 226 polygons
2026-03-25 02:33:00 +0100: Memory Usage (444144K) : metal3_pin has 8 polygons
2026-03-25 02:33:00 +0100: Memory Usage (444144K) : metal3_mask has 0 polygons
2026-03-25 02:33:00 +0100: Memory Usage (444144K) : metal3_filler has 0 polygons
2026-03-25 02:33:00 +0100: Memory Usage (444144K) : metal3_nofill has 0 polygons
2026-03-25 02:33:00 +0100: Memory Usage (444408K) : metal3_slit has 0 polygons
2026-03-25 02:33:00 +0100: Memory Usage (444408K) : metal3_text has 2 polygons
2026-03-25 02:33:00 +0100: Memory Usage (444408K) : metal3_opc has 0 polygons
2026-03-25 02:33:00 +0100: Memory Usage (444408K) : metal3_noqrc has 0 polygons
2026-03-25 02:33:00 +0100: Memory Usage (444672K) : metal3_res has 0 polygons
2026-03-25 02:33:00 +0100: Memory Usage (444672K) : metal3_iprobe has 0 polygons
2026-03-25 02:33:00 +0100: Memory Usage (444672K) : metal3_diffprb has 0 polygons
2026-03-25 02:33:00 +0100: Memory Usage (444672K) : nwell_drw has 1216 polygons
2026-03-25 02:33:00 +0100: Memory Usage (444672K) : nwell_pin has 0 polygons
2026-03-25 02:33:00 +0100: Memory Usage (444936K) : nbulay_drw has 0 polygons
2026-03-25 02:33:00 +0100: Memory Usage (444936K) : nbulay_pin has 0 polygons
2026-03-25 02:33:00 +0100: Memory Usage (444936K) : nbulay_block has 0 polygons
2026-03-25 02:33:00 +0100: Memory Usage (444936K) : emwind_drw has 0 polygons
2026-03-25 02:33:00 +0100: Memory Usage (445136K) : emwind_opc has 0 polygons
2026-03-25 02:33:00 +0100: Memory Usage (445136K) : deepco_drw has 0 polygons
2026-03-25 02:33:00 +0100: Memory Usage (445356K) : deepco_drw has 0 polygons
2026-03-25 02:33:00 +0100: Memory Usage (445356K) : mim_drw has 2 polygons
2026-03-25 02:33:00 +0100: Memory Usage (445356K) : edgeseal_drw has 0 polygons
2026-03-25 02:33:00 +0100: Memory Usage (445356K) : edgeseal_bound has 0 polygons
2026-03-25 02:33:00 +0100: Memory Usage (445616K) : substrate_drw has 723 polygons
2026-03-25 02:33:00 +0100: Memory Usage (445616K) : substrate_text has 0 polygons
2026-03-25 02:33:00 +0100: Memory Usage (445616K) : dfpad_drw has 0 polygons
2026-03-25 02:33:00 +0100: Memory Usage (445616K) : dfpad_pillar has 0 polygons
2026-03-25 02:33:00 +0100: Memory Usage (445616K) : dfpad_sbump has 0 polygons
2026-03-25 02:33:00 +0100: Memory Usage (445880K) : thickgateox_drw has 0 polygons
2026-03-25 02:33:00 +0100: Memory Usage (445880K) : pldb_drw has 0 polygons
2026-03-25 02:33:00 +0100: Memory Usage (445880K) : pwell_drw has 0 polygons
2026-03-25 02:33:00 +0100: Memory Usage (445880K) : pwell_pin has 0 polygons
2026-03-25 02:33:00 +0100: Memory Usage (445880K) : pwell_block has 0 polygons
2026-03-25 02:33:00 +0100: Memory Usage (446144K) : ic_drw has 0 polygons
2026-03-25 02:33:00 +0100: Memory Usage (446144K) : via3_drw has 4357 polygons
2026-03-25 02:33:00 +0100: Memory Usage (446248K) : metal4_drw has 157 polygons
2026-03-25 02:33:00 +0100: Memory Usage (446248K) : metal4_pin has 3 polygons
2026-03-25 02:33:00 +0100: Memory Usage (446508K) : metal4_mask has 0 polygons
2026-03-25 02:33:00 +0100: Memory Usage (446508K) : metal4_filler has 0 polygons
2026-03-25 02:33:00 +0100: Memory Usage (446508K) : metal4_nofill has 0 polygons
2026-03-25 02:33:00 +0100: Memory Usage (446508K) : metal4_slit has 0 polygons
2026-03-25 02:33:00 +0100: Memory Usage (446508K) : metal4_text has 5 polygons
2026-03-25 02:33:00 +0100: Memory Usage (446772K) : metal4_opc has 0 polygons
2026-03-25 02:33:00 +0100: Memory Usage (446772K) : metal4_noqrc has 0 polygons
2026-03-25 02:33:00 +0100: Memory Usage (446772K) : metal4_res has 0 polygons
2026-03-25 02:33:00 +0100: Memory Usage (446916K) : metal4_iprobe has 0 polygons
2026-03-25 02:33:00 +0100: Memory Usage (446916K) : metal4_diffprb has 0 polygons
2026-03-25 02:33:00 +0100: Memory Usage (446916K) : heattrans_drw has 1555 polygons
2026-03-25 02:33:00 +0100: Memory Usage (447176K) : heatres_drw has 7 polygons
2026-03-25 02:33:00 +0100: Memory Usage (447176K) : pempoly_drw has 0 polygons
2026-03-25 02:33:00 +0100: Memory Usage (447176K) : fbe_drw has 0 polygons
2026-03-25 02:33:00 +0100: Memory Usage (447176K) : empoly_drw has 0 polygons
2026-03-25 02:33:00 +0100: Memory Usage (447176K) : ldmos_drw has 0 polygons
2026-03-25 02:33:00 +0100: Memory Usage (447436K) : pbiwind_drw has 0 polygons
2026-03-25 02:33:00 +0100: Memory Usage (447436K) : digisub_drw has 0 polygons
2026-03-25 02:33:00 +0100: Memory Usage (447436K) : nodrc_drw has 0 polygons
2026-03-25 02:33:00 +0100: Memory Usage (447696K) : text_drw has 1107 polygons
2026-03-25 02:33:00 +0100: Memory Usage (447696K) : via4_drw has 4250 polygons
2026-03-25 02:33:00 +0100: Memory Usage (447696K) : metal5_drw has 107 polygons
2026-03-25 02:33:00 +0100: Memory Usage (447696K) : metal5_pin has 12 polygons
2026-03-25 02:33:00 +0100: Memory Usage (447960K) : metal5_mask has 0 polygons
2026-03-25 02:33:00 +0100: Memory Usage (447960K) : metal5_filler has 0 polygons
2026-03-25 02:33:00 +0100: Memory Usage (447960K) : metal5_nofill has 0 polygons
2026-03-25 02:33:00 +0100: Memory Usage (447960K) : metal5_slit has 0 polygons
2026-03-25 02:33:00 +0100: Memory Usage (447960K) : metal5_text has 18 polygons
2026-03-25 02:33:00 +0100: Memory Usage (448224K) : metal5_opc has 0 polygons
2026-03-25 02:33:00 +0100: Memory Usage (448224K) : metal5_noqrc has 0 polygons
2026-03-25 02:33:00 +0100: Memory Usage (448224K) : metal5_res has 0 polygons
2026-03-25 02:33:00 +0100: Memory Usage (448224K) : metal5_iprobe has 0 polygons
2026-03-25 02:33:00 +0100: Memory Usage (448224K) : metal5_diffprb has 0 polygons
2026-03-25 02:33:00 +0100: Memory Usage (448516K) : radhard_drw has 0 polygons
2026-03-25 02:33:00 +0100: Memory Usage (448584K) : memcap_drw has 0 polygons
2026-03-25 02:33:00 +0100: Memory Usage (448584K) : varicap_drw has 0 polygons
2026-03-25 02:33:00 +0100: Memory Usage (448584K) : flash_drw has 0 polygons
2026-03-25 02:33:00 +0100: Memory Usage (448844K) : intbondvia_drw has 0 polygons
2026-03-25 02:33:00 +0100: Memory Usage (448844K) : intbondmet_drw has 0 polygons
2026-03-25 02:33:00 +0100: Memory Usage (448844K) : devbondvia_drw has 0 polygons
2026-03-25 02:33:00 +0100: Memory Usage (448844K) : devbondmet_drw has 0 polygons
2026-03-25 02:33:00 +0100: Memory Usage (448844K) : devtrench_drw has 0 polygons
2026-03-25 02:33:00 +0100: Memory Usage (449108K) : redist_drw has 0 polygons
2026-03-25 02:33:00 +0100: Memory Usage (449108K) : graphbot_drw has 0 polygons
2026-03-25 02:33:00 +0100: Memory Usage (449108K) : graphtop_drw has 0 polygons
2026-03-25 02:33:00 +0100: Memory Usage (449108K) : antvia1_drw has 0 polygons
2026-03-25 02:33:00 +0100: Memory Usage (449108K) : antmetal2_drw has 0 polygons
2026-03-25 02:33:00 +0100: Memory Usage (449372K) : graphcont_drw has 0 polygons
2026-03-25 02:33:00 +0100: Memory Usage (449372K) : siwg_drw has 0 polygons
2026-03-25 02:33:00 +0100: Memory Usage (449372K) : siwg_filler has 0 polygons
2026-03-25 02:33:00 +0100: Memory Usage (449372K) : siwg_nofill has 0 polygons
2026-03-25 02:33:00 +0100: Memory Usage (449584K) : sigrating_drw has 0 polygons
2026-03-25 02:33:00 +0100: Memory Usage (449584K) : singrating_drw has 0 polygons
2026-03-25 02:33:00 +0100: Memory Usage (449584K) : graphpas_drw has 0 polygons
2026-03-25 02:33:00 +0100: Memory Usage (449844K) : emwind3_drw has 0 polygons
2026-03-25 02:33:00 +0100: Memory Usage (449844K) : emwihv3_drw has 0 polygons
2026-03-25 02:33:00 +0100: Memory Usage (449844K) : redbulay_drw has 0 polygons
2026-03-25 02:33:00 +0100: Memory Usage (449844K) : smos_drw has 0 polygons
2026-03-25 02:33:00 +0100: Memory Usage (449844K) : graphpad_drw has 0 polygons
2026-03-25 02:33:00 +0100: Memory Usage (450108K) : polimide_drw has 0 polygons
2026-03-25 02:33:00 +0100: Memory Usage (450140K) : polimide_pin has 0 polygons
2026-03-25 02:33:00 +0100: Memory Usage (450140K) : recog_drw has 0 polygons
2026-03-25 02:33:00 +0100: Memory Usage (450140K) : recog_pin has 0 polygons
2026-03-25 02:33:00 +0100: Memory Usage (450140K) : recog_esd has 0 polygons
2026-03-25 02:33:00 +0100: Memory Usage (450400K) : recog_diode has 0 polygons
2026-03-25 02:33:00 +0100: Memory Usage (450400K) : recog_tsv has 0 polygons
2026-03-25 02:33:00 +0100: Memory Usage (450400K) : recog_iprobe has 0 polygons
2026-03-25 02:33:00 +0100: Memory Usage (450400K) : recog_diffprb has 0 polygons
2026-03-25 02:33:00 +0100: Memory Usage (450400K) : recog_pillar has 0 polygons
2026-03-25 02:33:00 +0100: Memory Usage (450400K) : recog_sbump has 0 polygons
2026-03-25 02:33:00 +0100: Memory Usage (450400K) : recog_otp has 0 polygons
2026-03-25 02:33:00 +0100: Memory Usage (450664K) : recog_pdiode has 0 polygons
2026-03-25 02:33:00 +0100: Memory Usage (450664K) : recog_mom has 0 polygons
2026-03-25 02:33:00 +0100: Memory Usage (450664K) : recog_pcm has 0 polygons
2026-03-25 02:33:00 +0100: Memory Usage (450664K) : colopen_drw has 0 polygons
2026-03-25 02:33:00 +0100: Memory Usage (450664K) : graphmetal1_drw has 0 polygons
2026-03-25 02:33:00 +0100: Memory Usage (450664K) : graphmetal1_filler has 0 polygons
2026-03-25 02:33:00 +0100: Memory Usage (450664K) : graphmetal1_nofill has 0 polygons
2026-03-25 02:33:00 +0100: Memory Usage (450928K) : graphmetal1_slit has 0 polygons
2026-03-25 02:33:00 +0100: Memory Usage (450928K) : graphmetal1_opc has 0 polygons
2026-03-25 02:33:00 +0100: Memory Usage (450928K) : graphmet1l_drw has 0 polygons
2026-03-25 02:33:00 +0100: Memory Usage (450928K) : graphmet1l_filler has 0 polygons
2026-03-25 02:33:00 +0100: Memory Usage (450928K) : graphmet1l_nofill has 0 polygons
2026-03-25 02:33:00 +0100: Memory Usage (451192K) : graphmet1l_slit has 0 polygons
2026-03-25 02:33:00 +0100: Memory Usage (451192K) : graphmet1l_opc has 0 polygons
2026-03-25 02:33:00 +0100: Memory Usage (451192K) : extblock_drw has 21 polygons
2026-03-25 02:33:00 +0100: Memory Usage (451192K) : nldd_drw has 0 polygons
2026-03-25 02:33:00 +0100: Memory Usage (451192K) : pldd_drw has 0 polygons
2026-03-25 02:33:00 +0100: Memory Usage (451456K) : next_drw has 0 polygons
2026-03-25 02:33:00 +0100: Memory Usage (451456K) : pext_drw has 0 polygons
2026-03-25 02:33:00 +0100: Memory Usage (451456K) : nexthv_drw has 0 polygons
2026-03-25 02:33:00 +0100: Memory Usage (451456K) : pexthv_drw has 0 polygons
2026-03-25 02:33:00 +0100: Memory Usage (451456K) : graphgate_drw has 0 polygons
2026-03-25 02:33:00 +0100: Memory Usage (451720K) : sinwg_drw has 0 polygons
2026-03-25 02:33:00 +0100: Memory Usage (451720K) : sinwg_filler has 0 polygons
2026-03-25 02:33:00 +0100: Memory Usage (451720K) : sinwg_nofill has 0 polygons
2026-03-25 02:33:00 +0100: Memory Usage (451720K) : mempad_drw has 0 polygons
2026-03-25 02:33:00 +0100: Memory Usage (451720K) : topvia1_drw has 924 polygons
2026-03-25 02:33:00 +0100: Memory Usage (451720K) : topmetal1_drw has 120 polygons
2026-03-25 02:33:00 +0100: Memory Usage (451720K) : topmetal1_pin has 15 polygons
2026-03-25 02:33:00 +0100: Memory Usage (451984K) : topmetal1_mask has 0 polygons
2026-03-25 02:33:00 +0100: Memory Usage (451984K) : topmetal1_filler has 0 polygons
2026-03-25 02:33:00 +0100: Memory Usage (451984K) : topmetal1_nofill has 0 polygons
2026-03-25 02:33:00 +0100: Memory Usage (451984K) : topmetal1_slit has 0 polygons
2026-03-25 02:33:00 +0100: Memory Usage (451984K) : topmetal1_text has 4 polygons
2026-03-25 02:33:00 +0100: Memory Usage (451984K) : topmetal1_noqrc has 0 polygons
2026-03-25 02:33:00 +0100: Memory Usage (452248K) : topmetal1_res has 0 polygons
2026-03-25 02:33:00 +0100: Memory Usage (452248K) : topmetal1_iprobe has 0 polygons
2026-03-25 02:33:00 +0100: Memory Usage (452248K) : topmetal1_diffprb has 0 polygons
2026-03-25 02:33:00 +0100: Memory Usage (452248K) : inldpwl_drw has 0 polygons
2026-03-25 02:33:00 +0100: Memory Usage (452248K) : polyres_drw has 7 polygons
2026-03-25 02:33:00 +0100: Memory Usage (452512K) : polyres_pin has 0 polygons
2026-03-25 02:33:00 +0100: Memory Usage (452512K) : vmim_drw has 578 polygons
2026-03-25 02:33:00 +0100: Memory Usage (452512K) : nbulaycut_drw has 0 polygons
2026-03-25 02:33:00 +0100: Memory Usage (452512K) : antmetal1_drw has 0 polygons
2026-03-25 02:33:00 +0100: Memory Usage (452776K) : topvia2_drw has 0 polygons
2026-03-25 02:33:00 +0100: Memory Usage (452776K) : topmetal2_drw has 0 polygons
2026-03-25 02:33:00 +0100: Memory Usage (452776K) : topmetal2_pin has 0 polygons
2026-03-25 02:33:00 +0100: Memory Usage (452776K) : topmetal2_mask has 0 polygons
2026-03-25 02:33:00 +0100: Memory Usage (452776K) : topmetal2_filler has 0 polygons
2026-03-25 02:33:00 +0100: Memory Usage (453040K) : topmetal2_nofill has 0 polygons
2026-03-25 02:33:00 +0100: Memory Usage (453040K) : topmetal2_slit has 0 polygons
2026-03-25 02:33:00 +0100: Memory Usage (453040K) : topmetal2_text has 0 polygons
2026-03-25 02:33:00 +0100: Memory Usage (453040K) : topmetal2_noqrc has 0 polygons
2026-03-25 02:33:00 +0100: Memory Usage (453040K) : topmetal2_res has 0 polygons
2026-03-25 02:33:00 +0100: Memory Usage (453304K) : topmetal2_iprobe has 0 polygons
2026-03-25 02:33:00 +0100: Memory Usage (453304K) : topmetal2_diffprb has 0 polygons
2026-03-25 02:33:00 +0100: Memory Usage (453304K) : snsring_drw has 0 polygons
2026-03-25 02:33:00 +0100: Memory Usage (453304K) : sensor_drw has 0 polygons
2026-03-25 02:33:00 +0100: Memory Usage (453304K) : snsarms_drw has 0 polygons
2026-03-25 02:33:00 +0100: Memory Usage (453568K) : snscmosvia_drw has 0 polygons
2026-03-25 02:33:00 +0100: Memory Usage (453568K) : colwind_drw has 0 polygons
2026-03-25 02:33:00 +0100: Memory Usage (453568K) : flm_drw has 0 polygons
2026-03-25 02:33:00 +0100: Memory Usage (453568K) : hafniumox_drw has 0 polygons
2026-03-25 02:33:00 +0100: Memory Usage (453568K) : memvia_drw has 0 polygons
2026-03-25 02:33:00 +0100: Memory Usage (453832K) : thinfilmres_drw has 0 polygons
2026-03-25 02:33:00 +0100: Memory Usage (453832K) : rfmem_drw has 0 polygons
2026-03-25 02:33:00 +0100: Memory Usage (453832K) : norcx_drw has 0 polygons
2026-03-25 02:33:00 +0100: Memory Usage (453832K) : norcx_m2m3 has 0 polygons
2026-03-25 02:33:00 +0100: Memory Usage (453832K) : norcx_m2m4 has 0 polygons
2026-03-25 02:33:00 +0100: Memory Usage (453832K) : norcx_m2m5 has 0 polygons
2026-03-25 02:33:00 +0100: Memory Usage (453832K) : norcx_m2tm1 has 0 polygons
2026-03-25 02:33:00 +0100: Memory Usage (454096K) : norcx_m2tm2 has 0 polygons
2026-03-25 02:33:00 +0100: Memory Usage (454096K) : norcx_m3m4 has 0 polygons
2026-03-25 02:33:00 +0100: Memory Usage (454096K) : norcx_m3m5 has 0 polygons
2026-03-25 02:33:00 +0100: Memory Usage (454096K) : norcx_m3tm1 has 0 polygons
2026-03-25 02:33:00 +0100: Memory Usage (454096K) : norcx_m3tm2 has 0 polygons
2026-03-25 02:33:00 +0100: Memory Usage (454096K) : norcx_m4m5 has 0 polygons
2026-03-25 02:33:00 +0100: Memory Usage (454096K) : norcx_m4tm1 has 0 polygons
2026-03-25 02:33:00 +0100: Memory Usage (454360K) : norcx_m4tm2 has 0 polygons
2026-03-25 02:33:00 +0100: Memory Usage (454360K) : norcx_m5tm1 has 0 polygons
2026-03-25 02:33:00 +0100: Memory Usage (454360K) : norcx_m5tm2 has 0 polygons
2026-03-25 02:33:00 +0100: Memory Usage (454360K) : norcx_tm1tm2 has 0 polygons
2026-03-25 02:33:00 +0100: Memory Usage (454360K) : norcx_m1sub has 0 polygons
2026-03-25 02:33:00 +0100: Memory Usage (454360K) : norcx_m2sub has 0 polygons
2026-03-25 02:33:00 +0100: Memory Usage (454624K) : norcx_m3sub has 0 polygons
2026-03-25 02:33:00 +0100: Memory Usage (454624K) : norcx_m4sub has 0 polygons
2026-03-25 02:33:00 +0100: Memory Usage (454624K) : norcx_m5sub has 0 polygons
2026-03-25 02:33:00 +0100: Memory Usage (454624K) : norcx_tm1sub has 0 polygons
2026-03-25 02:33:00 +0100: Memory Usage (454624K) : norcx_tm2sub has 0 polygons
2026-03-25 02:33:00 +0100: Memory Usage (454624K) : snsbotvia_drw has 0 polygons
2026-03-25 02:33:00 +0100: Memory Usage (454624K) : snstopvia_drw has 0 polygons
2026-03-25 02:33:00 +0100: Memory Usage (454888K) : deepvia_drw has 0 polygons
2026-03-25 02:33:00 +0100: Memory Usage (454888K) : fgetch_drw has 0 polygons
2026-03-25 02:33:00 +0100: Memory Usage (454888K) : ctrgat_drw has 0 polygons
2026-03-25 02:33:00 +0100: Memory Usage (454888K) : fgimp_drw has 0 polygons
2026-03-25 02:33:00 +0100: Memory Usage (454888K) : emwihv_drw has 0 polygons
2026-03-25 02:33:00 +0100: Memory Usage (454888K) : lbe_drw has 0 polygons
2026-03-25 02:33:00 +0100: Memory Usage (454888K) : alcustop_drw has 0 polygons
2026-03-25 02:33:00 +0100: Memory Usage (455152K) : nometfiller_drw has 0 polygons
2026-03-25 02:33:00 +0100: Memory Usage (455152K) : prboundary_drw has 0 polygons
2026-03-25 02:33:00 +0100: Memory Usage (455152K) : exchange0_drw has 0 polygons
2026-03-25 02:33:00 +0100: Memory Usage (455152K) : exchange0_pin has 0 polygons
2026-03-25 02:33:00 +0100: Memory Usage (455152K) : exchange0_text has 0 polygons
2026-03-25 02:33:00 +0100: Memory Usage (455416K) : exchange1_drw has 0 polygons
2026-03-25 02:33:00 +0100: Memory Usage (455416K) : exchange1_pin has 0 polygons
2026-03-25 02:33:00 +0100: Memory Usage (455416K) : exchange1_text has 0 polygons
2026-03-25 02:33:00 +0100: Memory Usage (455416K) : exchange2_drw has 0 polygons
2026-03-25 02:33:00 +0100: Memory Usage (455416K) : exchange2_pin has 0 polygons
2026-03-25 02:33:00 +0100: Memory Usage (455680K) : exchange2_text has 0 polygons
2026-03-25 02:33:00 +0100: Memory Usage (455680K) : exchange3_drw has 0 polygons
2026-03-25 02:33:00 +0100: Memory Usage (455680K) : exchange3_pin has 0 polygons
2026-03-25 02:33:00 +0100: Memory Usage (455680K) : exchange3_text has 0 polygons
2026-03-25 02:33:00 +0100: Memory Usage (455680K) : exchange4_drw has 0 polygons
2026-03-25 02:33:00 +0100: Memory Usage (455680K) : exchange4_pin has 0 polygons
2026-03-25 02:33:00 +0100: Memory Usage (455680K) : exchange4_text has 0 polygons
2026-03-25 02:33:00 +0100: Memory Usage (455680K) : isonwell_drw has 0 polygons
2026-03-25 02:33:00 +0100: Memory Usage (455680K) : Total no. of polygons in the design is 74600
2026-03-25 02:33:00 +0100: Memory Usage (455680K) : Loaded TECH DRC rules values from /foss/pdks/ihp-sg13g2/libs.tech/klayout/python/sg13g2_pycell_lib/sg13g2_tech_mod.json
2026-03-25 02:33:00 +0100: Memory Usage (455680K) : Loaded default DRC rules values from /foss/pdks/ihp-sg13g2/libs.tech/klayout/tech/drc/rule_decks/sg13g2_tech_default.json
2026-03-25 02:33:00 +0100: Memory Usage (455680K) : The following rules values were missing in tech json and default values were used:
2026-03-25 02:33:00 +0100: Memory Usage (455680K) :   - Cnt_c_digibnd
2026-03-25 02:33:00 +0100: Memory Usage (455944K) : Total area of the design is 28136.451999999997 um^2.
2026-03-25 02:33:00 +0100: Memory Usage (455944K) : The design dimensions are 211.6 µm * 132.97 µm.
2026-03-25 02:33:00 +0100: Memory Usage (455944K) : Starting general IHP-SG13G2 derivations.
2026-03-25 02:33:00 +0100: Memory Usage (455944K) : Starting Pwell derivations
2026-03-25 02:33:00 +0100: Memory Usage (460984K) : Starting IHP-SG13G2 DRC rules.
2026-03-25 02:33:00 +0100: Memory Usage (460984K) : Starting 5.6 Activ:filler table
2026-03-25 02:33:00 +0100: Memory Usage (460984K) : Executing rule AFil.c1
2026-03-25 02:33:00 +0100: Memory Usage (460984K) : Executing rule AFil.c
2026-03-25 02:33:00 +0100: Memory Usage (460984K) : Executing rule AFil.d
2026-03-25 02:33:00 +0100: Memory Usage (460984K) : Executing rule AFil.e
2026-03-25 02:33:00 +0100: Memory Usage (460984K) : Executing rule AFil.j
2026-03-25 02:33:00 +0100: Memory Usage (460984K) : KLayout DRC run for tables 'activfiller' completed in 0.54 seconds
