# Logfile created on 2026-03-25 02:32:55 +0100 by logger.rb/v1.5.3
2026-03-25 02:32:55 +0100: Memory Usage (435564K) : Starting running IHP-SG13G2 KLayout DRC runset on /foss/designs/Design/xschem/HPAmplifier/OTA_Telescopic_backup/OTA_Telescopic_NO_FLATTEN/Layout_and_Related_files/OTA_Telescopic_TOP_wp.gds
2026-03-25 02:32:55 +0100: Memory Usage (435564K) : Ruby Version for klayout: 3.2.3
2026-03-25 02:32:55 +0100: Memory Usage (435564K) : Loading database to memory is complete.
2026-03-25 02:32:55 +0100: Memory Usage (437276K) : IHP-SG13G2 KLayout DRC runset output at: /foss/designs/Design/xschem/HPAmplifier/OTA_Telescopic_backup/OTA_Telescopic_NO_FLATTEN/Layout_and_Related_files/drc_run_OTA_Telescopic_TOP_wp/OTA_Telescopic_TOP_wp_OTA_Telescopic_TOP_wp_schottkydiode.lyrdb
2026-03-25 02:32:55 +0100: Memory Usage (437276K) : Evaluate switches.
2026-03-25 02:32:55 +0100: Memory Usage (437276K) : tables selected: schottkydiode
2026-03-25 02:32:55 +0100: Memory Usage (437276K) : KLayout will use 4 thread(s) in tiled mode.
2026-03-25 02:32:55 +0100: Memory Usage (437276K) : deep mode is enabled.
2026-03-25 02:32:55 +0100: Memory Usage (437276K) : FEOL enabled: false
2026-03-25 02:32:55 +0100: Memory Usage (437276K) : BEOL enabled: false
2026-03-25 02:32:55 +0100: Memory Usage (437276K) : OFFGRID enabled: true
2026-03-25 02:32:55 +0100: Memory Usage (437276K) : PIN enabled: false
2026-03-25 02:32:55 +0100: Memory Usage (437276K) : FORBIDDEN enabled: false
2026-03-25 02:32:55 +0100: Memory Usage (437276K) : RECOMMENDED enabled: true
2026-03-25 02:32:55 +0100: Memory Usage (437276K) : PreCheck DRC enabled: false
2026-03-25 02:32:55 +0100: Memory Usage (437276K) : CONNECTIVITY_RULES enabled: false.
2026-03-25 02:32:55 +0100: Memory Usage (437276K) : Read in polygons from layers.
2026-03-25 02:32:55 +0100: Memory Usage (437276K) : activ_drw has 5032 polygons
2026-03-25 02:32:55 +0100: Memory Usage (437276K) : activ_pin has 0 polygons
2026-03-25 02:32:55 +0100: Memory Usage (437276K) : activ_mask has 0 polygons
2026-03-25 02:32:55 +0100: Memory Usage (437276K) : activ_filler has 0 polygons
2026-03-25 02:32:55 +0100: Memory Usage (437276K) : activ_nofill has 0 polygons
2026-03-25 02:32:55 +0100: Memory Usage (437276K) : activ_opc has 0 polygons
2026-03-25 02:32:55 +0100: Memory Usage (437276K) : activ_iopc has 0 polygons
2026-03-25 02:32:55 +0100: Memory Usage (437276K) : activ_noqrc has 0 polygons
2026-03-25 02:32:55 +0100: Memory Usage (437276K) : biwind_drw has 0 polygons
2026-03-25 02:32:55 +0100: Memory Usage (437276K) : biwind_opc has 0 polygons
2026-03-25 02:32:55 +0100: Memory Usage (438384K) : pemwind_drw has 0 polygons
2026-03-25 02:32:55 +0100: Memory Usage (438384K) : gatpoly_drw has 2679 polygons
2026-03-25 02:32:55 +0100: Memory Usage (438384K) : gatpoly_pin has 377 polygons
2026-03-25 02:32:55 +0100: Memory Usage (438384K) : gatpoly_filler has 0 polygons
2026-03-25 02:32:55 +0100: Memory Usage (438384K) : gatpoly_nofill has 0 polygons
2026-03-25 02:32:55 +0100: Memory Usage (438648K) : gatpoly_opc has 0 polygons
2026-03-25 02:32:55 +0100: Memory Usage (438648K) : gatpoly_iopc has 0 polygons
2026-03-25 02:32:55 +0100: Memory Usage (438648K) : gatpoly_noqrc has 0 polygons
2026-03-25 02:32:55 +0100: Memory Usage (438648K) : cont_drw has 24680 polygons
2026-03-25 02:32:55 +0100: Memory Usage (438648K) : cont_opc has 0 polygons
2026-03-25 02:32:55 +0100: Memory Usage (438912K) : nsd_drw has 0 polygons
2026-03-25 02:32:55 +0100: Memory Usage (439032K) : nsd_block has 0 polygons
2026-03-25 02:32:55 +0100: Memory Usage (439032K) : metal1_drw has 7670 polygons
2026-03-25 02:32:55 +0100: Memory Usage (439032K) : metal1_pin has 2038 polygons
2026-03-25 02:32:55 +0100: Memory Usage (439292K) : metal1_mask has 0 polygons
2026-03-25 02:32:55 +0100: Memory Usage (439292K) : metal1_filler has 0 polygons
2026-03-25 02:32:55 +0100: Memory Usage (439292K) : metal1_nofill has 0 polygons
2026-03-25 02:32:55 +0100: Memory Usage (439292K) : metal1_slit has 0 polygons
2026-03-25 02:32:55 +0100: Memory Usage (439556K) : metal1_text has 1 polygons
2026-03-25 02:32:55 +0100: Memory Usage (439556K) : metal1_opc has 0 polygons
2026-03-25 02:32:55 +0100: Memory Usage (439556K) : metal1_noqrc has 0 polygons
2026-03-25 02:32:55 +0100: Memory Usage (439556K) : metal1_res has 0 polygons
2026-03-25 02:32:55 +0100: Memory Usage (439556K) : metal1_iprobe has 0 polygons
2026-03-25 02:32:55 +0100: Memory Usage (439996K) : metal1_diffprb has 0 polygons
2026-03-25 02:32:55 +0100: Memory Usage (439996K) : passiv_drw has 0 polygons
2026-03-25 02:32:55 +0100: Memory Usage (439996K) : passiv_pin has 0 polygons
2026-03-25 02:32:55 +0100: Memory Usage (439996K) : passiv_sbump has 0 polygons
2026-03-25 02:32:55 +0100: Memory Usage (439996K) : passiv_pillar has 0 polygons
2026-03-25 02:32:55 +0100: Memory Usage (440260K) : passiv_pdl has 0 polygons
2026-03-25 02:32:55 +0100: Memory Usage (440260K) : metal2_drw has 1317 polygons
2026-03-25 02:32:55 +0100: Memory Usage (440260K) : metal2_pin has 11 polygons
2026-03-25 02:32:55 +0100: Memory Usage (440816K) : metal2_mask has 0 polygons
2026-03-25 02:32:55 +0100: Memory Usage (440816K) : metal2_filler has 0 polygons
2026-03-25 02:32:55 +0100: Memory Usage (440816K) : metal2_nofill has 0 polygons
2026-03-25 02:32:55 +0100: Memory Usage (440816K) : metal2_slit has 0 polygons
2026-03-25 02:32:55 +0100: Memory Usage (440816K) : metal2_text has 6 polygons
2026-03-25 02:32:55 +0100: Memory Usage (441080K) : metal2_opc has 0 polygons
2026-03-25 02:32:55 +0100: Memory Usage (441120K) : metal2_noqrc has 0 polygons
2026-03-25 02:32:55 +0100: Memory Usage (441120K) : metal2_res has 0 polygons
2026-03-25 02:32:55 +0100: Memory Usage (441120K) : metal2_iprobe has 0 polygons
2026-03-25 02:32:55 +0100: Memory Usage (441380K) : metal2_diffprb has 0 polygons
2026-03-25 02:32:55 +0100: Memory Usage (441380K) : baspoly_drw has 0 polygons
2026-03-25 02:32:55 +0100: Memory Usage (441380K) : baspoly_pin has 0 polygons
2026-03-25 02:32:55 +0100: Memory Usage (441380K) : psd_drw has 1551 polygons
2026-03-25 02:32:55 +0100: Memory Usage (441380K) : nldb_drw has 0 polygons
2026-03-25 02:32:55 +0100: Memory Usage (441644K) : digibnd_drw has 0 polygons
2026-03-25 02:32:55 +0100: Memory Usage (441644K) : via1_drw has 9054 polygons
2026-03-25 02:32:55 +0100: Memory Usage (441644K) : backmetal1_drw has 0 polygons
2026-03-25 02:32:56 +0100: Memory Usage (441968K) : backmetal1_pin has 0 polygons
2026-03-25 02:32:56 +0100: Memory Usage (441968K) : backmetal1_mask has 0 polygons
2026-03-25 02:32:56 +0100: Memory Usage (441968K) : backmetal1_filler has 0 polygons
2026-03-25 02:32:56 +0100: Memory Usage (441968K) : backmetal1_nofill has 0 polygons
2026-03-25 02:32:56 +0100: Memory Usage (441968K) : backmetal1_slit has 0 polygons
2026-03-25 02:32:56 +0100: Memory Usage (442232K) : backmetal1_text has 0 polygons
2026-03-25 02:32:56 +0100: Memory Usage (442232K) : backmetal1_opc has 0 polygons
2026-03-25 02:32:56 +0100: Memory Usage (442232K) : backmetal1_noqrc has 0 polygons
2026-03-25 02:32:56 +0100: Memory Usage (442232K) : backmetal1_res has 0 polygons
2026-03-25 02:32:56 +0100: Memory Usage (442232K) : backmetal1_iprobe has 0 polygons
2026-03-25 02:32:56 +0100: Memory Usage (442496K) : backmetal1_diffprb has 0 polygons
2026-03-25 02:32:56 +0100: Memory Usage (442496K) : backpassiv_drw has 0 polygons
2026-03-25 02:32:56 +0100: Memory Usage (442496K) : res_drw has 0 polygons
2026-03-25 02:32:56 +0100: Memory Usage (442496K) : sram_drw has 0 polygons
2026-03-25 02:32:56 +0100: Memory Usage (442764K) : trans_drw has 0 polygons
2026-03-25 02:32:56 +0100: Memory Usage (442764K) : ind_drw has 0 polygons
2026-03-25 02:32:56 +0100: Memory Usage (442764K) : ind_pin has 0 polygons
2026-03-25 02:32:56 +0100: Memory Usage (442764K) : ind_text has 0 polygons
2026-03-25 02:32:56 +0100: Memory Usage (443024K) : salblock_drw has 7 polygons
2026-03-25 02:32:56 +0100: Memory Usage (443024K) : via2_drw has 4753 polygons
2026-03-25 02:32:56 +0100: Memory Usage (443092K) : metal3_drw has 226 polygons
2026-03-25 02:32:56 +0100: Memory Usage (443092K) : metal3_pin has 8 polygons
2026-03-25 02:32:56 +0100: Memory Usage (443352K) : metal3_mask has 0 polygons
2026-03-25 02:32:56 +0100: Memory Usage (443352K) : metal3_filler has 0 polygons
2026-03-25 02:32:56 +0100: Memory Usage (443352K) : metal3_nofill has 0 polygons
2026-03-25 02:32:56 +0100: Memory Usage (443492K) : metal3_slit has 0 polygons
2026-03-25 02:32:56 +0100: Memory Usage (443492K) : metal3_text has 2 polygons
2026-03-25 02:32:56 +0100: Memory Usage (443492K) : metal3_opc has 0 polygons
2026-03-25 02:32:56 +0100: Memory Usage (443752K) : metal3_noqrc has 0 polygons
2026-03-25 02:32:56 +0100: Memory Usage (443752K) : metal3_res has 0 polygons
2026-03-25 02:32:56 +0100: Memory Usage (443752K) : metal3_iprobe has 0 polygons
2026-03-25 02:32:56 +0100: Memory Usage (443752K) : metal3_diffprb has 0 polygons
2026-03-25 02:32:56 +0100: Memory Usage (443752K) : nwell_drw has 1216 polygons
2026-03-25 02:32:56 +0100: Memory Usage (444016K) : nwell_pin has 0 polygons
2026-03-25 02:32:56 +0100: Memory Usage (444016K) : nbulay_drw has 0 polygons
2026-03-25 02:32:56 +0100: Memory Usage (444016K) : nbulay_pin has 0 polygons
2026-03-25 02:32:56 +0100: Memory Usage (444016K) : nbulay_block has 0 polygons
2026-03-25 02:32:56 +0100: Memory Usage (444016K) : emwind_drw has 0 polygons
2026-03-25 02:32:56 +0100: Memory Usage (444272K) : emwind_opc has 0 polygons
2026-03-25 02:32:56 +0100: Memory Usage (444272K) : deepco_drw has 0 polygons
2026-03-25 02:32:56 +0100: Memory Usage (444496K) : deepco_drw has 0 polygons
2026-03-25 02:32:56 +0100: Memory Usage (444496K) : mim_drw has 2 polygons
2026-03-25 02:32:56 +0100: Memory Usage (444496K) : edgeseal_drw has 0 polygons
2026-03-25 02:32:56 +0100: Memory Usage (444496K) : edgeseal_bound has 0 polygons
2026-03-25 02:32:56 +0100: Memory Usage (444756K) : substrate_drw has 723 polygons
2026-03-25 02:32:56 +0100: Memory Usage (444756K) : substrate_text has 0 polygons
2026-03-25 02:32:56 +0100: Memory Usage (444756K) : dfpad_drw has 0 polygons
2026-03-25 02:32:56 +0100: Memory Usage (444756K) : dfpad_pillar has 0 polygons
2026-03-25 02:32:56 +0100: Memory Usage (444756K) : dfpad_sbump has 0 polygons
2026-03-25 02:32:56 +0100: Memory Usage (445020K) : thickgateox_drw has 0 polygons
2026-03-25 02:32:56 +0100: Memory Usage (445020K) : pldb_drw has 0 polygons
2026-03-25 02:32:56 +0100: Memory Usage (445020K) : pwell_drw has 0 polygons
2026-03-25 02:32:56 +0100: Memory Usage (445020K) : pwell_pin has 0 polygons
2026-03-25 02:32:56 +0100: Memory Usage (445020K) : pwell_block has 0 polygons
2026-03-25 02:32:56 +0100: Memory Usage (445284K) : ic_drw has 0 polygons
2026-03-25 02:32:56 +0100: Memory Usage (445284K) : via3_drw has 4357 polygons
2026-03-25 02:32:56 +0100: Memory Usage (445388K) : metal4_drw has 157 polygons
2026-03-25 02:32:56 +0100: Memory Usage (445388K) : metal4_pin has 3 polygons
2026-03-25 02:32:56 +0100: Memory Usage (445648K) : metal4_mask has 0 polygons
2026-03-25 02:32:56 +0100: Memory Usage (445648K) : metal4_filler has 0 polygons
2026-03-25 02:32:56 +0100: Memory Usage (445648K) : metal4_nofill has 0 polygons
2026-03-25 02:32:56 +0100: Memory Usage (445648K) : metal4_slit has 0 polygons
2026-03-25 02:32:56 +0100: Memory Usage (445648K) : metal4_text has 5 polygons
2026-03-25 02:32:56 +0100: Memory Usage (445912K) : metal4_opc has 0 polygons
2026-03-25 02:32:56 +0100: Memory Usage (445912K) : metal4_noqrc has 0 polygons
2026-03-25 02:32:56 +0100: Memory Usage (445912K) : metal4_res has 0 polygons
2026-03-25 02:32:56 +0100: Memory Usage (446052K) : metal4_iprobe has 0 polygons
2026-03-25 02:32:56 +0100: Memory Usage (446052K) : metal4_diffprb has 0 polygons
2026-03-25 02:32:56 +0100: Memory Usage (446052K) : heattrans_drw has 1555 polygons
2026-03-25 02:32:56 +0100: Memory Usage (446312K) : heatres_drw has 7 polygons
2026-03-25 02:32:56 +0100: Memory Usage (446312K) : pempoly_drw has 0 polygons
2026-03-25 02:32:56 +0100: Memory Usage (446312K) : fbe_drw has 0 polygons
2026-03-25 02:32:56 +0100: Memory Usage (446312K) : empoly_drw has 0 polygons
2026-03-25 02:32:56 +0100: Memory Usage (446312K) : ldmos_drw has 0 polygons
2026-03-25 02:32:56 +0100: Memory Usage (446572K) : pbiwind_drw has 0 polygons
2026-03-25 02:32:56 +0100: Memory Usage (446572K) : digisub_drw has 0 polygons
2026-03-25 02:32:56 +0100: Memory Usage (446572K) : nodrc_drw has 0 polygons
2026-03-25 02:32:56 +0100: Memory Usage (446832K) : text_drw has 1107 polygons
2026-03-25 02:32:56 +0100: Memory Usage (446832K) : via4_drw has 4250 polygons
2026-03-25 02:32:56 +0100: Memory Usage (446832K) : metal5_drw has 107 polygons
2026-03-25 02:32:56 +0100: Memory Usage (446832K) : metal5_pin has 12 polygons
2026-03-25 02:32:56 +0100: Memory Usage (447096K) : metal5_mask has 0 polygons
2026-03-25 02:32:56 +0100: Memory Usage (447096K) : metal5_filler has 0 polygons
2026-03-25 02:32:56 +0100: Memory Usage (447096K) : metal5_nofill has 0 polygons
2026-03-25 02:32:56 +0100: Memory Usage (447096K) : metal5_slit has 0 polygons
2026-03-25 02:32:56 +0100: Memory Usage (447096K) : metal5_text has 18 polygons
2026-03-25 02:32:56 +0100: Memory Usage (447360K) : metal5_opc has 0 polygons
2026-03-25 02:32:56 +0100: Memory Usage (447360K) : metal5_noqrc has 0 polygons
2026-03-25 02:32:56 +0100: Memory Usage (447360K) : metal5_res has 0 polygons
2026-03-25 02:32:56 +0100: Memory Usage (447360K) : metal5_iprobe has 0 polygons
2026-03-25 02:32:56 +0100: Memory Usage (447360K) : metal5_diffprb has 0 polygons
2026-03-25 02:32:56 +0100: Memory Usage (447668K) : radhard_drw has 0 polygons
2026-03-25 02:32:56 +0100: Memory Usage (447736K) : memcap_drw has 0 polygons
2026-03-25 02:32:56 +0100: Memory Usage (447736K) : varicap_drw has 0 polygons
2026-03-25 02:32:56 +0100: Memory Usage (447736K) : flash_drw has 0 polygons
2026-03-25 02:32:56 +0100: Memory Usage (447996K) : intbondvia_drw has 0 polygons
2026-03-25 02:32:56 +0100: Memory Usage (447996K) : intbondmet_drw has 0 polygons
2026-03-25 02:32:56 +0100: Memory Usage (447996K) : devbondvia_drw has 0 polygons
2026-03-25 02:32:56 +0100: Memory Usage (447996K) : devbondmet_drw has 0 polygons
2026-03-25 02:32:56 +0100: Memory Usage (447996K) : devtrench_drw has 0 polygons
2026-03-25 02:32:56 +0100: Memory Usage (448260K) : redist_drw has 0 polygons
2026-03-25 02:32:56 +0100: Memory Usage (448260K) : graphbot_drw has 0 polygons
2026-03-25 02:32:56 +0100: Memory Usage (448260K) : graphtop_drw has 0 polygons
2026-03-25 02:32:56 +0100: Memory Usage (448260K) : antvia1_drw has 0 polygons
2026-03-25 02:32:56 +0100: Memory Usage (448260K) : antmetal2_drw has 0 polygons
2026-03-25 02:32:56 +0100: Memory Usage (448524K) : graphcont_drw has 0 polygons
2026-03-25 02:32:56 +0100: Memory Usage (448524K) : siwg_drw has 0 polygons
2026-03-25 02:32:56 +0100: Memory Usage (448524K) : siwg_filler has 0 polygons
2026-03-25 02:32:56 +0100: Memory Usage (448524K) : siwg_nofill has 0 polygons
2026-03-25 02:32:56 +0100: Memory Usage (448728K) : sigrating_drw has 0 polygons
2026-03-25 02:32:56 +0100: Memory Usage (448728K) : singrating_drw has 0 polygons
2026-03-25 02:32:56 +0100: Memory Usage (448728K) : graphpas_drw has 0 polygons
2026-03-25 02:32:56 +0100: Memory Usage (448988K) : emwind3_drw has 0 polygons
2026-03-25 02:32:56 +0100: Memory Usage (448988K) : emwihv3_drw has 0 polygons
2026-03-25 02:32:56 +0100: Memory Usage (448988K) : redbulay_drw has 0 polygons
2026-03-25 02:32:56 +0100: Memory Usage (448988K) : smos_drw has 0 polygons
2026-03-25 02:32:56 +0100: Memory Usage (448988K) : graphpad_drw has 0 polygons
2026-03-25 02:32:56 +0100: Memory Usage (449252K) : polimide_drw has 0 polygons
2026-03-25 02:32:56 +0100: Memory Usage (449288K) : polimide_pin has 0 polygons
2026-03-25 02:32:56 +0100: Memory Usage (449288K) : recog_drw has 0 polygons
2026-03-25 02:32:56 +0100: Memory Usage (449288K) : recog_pin has 0 polygons
2026-03-25 02:32:56 +0100: Memory Usage (449288K) : recog_esd has 0 polygons
2026-03-25 02:32:56 +0100: Memory Usage (449548K) : recog_diode has 0 polygons
2026-03-25 02:32:56 +0100: Memory Usage (449548K) : recog_tsv has 0 polygons
2026-03-25 02:32:56 +0100: Memory Usage (449548K) : recog_iprobe has 0 polygons
2026-03-25 02:32:56 +0100: Memory Usage (449548K) : recog_diffprb has 0 polygons
2026-03-25 02:32:56 +0100: Memory Usage (449548K) : recog_pillar has 0 polygons
2026-03-25 02:32:56 +0100: Memory Usage (449548K) : recog_sbump has 0 polygons
2026-03-25 02:32:56 +0100: Memory Usage (449548K) : recog_otp has 0 polygons
2026-03-25 02:32:56 +0100: Memory Usage (449812K) : recog_pdiode has 0 polygons
2026-03-25 02:32:56 +0100: Memory Usage (449812K) : recog_mom has 0 polygons
2026-03-25 02:32:56 +0100: Memory Usage (449812K) : recog_pcm has 0 polygons
2026-03-25 02:32:56 +0100: Memory Usage (449812K) : colopen_drw has 0 polygons
2026-03-25 02:32:56 +0100: Memory Usage (449812K) : graphmetal1_drw has 0 polygons
2026-03-25 02:32:56 +0100: Memory Usage (449812K) : graphmetal1_filler has 0 polygons
2026-03-25 02:32:56 +0100: Memory Usage (449812K) : graphmetal1_nofill has 0 polygons
2026-03-25 02:32:56 +0100: Memory Usage (450076K) : graphmetal1_slit has 0 polygons
2026-03-25 02:32:56 +0100: Memory Usage (450076K) : graphmetal1_opc has 0 polygons
2026-03-25 02:32:56 +0100: Memory Usage (450076K) : graphmet1l_drw has 0 polygons
2026-03-25 02:32:56 +0100: Memory Usage (450076K) : graphmet1l_filler has 0 polygons
2026-03-25 02:32:56 +0100: Memory Usage (450076K) : graphmet1l_nofill has 0 polygons
2026-03-25 02:32:56 +0100: Memory Usage (450076K) : graphmet1l_slit has 0 polygons
2026-03-25 02:32:56 +0100: Memory Usage (450340K) : graphmet1l_opc has 0 polygons
2026-03-25 02:32:56 +0100: Memory Usage (450340K) : extblock_drw has 21 polygons
2026-03-25 02:32:56 +0100: Memory Usage (450340K) : nldd_drw has 0 polygons
2026-03-25 02:32:56 +0100: Memory Usage (450340K) : pldd_drw has 0 polygons
2026-03-25 02:32:56 +0100: Memory Usage (450604K) : next_drw has 0 polygons
2026-03-25 02:32:56 +0100: Memory Usage (450604K) : pext_drw has 0 polygons
2026-03-25 02:32:56 +0100: Memory Usage (450604K) : nexthv_drw has 0 polygons
2026-03-25 02:32:56 +0100: Memory Usage (450604K) : pexthv_drw has 0 polygons
2026-03-25 02:32:56 +0100: Memory Usage (450604K) : graphgate_drw has 0 polygons
2026-03-25 02:32:56 +0100: Memory Usage (450868K) : sinwg_drw has 0 polygons
2026-03-25 02:32:56 +0100: Memory Usage (450868K) : sinwg_filler has 0 polygons
2026-03-25 02:32:56 +0100: Memory Usage (450868K) : sinwg_nofill has 0 polygons
2026-03-25 02:32:56 +0100: Memory Usage (450868K) : mempad_drw has 0 polygons
2026-03-25 02:32:56 +0100: Memory Usage (450868K) : topvia1_drw has 924 polygons
2026-03-25 02:32:56 +0100: Memory Usage (450868K) : topmetal1_drw has 120 polygons
2026-03-25 02:32:56 +0100: Memory Usage (450868K) : topmetal1_pin has 15 polygons
2026-03-25 02:32:56 +0100: Memory Usage (451132K) : topmetal1_mask has 0 polygons
2026-03-25 02:32:56 +0100: Memory Usage (451132K) : topmetal1_filler has 0 polygons
2026-03-25 02:32:56 +0100: Memory Usage (451132K) : topmetal1_nofill has 0 polygons
2026-03-25 02:32:56 +0100: Memory Usage (451132K) : topmetal1_slit has 0 polygons
2026-03-25 02:32:56 +0100: Memory Usage (451132K) : topmetal1_text has 4 polygons
2026-03-25 02:32:56 +0100: Memory Usage (451132K) : topmetal1_noqrc has 0 polygons
2026-03-25 02:32:56 +0100: Memory Usage (451396K) : topmetal1_res has 0 polygons
2026-03-25 02:32:56 +0100: Memory Usage (451396K) : topmetal1_iprobe has 0 polygons
2026-03-25 02:32:56 +0100: Memory Usage (451396K) : topmetal1_diffprb has 0 polygons
2026-03-25 02:32:56 +0100: Memory Usage (451396K) : inldpwl_drw has 0 polygons
2026-03-25 02:32:56 +0100: Memory Usage (451396K) : polyres_drw has 7 polygons
2026-03-25 02:32:56 +0100: Memory Usage (451660K) : polyres_pin has 0 polygons
2026-03-25 02:32:56 +0100: Memory Usage (451660K) : vmim_drw has 578 polygons
2026-03-25 02:32:56 +0100: Memory Usage (451660K) : nbulaycut_drw has 0 polygons
2026-03-25 02:32:56 +0100: Memory Usage (451660K) : antmetal1_drw has 0 polygons
2026-03-25 02:32:56 +0100: Memory Usage (451660K) : topvia2_drw has 0 polygons
2026-03-25 02:32:56 +0100: Memory Usage (451924K) : topmetal2_drw has 0 polygons
2026-03-25 02:32:56 +0100: Memory Usage (451924K) : topmetal2_pin has 0 polygons
2026-03-25 02:32:56 +0100: Memory Usage (451924K) : topmetal2_mask has 0 polygons
2026-03-25 02:32:56 +0100: Memory Usage (451924K) : topmetal2_filler has 0 polygons
2026-03-25 02:32:56 +0100: Memory Usage (452188K) : topmetal2_nofill has 0 polygons
2026-03-25 02:32:56 +0100: Memory Usage (452188K) : topmetal2_slit has 0 polygons
2026-03-25 02:32:56 +0100: Memory Usage (452188K) : topmetal2_text has 0 polygons
2026-03-25 02:32:56 +0100: Memory Usage (452188K) : topmetal2_noqrc has 0 polygons
2026-03-25 02:32:56 +0100: Memory Usage (452188K) : topmetal2_res has 0 polygons
2026-03-25 02:32:56 +0100: Memory Usage (452452K) : topmetal2_iprobe has 0 polygons
2026-03-25 02:32:56 +0100: Memory Usage (452452K) : topmetal2_diffprb has 0 polygons
2026-03-25 02:32:56 +0100: Memory Usage (452452K) : snsring_drw has 0 polygons
2026-03-25 02:32:56 +0100: Memory Usage (452452K) : sensor_drw has 0 polygons
2026-03-25 02:32:56 +0100: Memory Usage (452452K) : snsarms_drw has 0 polygons
2026-03-25 02:32:56 +0100: Memory Usage (452716K) : snscmosvia_drw has 0 polygons
2026-03-25 02:32:56 +0100: Memory Usage (452716K) : colwind_drw has 0 polygons
2026-03-25 02:32:56 +0100: Memory Usage (452716K) : flm_drw has 0 polygons
2026-03-25 02:32:56 +0100: Memory Usage (452716K) : hafniumox_drw has 0 polygons
2026-03-25 02:32:56 +0100: Memory Usage (452716K) : memvia_drw has 0 polygons
2026-03-25 02:32:56 +0100: Memory Usage (452980K) : thinfilmres_drw has 0 polygons
2026-03-25 02:32:56 +0100: Memory Usage (452980K) : rfmem_drw has 0 polygons
2026-03-25 02:32:56 +0100: Memory Usage (452980K) : norcx_drw has 0 polygons
2026-03-25 02:32:56 +0100: Memory Usage (452980K) : norcx_m2m3 has 0 polygons
2026-03-25 02:32:56 +0100: Memory Usage (452980K) : norcx_m2m4 has 0 polygons
2026-03-25 02:32:56 +0100: Memory Usage (452980K) : norcx_m2m5 has 0 polygons
2026-03-25 02:32:56 +0100: Memory Usage (452980K) : norcx_m2tm1 has 0 polygons
2026-03-25 02:32:56 +0100: Memory Usage (453244K) : norcx_m2tm2 has 0 polygons
2026-03-25 02:32:56 +0100: Memory Usage (453244K) : norcx_m3m4 has 0 polygons
2026-03-25 02:32:56 +0100: Memory Usage (453244K) : norcx_m3m5 has 0 polygons
2026-03-25 02:32:56 +0100: Memory Usage (453244K) : norcx_m3tm1 has 0 polygons
2026-03-25 02:32:56 +0100: Memory Usage (453244K) : norcx_m3tm2 has 0 polygons
2026-03-25 02:32:56 +0100: Memory Usage (453244K) : norcx_m4m5 has 0 polygons
2026-03-25 02:32:56 +0100: Memory Usage (453244K) : norcx_m4tm1 has 0 polygons
2026-03-25 02:32:56 +0100: Memory Usage (453508K) : norcx_m4tm2 has 0 polygons
2026-03-25 02:32:56 +0100: Memory Usage (453508K) : norcx_m5tm1 has 0 polygons
2026-03-25 02:32:56 +0100: Memory Usage (453508K) : norcx_m5tm2 has 0 polygons
2026-03-25 02:32:56 +0100: Memory Usage (453508K) : norcx_tm1tm2 has 0 polygons
2026-03-25 02:32:56 +0100: Memory Usage (453508K) : norcx_m1sub has 0 polygons
2026-03-25 02:32:56 +0100: Memory Usage (453508K) : norcx_m2sub has 0 polygons
2026-03-25 02:32:56 +0100: Memory Usage (453508K) : norcx_m3sub has 0 polygons
2026-03-25 02:32:56 +0100: Memory Usage (453772K) : norcx_m4sub has 0 polygons
2026-03-25 02:32:56 +0100: Memory Usage (453772K) : norcx_m5sub has 0 polygons
2026-03-25 02:32:56 +0100: Memory Usage (453772K) : norcx_tm1sub has 0 polygons
2026-03-25 02:32:56 +0100: Memory Usage (453772K) : norcx_tm2sub has 0 polygons
2026-03-25 02:32:56 +0100: Memory Usage (453772K) : snsbotvia_drw has 0 polygons
2026-03-25 02:32:56 +0100: Memory Usage (453772K) : snstopvia_drw has 0 polygons
2026-03-25 02:32:56 +0100: Memory Usage (453772K) : deepvia_drw has 0 polygons
2026-03-25 02:32:56 +0100: Memory Usage (454036K) : fgetch_drw has 0 polygons
2026-03-25 02:32:56 +0100: Memory Usage (454036K) : ctrgat_drw has 0 polygons
2026-03-25 02:32:56 +0100: Memory Usage (454036K) : fgimp_drw has 0 polygons
2026-03-25 02:32:56 +0100: Memory Usage (454036K) : emwihv_drw has 0 polygons
2026-03-25 02:32:56 +0100: Memory Usage (454036K) : lbe_drw has 0 polygons
2026-03-25 02:32:56 +0100: Memory Usage (454036K) : alcustop_drw has 0 polygons
2026-03-25 02:32:56 +0100: Memory Usage (454300K) : nometfiller_drw has 0 polygons
2026-03-25 02:32:56 +0100: Memory Usage (454300K) : prboundary_drw has 0 polygons
2026-03-25 02:32:56 +0100: Memory Usage (454300K) : exchange0_drw has 0 polygons
2026-03-25 02:32:56 +0100: Memory Usage (454300K) : exchange0_pin has 0 polygons
2026-03-25 02:32:56 +0100: Memory Usage (454300K) : exchange0_text has 0 polygons
2026-03-25 02:32:56 +0100: Memory Usage (454564K) : exchange1_drw has 0 polygons
2026-03-25 02:32:56 +0100: Memory Usage (454564K) : exchange1_pin has 0 polygons
2026-03-25 02:32:56 +0100: Memory Usage (454564K) : exchange1_text has 0 polygons
2026-03-25 02:32:56 +0100: Memory Usage (454564K) : exchange2_drw has 0 polygons
2026-03-25 02:32:56 +0100: Memory Usage (454564K) : exchange2_pin has 0 polygons
2026-03-25 02:32:56 +0100: Memory Usage (454828K) : exchange2_text has 0 polygons
2026-03-25 02:32:56 +0100: Memory Usage (454828K) : exchange3_drw has 0 polygons
2026-03-25 02:32:56 +0100: Memory Usage (454828K) : exchange3_pin has 0 polygons
2026-03-25 02:32:56 +0100: Memory Usage (454828K) : exchange3_text has 0 polygons
2026-03-25 02:32:56 +0100: Memory Usage (454828K) : exchange4_drw has 0 polygons
2026-03-25 02:32:56 +0100: Memory Usage (454828K) : exchange4_pin has 0 polygons
2026-03-25 02:32:56 +0100: Memory Usage (454828K) : exchange4_text has 0 polygons
2026-03-25 02:32:56 +0100: Memory Usage (454828K) : isonwell_drw has 0 polygons
2026-03-25 02:32:56 +0100: Memory Usage (454828K) : Total no. of polygons in the design is 74600
2026-03-25 02:32:56 +0100: Memory Usage (454828K) : Loaded TECH DRC rules values from /foss/pdks/ihp-sg13g2/libs.tech/klayout/python/sg13g2_pycell_lib/sg13g2_tech_mod.json
2026-03-25 02:32:56 +0100: Memory Usage (454828K) : Loaded default DRC rules values from /foss/pdks/ihp-sg13g2/libs.tech/klayout/tech/drc/rule_decks/sg13g2_tech_default.json
2026-03-25 02:32:56 +0100: Memory Usage (454828K) : The following rules values were missing in tech json and default values were used:
2026-03-25 02:32:56 +0100: Memory Usage (454828K) :   - Cnt_c_digibnd
2026-03-25 02:32:56 +0100: Memory Usage (454828K) : Total area of the design is 28136.451999999997 um^2.
2026-03-25 02:32:56 +0100: Memory Usage (454828K) : The design dimensions are 211.6 µm * 132.97 µm.
2026-03-25 02:32:56 +0100: Memory Usage (454828K) : Starting general IHP-SG13G2 derivations.
2026-03-25 02:32:56 +0100: Memory Usage (454828K) : Starting Pwell derivations
2026-03-25 02:32:56 +0100: Memory Usage (458860K) : Starting cont/contbar general derivations
2026-03-25 02:32:56 +0100: Memory Usage (459400K) : Starting IHP-SG13G2 DRC rules.
2026-03-25 02:32:56 +0100: Memory Usage (459400K) : Starting 6.7 Schottky diode table
2026-03-25 02:32:56 +0100: Memory Usage (459432K) : Executing rule Sdiod.d
2026-03-25 02:32:56 +0100: Memory Usage (459432K) : Executing rule Sdiod.e
2026-03-25 02:32:56 +0100: Memory Usage (459432K) : KLayout DRC run for tables 'schottkydiode' completed in 0.69 seconds
