# Logfile created on 2026-03-25 02:33:01 +0100 by logger.rb/v1.5.3
2026-03-25 02:33:01 +0100: Memory Usage (436300K) : Starting running IHP-SG13G2 KLayout DRC runset on /foss/designs/Design/xschem/HPAmplifier/OTA_Telescopic_backup/OTA_Telescopic_NO_FLATTEN/Layout_and_Related_files/OTA_Telescopic_TOP_wp.gds
2026-03-25 02:33:01 +0100: Memory Usage (436300K) : Ruby Version for klayout: 3.2.3
2026-03-25 02:33:01 +0100: Memory Usage (436344K) : Loading database to memory is complete.
2026-03-25 02:33:01 +0100: Memory Usage (436344K) : IHP-SG13G2 KLayout DRC runset output at: /foss/designs/Design/xschem/HPAmplifier/OTA_Telescopic_backup/OTA_Telescopic_NO_FLATTEN/Layout_and_Related_files/drc_run_OTA_Telescopic_TOP_wp/OTA_Telescopic_TOP_wp_OTA_Telescopic_TOP_wp_solderbump.lyrdb
2026-03-25 02:33:01 +0100: Memory Usage (438040K) : Evaluate switches.
2026-03-25 02:33:01 +0100: Memory Usage (438040K) : tables selected: solderbump
2026-03-25 02:33:01 +0100: Memory Usage (438040K) : KLayout will use 4 thread(s) in tiled mode.
2026-03-25 02:33:01 +0100: Memory Usage (438040K) : deep mode is enabled.
2026-03-25 02:33:01 +0100: Memory Usage (438040K) : FEOL enabled: false
2026-03-25 02:33:01 +0100: Memory Usage (438040K) : BEOL enabled: false
2026-03-25 02:33:01 +0100: Memory Usage (438040K) : OFFGRID enabled: true
2026-03-25 02:33:01 +0100: Memory Usage (438040K) : PIN enabled: false
2026-03-25 02:33:01 +0100: Memory Usage (438040K) : FORBIDDEN enabled: false
2026-03-25 02:33:01 +0100: Memory Usage (438040K) : RECOMMENDED enabled: true
2026-03-25 02:33:01 +0100: Memory Usage (438040K) : PreCheck DRC enabled: false
2026-03-25 02:33:01 +0100: Memory Usage (438040K) : CONNECTIVITY_RULES enabled: false.
2026-03-25 02:33:01 +0100: Memory Usage (438040K) : Read in polygons from layers.
2026-03-25 02:33:01 +0100: Memory Usage (438040K) : activ_drw has 5032 polygons
2026-03-25 02:33:01 +0100: Memory Usage (438040K) : activ_pin has 0 polygons
2026-03-25 02:33:01 +0100: Memory Usage (438040K) : activ_mask has 0 polygons
2026-03-25 02:33:01 +0100: Memory Usage (438040K) : activ_filler has 0 polygons
2026-03-25 02:33:01 +0100: Memory Usage (438040K) : activ_nofill has 0 polygons
2026-03-25 02:33:01 +0100: Memory Usage (438040K) : activ_opc has 0 polygons
2026-03-25 02:33:01 +0100: Memory Usage (438040K) : activ_iopc has 0 polygons
2026-03-25 02:33:01 +0100: Memory Usage (438040K) : activ_noqrc has 0 polygons
2026-03-25 02:33:01 +0100: Memory Usage (438040K) : biwind_drw has 0 polygons
2026-03-25 02:33:01 +0100: Memory Usage (438040K) : biwind_opc has 0 polygons
2026-03-25 02:33:01 +0100: Memory Usage (438960K) : pemwind_drw has 0 polygons
2026-03-25 02:33:01 +0100: Memory Usage (438960K) : gatpoly_drw has 2679 polygons
2026-03-25 02:33:01 +0100: Memory Usage (438960K) : gatpoly_pin has 377 polygons
2026-03-25 02:33:01 +0100: Memory Usage (438960K) : gatpoly_filler has 0 polygons
2026-03-25 02:33:01 +0100: Memory Usage (438960K) : gatpoly_nofill has 0 polygons
2026-03-25 02:33:01 +0100: Memory Usage (438960K) : gatpoly_opc has 0 polygons
2026-03-25 02:33:01 +0100: Memory Usage (438960K) : gatpoly_iopc has 0 polygons
2026-03-25 02:33:01 +0100: Memory Usage (439224K) : gatpoly_noqrc has 0 polygons
2026-03-25 02:33:01 +0100: Memory Usage (439224K) : cont_drw has 24680 polygons
2026-03-25 02:33:01 +0100: Memory Usage (439224K) : cont_opc has 0 polygons
2026-03-25 02:33:01 +0100: Memory Usage (439460K) : nsd_drw has 0 polygons
2026-03-25 02:33:01 +0100: Memory Usage (439460K) : nsd_block has 0 polygons
2026-03-25 02:33:01 +0100: Memory Usage (439460K) : metal1_drw has 7670 polygons
2026-03-25 02:33:01 +0100: Memory Usage (439720K) : metal1_pin has 2038 polygons
2026-03-25 02:33:01 +0100: Memory Usage (439720K) : metal1_mask has 0 polygons
2026-03-25 02:33:01 +0100: Memory Usage (439720K) : metal1_filler has 0 polygons
2026-03-25 02:33:01 +0100: Memory Usage (439720K) : metal1_nofill has 0 polygons
2026-03-25 02:33:01 +0100: Memory Usage (439984K) : metal1_slit has 0 polygons
2026-03-25 02:33:01 +0100: Memory Usage (439984K) : metal1_text has 1 polygons
2026-03-25 02:33:01 +0100: Memory Usage (439984K) : metal1_opc has 0 polygons
2026-03-25 02:33:01 +0100: Memory Usage (439984K) : metal1_noqrc has 0 polygons
2026-03-25 02:33:01 +0100: Memory Usage (439984K) : metal1_res has 0 polygons
2026-03-25 02:33:01 +0100: Memory Usage (440364K) : metal1_iprobe has 0 polygons
2026-03-25 02:33:01 +0100: Memory Usage (440364K) : metal1_diffprb has 0 polygons
2026-03-25 02:33:01 +0100: Memory Usage (440364K) : passiv_drw has 0 polygons
2026-03-25 02:33:01 +0100: Memory Usage (440364K) : passiv_pin has 0 polygons
2026-03-25 02:33:01 +0100: Memory Usage (440628K) : passiv_sbump has 0 polygons
2026-03-25 02:33:01 +0100: Memory Usage (440628K) : passiv_pillar has 0 polygons
2026-03-25 02:33:01 +0100: Memory Usage (440628K) : passiv_pdl has 0 polygons
2026-03-25 02:33:01 +0100: Memory Usage (440628K) : metal2_drw has 1317 polygons
2026-03-25 02:33:01 +0100: Memory Usage (441188K) : metal2_pin has 11 polygons
2026-03-25 02:33:01 +0100: Memory Usage (441188K) : metal2_mask has 0 polygons
2026-03-25 02:33:01 +0100: Memory Usage (441188K) : metal2_filler has 0 polygons
2026-03-25 02:33:01 +0100: Memory Usage (441188K) : metal2_nofill has 0 polygons
2026-03-25 02:33:01 +0100: Memory Usage (441188K) : metal2_slit has 0 polygons
2026-03-25 02:33:01 +0100: Memory Usage (441452K) : metal2_text has 6 polygons
2026-03-25 02:33:01 +0100: Memory Usage (441532K) : metal2_opc has 0 polygons
2026-03-25 02:33:01 +0100: Memory Usage (441532K) : metal2_noqrc has 0 polygons
2026-03-25 02:33:01 +0100: Memory Usage (441532K) : metal2_res has 0 polygons
2026-03-25 02:33:01 +0100: Memory Usage (441532K) : metal2_iprobe has 0 polygons
2026-03-25 02:33:01 +0100: Memory Usage (441792K) : metal2_diffprb has 0 polygons
2026-03-25 02:33:01 +0100: Memory Usage (441792K) : baspoly_drw has 0 polygons
2026-03-25 02:33:01 +0100: Memory Usage (441792K) : baspoly_pin has 0 polygons
2026-03-25 02:33:01 +0100: Memory Usage (441792K) : psd_drw has 1551 polygons
2026-03-25 02:33:01 +0100: Memory Usage (441792K) : nldb_drw has 0 polygons
2026-03-25 02:33:01 +0100: Memory Usage (442056K) : digibnd_drw has 0 polygons
2026-03-25 02:33:01 +0100: Memory Usage (442056K) : via1_drw has 9054 polygons
2026-03-25 02:33:01 +0100: Memory Usage (442056K) : backmetal1_drw has 0 polygons
2026-03-25 02:33:01 +0100: Memory Usage (442380K) : backmetal1_pin has 0 polygons
2026-03-25 02:33:01 +0100: Memory Usage (442380K) : backmetal1_mask has 0 polygons
2026-03-25 02:33:01 +0100: Memory Usage (442380K) : backmetal1_filler has 0 polygons
2026-03-25 02:33:01 +0100: Memory Usage (442380K) : backmetal1_nofill has 0 polygons
2026-03-25 02:33:01 +0100: Memory Usage (442380K) : backmetal1_slit has 0 polygons
2026-03-25 02:33:01 +0100: Memory Usage (442644K) : backmetal1_text has 0 polygons
2026-03-25 02:33:01 +0100: Memory Usage (442644K) : backmetal1_opc has 0 polygons
2026-03-25 02:33:01 +0100: Memory Usage (442644K) : backmetal1_noqrc has 0 polygons
2026-03-25 02:33:01 +0100: Memory Usage (442644K) : backmetal1_res has 0 polygons
2026-03-25 02:33:01 +0100: Memory Usage (442644K) : backmetal1_iprobe has 0 polygons
2026-03-25 02:33:01 +0100: Memory Usage (442908K) : backmetal1_diffprb has 0 polygons
2026-03-25 02:33:01 +0100: Memory Usage (442908K) : backpassiv_drw has 0 polygons
2026-03-25 02:33:01 +0100: Memory Usage (442908K) : res_drw has 0 polygons
2026-03-25 02:33:01 +0100: Memory Usage (442908K) : sram_drw has 0 polygons
2026-03-25 02:33:01 +0100: Memory Usage (443128K) : trans_drw has 0 polygons
2026-03-25 02:33:01 +0100: Memory Usage (443128K) : ind_drw has 0 polygons
2026-03-25 02:33:01 +0100: Memory Usage (443128K) : ind_pin has 0 polygons
2026-03-25 02:33:01 +0100: Memory Usage (443388K) : ind_text has 0 polygons
2026-03-25 02:33:01 +0100: Memory Usage (443388K) : salblock_drw has 7 polygons
2026-03-25 02:33:01 +0100: Memory Usage (443388K) : via2_drw has 4753 polygons
2026-03-25 02:33:01 +0100: Memory Usage (443520K) : metal3_drw has 226 polygons
2026-03-25 02:33:01 +0100: Memory Usage (443520K) : metal3_pin has 8 polygons
2026-03-25 02:33:01 +0100: Memory Usage (443780K) : metal3_mask has 0 polygons
2026-03-25 02:33:01 +0100: Memory Usage (443800K) : metal3_filler has 0 polygons
2026-03-25 02:33:01 +0100: Memory Usage (443800K) : metal3_nofill has 0 polygons
2026-03-25 02:33:01 +0100: Memory Usage (443800K) : metal3_slit has 0 polygons
2026-03-25 02:33:01 +0100: Memory Usage (444060K) : metal3_text has 2 polygons
2026-03-25 02:33:01 +0100: Memory Usage (444060K) : metal3_opc has 0 polygons
2026-03-25 02:33:01 +0100: Memory Usage (444060K) : metal3_noqrc has 0 polygons
2026-03-25 02:33:01 +0100: Memory Usage (444060K) : metal3_res has 0 polygons
2026-03-25 02:33:01 +0100: Memory Usage (444060K) : metal3_iprobe has 0 polygons
2026-03-25 02:33:01 +0100: Memory Usage (444324K) : metal3_diffprb has 0 polygons
2026-03-25 02:33:01 +0100: Memory Usage (444324K) : nwell_drw has 1216 polygons
2026-03-25 02:33:01 +0100: Memory Usage (444324K) : nwell_pin has 0 polygons
2026-03-25 02:33:01 +0100: Memory Usage (444324K) : nbulay_drw has 0 polygons
2026-03-25 02:33:01 +0100: Memory Usage (444588K) : nbulay_pin has 0 polygons
2026-03-25 02:33:01 +0100: Memory Usage (444588K) : nbulay_block has 0 polygons
2026-03-25 02:33:01 +0100: Memory Usage (444588K) : emwind_drw has 0 polygons
2026-03-25 02:33:01 +0100: Memory Usage (444588K) : emwind_opc has 0 polygons
2026-03-25 02:33:01 +0100: Memory Usage (444852K) : deepco_drw has 0 polygons
2026-03-25 02:33:01 +0100: Memory Usage (444852K) : deepco_drw has 0 polygons
2026-03-25 02:33:01 +0100: Memory Usage (444852K) : mim_drw has 2 polygons
2026-03-25 02:33:01 +0100: Memory Usage (444852K) : edgeseal_drw has 0 polygons
2026-03-25 02:33:01 +0100: Memory Usage (445116K) : edgeseal_bound has 0 polygons
2026-03-25 02:33:01 +0100: Memory Usage (445116K) : substrate_drw has 723 polygons
2026-03-25 02:33:01 +0100: Memory Usage (445116K) : substrate_text has 0 polygons
2026-03-25 02:33:01 +0100: Memory Usage (445116K) : dfpad_drw has 0 polygons
2026-03-25 02:33:01 +0100: Memory Usage (445116K) : dfpad_pillar has 0 polygons
2026-03-25 02:33:01 +0100: Memory Usage (445380K) : dfpad_sbump has 0 polygons
2026-03-25 02:33:01 +0100: Memory Usage (445380K) : thickgateox_drw has 0 polygons
2026-03-25 02:33:01 +0100: Memory Usage (445380K) : pldb_drw has 0 polygons
2026-03-25 02:33:01 +0100: Memory Usage (445380K) : pwell_drw has 0 polygons
2026-03-25 02:33:01 +0100: Memory Usage (445644K) : pwell_pin has 0 polygons
2026-03-25 02:33:01 +0100: Memory Usage (445644K) : pwell_block has 0 polygons
2026-03-25 02:33:01 +0100: Memory Usage (445644K) : ic_drw has 0 polygons
2026-03-25 02:33:01 +0100: Memory Usage (445820K) : via3_drw has 4357 polygons
2026-03-25 02:33:01 +0100: Memory Usage (445820K) : metal4_drw has 157 polygons
2026-03-25 02:33:01 +0100: Memory Usage (445820K) : metal4_pin has 3 polygons
2026-03-25 02:33:01 +0100: Memory Usage (446080K) : metal4_mask has 0 polygons
2026-03-25 02:33:01 +0100: Memory Usage (446080K) : metal4_filler has 0 polygons
2026-03-25 02:33:01 +0100: Memory Usage (446080K) : metal4_nofill has 0 polygons
2026-03-25 02:33:01 +0100: Memory Usage (446080K) : metal4_slit has 0 polygons
2026-03-25 02:33:01 +0100: Memory Usage (446080K) : metal4_text has 5 polygons
2026-03-25 02:33:01 +0100: Memory Usage (446344K) : metal4_opc has 0 polygons
2026-03-25 02:33:01 +0100: Memory Usage (446344K) : metal4_noqrc has 0 polygons
2026-03-25 02:33:01 +0100: Memory Usage (446484K) : metal4_res has 0 polygons
2026-03-25 02:33:01 +0100: Memory Usage (446484K) : metal4_iprobe has 0 polygons
2026-03-25 02:33:01 +0100: Memory Usage (446484K) : metal4_diffprb has 0 polygons
2026-03-25 02:33:01 +0100: Memory Usage (446484K) : heattrans_drw has 1555 polygons
2026-03-25 02:33:01 +0100: Memory Usage (446744K) : heatres_drw has 7 polygons
2026-03-25 02:33:01 +0100: Memory Usage (446744K) : pempoly_drw has 0 polygons
2026-03-25 02:33:01 +0100: Memory Usage (446744K) : fbe_drw has 0 polygons
2026-03-25 02:33:01 +0100: Memory Usage (446744K) : empoly_drw has 0 polygons
2026-03-25 02:33:01 +0100: Memory Usage (447004K) : ldmos_drw has 0 polygons
2026-03-25 02:33:01 +0100: Memory Usage (447004K) : pbiwind_drw has 0 polygons
2026-03-25 02:33:01 +0100: Memory Usage (447004K) : digisub_drw has 0 polygons
2026-03-25 02:33:01 +0100: Memory Usage (447004K) : nodrc_drw has 0 polygons
2026-03-25 02:33:01 +0100: Memory Usage (447264K) : text_drw has 1107 polygons
2026-03-25 02:33:01 +0100: Memory Usage (447264K) : via4_drw has 4250 polygons
2026-03-25 02:33:01 +0100: Memory Usage (447264K) : metal5_drw has 107 polygons
2026-03-25 02:33:01 +0100: Memory Usage (447264K) : metal5_pin has 12 polygons
2026-03-25 02:33:01 +0100: Memory Usage (447528K) : metal5_mask has 0 polygons
2026-03-25 02:33:01 +0100: Memory Usage (447528K) : metal5_filler has 0 polygons
2026-03-25 02:33:02 +0100: Memory Usage (447528K) : metal5_nofill has 0 polygons
2026-03-25 02:33:02 +0100: Memory Usage (447528K) : metal5_slit has 0 polygons
2026-03-25 02:33:02 +0100: Memory Usage (447528K) : metal5_text has 18 polygons
2026-03-25 02:33:02 +0100: Memory Usage (447792K) : metal5_opc has 0 polygons
2026-03-25 02:33:02 +0100: Memory Usage (447792K) : metal5_noqrc has 0 polygons
2026-03-25 02:33:02 +0100: Memory Usage (447792K) : metal5_res has 0 polygons
2026-03-25 02:33:02 +0100: Memory Usage (447792K) : metal5_iprobe has 0 polygons
2026-03-25 02:33:02 +0100: Memory Usage (447792K) : metal5_diffprb has 0 polygons
2026-03-25 02:33:02 +0100: Memory Usage (448148K) : radhard_drw has 0 polygons
2026-03-25 02:33:02 +0100: Memory Usage (448148K) : memcap_drw has 0 polygons
2026-03-25 02:33:02 +0100: Memory Usage (448148K) : varicap_drw has 0 polygons
2026-03-25 02:33:02 +0100: Memory Usage (448148K) : flash_drw has 0 polygons
2026-03-25 02:33:02 +0100: Memory Usage (448408K) : intbondvia_drw has 0 polygons
2026-03-25 02:33:02 +0100: Memory Usage (448408K) : intbondmet_drw has 0 polygons
2026-03-25 02:33:02 +0100: Memory Usage (448408K) : devbondvia_drw has 0 polygons
2026-03-25 02:33:02 +0100: Memory Usage (448408K) : devbondmet_drw has 0 polygons
2026-03-25 02:33:02 +0100: Memory Usage (448408K) : devtrench_drw has 0 polygons
2026-03-25 02:33:02 +0100: Memory Usage (448672K) : redist_drw has 0 polygons
2026-03-25 02:33:02 +0100: Memory Usage (448672K) : graphbot_drw has 0 polygons
2026-03-25 02:33:02 +0100: Memory Usage (448672K) : graphtop_drw has 0 polygons
2026-03-25 02:33:02 +0100: Memory Usage (448672K) : antvia1_drw has 0 polygons
2026-03-25 02:33:02 +0100: Memory Usage (448936K) : antmetal2_drw has 0 polygons
2026-03-25 02:33:02 +0100: Memory Usage (448936K) : graphcont_drw has 0 polygons
2026-03-25 02:33:02 +0100: Memory Usage (448936K) : siwg_drw has 0 polygons
2026-03-25 02:33:02 +0100: Memory Usage (448936K) : siwg_filler has 0 polygons
2026-03-25 02:33:02 +0100: Memory Usage (448936K) : siwg_nofill has 0 polygons
2026-03-25 02:33:02 +0100: Memory Usage (449160K) : sigrating_drw has 0 polygons
2026-03-25 02:33:02 +0100: Memory Usage (449160K) : singrating_drw has 0 polygons
2026-03-25 02:33:02 +0100: Memory Usage (449160K) : graphpas_drw has 0 polygons
2026-03-25 02:33:02 +0100: Memory Usage (449420K) : emwind3_drw has 0 polygons
2026-03-25 02:33:02 +0100: Memory Usage (449420K) : emwihv3_drw has 0 polygons
2026-03-25 02:33:02 +0100: Memory Usage (449420K) : redbulay_drw has 0 polygons
2026-03-25 02:33:02 +0100: Memory Usage (449420K) : smos_drw has 0 polygons
2026-03-25 02:33:02 +0100: Memory Usage (449420K) : graphpad_drw has 0 polygons
2026-03-25 02:33:02 +0100: Memory Usage (449664K) : polimide_drw has 0 polygons
2026-03-25 02:33:02 +0100: Memory Usage (449664K) : polimide_pin has 0 polygons
2026-03-25 02:33:02 +0100: Memory Usage (449664K) : recog_drw has 0 polygons
2026-03-25 02:33:02 +0100: Memory Usage (449664K) : recog_pin has 0 polygons
2026-03-25 02:33:02 +0100: Memory Usage (449664K) : recog_esd has 0 polygons
2026-03-25 02:33:02 +0100: Memory Usage (449924K) : recog_diode has 0 polygons
2026-03-25 02:33:02 +0100: Memory Usage (449924K) : recog_tsv has 0 polygons
2026-03-25 02:33:02 +0100: Memory Usage (449924K) : recog_iprobe has 0 polygons
2026-03-25 02:33:02 +0100: Memory Usage (449924K) : recog_diffprb has 0 polygons
2026-03-25 02:33:02 +0100: Memory Usage (449924K) : recog_pillar has 0 polygons
2026-03-25 02:33:02 +0100: Memory Usage (449924K) : recog_sbump has 0 polygons
2026-03-25 02:33:02 +0100: Memory Usage (449924K) : recog_otp has 0 polygons
2026-03-25 02:33:02 +0100: Memory Usage (450188K) : recog_pdiode has 0 polygons
2026-03-25 02:33:02 +0100: Memory Usage (450188K) : recog_mom has 0 polygons
2026-03-25 02:33:02 +0100: Memory Usage (450188K) : recog_pcm has 0 polygons
2026-03-25 02:33:02 +0100: Memory Usage (450188K) : colopen_drw has 0 polygons
2026-03-25 02:33:02 +0100: Memory Usage (450188K) : graphmetal1_drw has 0 polygons
2026-03-25 02:33:02 +0100: Memory Usage (450188K) : graphmetal1_filler has 0 polygons
2026-03-25 02:33:02 +0100: Memory Usage (450188K) : graphmetal1_nofill has 0 polygons
2026-03-25 02:33:02 +0100: Memory Usage (450452K) : graphmetal1_slit has 0 polygons
2026-03-25 02:33:02 +0100: Memory Usage (450452K) : graphmetal1_opc has 0 polygons
2026-03-25 02:33:02 +0100: Memory Usage (450452K) : graphmet1l_drw has 0 polygons
2026-03-25 02:33:02 +0100: Memory Usage (450452K) : graphmet1l_filler has 0 polygons
2026-03-25 02:33:02 +0100: Memory Usage (450452K) : graphmet1l_nofill has 0 polygons
2026-03-25 02:33:02 +0100: Memory Usage (450716K) : graphmet1l_slit has 0 polygons
2026-03-25 02:33:02 +0100: Memory Usage (450716K) : graphmet1l_opc has 0 polygons
2026-03-25 02:33:02 +0100: Memory Usage (450716K) : extblock_drw has 21 polygons
2026-03-25 02:33:02 +0100: Memory Usage (450716K) : nldd_drw has 0 polygons
2026-03-25 02:33:02 +0100: Memory Usage (450980K) : pldd_drw has 0 polygons
2026-03-25 02:33:02 +0100: Memory Usage (450980K) : next_drw has 0 polygons
2026-03-25 02:33:02 +0100: Memory Usage (450980K) : pext_drw has 0 polygons
2026-03-25 02:33:02 +0100: Memory Usage (450980K) : nexthv_drw has 0 polygons
2026-03-25 02:33:02 +0100: Memory Usage (450980K) : pexthv_drw has 0 polygons
2026-03-25 02:33:02 +0100: Memory Usage (451244K) : graphgate_drw has 0 polygons
2026-03-25 02:33:02 +0100: Memory Usage (451244K) : sinwg_drw has 0 polygons
2026-03-25 02:33:02 +0100: Memory Usage (451244K) : sinwg_filler has 0 polygons
2026-03-25 02:33:02 +0100: Memory Usage (451244K) : sinwg_nofill has 0 polygons
2026-03-25 02:33:02 +0100: Memory Usage (451244K) : mempad_drw has 0 polygons
2026-03-25 02:33:02 +0100: Memory Usage (451244K) : topvia1_drw has 924 polygons
2026-03-25 02:33:02 +0100: Memory Usage (451244K) : topmetal1_drw has 120 polygons
2026-03-25 02:33:02 +0100: Memory Usage (451508K) : topmetal1_pin has 15 polygons
2026-03-25 02:33:02 +0100: Memory Usage (451508K) : topmetal1_mask has 0 polygons
2026-03-25 02:33:02 +0100: Memory Usage (451508K) : topmetal1_filler has 0 polygons
2026-03-25 02:33:02 +0100: Memory Usage (451508K) : topmetal1_nofill has 0 polygons
2026-03-25 02:33:02 +0100: Memory Usage (451508K) : topmetal1_slit has 0 polygons
2026-03-25 02:33:02 +0100: Memory Usage (451772K) : topmetal1_text has 4 polygons
2026-03-25 02:33:02 +0100: Memory Usage (451772K) : topmetal1_noqrc has 0 polygons
2026-03-25 02:33:02 +0100: Memory Usage (451772K) : topmetal1_res has 0 polygons
2026-03-25 02:33:02 +0100: Memory Usage (451772K) : topmetal1_iprobe has 0 polygons
2026-03-25 02:33:02 +0100: Memory Usage (451772K) : topmetal1_diffprb has 0 polygons
2026-03-25 02:33:02 +0100: Memory Usage (451772K) : inldpwl_drw has 0 polygons
2026-03-25 02:33:02 +0100: Memory Usage (452036K) : polyres_drw has 7 polygons
2026-03-25 02:33:02 +0100: Memory Usage (452036K) : polyres_pin has 0 polygons
2026-03-25 02:33:02 +0100: Memory Usage (452036K) : vmim_drw has 578 polygons
2026-03-25 02:33:02 +0100: Memory Usage (452036K) : nbulaycut_drw has 0 polygons
2026-03-25 02:33:02 +0100: Memory Usage (452300K) : antmetal1_drw has 0 polygons
2026-03-25 02:33:02 +0100: Memory Usage (452300K) : topvia2_drw has 0 polygons
2026-03-25 02:33:02 +0100: Memory Usage (452300K) : topmetal2_drw has 0 polygons
2026-03-25 02:33:02 +0100: Memory Usage (452300K) : topmetal2_pin has 0 polygons
2026-03-25 02:33:02 +0100: Memory Usage (452300K) : topmetal2_mask has 0 polygons
2026-03-25 02:33:02 +0100: Memory Usage (452564K) : topmetal2_filler has 0 polygons
2026-03-25 02:33:02 +0100: Memory Usage (452564K) : topmetal2_nofill has 0 polygons
2026-03-25 02:33:02 +0100: Memory Usage (452564K) : topmetal2_slit has 0 polygons
2026-03-25 02:33:02 +0100: Memory Usage (452564K) : topmetal2_text has 0 polygons
2026-03-25 02:33:02 +0100: Memory Usage (452564K) : topmetal2_noqrc has 0 polygons
2026-03-25 02:33:02 +0100: Memory Usage (452828K) : topmetal2_res has 0 polygons
2026-03-25 02:33:02 +0100: Memory Usage (452828K) : topmetal2_iprobe has 0 polygons
2026-03-25 02:33:02 +0100: Memory Usage (452828K) : topmetal2_diffprb has 0 polygons
2026-03-25 02:33:02 +0100: Memory Usage (452828K) : snsring_drw has 0 polygons
2026-03-25 02:33:02 +0100: Memory Usage (452828K) : sensor_drw has 0 polygons
2026-03-25 02:33:02 +0100: Memory Usage (453092K) : snsarms_drw has 0 polygons
2026-03-25 02:33:02 +0100: Memory Usage (453092K) : snscmosvia_drw has 0 polygons
2026-03-25 02:33:02 +0100: Memory Usage (453092K) : colwind_drw has 0 polygons
2026-03-25 02:33:02 +0100: Memory Usage (453092K) : flm_drw has 0 polygons
2026-03-25 02:33:02 +0100: Memory Usage (453092K) : hafniumox_drw has 0 polygons
2026-03-25 02:33:02 +0100: Memory Usage (453356K) : memvia_drw has 0 polygons
2026-03-25 02:33:02 +0100: Memory Usage (453356K) : thinfilmres_drw has 0 polygons
2026-03-25 02:33:02 +0100: Memory Usage (453356K) : rfmem_drw has 0 polygons
2026-03-25 02:33:02 +0100: Memory Usage (453356K) : norcx_drw has 0 polygons
2026-03-25 02:33:02 +0100: Memory Usage (453356K) : norcx_m2m3 has 0 polygons
2026-03-25 02:33:02 +0100: Memory Usage (453356K) : norcx_m2m4 has 0 polygons
2026-03-25 02:33:02 +0100: Memory Usage (453356K) : norcx_m2m5 has 0 polygons
2026-03-25 02:33:02 +0100: Memory Usage (453620K) : norcx_m2tm1 has 0 polygons
2026-03-25 02:33:02 +0100: Memory Usage (453620K) : norcx_m2tm2 has 0 polygons
2026-03-25 02:33:02 +0100: Memory Usage (453620K) : norcx_m3m4 has 0 polygons
2026-03-25 02:33:02 +0100: Memory Usage (453620K) : norcx_m3m5 has 0 polygons
2026-03-25 02:33:02 +0100: Memory Usage (453620K) : norcx_m3tm1 has 0 polygons
2026-03-25 02:33:02 +0100: Memory Usage (453620K) : norcx_m3tm2 has 0 polygons
2026-03-25 02:33:02 +0100: Memory Usage (453620K) : norcx_m4m5 has 0 polygons
2026-03-25 02:33:02 +0100: Memory Usage (453884K) : norcx_m4tm1 has 0 polygons
2026-03-25 02:33:02 +0100: Memory Usage (453884K) : norcx_m4tm2 has 0 polygons
2026-03-25 02:33:02 +0100: Memory Usage (453884K) : norcx_m5tm1 has 0 polygons
2026-03-25 02:33:02 +0100: Memory Usage (453884K) : norcx_m5tm2 has 0 polygons
2026-03-25 02:33:02 +0100: Memory Usage (453884K) : norcx_tm1tm2 has 0 polygons
2026-03-25 02:33:02 +0100: Memory Usage (453884K) : norcx_m1sub has 0 polygons
2026-03-25 02:33:02 +0100: Memory Usage (453884K) : norcx_m2sub has 0 polygons
2026-03-25 02:33:02 +0100: Memory Usage (454148K) : norcx_m3sub has 0 polygons
2026-03-25 02:33:02 +0100: Memory Usage (454148K) : norcx_m4sub has 0 polygons
2026-03-25 02:33:02 +0100: Memory Usage (454148K) : norcx_m5sub has 0 polygons
2026-03-25 02:33:02 +0100: Memory Usage (454148K) : norcx_tm1sub has 0 polygons
2026-03-25 02:33:02 +0100: Memory Usage (454148K) : norcx_tm2sub has 0 polygons
2026-03-25 02:33:02 +0100: Memory Usage (454148K) : snsbotvia_drw has 0 polygons
2026-03-25 02:33:02 +0100: Memory Usage (454148K) : snstopvia_drw has 0 polygons
2026-03-25 02:33:02 +0100: Memory Usage (454412K) : deepvia_drw has 0 polygons
2026-03-25 02:33:02 +0100: Memory Usage (454412K) : fgetch_drw has 0 polygons
2026-03-25 02:33:02 +0100: Memory Usage (454412K) : ctrgat_drw has 0 polygons
2026-03-25 02:33:02 +0100: Memory Usage (454412K) : fgimp_drw has 0 polygons
2026-03-25 02:33:02 +0100: Memory Usage (454412K) : emwihv_drw has 0 polygons
2026-03-25 02:33:02 +0100: Memory Usage (454412K) : lbe_drw has 0 polygons
2026-03-25 02:33:02 +0100: Memory Usage (454676K) : alcustop_drw has 0 polygons
2026-03-25 02:33:02 +0100: Memory Usage (454676K) : nometfiller_drw has 0 polygons
2026-03-25 02:33:02 +0100: Memory Usage (454676K) : prboundary_drw has 0 polygons
2026-03-25 02:33:02 +0100: Memory Usage (454676K) : exchange0_drw has 0 polygons
2026-03-25 02:33:02 +0100: Memory Usage (454676K) : exchange0_pin has 0 polygons
2026-03-25 02:33:02 +0100: Memory Usage (454940K) : exchange0_text has 0 polygons
2026-03-25 02:33:02 +0100: Memory Usage (454940K) : exchange1_drw has 0 polygons
2026-03-25 02:33:02 +0100: Memory Usage (454940K) : exchange1_pin has 0 polygons
2026-03-25 02:33:02 +0100: Memory Usage (454940K) : exchange1_text has 0 polygons
2026-03-25 02:33:02 +0100: Memory Usage (454940K) : exchange2_drw has 0 polygons
2026-03-25 02:33:02 +0100: Memory Usage (454940K) : exchange2_pin has 0 polygons
2026-03-25 02:33:02 +0100: Memory Usage (454940K) : exchange2_text has 0 polygons
2026-03-25 02:33:02 +0100: Memory Usage (454940K) : exchange3_drw has 0 polygons
2026-03-25 02:33:02 +0100: Memory Usage (454940K) : exchange3_pin has 0 polygons
2026-03-25 02:33:02 +0100: Memory Usage (454940K) : exchange3_text has 0 polygons
2026-03-25 02:33:02 +0100: Memory Usage (454940K) : exchange4_drw has 0 polygons
2026-03-25 02:33:02 +0100: Memory Usage (454940K) : exchange4_pin has 0 polygons
2026-03-25 02:33:02 +0100: Memory Usage (454940K) : exchange4_text has 0 polygons
2026-03-25 02:33:02 +0100: Memory Usage (454940K) : isonwell_drw has 0 polygons
2026-03-25 02:33:02 +0100: Memory Usage (454940K) : Total no. of polygons in the design is 74600
2026-03-25 02:33:02 +0100: Memory Usage (454940K) : Loaded TECH DRC rules values from /foss/pdks/ihp-sg13g2/libs.tech/klayout/python/sg13g2_pycell_lib/sg13g2_tech_mod.json
2026-03-25 02:33:02 +0100: Memory Usage (454940K) : Loaded default DRC rules values from /foss/pdks/ihp-sg13g2/libs.tech/klayout/tech/drc/rule_decks/sg13g2_tech_default.json
2026-03-25 02:33:02 +0100: Memory Usage (454940K) : The following rules values were missing in tech json and default values were used:
2026-03-25 02:33:02 +0100: Memory Usage (454940K) :   - Cnt_c_digibnd
2026-03-25 02:33:02 +0100: Memory Usage (454940K) : Total area of the design is 28136.451999999997 um^2.
2026-03-25 02:33:02 +0100: Memory Usage (454940K) : The design dimensions are 211.6 µm * 132.97 µm.
2026-03-25 02:33:02 +0100: Memory Usage (454940K) : Starting general IHP-SG13G2 derivations.
2026-03-25 02:33:02 +0100: Memory Usage (454940K) : Starting Pwell derivations
2026-03-25 02:33:02 +0100: Memory Usage (459064K) : Starting pad general derivations
2026-03-25 02:33:02 +0100: Memory Usage (459064K) : Starting IHP-SG13G2 DRC rules.
2026-03-25 02:33:02 +0100: Memory Usage (459064K) : Starting 6.9.1 Solder Bump
2026-03-25 02:33:02 +0100: Memory Usage (459064K) : Executing rule Padb.a
2026-03-25 02:33:02 +0100: Memory Usage (459064K) : Executing rule Padb.b
2026-03-25 02:33:02 +0100: Memory Usage (459064K) : Executing rule Padb.c
2026-03-25 02:33:02 +0100: Memory Usage (459064K) : Executing rule Padb.f
2026-03-25 02:33:02 +0100: Memory Usage (459064K) : Executing rule Padb.d
2026-03-25 02:33:02 +0100: Memory Usage (459064K) : KLayout DRC run for tables 'solderbump' completed in 0.59 seconds
