# Logfile created on 2026-03-25 02:33:02 +0100 by logger.rb/v1.5.3
2026-03-25 02:33:02 +0100: Memory Usage (436188K) : Starting running IHP-SG13G2 KLayout DRC runset on /foss/designs/Design/xschem/HPAmplifier/OTA_Telescopic_backup/OTA_Telescopic_NO_FLATTEN/Layout_and_Related_files/OTA_Telescopic_TOP_wp.gds
2026-03-25 02:33:02 +0100: Memory Usage (436188K) : Ruby Version for klayout: 3.2.3
2026-03-25 02:33:02 +0100: Memory Usage (436232K) : Loading database to memory is complete.
2026-03-25 02:33:02 +0100: Memory Usage (436232K) : IHP-SG13G2 KLayout DRC runset output at: /foss/designs/Design/xschem/HPAmplifier/OTA_Telescopic_backup/OTA_Telescopic_NO_FLATTEN/Layout_and_Related_files/drc_run_OTA_Telescopic_TOP_wp/OTA_Telescopic_TOP_wp_OTA_Telescopic_TOP_wp_via1.lyrdb
2026-03-25 02:33:02 +0100: Memory Usage (437928K) : Evaluate switches.
2026-03-25 02:33:02 +0100: Memory Usage (437928K) : tables selected: via1
2026-03-25 02:33:02 +0100: Memory Usage (437928K) : KLayout will use 4 thread(s) in tiled mode.
2026-03-25 02:33:02 +0100: Memory Usage (437928K) : deep mode is enabled.
2026-03-25 02:33:02 +0100: Memory Usage (437928K) : FEOL enabled: false
2026-03-25 02:33:02 +0100: Memory Usage (437928K) : BEOL enabled: false
2026-03-25 02:33:02 +0100: Memory Usage (437928K) : OFFGRID enabled: true
2026-03-25 02:33:02 +0100: Memory Usage (437928K) : PIN enabled: false
2026-03-25 02:33:02 +0100: Memory Usage (437928K) : FORBIDDEN enabled: false
2026-03-25 02:33:02 +0100: Memory Usage (437928K) : RECOMMENDED enabled: true
2026-03-25 02:33:02 +0100: Memory Usage (437928K) : PreCheck DRC enabled: false
2026-03-25 02:33:02 +0100: Memory Usage (437928K) : CONNECTIVITY_RULES enabled: false.
2026-03-25 02:33:02 +0100: Memory Usage (437928K) : Read in polygons from layers.
2026-03-25 02:33:02 +0100: Memory Usage (437928K) : activ_drw has 5032 polygons
2026-03-25 02:33:02 +0100: Memory Usage (437928K) : activ_pin has 0 polygons
2026-03-25 02:33:02 +0100: Memory Usage (437928K) : activ_mask has 0 polygons
2026-03-25 02:33:02 +0100: Memory Usage (437928K) : activ_filler has 0 polygons
2026-03-25 02:33:02 +0100: Memory Usage (437928K) : activ_nofill has 0 polygons
2026-03-25 02:33:02 +0100: Memory Usage (437928K) : activ_opc has 0 polygons
2026-03-25 02:33:02 +0100: Memory Usage (437928K) : activ_iopc has 0 polygons
2026-03-25 02:33:02 +0100: Memory Usage (437928K) : activ_noqrc has 0 polygons
2026-03-25 02:33:02 +0100: Memory Usage (437928K) : biwind_drw has 0 polygons
2026-03-25 02:33:02 +0100: Memory Usage (437928K) : biwind_opc has 0 polygons
2026-03-25 02:33:02 +0100: Memory Usage (438848K) : pemwind_drw has 0 polygons
2026-03-25 02:33:02 +0100: Memory Usage (438848K) : gatpoly_drw has 2679 polygons
2026-03-25 02:33:02 +0100: Memory Usage (438848K) : gatpoly_pin has 377 polygons
2026-03-25 02:33:02 +0100: Memory Usage (438848K) : gatpoly_filler has 0 polygons
2026-03-25 02:33:02 +0100: Memory Usage (438848K) : gatpoly_nofill has 0 polygons
2026-03-25 02:33:02 +0100: Memory Usage (438848K) : gatpoly_opc has 0 polygons
2026-03-25 02:33:02 +0100: Memory Usage (438848K) : gatpoly_iopc has 0 polygons
2026-03-25 02:33:02 +0100: Memory Usage (439112K) : gatpoly_noqrc has 0 polygons
2026-03-25 02:33:02 +0100: Memory Usage (439112K) : cont_drw has 24680 polygons
2026-03-25 02:33:02 +0100: Memory Usage (439112K) : cont_opc has 0 polygons
2026-03-25 02:33:02 +0100: Memory Usage (439352K) : nsd_drw has 0 polygons
2026-03-25 02:33:02 +0100: Memory Usage (439352K) : nsd_block has 0 polygons
2026-03-25 02:33:02 +0100: Memory Usage (439352K) : metal1_drw has 7670 polygons
2026-03-25 02:33:02 +0100: Memory Usage (439612K) : metal1_pin has 2038 polygons
2026-03-25 02:33:02 +0100: Memory Usage (439612K) : metal1_mask has 0 polygons
2026-03-25 02:33:02 +0100: Memory Usage (439612K) : metal1_filler has 0 polygons
2026-03-25 02:33:02 +0100: Memory Usage (439612K) : metal1_nofill has 0 polygons
2026-03-25 02:33:02 +0100: Memory Usage (439876K) : metal1_slit has 0 polygons
2026-03-25 02:33:02 +0100: Memory Usage (439876K) : metal1_text has 1 polygons
2026-03-25 02:33:02 +0100: Memory Usage (439876K) : metal1_opc has 0 polygons
2026-03-25 02:33:02 +0100: Memory Usage (439876K) : metal1_noqrc has 0 polygons
2026-03-25 02:33:02 +0100: Memory Usage (439876K) : metal1_res has 0 polygons
2026-03-25 02:33:02 +0100: Memory Usage (440256K) : metal1_iprobe has 0 polygons
2026-03-25 02:33:02 +0100: Memory Usage (440256K) : metal1_diffprb has 0 polygons
2026-03-25 02:33:02 +0100: Memory Usage (440256K) : passiv_drw has 0 polygons
2026-03-25 02:33:02 +0100: Memory Usage (440256K) : passiv_pin has 0 polygons
2026-03-25 02:33:02 +0100: Memory Usage (440256K) : passiv_sbump has 0 polygons
2026-03-25 02:33:02 +0100: Memory Usage (440520K) : passiv_pillar has 0 polygons
2026-03-25 02:33:02 +0100: Memory Usage (440520K) : passiv_pdl has 0 polygons
2026-03-25 02:33:02 +0100: Memory Usage (440520K) : metal2_drw has 1317 polygons
2026-03-25 02:33:02 +0100: Memory Usage (441080K) : metal2_pin has 11 polygons
2026-03-25 02:33:02 +0100: Memory Usage (441080K) : metal2_mask has 0 polygons
2026-03-25 02:33:02 +0100: Memory Usage (441080K) : metal2_filler has 0 polygons
2026-03-25 02:33:02 +0100: Memory Usage (441080K) : metal2_nofill has 0 polygons
2026-03-25 02:33:02 +0100: Memory Usage (441080K) : metal2_slit has 0 polygons
2026-03-25 02:33:02 +0100: Memory Usage (441344K) : metal2_text has 6 polygons
2026-03-25 02:33:02 +0100: Memory Usage (441384K) : metal2_opc has 0 polygons
2026-03-25 02:33:02 +0100: Memory Usage (441384K) : metal2_noqrc has 0 polygons
2026-03-25 02:33:02 +0100: Memory Usage (441384K) : metal2_res has 0 polygons
2026-03-25 02:33:02 +0100: Memory Usage (441644K) : metal2_iprobe has 0 polygons
2026-03-25 02:33:02 +0100: Memory Usage (441644K) : metal2_diffprb has 0 polygons
2026-03-25 02:33:02 +0100: Memory Usage (441644K) : baspoly_drw has 0 polygons
2026-03-25 02:33:02 +0100: Memory Usage (441644K) : baspoly_pin has 0 polygons
2026-03-25 02:33:02 +0100: Memory Usage (441644K) : psd_drw has 1551 polygons
2026-03-25 02:33:02 +0100: Memory Usage (441908K) : nldb_drw has 0 polygons
2026-03-25 02:33:02 +0100: Memory Usage (441908K) : digibnd_drw has 0 polygons
2026-03-25 02:33:02 +0100: Memory Usage (441908K) : via1_drw has 9054 polygons
2026-03-25 02:33:02 +0100: Memory Usage (442232K) : backmetal1_drw has 0 polygons
2026-03-25 02:33:02 +0100: Memory Usage (442232K) : backmetal1_pin has 0 polygons
2026-03-25 02:33:02 +0100: Memory Usage (442232K) : backmetal1_mask has 0 polygons
2026-03-25 02:33:02 +0100: Memory Usage (442232K) : backmetal1_filler has 0 polygons
2026-03-25 02:33:02 +0100: Memory Usage (442232K) : backmetal1_nofill has 0 polygons
2026-03-25 02:33:02 +0100: Memory Usage (442496K) : backmetal1_slit has 0 polygons
2026-03-25 02:33:02 +0100: Memory Usage (442496K) : backmetal1_text has 0 polygons
2026-03-25 02:33:02 +0100: Memory Usage (442496K) : backmetal1_opc has 0 polygons
2026-03-25 02:33:02 +0100: Memory Usage (442496K) : backmetal1_noqrc has 0 polygons
2026-03-25 02:33:02 +0100: Memory Usage (442496K) : backmetal1_res has 0 polygons
2026-03-25 02:33:02 +0100: Memory Usage (442760K) : backmetal1_iprobe has 0 polygons
2026-03-25 02:33:02 +0100: Memory Usage (442760K) : backmetal1_diffprb has 0 polygons
2026-03-25 02:33:02 +0100: Memory Usage (442760K) : backpassiv_drw has 0 polygons
2026-03-25 02:33:02 +0100: Memory Usage (442760K) : res_drw has 0 polygons
2026-03-25 02:33:02 +0100: Memory Usage (443016K) : sram_drw has 0 polygons
2026-03-25 02:33:02 +0100: Memory Usage (443016K) : trans_drw has 0 polygons
2026-03-25 02:33:02 +0100: Memory Usage (443016K) : ind_drw has 0 polygons
2026-03-25 02:33:02 +0100: Memory Usage (443016K) : ind_pin has 0 polygons
2026-03-25 02:33:02 +0100: Memory Usage (443276K) : ind_text has 0 polygons
2026-03-25 02:33:02 +0100: Memory Usage (443276K) : salblock_drw has 7 polygons
2026-03-25 02:33:02 +0100: Memory Usage (443416K) : via2_drw has 4753 polygons
2026-03-25 02:33:02 +0100: Memory Usage (443416K) : metal3_drw has 226 polygons
2026-03-25 02:33:02 +0100: Memory Usage (443416K) : metal3_pin has 8 polygons
2026-03-25 02:33:02 +0100: Memory Usage (443636K) : metal3_mask has 0 polygons
2026-03-25 02:33:02 +0100: Memory Usage (443636K) : metal3_filler has 0 polygons
2026-03-25 02:33:02 +0100: Memory Usage (443636K) : metal3_nofill has 0 polygons
2026-03-25 02:33:02 +0100: Memory Usage (443896K) : metal3_slit has 0 polygons
2026-03-25 02:33:02 +0100: Memory Usage (443896K) : metal3_text has 2 polygons
2026-03-25 02:33:02 +0100: Memory Usage (443896K) : metal3_opc has 0 polygons
2026-03-25 02:33:02 +0100: Memory Usage (443896K) : metal3_noqrc has 0 polygons
2026-03-25 02:33:02 +0100: Memory Usage (443896K) : metal3_res has 0 polygons
2026-03-25 02:33:02 +0100: Memory Usage (444160K) : metal3_iprobe has 0 polygons
2026-03-25 02:33:02 +0100: Memory Usage (444160K) : metal3_diffprb has 0 polygons
2026-03-25 02:33:02 +0100: Memory Usage (444160K) : nwell_drw has 1216 polygons
2026-03-25 02:33:02 +0100: Memory Usage (444160K) : nwell_pin has 0 polygons
2026-03-25 02:33:02 +0100: Memory Usage (444424K) : nbulay_drw has 0 polygons
2026-03-25 02:33:02 +0100: Memory Usage (444424K) : nbulay_pin has 0 polygons
2026-03-25 02:33:02 +0100: Memory Usage (444424K) : nbulay_block has 0 polygons
2026-03-25 02:33:02 +0100: Memory Usage (444592K) : emwind_drw has 0 polygons
2026-03-25 02:33:02 +0100: Memory Usage (444592K) : emwind_opc has 0 polygons
2026-03-25 02:33:02 +0100: Memory Usage (444768K) : deepco_drw has 0 polygons
2026-03-25 02:33:02 +0100: Memory Usage (444768K) : deepco_drw has 0 polygons
2026-03-25 02:33:02 +0100: Memory Usage (444768K) : mim_drw has 2 polygons
2026-03-25 02:33:02 +0100: Memory Usage (444768K) : edgeseal_drw has 0 polygons
2026-03-25 02:33:02 +0100: Memory Usage (445028K) : edgeseal_bound has 0 polygons
2026-03-25 02:33:02 +0100: Memory Usage (445028K) : substrate_drw has 723 polygons
2026-03-25 02:33:02 +0100: Memory Usage (445028K) : substrate_text has 0 polygons
2026-03-25 02:33:02 +0100: Memory Usage (445028K) : dfpad_drw has 0 polygons
2026-03-25 02:33:02 +0100: Memory Usage (445028K) : dfpad_pillar has 0 polygons
2026-03-25 02:33:02 +0100: Memory Usage (445292K) : dfpad_sbump has 0 polygons
2026-03-25 02:33:02 +0100: Memory Usage (445292K) : thickgateox_drw has 0 polygons
2026-03-25 02:33:02 +0100: Memory Usage (445292K) : pldb_drw has 0 polygons
2026-03-25 02:33:02 +0100: Memory Usage (445292K) : pwell_drw has 0 polygons
2026-03-25 02:33:02 +0100: Memory Usage (445292K) : pwell_pin has 0 polygons
2026-03-25 02:33:02 +0100: Memory Usage (445556K) : pwell_block has 0 polygons
2026-03-25 02:33:02 +0100: Memory Usage (445556K) : ic_drw has 0 polygons
2026-03-25 02:33:02 +0100: Memory Usage (445656K) : via3_drw has 4357 polygons
2026-03-25 02:33:02 +0100: Memory Usage (445656K) : metal4_drw has 157 polygons
2026-03-25 02:33:02 +0100: Memory Usage (445916K) : metal4_pin has 3 polygons
2026-03-25 02:33:02 +0100: Memory Usage (445916K) : metal4_mask has 0 polygons
2026-03-25 02:33:02 +0100: Memory Usage (445916K) : metal4_filler has 0 polygons
2026-03-25 02:33:02 +0100: Memory Usage (445916K) : metal4_nofill has 0 polygons
2026-03-25 02:33:02 +0100: Memory Usage (445916K) : metal4_slit has 0 polygons
2026-03-25 02:33:02 +0100: Memory Usage (446180K) : metal4_text has 5 polygons
2026-03-25 02:33:02 +0100: Memory Usage (446180K) : metal4_opc has 0 polygons
2026-03-25 02:33:03 +0100: Memory Usage (446180K) : metal4_noqrc has 0 polygons
2026-03-25 02:33:03 +0100: Memory Usage (446180K) : metal4_res has 0 polygons
2026-03-25 02:33:03 +0100: Memory Usage (446444K) : metal4_iprobe has 0 polygons
2026-03-25 02:33:03 +0100: Memory Usage (446444K) : metal4_diffprb has 0 polygons
2026-03-25 02:33:03 +0100: Memory Usage (446444K) : heattrans_drw has 1555 polygons
2026-03-25 02:33:03 +0100: Memory Usage (446444K) : heatres_drw has 7 polygons
2026-03-25 02:33:03 +0100: Memory Usage (446708K) : pempoly_drw has 0 polygons
2026-03-25 02:33:03 +0100: Memory Usage (446708K) : fbe_drw has 0 polygons
2026-03-25 02:33:03 +0100: Memory Usage (446708K) : empoly_drw has 0 polygons
2026-03-25 02:33:03 +0100: Memory Usage (446708K) : ldmos_drw has 0 polygons
2026-03-25 02:33:03 +0100: Memory Usage (446972K) : pbiwind_drw has 0 polygons
2026-03-25 02:33:03 +0100: Memory Usage (446972K) : digisub_drw has 0 polygons
2026-03-25 02:33:03 +0100: Memory Usage (446972K) : nodrc_drw has 0 polygons
2026-03-25 02:33:03 +0100: Memory Usage (446972K) : text_drw has 1107 polygons
2026-03-25 02:33:03 +0100: Memory Usage (447236K) : via4_drw has 4250 polygons
2026-03-25 02:33:03 +0100: Memory Usage (447236K) : metal5_drw has 107 polygons
2026-03-25 02:33:03 +0100: Memory Usage (447236K) : metal5_pin has 12 polygons
2026-03-25 02:33:03 +0100: Memory Usage (447236K) : metal5_mask has 0 polygons
2026-03-25 02:33:03 +0100: Memory Usage (447500K) : metal5_filler has 0 polygons
2026-03-25 02:33:03 +0100: Memory Usage (447500K) : metal5_nofill has 0 polygons
2026-03-25 02:33:03 +0100: Memory Usage (447500K) : metal5_slit has 0 polygons
2026-03-25 02:33:03 +0100: Memory Usage (447500K) : metal5_text has 18 polygons
2026-03-25 02:33:03 +0100: Memory Usage (447500K) : metal5_opc has 0 polygons
2026-03-25 02:33:03 +0100: Memory Usage (447764K) : metal5_noqrc has 0 polygons
2026-03-25 02:33:03 +0100: Memory Usage (447764K) : metal5_res has 0 polygons
2026-03-25 02:33:03 +0100: Memory Usage (447764K) : metal5_iprobe has 0 polygons
2026-03-25 02:33:03 +0100: Memory Usage (447764K) : metal5_diffprb has 0 polygons
2026-03-25 02:33:03 +0100: Memory Usage (447996K) : radhard_drw has 0 polygons
2026-03-25 02:33:03 +0100: Memory Usage (447996K) : memcap_drw has 0 polygons
2026-03-25 02:33:03 +0100: Memory Usage (447996K) : varicap_drw has 0 polygons
2026-03-25 02:33:03 +0100: Memory Usage (448256K) : flash_drw has 0 polygons
2026-03-25 02:33:03 +0100: Memory Usage (448256K) : intbondvia_drw has 0 polygons
2026-03-25 02:33:03 +0100: Memory Usage (448256K) : intbondmet_drw has 0 polygons
2026-03-25 02:33:03 +0100: Memory Usage (448256K) : devbondvia_drw has 0 polygons
2026-03-25 02:33:03 +0100: Memory Usage (448256K) : devbondmet_drw has 0 polygons
2026-03-25 02:33:03 +0100: Memory Usage (448520K) : devtrench_drw has 0 polygons
2026-03-25 02:33:03 +0100: Memory Usage (448520K) : redist_drw has 0 polygons
2026-03-25 02:33:03 +0100: Memory Usage (448520K) : graphbot_drw has 0 polygons
2026-03-25 02:33:03 +0100: Memory Usage (448520K) : graphtop_drw has 0 polygons
2026-03-25 02:33:03 +0100: Memory Usage (448520K) : antvia1_drw has 0 polygons
2026-03-25 02:33:03 +0100: Memory Usage (448784K) : antmetal2_drw has 0 polygons
2026-03-25 02:33:03 +0100: Memory Usage (448784K) : graphcont_drw has 0 polygons
2026-03-25 02:33:03 +0100: Memory Usage (448784K) : siwg_drw has 0 polygons
2026-03-25 02:33:03 +0100: Memory Usage (448784K) : siwg_filler has 0 polygons
2026-03-25 02:33:03 +0100: Memory Usage (449048K) : siwg_nofill has 0 polygons
2026-03-25 02:33:03 +0100: Memory Usage (449052K) : sigrating_drw has 0 polygons
2026-03-25 02:33:03 +0100: Memory Usage (449052K) : singrating_drw has 0 polygons
2026-03-25 02:33:03 +0100: Memory Usage (449052K) : graphpas_drw has 0 polygons
2026-03-25 02:33:03 +0100: Memory Usage (449312K) : emwind3_drw has 0 polygons
2026-03-25 02:33:03 +0100: Memory Usage (449312K) : emwihv3_drw has 0 polygons
2026-03-25 02:33:03 +0100: Memory Usage (449312K) : redbulay_drw has 0 polygons
2026-03-25 02:33:03 +0100: Memory Usage (449312K) : smos_drw has 0 polygons
2026-03-25 02:33:03 +0100: Memory Usage (449312K) : graphpad_drw has 0 polygons
2026-03-25 02:33:03 +0100: Memory Usage (449556K) : polimide_drw has 0 polygons
2026-03-25 02:33:03 +0100: Memory Usage (449556K) : polimide_pin has 0 polygons
2026-03-25 02:33:03 +0100: Memory Usage (449556K) : recog_drw has 0 polygons
2026-03-25 02:33:03 +0100: Memory Usage (449556K) : recog_pin has 0 polygons
2026-03-25 02:33:03 +0100: Memory Usage (449556K) : recog_esd has 0 polygons
2026-03-25 02:33:03 +0100: Memory Usage (449816K) : recog_diode has 0 polygons
2026-03-25 02:33:03 +0100: Memory Usage (449816K) : recog_tsv has 0 polygons
2026-03-25 02:33:03 +0100: Memory Usage (449816K) : recog_iprobe has 0 polygons
2026-03-25 02:33:03 +0100: Memory Usage (449816K) : recog_diffprb has 0 polygons
2026-03-25 02:33:03 +0100: Memory Usage (449816K) : recog_pillar has 0 polygons
2026-03-25 02:33:03 +0100: Memory Usage (449816K) : recog_sbump has 0 polygons
2026-03-25 02:33:03 +0100: Memory Usage (449816K) : recog_otp has 0 polygons
2026-03-25 02:33:03 +0100: Memory Usage (450080K) : recog_pdiode has 0 polygons
2026-03-25 02:33:03 +0100: Memory Usage (450080K) : recog_mom has 0 polygons
2026-03-25 02:33:03 +0100: Memory Usage (450080K) : recog_pcm has 0 polygons
2026-03-25 02:33:03 +0100: Memory Usage (450080K) : colopen_drw has 0 polygons
2026-03-25 02:33:03 +0100: Memory Usage (450080K) : graphmetal1_drw has 0 polygons
2026-03-25 02:33:03 +0100: Memory Usage (450080K) : graphmetal1_filler has 0 polygons
2026-03-25 02:33:03 +0100: Memory Usage (450080K) : graphmetal1_nofill has 0 polygons
2026-03-25 02:33:03 +0100: Memory Usage (450344K) : graphmetal1_slit has 0 polygons
2026-03-25 02:33:03 +0100: Memory Usage (450344K) : graphmetal1_opc has 0 polygons
2026-03-25 02:33:03 +0100: Memory Usage (450344K) : graphmet1l_drw has 0 polygons
2026-03-25 02:33:03 +0100: Memory Usage (450344K) : graphmet1l_filler has 0 polygons
2026-03-25 02:33:03 +0100: Memory Usage (450344K) : graphmet1l_nofill has 0 polygons
2026-03-25 02:33:03 +0100: Memory Usage (450608K) : graphmet1l_slit has 0 polygons
2026-03-25 02:33:03 +0100: Memory Usage (450608K) : graphmet1l_opc has 0 polygons
2026-03-25 02:33:03 +0100: Memory Usage (450608K) : extblock_drw has 21 polygons
2026-03-25 02:33:03 +0100: Memory Usage (450608K) : nldd_drw has 0 polygons
2026-03-25 02:33:03 +0100: Memory Usage (450872K) : pldd_drw has 0 polygons
2026-03-25 02:33:03 +0100: Memory Usage (450872K) : next_drw has 0 polygons
2026-03-25 02:33:03 +0100: Memory Usage (450872K) : pext_drw has 0 polygons
2026-03-25 02:33:03 +0100: Memory Usage (450872K) : nexthv_drw has 0 polygons
2026-03-25 02:33:03 +0100: Memory Usage (450872K) : pexthv_drw has 0 polygons
2026-03-25 02:33:03 +0100: Memory Usage (451136K) : graphgate_drw has 0 polygons
2026-03-25 02:33:03 +0100: Memory Usage (451136K) : sinwg_drw has 0 polygons
2026-03-25 02:33:03 +0100: Memory Usage (451136K) : sinwg_filler has 0 polygons
2026-03-25 02:33:03 +0100: Memory Usage (451136K) : sinwg_nofill has 0 polygons
2026-03-25 02:33:03 +0100: Memory Usage (451136K) : mempad_drw has 0 polygons
2026-03-25 02:33:03 +0100: Memory Usage (451136K) : topvia1_drw has 924 polygons
2026-03-25 02:33:03 +0100: Memory Usage (451136K) : topmetal1_drw has 120 polygons
2026-03-25 02:33:03 +0100: Memory Usage (451400K) : topmetal1_pin has 15 polygons
2026-03-25 02:33:03 +0100: Memory Usage (451400K) : topmetal1_mask has 0 polygons
2026-03-25 02:33:03 +0100: Memory Usage (451400K) : topmetal1_filler has 0 polygons
2026-03-25 02:33:03 +0100: Memory Usage (451400K) : topmetal1_nofill has 0 polygons
2026-03-25 02:33:03 +0100: Memory Usage (451400K) : topmetal1_slit has 0 polygons
2026-03-25 02:33:03 +0100: Memory Usage (451664K) : topmetal1_text has 4 polygons
2026-03-25 02:33:03 +0100: Memory Usage (451664K) : topmetal1_noqrc has 0 polygons
2026-03-25 02:33:03 +0100: Memory Usage (451664K) : topmetal1_res has 0 polygons
2026-03-25 02:33:03 +0100: Memory Usage (451664K) : topmetal1_iprobe has 0 polygons
2026-03-25 02:33:03 +0100: Memory Usage (451664K) : topmetal1_diffprb has 0 polygons
2026-03-25 02:33:03 +0100: Memory Usage (451664K) : inldpwl_drw has 0 polygons
2026-03-25 02:33:03 +0100: Memory Usage (451928K) : polyres_drw has 7 polygons
2026-03-25 02:33:03 +0100: Memory Usage (451928K) : polyres_pin has 0 polygons
2026-03-25 02:33:03 +0100: Memory Usage (451928K) : vmim_drw has 578 polygons
2026-03-25 02:33:03 +0100: Memory Usage (451928K) : nbulaycut_drw has 0 polygons
2026-03-25 02:33:03 +0100: Memory Usage (452192K) : antmetal1_drw has 0 polygons
2026-03-25 02:33:03 +0100: Memory Usage (452192K) : topvia2_drw has 0 polygons
2026-03-25 02:33:03 +0100: Memory Usage (452192K) : topmetal2_drw has 0 polygons
2026-03-25 02:33:03 +0100: Memory Usage (452192K) : topmetal2_pin has 0 polygons
2026-03-25 02:33:03 +0100: Memory Usage (452192K) : topmetal2_mask has 0 polygons
2026-03-25 02:33:03 +0100: Memory Usage (452456K) : topmetal2_filler has 0 polygons
2026-03-25 02:33:03 +0100: Memory Usage (452456K) : topmetal2_nofill has 0 polygons
2026-03-25 02:33:03 +0100: Memory Usage (452456K) : topmetal2_slit has 0 polygons
2026-03-25 02:33:03 +0100: Memory Usage (452456K) : topmetal2_text has 0 polygons
2026-03-25 02:33:03 +0100: Memory Usage (452456K) : topmetal2_noqrc has 0 polygons
2026-03-25 02:33:03 +0100: Memory Usage (452720K) : topmetal2_res has 0 polygons
2026-03-25 02:33:03 +0100: Memory Usage (452720K) : topmetal2_iprobe has 0 polygons
2026-03-25 02:33:03 +0100: Memory Usage (452720K) : topmetal2_diffprb has 0 polygons
2026-03-25 02:33:03 +0100: Memory Usage (452720K) : snsring_drw has 0 polygons
2026-03-25 02:33:03 +0100: Memory Usage (452720K) : sensor_drw has 0 polygons
2026-03-25 02:33:03 +0100: Memory Usage (452984K) : snsarms_drw has 0 polygons
2026-03-25 02:33:03 +0100: Memory Usage (452984K) : snscmosvia_drw has 0 polygons
2026-03-25 02:33:03 +0100: Memory Usage (452984K) : colwind_drw has 0 polygons
2026-03-25 02:33:03 +0100: Memory Usage (452984K) : flm_drw has 0 polygons
2026-03-25 02:33:03 +0100: Memory Usage (452984K) : hafniumox_drw has 0 polygons
2026-03-25 02:33:03 +0100: Memory Usage (453248K) : memvia_drw has 0 polygons
2026-03-25 02:33:03 +0100: Memory Usage (453248K) : thinfilmres_drw has 0 polygons
2026-03-25 02:33:03 +0100: Memory Usage (453248K) : rfmem_drw has 0 polygons
2026-03-25 02:33:03 +0100: Memory Usage (453248K) : norcx_drw has 0 polygons
2026-03-25 02:33:03 +0100: Memory Usage (453248K) : norcx_m2m3 has 0 polygons
2026-03-25 02:33:03 +0100: Memory Usage (453512K) : norcx_m2m4 has 0 polygons
2026-03-25 02:33:03 +0100: Memory Usage (453512K) : norcx_m2m5 has 0 polygons
2026-03-25 02:33:03 +0100: Memory Usage (453512K) : norcx_m2tm1 has 0 polygons
2026-03-25 02:33:03 +0100: Memory Usage (453512K) : norcx_m2tm2 has 0 polygons
2026-03-25 02:33:03 +0100: Memory Usage (453512K) : norcx_m3m4 has 0 polygons
2026-03-25 02:33:03 +0100: Memory Usage (453512K) : norcx_m3m5 has 0 polygons
2026-03-25 02:33:03 +0100: Memory Usage (453512K) : norcx_m3tm1 has 0 polygons
2026-03-25 02:33:03 +0100: Memory Usage (453512K) : norcx_m3tm2 has 0 polygons
2026-03-25 02:33:03 +0100: Memory Usage (453776K) : norcx_m4m5 has 0 polygons
2026-03-25 02:33:03 +0100: Memory Usage (453776K) : norcx_m4tm1 has 0 polygons
2026-03-25 02:33:03 +0100: Memory Usage (453776K) : norcx_m4tm2 has 0 polygons
2026-03-25 02:33:03 +0100: Memory Usage (453776K) : norcx_m5tm1 has 0 polygons
2026-03-25 02:33:03 +0100: Memory Usage (453776K) : norcx_m5tm2 has 0 polygons
2026-03-25 02:33:03 +0100: Memory Usage (453776K) : norcx_tm1tm2 has 0 polygons
2026-03-25 02:33:03 +0100: Memory Usage (453776K) : norcx_m1sub has 0 polygons
2026-03-25 02:33:03 +0100: Memory Usage (454040K) : norcx_m2sub has 0 polygons
2026-03-25 02:33:03 +0100: Memory Usage (454040K) : norcx_m3sub has 0 polygons
2026-03-25 02:33:03 +0100: Memory Usage (454040K) : norcx_m4sub has 0 polygons
2026-03-25 02:33:03 +0100: Memory Usage (454040K) : norcx_m5sub has 0 polygons
2026-03-25 02:33:03 +0100: Memory Usage (454040K) : norcx_tm1sub has 0 polygons
2026-03-25 02:33:03 +0100: Memory Usage (454040K) : norcx_tm2sub has 0 polygons
2026-03-25 02:33:03 +0100: Memory Usage (454040K) : snsbotvia_drw has 0 polygons
2026-03-25 02:33:03 +0100: Memory Usage (454304K) : snstopvia_drw has 0 polygons
2026-03-25 02:33:03 +0100: Memory Usage (454304K) : deepvia_drw has 0 polygons
2026-03-25 02:33:03 +0100: Memory Usage (454304K) : fgetch_drw has 0 polygons
2026-03-25 02:33:03 +0100: Memory Usage (454304K) : ctrgat_drw has 0 polygons
2026-03-25 02:33:03 +0100: Memory Usage (454304K) : fgimp_drw has 0 polygons
2026-03-25 02:33:03 +0100: Memory Usage (454304K) : emwihv_drw has 0 polygons
2026-03-25 02:33:03 +0100: Memory Usage (454304K) : lbe_drw has 0 polygons
2026-03-25 02:33:03 +0100: Memory Usage (454568K) : alcustop_drw has 0 polygons
2026-03-25 02:33:03 +0100: Memory Usage (454568K) : nometfiller_drw has 0 polygons
2026-03-25 02:33:03 +0100: Memory Usage (454568K) : prboundary_drw has 0 polygons
2026-03-25 02:33:03 +0100: Memory Usage (454568K) : exchange0_drw has 0 polygons
2026-03-25 02:33:03 +0100: Memory Usage (454568K) : exchange0_pin has 0 polygons
2026-03-25 02:33:03 +0100: Memory Usage (454832K) : exchange0_text has 0 polygons
2026-03-25 02:33:03 +0100: Memory Usage (454832K) : exchange1_drw has 0 polygons
2026-03-25 02:33:03 +0100: Memory Usage (454832K) : exchange1_pin has 0 polygons
2026-03-25 02:33:03 +0100: Memory Usage (454832K) : exchange1_text has 0 polygons
2026-03-25 02:33:03 +0100: Memory Usage (454832K) : exchange2_drw has 0 polygons
2026-03-25 02:33:03 +0100: Memory Usage (455096K) : exchange2_pin has 0 polygons
2026-03-25 02:33:03 +0100: Memory Usage (455096K) : exchange2_text has 0 polygons
2026-03-25 02:33:03 +0100: Memory Usage (455096K) : exchange3_drw has 0 polygons
2026-03-25 02:33:03 +0100: Memory Usage (455096K) : exchange3_pin has 0 polygons
2026-03-25 02:33:03 +0100: Memory Usage (455096K) : exchange3_text has 0 polygons
2026-03-25 02:33:03 +0100: Memory Usage (455096K) : exchange4_drw has 0 polygons
2026-03-25 02:33:03 +0100: Memory Usage (455096K) : exchange4_pin has 0 polygons
2026-03-25 02:33:03 +0100: Memory Usage (455096K) : exchange4_text has 0 polygons
2026-03-25 02:33:03 +0100: Memory Usage (455096K) : isonwell_drw has 0 polygons
2026-03-25 02:33:03 +0100: Memory Usage (455096K) : Total no. of polygons in the design is 74600
2026-03-25 02:33:03 +0100: Memory Usage (455096K) : Loaded TECH DRC rules values from /foss/pdks/ihp-sg13g2/libs.tech/klayout/python/sg13g2_pycell_lib/sg13g2_tech_mod.json
2026-03-25 02:33:03 +0100: Memory Usage (455096K) : Loaded default DRC rules values from /foss/pdks/ihp-sg13g2/libs.tech/klayout/tech/drc/rule_decks/sg13g2_tech_default.json
2026-03-25 02:33:03 +0100: Memory Usage (455096K) : The following rules values were missing in tech json and default values were used:
2026-03-25 02:33:03 +0100: Memory Usage (455096K) :   - Cnt_c_digibnd
2026-03-25 02:33:03 +0100: Memory Usage (456732K) : Total area of the design is 28136.451999999997 um^2.
2026-03-25 02:33:03 +0100: Memory Usage (456732K) : The design dimensions are 211.6 µm * 132.97 µm.
2026-03-25 02:33:03 +0100: Memory Usage (456732K) : Starting general IHP-SG13G2 derivations.
2026-03-25 02:33:03 +0100: Memory Usage (456732K) : Starting Pwell derivations
2026-03-25 02:33:03 +0100: Memory Usage (459276K) : Starting IHP-SG13G2 DRC rules.
2026-03-25 02:33:03 +0100: Memory Usage (459276K) : Starting 5.19. Via1 table
2026-03-25 02:33:03 +0100: Memory Usage (459276K) : Starting 5.19. Via1 table derivations
2026-03-25 02:33:03 +0100: Memory Usage (460012K) : Executing rule V1.a
2026-03-25 02:33:03 +0100: Memory Usage (461068K) : Executing rule V1.b
2026-03-25 02:33:03 +0100: Memory Usage (462156K) : Executing rule V1.c
2026-03-25 02:33:03 +0100: Memory Usage (463204K) : KLayout DRC run for tables 'via1' completed in 0.51 seconds
