# Logfile created on 2026-03-25 02:33:05 +0100 by logger.rb/v1.5.3
2026-03-25 02:33:05 +0100: Memory Usage (436364K) : Starting running IHP-SG13G2 KLayout DRC runset on /foss/designs/Design/xschem/HPAmplifier/OTA_Telescopic_backup/OTA_Telescopic_NO_FLATTEN/Layout_and_Related_files/OTA_Telescopic_TOP_wp.gds
2026-03-25 02:33:05 +0100: Memory Usage (436364K) : Ruby Version for klayout: 3.2.3
2026-03-25 02:33:05 +0100: Memory Usage (438096K) : Loading database to memory is complete.
2026-03-25 02:33:05 +0100: Memory Usage (438096K) : IHP-SG13G2 KLayout DRC runset output at: /foss/designs/Design/xschem/HPAmplifier/OTA_Telescopic_backup/OTA_Telescopic_NO_FLATTEN/Layout_and_Related_files/drc_run_OTA_Telescopic_TOP_wp/OTA_Telescopic_TOP_wp_OTA_Telescopic_TOP_wp_sealring.lyrdb
2026-03-25 02:33:05 +0100: Memory Usage (438096K) : Evaluate switches.
2026-03-25 02:33:05 +0100: Memory Usage (438096K) : tables selected: sealring
2026-03-25 02:33:05 +0100: Memory Usage (438096K) : KLayout will use 4 thread(s) in tiled mode.
2026-03-25 02:33:05 +0100: Memory Usage (438096K) : deep mode is enabled.
2026-03-25 02:33:05 +0100: Memory Usage (438096K) : FEOL enabled: false
2026-03-25 02:33:05 +0100: Memory Usage (438096K) : BEOL enabled: false
2026-03-25 02:33:05 +0100: Memory Usage (438096K) : OFFGRID enabled: true
2026-03-25 02:33:05 +0100: Memory Usage (438096K) : PIN enabled: false
2026-03-25 02:33:05 +0100: Memory Usage (438096K) : FORBIDDEN enabled: false
2026-03-25 02:33:05 +0100: Memory Usage (438096K) : RECOMMENDED enabled: true
2026-03-25 02:33:05 +0100: Memory Usage (438096K) : PreCheck DRC enabled: false
2026-03-25 02:33:05 +0100: Memory Usage (438096K) : CONNECTIVITY_RULES enabled: false.
2026-03-25 02:33:05 +0100: Memory Usage (438096K) : Read in polygons from layers.
2026-03-25 02:33:05 +0100: Memory Usage (438096K) : activ_drw has 5032 polygons
2026-03-25 02:33:05 +0100: Memory Usage (438096K) : activ_pin has 0 polygons
2026-03-25 02:33:05 +0100: Memory Usage (438096K) : activ_mask has 0 polygons
2026-03-25 02:33:05 +0100: Memory Usage (438096K) : activ_filler has 0 polygons
2026-03-25 02:33:05 +0100: Memory Usage (438096K) : activ_nofill has 0 polygons
2026-03-25 02:33:05 +0100: Memory Usage (438096K) : activ_opc has 0 polygons
2026-03-25 02:33:05 +0100: Memory Usage (438096K) : activ_iopc has 0 polygons
2026-03-25 02:33:05 +0100: Memory Usage (438096K) : activ_noqrc has 0 polygons
2026-03-25 02:33:05 +0100: Memory Usage (438096K) : biwind_drw has 0 polygons
2026-03-25 02:33:05 +0100: Memory Usage (438096K) : biwind_opc has 0 polygons
2026-03-25 02:33:05 +0100: Memory Usage (439084K) : pemwind_drw has 0 polygons
2026-03-25 02:33:05 +0100: Memory Usage (439084K) : gatpoly_drw has 2679 polygons
2026-03-25 02:33:05 +0100: Memory Usage (439084K) : gatpoly_pin has 377 polygons
2026-03-25 02:33:05 +0100: Memory Usage (439084K) : gatpoly_filler has 0 polygons
2026-03-25 02:33:05 +0100: Memory Usage (439084K) : gatpoly_nofill has 0 polygons
2026-03-25 02:33:05 +0100: Memory Usage (439084K) : gatpoly_opc has 0 polygons
2026-03-25 02:33:05 +0100: Memory Usage (439084K) : gatpoly_iopc has 0 polygons
2026-03-25 02:33:05 +0100: Memory Usage (439348K) : gatpoly_noqrc has 0 polygons
2026-03-25 02:33:05 +0100: Memory Usage (439348K) : cont_drw has 24680 polygons
2026-03-25 02:33:05 +0100: Memory Usage (439348K) : cont_opc has 0 polygons
2026-03-25 02:33:05 +0100: Memory Usage (439596K) : nsd_drw has 0 polygons
2026-03-25 02:33:05 +0100: Memory Usage (439596K) : nsd_block has 0 polygons
2026-03-25 02:33:05 +0100: Memory Usage (439596K) : metal1_drw has 7670 polygons
2026-03-25 02:33:05 +0100: Memory Usage (439856K) : metal1_pin has 2038 polygons
2026-03-25 02:33:05 +0100: Memory Usage (439856K) : metal1_mask has 0 polygons
2026-03-25 02:33:05 +0100: Memory Usage (439856K) : metal1_filler has 0 polygons
2026-03-25 02:33:05 +0100: Memory Usage (439856K) : metal1_nofill has 0 polygons
2026-03-25 02:33:05 +0100: Memory Usage (440120K) : metal1_slit has 0 polygons
2026-03-25 02:33:05 +0100: Memory Usage (440120K) : metal1_text has 1 polygons
2026-03-25 02:33:05 +0100: Memory Usage (440120K) : metal1_opc has 0 polygons
2026-03-25 02:33:05 +0100: Memory Usage (440120K) : metal1_noqrc has 0 polygons
2026-03-25 02:33:05 +0100: Memory Usage (440120K) : metal1_res has 0 polygons
2026-03-25 02:33:05 +0100: Memory Usage (440500K) : metal1_iprobe has 0 polygons
2026-03-25 02:33:05 +0100: Memory Usage (440500K) : metal1_diffprb has 0 polygons
2026-03-25 02:33:05 +0100: Memory Usage (440500K) : passiv_drw has 0 polygons
2026-03-25 02:33:05 +0100: Memory Usage (440500K) : passiv_pin has 0 polygons
2026-03-25 02:33:05 +0100: Memory Usage (440500K) : passiv_sbump has 0 polygons
2026-03-25 02:33:05 +0100: Memory Usage (440764K) : passiv_pillar has 0 polygons
2026-03-25 02:33:05 +0100: Memory Usage (440764K) : passiv_pdl has 0 polygons
2026-03-25 02:33:05 +0100: Memory Usage (440764K) : metal2_drw has 1317 polygons
2026-03-25 02:33:05 +0100: Memory Usage (441380K) : metal2_pin has 11 polygons
2026-03-25 02:33:05 +0100: Memory Usage (441380K) : metal2_mask has 0 polygons
2026-03-25 02:33:05 +0100: Memory Usage (441380K) : metal2_filler has 0 polygons
2026-03-25 02:33:05 +0100: Memory Usage (441380K) : metal2_nofill has 0 polygons
2026-03-25 02:33:05 +0100: Memory Usage (441380K) : metal2_slit has 0 polygons
2026-03-25 02:33:05 +0100: Memory Usage (441644K) : metal2_text has 6 polygons
2026-03-25 02:33:05 +0100: Memory Usage (441736K) : metal2_opc has 0 polygons
2026-03-25 02:33:05 +0100: Memory Usage (441736K) : metal2_noqrc has 0 polygons
2026-03-25 02:33:05 +0100: Memory Usage (441736K) : metal2_res has 0 polygons
2026-03-25 02:33:05 +0100: Memory Usage (441736K) : metal2_iprobe has 0 polygons
2026-03-25 02:33:05 +0100: Memory Usage (441996K) : metal2_diffprb has 0 polygons
2026-03-25 02:33:05 +0100: Memory Usage (441996K) : baspoly_drw has 0 polygons
2026-03-25 02:33:05 +0100: Memory Usage (441996K) : baspoly_pin has 0 polygons
2026-03-25 02:33:05 +0100: Memory Usage (441996K) : psd_drw has 1551 polygons
2026-03-25 02:33:05 +0100: Memory Usage (441996K) : nldb_drw has 0 polygons
2026-03-25 02:33:05 +0100: Memory Usage (442260K) : digibnd_drw has 0 polygons
2026-03-25 02:33:05 +0100: Memory Usage (442260K) : via1_drw has 9054 polygons
2026-03-25 02:33:05 +0100: Memory Usage (442260K) : backmetal1_drw has 0 polygons
2026-03-25 02:33:05 +0100: Memory Usage (442584K) : backmetal1_pin has 0 polygons
2026-03-25 02:33:05 +0100: Memory Usage (442584K) : backmetal1_mask has 0 polygons
2026-03-25 02:33:05 +0100: Memory Usage (442584K) : backmetal1_filler has 0 polygons
2026-03-25 02:33:05 +0100: Memory Usage (442584K) : backmetal1_nofill has 0 polygons
2026-03-25 02:33:05 +0100: Memory Usage (442584K) : backmetal1_slit has 0 polygons
2026-03-25 02:33:05 +0100: Memory Usage (442848K) : backmetal1_text has 0 polygons
2026-03-25 02:33:05 +0100: Memory Usage (442848K) : backmetal1_opc has 0 polygons
2026-03-25 02:33:05 +0100: Memory Usage (442848K) : backmetal1_noqrc has 0 polygons
2026-03-25 02:33:05 +0100: Memory Usage (442848K) : backmetal1_res has 0 polygons
2026-03-25 02:33:05 +0100: Memory Usage (442848K) : backmetal1_iprobe has 0 polygons
2026-03-25 02:33:05 +0100: Memory Usage (443112K) : backmetal1_diffprb has 0 polygons
2026-03-25 02:33:05 +0100: Memory Usage (443112K) : backpassiv_drw has 0 polygons
2026-03-25 02:33:05 +0100: Memory Usage (443112K) : res_drw has 0 polygons
2026-03-25 02:33:05 +0100: Memory Usage (443112K) : sram_drw has 0 polygons
2026-03-25 02:33:05 +0100: Memory Usage (443324K) : trans_drw has 0 polygons
2026-03-25 02:33:05 +0100: Memory Usage (443324K) : ind_drw has 0 polygons
2026-03-25 02:33:05 +0100: Memory Usage (443324K) : ind_pin has 0 polygons
2026-03-25 02:33:05 +0100: Memory Usage (443584K) : ind_text has 0 polygons
2026-03-25 02:33:05 +0100: Memory Usage (443584K) : salblock_drw has 7 polygons
2026-03-25 02:33:05 +0100: Memory Usage (443584K) : via2_drw has 4753 polygons
2026-03-25 02:33:05 +0100: Memory Usage (443720K) : metal3_drw has 226 polygons
2026-03-25 02:33:05 +0100: Memory Usage (443720K) : metal3_pin has 8 polygons
2026-03-25 02:33:05 +0100: Memory Usage (443980K) : metal3_mask has 0 polygons
2026-03-25 02:33:05 +0100: Memory Usage (443996K) : metal3_filler has 0 polygons
2026-03-25 02:33:05 +0100: Memory Usage (443996K) : metal3_nofill has 0 polygons
2026-03-25 02:33:05 +0100: Memory Usage (443996K) : metal3_slit has 0 polygons
2026-03-25 02:33:05 +0100: Memory Usage (444256K) : metal3_text has 2 polygons
2026-03-25 02:33:05 +0100: Memory Usage (444256K) : metal3_opc has 0 polygons
2026-03-25 02:33:05 +0100: Memory Usage (444256K) : metal3_noqrc has 0 polygons
2026-03-25 02:33:05 +0100: Memory Usage (444256K) : metal3_res has 0 polygons
2026-03-25 02:33:05 +0100: Memory Usage (444256K) : metal3_iprobe has 0 polygons
2026-03-25 02:33:05 +0100: Memory Usage (444520K) : metal3_diffprb has 0 polygons
2026-03-25 02:33:05 +0100: Memory Usage (444520K) : nwell_drw has 1216 polygons
2026-03-25 02:33:05 +0100: Memory Usage (444520K) : nwell_pin has 0 polygons
2026-03-25 02:33:05 +0100: Memory Usage (444520K) : nbulay_drw has 0 polygons
2026-03-25 02:33:05 +0100: Memory Usage (444784K) : nbulay_pin has 0 polygons
2026-03-25 02:33:05 +0100: Memory Usage (444784K) : nbulay_block has 0 polygons
2026-03-25 02:33:05 +0100: Memory Usage (444784K) : emwind_drw has 0 polygons
2026-03-25 02:33:05 +0100: Memory Usage (444896K) : emwind_opc has 0 polygons
2026-03-25 02:33:05 +0100: Memory Usage (444896K) : deepco_drw has 0 polygons
2026-03-25 02:33:05 +0100: Memory Usage (445076K) : deepco_drw has 0 polygons
2026-03-25 02:33:05 +0100: Memory Usage (445076K) : mim_drw has 2 polygons
2026-03-25 02:33:05 +0100: Memory Usage (445076K) : edgeseal_drw has 0 polygons
2026-03-25 02:33:05 +0100: Memory Usage (445336K) : edgeseal_bound has 0 polygons
2026-03-25 02:33:05 +0100: Memory Usage (445336K) : substrate_drw has 723 polygons
2026-03-25 02:33:05 +0100: Memory Usage (445336K) : substrate_text has 0 polygons
2026-03-25 02:33:05 +0100: Memory Usage (445336K) : dfpad_drw has 0 polygons
2026-03-25 02:33:05 +0100: Memory Usage (445336K) : dfpad_pillar has 0 polygons
2026-03-25 02:33:05 +0100: Memory Usage (445600K) : dfpad_sbump has 0 polygons
2026-03-25 02:33:05 +0100: Memory Usage (445600K) : thickgateox_drw has 0 polygons
2026-03-25 02:33:05 +0100: Memory Usage (445600K) : pldb_drw has 0 polygons
2026-03-25 02:33:05 +0100: Memory Usage (445600K) : pwell_drw has 0 polygons
2026-03-25 02:33:05 +0100: Memory Usage (445600K) : pwell_pin has 0 polygons
2026-03-25 02:33:05 +0100: Memory Usage (445864K) : pwell_block has 0 polygons
2026-03-25 02:33:05 +0100: Memory Usage (445864K) : ic_drw has 0 polygons
2026-03-25 02:33:05 +0100: Memory Usage (445864K) : via3_drw has 4357 polygons
2026-03-25 02:33:05 +0100: Memory Usage (446016K) : metal4_drw has 157 polygons
2026-03-25 02:33:05 +0100: Memory Usage (446016K) : metal4_pin has 3 polygons
2026-03-25 02:33:05 +0100: Memory Usage (446276K) : metal4_mask has 0 polygons
2026-03-25 02:33:05 +0100: Memory Usage (446276K) : metal4_filler has 0 polygons
2026-03-25 02:33:05 +0100: Memory Usage (446276K) : metal4_nofill has 0 polygons
2026-03-25 02:33:05 +0100: Memory Usage (446276K) : metal4_slit has 0 polygons
2026-03-25 02:33:05 +0100: Memory Usage (446276K) : metal4_text has 5 polygons
2026-03-25 02:33:05 +0100: Memory Usage (446540K) : metal4_opc has 0 polygons
2026-03-25 02:33:05 +0100: Memory Usage (446540K) : metal4_noqrc has 0 polygons
2026-03-25 02:33:05 +0100: Memory Usage (446676K) : metal4_res has 0 polygons
2026-03-25 02:33:05 +0100: Memory Usage (446676K) : metal4_iprobe has 0 polygons
2026-03-25 02:33:05 +0100: Memory Usage (446676K) : metal4_diffprb has 0 polygons
2026-03-25 02:33:05 +0100: Memory Usage (446676K) : heattrans_drw has 1555 polygons
2026-03-25 02:33:05 +0100: Memory Usage (446936K) : heatres_drw has 7 polygons
2026-03-25 02:33:05 +0100: Memory Usage (446936K) : pempoly_drw has 0 polygons
2026-03-25 02:33:05 +0100: Memory Usage (446936K) : fbe_drw has 0 polygons
2026-03-25 02:33:05 +0100: Memory Usage (446936K) : empoly_drw has 0 polygons
2026-03-25 02:33:05 +0100: Memory Usage (447200K) : ldmos_drw has 0 polygons
2026-03-25 02:33:05 +0100: Memory Usage (447200K) : pbiwind_drw has 0 polygons
2026-03-25 02:33:05 +0100: Memory Usage (447200K) : digisub_drw has 0 polygons
2026-03-25 02:33:05 +0100: Memory Usage (447200K) : nodrc_drw has 0 polygons
2026-03-25 02:33:05 +0100: Memory Usage (447460K) : text_drw has 1107 polygons
2026-03-25 02:33:05 +0100: Memory Usage (447460K) : via4_drw has 4250 polygons
2026-03-25 02:33:05 +0100: Memory Usage (447460K) : metal5_drw has 107 polygons
2026-03-25 02:33:05 +0100: Memory Usage (447460K) : metal5_pin has 12 polygons
2026-03-25 02:33:05 +0100: Memory Usage (447724K) : metal5_mask has 0 polygons
2026-03-25 02:33:05 +0100: Memory Usage (447724K) : metal5_filler has 0 polygons
2026-03-25 02:33:05 +0100: Memory Usage (447724K) : metal5_nofill has 0 polygons
2026-03-25 02:33:05 +0100: Memory Usage (447724K) : metal5_slit has 0 polygons
2026-03-25 02:33:05 +0100: Memory Usage (447724K) : metal5_text has 18 polygons
2026-03-25 02:33:05 +0100: Memory Usage (447988K) : metal5_opc has 0 polygons
2026-03-25 02:33:05 +0100: Memory Usage (447988K) : metal5_noqrc has 0 polygons
2026-03-25 02:33:05 +0100: Memory Usage (447988K) : metal5_res has 0 polygons
2026-03-25 02:33:05 +0100: Memory Usage (447988K) : metal5_iprobe has 0 polygons
2026-03-25 02:33:05 +0100: Memory Usage (447988K) : metal5_diffprb has 0 polygons
2026-03-25 02:33:05 +0100: Memory Usage (448356K) : radhard_drw has 0 polygons
2026-03-25 02:33:05 +0100: Memory Usage (448356K) : memcap_drw has 0 polygons
2026-03-25 02:33:05 +0100: Memory Usage (448356K) : varicap_drw has 0 polygons
2026-03-25 02:33:05 +0100: Memory Usage (448356K) : flash_drw has 0 polygons
2026-03-25 02:33:05 +0100: Memory Usage (448616K) : intbondvia_drw has 0 polygons
2026-03-25 02:33:05 +0100: Memory Usage (448616K) : intbondmet_drw has 0 polygons
2026-03-25 02:33:05 +0100: Memory Usage (448616K) : devbondvia_drw has 0 polygons
2026-03-25 02:33:05 +0100: Memory Usage (448616K) : devbondmet_drw has 0 polygons
2026-03-25 02:33:05 +0100: Memory Usage (448616K) : devtrench_drw has 0 polygons
2026-03-25 02:33:05 +0100: Memory Usage (448880K) : redist_drw has 0 polygons
2026-03-25 02:33:05 +0100: Memory Usage (448880K) : graphbot_drw has 0 polygons
2026-03-25 02:33:05 +0100: Memory Usage (448880K) : graphtop_drw has 0 polygons
2026-03-25 02:33:05 +0100: Memory Usage (448880K) : antvia1_drw has 0 polygons
2026-03-25 02:33:05 +0100: Memory Usage (448880K) : antmetal2_drw has 0 polygons
2026-03-25 02:33:05 +0100: Memory Usage (449144K) : graphcont_drw has 0 polygons
2026-03-25 02:33:05 +0100: Memory Usage (449144K) : siwg_drw has 0 polygons
2026-03-25 02:33:05 +0100: Memory Usage (449144K) : siwg_filler has 0 polygons
2026-03-25 02:33:05 +0100: Memory Usage (449144K) : siwg_nofill has 0 polygons
2026-03-25 02:33:05 +0100: Memory Usage (449352K) : sigrating_drw has 0 polygons
2026-03-25 02:33:05 +0100: Memory Usage (449352K) : singrating_drw has 0 polygons
2026-03-25 02:33:05 +0100: Memory Usage (449352K) : graphpas_drw has 0 polygons
2026-03-25 02:33:05 +0100: Memory Usage (449612K) : emwind3_drw has 0 polygons
2026-03-25 02:33:05 +0100: Memory Usage (449612K) : emwihv3_drw has 0 polygons
2026-03-25 02:33:05 +0100: Memory Usage (449612K) : redbulay_drw has 0 polygons
2026-03-25 02:33:05 +0100: Memory Usage (449612K) : smos_drw has 0 polygons
2026-03-25 02:33:05 +0100: Memory Usage (449612K) : graphpad_drw has 0 polygons
2026-03-25 02:33:05 +0100: Memory Usage (449852K) : polimide_drw has 0 polygons
2026-03-25 02:33:05 +0100: Memory Usage (449852K) : polimide_pin has 0 polygons
2026-03-25 02:33:05 +0100: Memory Usage (449852K) : recog_drw has 0 polygons
2026-03-25 02:33:05 +0100: Memory Usage (449852K) : recog_pin has 0 polygons
2026-03-25 02:33:05 +0100: Memory Usage (449852K) : recog_esd has 0 polygons
2026-03-25 02:33:05 +0100: Memory Usage (450112K) : recog_diode has 0 polygons
2026-03-25 02:33:05 +0100: Memory Usage (450112K) : recog_tsv has 0 polygons
2026-03-25 02:33:05 +0100: Memory Usage (450112K) : recog_iprobe has 0 polygons
2026-03-25 02:33:05 +0100: Memory Usage (450112K) : recog_diffprb has 0 polygons
2026-03-25 02:33:05 +0100: Memory Usage (450112K) : recog_pillar has 0 polygons
2026-03-25 02:33:05 +0100: Memory Usage (450112K) : recog_sbump has 0 polygons
2026-03-25 02:33:05 +0100: Memory Usage (450112K) : recog_otp has 0 polygons
2026-03-25 02:33:05 +0100: Memory Usage (450376K) : recog_pdiode has 0 polygons
2026-03-25 02:33:05 +0100: Memory Usage (450376K) : recog_mom has 0 polygons
2026-03-25 02:33:05 +0100: Memory Usage (450376K) : recog_pcm has 0 polygons
2026-03-25 02:33:05 +0100: Memory Usage (450376K) : colopen_drw has 0 polygons
2026-03-25 02:33:05 +0100: Memory Usage (450376K) : graphmetal1_drw has 0 polygons
2026-03-25 02:33:05 +0100: Memory Usage (450376K) : graphmetal1_filler has 0 polygons
2026-03-25 02:33:05 +0100: Memory Usage (450376K) : graphmetal1_nofill has 0 polygons
2026-03-25 02:33:05 +0100: Memory Usage (450640K) : graphmetal1_slit has 0 polygons
2026-03-25 02:33:05 +0100: Memory Usage (450640K) : graphmetal1_opc has 0 polygons
2026-03-25 02:33:05 +0100: Memory Usage (450640K) : graphmet1l_drw has 0 polygons
2026-03-25 02:33:05 +0100: Memory Usage (450640K) : graphmet1l_filler has 0 polygons
2026-03-25 02:33:05 +0100: Memory Usage (450640K) : graphmet1l_nofill has 0 polygons
2026-03-25 02:33:05 +0100: Memory Usage (450904K) : graphmet1l_slit has 0 polygons
2026-03-25 02:33:05 +0100: Memory Usage (450904K) : graphmet1l_opc has 0 polygons
2026-03-25 02:33:05 +0100: Memory Usage (450904K) : extblock_drw has 21 polygons
2026-03-25 02:33:05 +0100: Memory Usage (450904K) : nldd_drw has 0 polygons
2026-03-25 02:33:05 +0100: Memory Usage (451168K) : pldd_drw has 0 polygons
2026-03-25 02:33:05 +0100: Memory Usage (451168K) : next_drw has 0 polygons
2026-03-25 02:33:05 +0100: Memory Usage (451168K) : pext_drw has 0 polygons
2026-03-25 02:33:05 +0100: Memory Usage (451168K) : nexthv_drw has 0 polygons
2026-03-25 02:33:05 +0100: Memory Usage (451168K) : pexthv_drw has 0 polygons
2026-03-25 02:33:05 +0100: Memory Usage (451432K) : graphgate_drw has 0 polygons
2026-03-25 02:33:05 +0100: Memory Usage (451432K) : sinwg_drw has 0 polygons
2026-03-25 02:33:05 +0100: Memory Usage (451432K) : sinwg_filler has 0 polygons
2026-03-25 02:33:05 +0100: Memory Usage (451432K) : sinwg_nofill has 0 polygons
2026-03-25 02:33:05 +0100: Memory Usage (451432K) : mempad_drw has 0 polygons
2026-03-25 02:33:05 +0100: Memory Usage (451432K) : topvia1_drw has 924 polygons
2026-03-25 02:33:05 +0100: Memory Usage (451432K) : topmetal1_drw has 120 polygons
2026-03-25 02:33:05 +0100: Memory Usage (451696K) : topmetal1_pin has 15 polygons
2026-03-25 02:33:05 +0100: Memory Usage (451696K) : topmetal1_mask has 0 polygons
2026-03-25 02:33:05 +0100: Memory Usage (451696K) : topmetal1_filler has 0 polygons
2026-03-25 02:33:05 +0100: Memory Usage (451696K) : topmetal1_nofill has 0 polygons
2026-03-25 02:33:05 +0100: Memory Usage (451696K) : topmetal1_slit has 0 polygons
2026-03-25 02:33:05 +0100: Memory Usage (451696K) : topmetal1_text has 4 polygons
2026-03-25 02:33:05 +0100: Memory Usage (451960K) : topmetal1_noqrc has 0 polygons
2026-03-25 02:33:05 +0100: Memory Usage (451960K) : topmetal1_res has 0 polygons
2026-03-25 02:33:05 +0100: Memory Usage (451960K) : topmetal1_iprobe has 0 polygons
2026-03-25 02:33:05 +0100: Memory Usage (451960K) : topmetal1_diffprb has 0 polygons
2026-03-25 02:33:05 +0100: Memory Usage (451960K) : inldpwl_drw has 0 polygons
2026-03-25 02:33:05 +0100: Memory Usage (452224K) : polyres_drw has 7 polygons
2026-03-25 02:33:05 +0100: Memory Usage (452224K) : polyres_pin has 0 polygons
2026-03-25 02:33:05 +0100: Memory Usage (452224K) : vmim_drw has 578 polygons
2026-03-25 02:33:05 +0100: Memory Usage (452224K) : nbulaycut_drw has 0 polygons
2026-03-25 02:33:05 +0100: Memory Usage (452488K) : antmetal1_drw has 0 polygons
2026-03-25 02:33:05 +0100: Memory Usage (452488K) : topvia2_drw has 0 polygons
2026-03-25 02:33:05 +0100: Memory Usage (452488K) : topmetal2_drw has 0 polygons
2026-03-25 02:33:05 +0100: Memory Usage (452488K) : topmetal2_pin has 0 polygons
2026-03-25 02:33:05 +0100: Memory Usage (452488K) : topmetal2_mask has 0 polygons
2026-03-25 02:33:05 +0100: Memory Usage (452752K) : topmetal2_filler has 0 polygons
2026-03-25 02:33:05 +0100: Memory Usage (452752K) : topmetal2_nofill has 0 polygons
2026-03-25 02:33:05 +0100: Memory Usage (452752K) : topmetal2_slit has 0 polygons
2026-03-25 02:33:05 +0100: Memory Usage (452752K) : topmetal2_text has 0 polygons
2026-03-25 02:33:05 +0100: Memory Usage (452752K) : topmetal2_noqrc has 0 polygons
2026-03-25 02:33:05 +0100: Memory Usage (453016K) : topmetal2_res has 0 polygons
2026-03-25 02:33:05 +0100: Memory Usage (453016K) : topmetal2_iprobe has 0 polygons
2026-03-25 02:33:05 +0100: Memory Usage (453016K) : topmetal2_diffprb has 0 polygons
2026-03-25 02:33:05 +0100: Memory Usage (453016K) : snsring_drw has 0 polygons
2026-03-25 02:33:05 +0100: Memory Usage (453016K) : sensor_drw has 0 polygons
2026-03-25 02:33:05 +0100: Memory Usage (453280K) : snsarms_drw has 0 polygons
2026-03-25 02:33:05 +0100: Memory Usage (453280K) : snscmosvia_drw has 0 polygons
2026-03-25 02:33:05 +0100: Memory Usage (453280K) : colwind_drw has 0 polygons
2026-03-25 02:33:05 +0100: Memory Usage (453280K) : flm_drw has 0 polygons
2026-03-25 02:33:05 +0100: Memory Usage (453280K) : hafniumox_drw has 0 polygons
2026-03-25 02:33:05 +0100: Memory Usage (453544K) : memvia_drw has 0 polygons
2026-03-25 02:33:05 +0100: Memory Usage (453544K) : thinfilmres_drw has 0 polygons
2026-03-25 02:33:05 +0100: Memory Usage (453544K) : rfmem_drw has 0 polygons
2026-03-25 02:33:05 +0100: Memory Usage (453544K) : norcx_drw has 0 polygons
2026-03-25 02:33:05 +0100: Memory Usage (453544K) : norcx_m2m3 has 0 polygons
2026-03-25 02:33:05 +0100: Memory Usage (453544K) : norcx_m2m4 has 0 polygons
2026-03-25 02:33:05 +0100: Memory Usage (453544K) : norcx_m2m5 has 0 polygons
2026-03-25 02:33:05 +0100: Memory Usage (453808K) : norcx_m2tm1 has 0 polygons
2026-03-25 02:33:05 +0100: Memory Usage (453808K) : norcx_m2tm2 has 0 polygons
2026-03-25 02:33:05 +0100: Memory Usage (453808K) : norcx_m3m4 has 0 polygons
2026-03-25 02:33:05 +0100: Memory Usage (453808K) : norcx_m3m5 has 0 polygons
2026-03-25 02:33:05 +0100: Memory Usage (453808K) : norcx_m3tm1 has 0 polygons
2026-03-25 02:33:05 +0100: Memory Usage (453808K) : norcx_m3tm2 has 0 polygons
2026-03-25 02:33:05 +0100: Memory Usage (453808K) : norcx_m4m5 has 0 polygons
2026-03-25 02:33:05 +0100: Memory Usage (454072K) : norcx_m4tm1 has 0 polygons
2026-03-25 02:33:05 +0100: Memory Usage (454072K) : norcx_m4tm2 has 0 polygons
2026-03-25 02:33:05 +0100: Memory Usage (454072K) : norcx_m5tm1 has 0 polygons
2026-03-25 02:33:05 +0100: Memory Usage (454072K) : norcx_m5tm2 has 0 polygons
2026-03-25 02:33:05 +0100: Memory Usage (454072K) : norcx_tm1tm2 has 0 polygons
2026-03-25 02:33:05 +0100: Memory Usage (454072K) : norcx_m1sub has 0 polygons
2026-03-25 02:33:05 +0100: Memory Usage (454072K) : norcx_m2sub has 0 polygons
2026-03-25 02:33:05 +0100: Memory Usage (454336K) : norcx_m3sub has 0 polygons
2026-03-25 02:33:05 +0100: Memory Usage (454336K) : norcx_m4sub has 0 polygons
2026-03-25 02:33:05 +0100: Memory Usage (454336K) : norcx_m5sub has 0 polygons
2026-03-25 02:33:05 +0100: Memory Usage (454336K) : norcx_tm1sub has 0 polygons
2026-03-25 02:33:05 +0100: Memory Usage (454336K) : norcx_tm2sub has 0 polygons
2026-03-25 02:33:05 +0100: Memory Usage (454336K) : snsbotvia_drw has 0 polygons
2026-03-25 02:33:05 +0100: Memory Usage (454336K) : snstopvia_drw has 0 polygons
2026-03-25 02:33:05 +0100: Memory Usage (454600K) : deepvia_drw has 0 polygons
2026-03-25 02:33:05 +0100: Memory Usage (454600K) : fgetch_drw has 0 polygons
2026-03-25 02:33:05 +0100: Memory Usage (454600K) : ctrgat_drw has 0 polygons
2026-03-25 02:33:05 +0100: Memory Usage (454600K) : fgimp_drw has 0 polygons
2026-03-25 02:33:05 +0100: Memory Usage (454600K) : emwihv_drw has 0 polygons
2026-03-25 02:33:05 +0100: Memory Usage (454600K) : lbe_drw has 0 polygons
2026-03-25 02:33:05 +0100: Memory Usage (454864K) : alcustop_drw has 0 polygons
2026-03-25 02:33:05 +0100: Memory Usage (454864K) : nometfiller_drw has 0 polygons
2026-03-25 02:33:05 +0100: Memory Usage (454864K) : prboundary_drw has 0 polygons
2026-03-25 02:33:05 +0100: Memory Usage (454864K) : exchange0_drw has 0 polygons
2026-03-25 02:33:05 +0100: Memory Usage (454864K) : exchange0_pin has 0 polygons
2026-03-25 02:33:05 +0100: Memory Usage (455128K) : exchange0_text has 0 polygons
2026-03-25 02:33:05 +0100: Memory Usage (455128K) : exchange1_drw has 0 polygons
2026-03-25 02:33:05 +0100: Memory Usage (455128K) : exchange1_pin has 0 polygons
2026-03-25 02:33:05 +0100: Memory Usage (455128K) : exchange1_text has 0 polygons
2026-03-25 02:33:05 +0100: Memory Usage (455128K) : exchange2_drw has 0 polygons
2026-03-25 02:33:05 +0100: Memory Usage (455392K) : exchange2_pin has 0 polygons
2026-03-25 02:33:05 +0100: Memory Usage (455392K) : exchange2_text has 0 polygons
2026-03-25 02:33:05 +0100: Memory Usage (455392K) : exchange3_drw has 0 polygons
2026-03-25 02:33:05 +0100: Memory Usage (455392K) : exchange3_pin has 0 polygons
2026-03-25 02:33:05 +0100: Memory Usage (455392K) : exchange3_text has 0 polygons
2026-03-25 02:33:05 +0100: Memory Usage (455392K) : exchange4_drw has 0 polygons
2026-03-25 02:33:05 +0100: Memory Usage (455392K) : exchange4_pin has 0 polygons
2026-03-25 02:33:05 +0100: Memory Usage (455392K) : exchange4_text has 0 polygons
2026-03-25 02:33:05 +0100: Memory Usage (455392K) : isonwell_drw has 0 polygons
2026-03-25 02:33:05 +0100: Memory Usage (455392K) : Total no. of polygons in the design is 74600
2026-03-25 02:33:05 +0100: Memory Usage (455392K) : Loaded TECH DRC rules values from /foss/pdks/ihp-sg13g2/libs.tech/klayout/python/sg13g2_pycell_lib/sg13g2_tech_mod.json
2026-03-25 02:33:05 +0100: Memory Usage (455392K) : Loaded default DRC rules values from /foss/pdks/ihp-sg13g2/libs.tech/klayout/tech/drc/rule_decks/sg13g2_tech_default.json
2026-03-25 02:33:05 +0100: Memory Usage (455392K) : The following rules values were missing in tech json and default values were used:
2026-03-25 02:33:05 +0100: Memory Usage (455392K) :   - Cnt_c_digibnd
2026-03-25 02:33:05 +0100: Memory Usage (457104K) : Total area of the design is 28136.451999999997 um^2.
2026-03-25 02:33:05 +0100: Memory Usage (457104K) : The design dimensions are 211.6 µm * 132.97 µm.
2026-03-25 02:33:05 +0100: Memory Usage (457104K) : Starting general IHP-SG13G2 derivations.
2026-03-25 02:33:05 +0100: Memory Usage (457104K) : Starting Pwell derivations
2026-03-25 02:33:05 +0100: Memory Usage (459548K) : Starting IHP-SG13G2 DRC rules.
2026-03-25 02:33:05 +0100: Memory Usage (459548K) : Starting 6.10 Sealring table
2026-03-25 02:33:05 +0100: Memory Usage (459548K) : Executing rule Seal.l
2026-03-25 02:33:05 +0100: Memory Usage (460284K) : Executing rule Seal.n
2026-03-25 02:33:05 +0100: Memory Usage (460548K) : Executing rule seal.b_metal1
2026-03-25 02:33:05 +0100: Memory Usage (461044K) : Executing rule seal.b_metal2
2026-03-25 02:33:05 +0100: Memory Usage (461044K) : Executing rule seal.b_metal3
2026-03-25 02:33:05 +0100: Memory Usage (461308K) : Executing rule seal.b_metal4
2026-03-25 02:33:05 +0100: Memory Usage (461572K) : Executing rule seal.b_metal5
2026-03-25 02:33:05 +0100: Memory Usage (461572K) : Executing rule seal.b_topmetal1
2026-03-25 02:33:05 +0100: Memory Usage (461836K) : Executing rule seal.b_topmetal2
2026-03-25 02:33:05 +0100: Memory Usage (462100K) : Executing rule seal.b_activ
2026-03-25 02:33:05 +0100: Memory Usage (462100K) : Executing rule seal.b_psd
2026-03-25 02:33:05 +0100: Memory Usage (462364K) : Executing rule Seal.k
2026-03-25 02:33:05 +0100: Memory Usage (466120K) : Executing rule Seal.m
2026-03-25 02:33:05 +0100: Memory Usage (466120K) : KLayout DRC run for tables 'sealring' completed in 0.51 seconds
