# Logfile created on 2026-03-25 02:33:05 +0100 by logger.rb/v1.5.3
2026-03-25 02:33:05 +0100: Memory Usage (435556K) : Starting running IHP-SG13G2 KLayout DRC runset on /foss/designs/Design/xschem/HPAmplifier/OTA_Telescopic_backup/OTA_Telescopic_NO_FLATTEN/Layout_and_Related_files/OTA_Telescopic_TOP_wp.gds
2026-03-25 02:33:05 +0100: Memory Usage (435556K) : Ruby Version for klayout: 3.2.3
2026-03-25 02:33:05 +0100: Memory Usage (435600K) : Loading database to memory is complete.
2026-03-25 02:33:05 +0100: Memory Usage (435600K) : IHP-SG13G2 KLayout DRC runset output at: /foss/designs/Design/xschem/HPAmplifier/OTA_Telescopic_backup/OTA_Telescopic_NO_FLATTEN/Layout_and_Related_files/drc_run_OTA_Telescopic_TOP_wp/OTA_Telescopic_TOP_wp_OTA_Telescopic_TOP_wp_forbidden.lyrdb
2026-03-25 02:33:05 +0100: Memory Usage (435600K) : Evaluate switches.
2026-03-25 02:33:05 +0100: Memory Usage (435600K) : tables selected: forbidden
2026-03-25 02:33:05 +0100: Memory Usage (435600K) : KLayout will use 4 thread(s) in tiled mode.
2026-03-25 02:33:05 +0100: Memory Usage (435600K) : deep mode is enabled.
2026-03-25 02:33:05 +0100: Memory Usage (435600K) : FEOL enabled: false
2026-03-25 02:33:05 +0100: Memory Usage (435600K) : BEOL enabled: false
2026-03-25 02:33:05 +0100: Memory Usage (435600K) : OFFGRID enabled: true
2026-03-25 02:33:05 +0100: Memory Usage (435600K) : PIN enabled: false
2026-03-25 02:33:05 +0100: Memory Usage (435600K) : FORBIDDEN enabled: false
2026-03-25 02:33:05 +0100: Memory Usage (435600K) : RECOMMENDED enabled: true
2026-03-25 02:33:05 +0100: Memory Usage (435600K) : PreCheck DRC enabled: false
2026-03-25 02:33:05 +0100: Memory Usage (435600K) : CONNECTIVITY_RULES enabled: false.
2026-03-25 02:33:05 +0100: Memory Usage (435600K) : Read in polygons from layers.
2026-03-25 02:33:05 +0100: Memory Usage (437236K) : activ_drw has 5032 polygons
2026-03-25 02:33:05 +0100: Memory Usage (437236K) : activ_pin has 0 polygons
2026-03-25 02:33:05 +0100: Memory Usage (437236K) : activ_mask has 0 polygons
2026-03-25 02:33:05 +0100: Memory Usage (437236K) : activ_filler has 0 polygons
2026-03-25 02:33:05 +0100: Memory Usage (437236K) : activ_nofill has 0 polygons
2026-03-25 02:33:05 +0100: Memory Usage (437236K) : activ_opc has 0 polygons
2026-03-25 02:33:05 +0100: Memory Usage (437236K) : activ_iopc has 0 polygons
2026-03-25 02:33:05 +0100: Memory Usage (437236K) : activ_noqrc has 0 polygons
2026-03-25 02:33:05 +0100: Memory Usage (437236K) : biwind_drw has 0 polygons
2026-03-25 02:33:05 +0100: Memory Usage (437236K) : biwind_opc has 0 polygons
2026-03-25 02:33:05 +0100: Memory Usage (438220K) : pemwind_drw has 0 polygons
2026-03-25 02:33:05 +0100: Memory Usage (438220K) : gatpoly_drw has 2679 polygons
2026-03-25 02:33:05 +0100: Memory Usage (438220K) : gatpoly_pin has 377 polygons
2026-03-25 02:33:05 +0100: Memory Usage (438220K) : gatpoly_filler has 0 polygons
2026-03-25 02:33:05 +0100: Memory Usage (438220K) : gatpoly_nofill has 0 polygons
2026-03-25 02:33:05 +0100: Memory Usage (438220K) : gatpoly_opc has 0 polygons
2026-03-25 02:33:05 +0100: Memory Usage (438220K) : gatpoly_iopc has 0 polygons
2026-03-25 02:33:05 +0100: Memory Usage (438484K) : gatpoly_noqrc has 0 polygons
2026-03-25 02:33:05 +0100: Memory Usage (438484K) : cont_drw has 24680 polygons
2026-03-25 02:33:05 +0100: Memory Usage (438484K) : cont_opc has 0 polygons
2026-03-25 02:33:05 +0100: Memory Usage (438724K) : nsd_drw has 0 polygons
2026-03-25 02:33:05 +0100: Memory Usage (438724K) : nsd_block has 0 polygons
2026-03-25 02:33:05 +0100: Memory Usage (438724K) : metal1_drw has 7670 polygons
2026-03-25 02:33:05 +0100: Memory Usage (438984K) : metal1_pin has 2038 polygons
2026-03-25 02:33:05 +0100: Memory Usage (438984K) : metal1_mask has 0 polygons
2026-03-25 02:33:05 +0100: Memory Usage (438984K) : metal1_filler has 0 polygons
2026-03-25 02:33:05 +0100: Memory Usage (438984K) : metal1_nofill has 0 polygons
2026-03-25 02:33:05 +0100: Memory Usage (439248K) : metal1_slit has 0 polygons
2026-03-25 02:33:05 +0100: Memory Usage (439248K) : metal1_text has 1 polygons
2026-03-25 02:33:05 +0100: Memory Usage (439248K) : metal1_opc has 0 polygons
2026-03-25 02:33:05 +0100: Memory Usage (439248K) : metal1_noqrc has 0 polygons
2026-03-25 02:33:05 +0100: Memory Usage (439688K) : metal1_res has 0 polygons
2026-03-25 02:33:05 +0100: Memory Usage (439688K) : metal1_iprobe has 0 polygons
2026-03-25 02:33:05 +0100: Memory Usage (439688K) : metal1_diffprb has 0 polygons
2026-03-25 02:33:05 +0100: Memory Usage (439688K) : passiv_drw has 0 polygons
2026-03-25 02:33:05 +0100: Memory Usage (439688K) : passiv_pin has 0 polygons
2026-03-25 02:33:05 +0100: Memory Usage (439952K) : passiv_sbump has 0 polygons
2026-03-25 02:33:05 +0100: Memory Usage (439952K) : passiv_pillar has 0 polygons
2026-03-25 02:33:05 +0100: Memory Usage (439952K) : passiv_pdl has 0 polygons
2026-03-25 02:33:05 +0100: Memory Usage (439952K) : metal2_drw has 1317 polygons
2026-03-25 02:33:05 +0100: Memory Usage (440564K) : metal2_pin has 11 polygons
2026-03-25 02:33:05 +0100: Memory Usage (440564K) : metal2_mask has 0 polygons
2026-03-25 02:33:05 +0100: Memory Usage (440564K) : metal2_filler has 0 polygons
2026-03-25 02:33:06 +0100: Memory Usage (440564K) : metal2_nofill has 0 polygons
2026-03-25 02:33:06 +0100: Memory Usage (440828K) : metal2_slit has 0 polygons
2026-03-25 02:33:06 +0100: Memory Usage (440828K) : metal2_text has 6 polygons
2026-03-25 02:33:06 +0100: Memory Usage (440876K) : metal2_opc has 0 polygons
2026-03-25 02:33:06 +0100: Memory Usage (440876K) : metal2_noqrc has 0 polygons
2026-03-25 02:33:06 +0100: Memory Usage (440876K) : metal2_res has 0 polygons
2026-03-25 02:33:06 +0100: Memory Usage (441136K) : metal2_iprobe has 0 polygons
2026-03-25 02:33:06 +0100: Memory Usage (441136K) : metal2_diffprb has 0 polygons
2026-03-25 02:33:06 +0100: Memory Usage (441136K) : baspoly_drw has 0 polygons
2026-03-25 02:33:06 +0100: Memory Usage (441136K) : baspoly_pin has 0 polygons
2026-03-25 02:33:06 +0100: Memory Usage (441136K) : psd_drw has 1551 polygons
2026-03-25 02:33:06 +0100: Memory Usage (441400K) : nldb_drw has 0 polygons
2026-03-25 02:33:06 +0100: Memory Usage (441400K) : digibnd_drw has 0 polygons
2026-03-25 02:33:06 +0100: Memory Usage (441400K) : via1_drw has 9054 polygons
2026-03-25 02:33:06 +0100: Memory Usage (441724K) : backmetal1_drw has 0 polygons
2026-03-25 02:33:06 +0100: Memory Usage (441724K) : backmetal1_pin has 0 polygons
2026-03-25 02:33:06 +0100: Memory Usage (441724K) : backmetal1_mask has 0 polygons
2026-03-25 02:33:06 +0100: Memory Usage (441724K) : backmetal1_filler has 0 polygons
2026-03-25 02:33:06 +0100: Memory Usage (441724K) : backmetal1_nofill has 0 polygons
2026-03-25 02:33:06 +0100: Memory Usage (441988K) : backmetal1_slit has 0 polygons
2026-03-25 02:33:06 +0100: Memory Usage (441988K) : backmetal1_text has 0 polygons
2026-03-25 02:33:06 +0100: Memory Usage (441988K) : backmetal1_opc has 0 polygons
2026-03-25 02:33:06 +0100: Memory Usage (441988K) : backmetal1_noqrc has 0 polygons
2026-03-25 02:33:06 +0100: Memory Usage (441988K) : backmetal1_res has 0 polygons
2026-03-25 02:33:06 +0100: Memory Usage (442252K) : backmetal1_iprobe has 0 polygons
2026-03-25 02:33:06 +0100: Memory Usage (442252K) : backmetal1_diffprb has 0 polygons
2026-03-25 02:33:06 +0100: Memory Usage (442252K) : backpassiv_drw has 0 polygons
2026-03-25 02:33:06 +0100: Memory Usage (442252K) : res_drw has 0 polygons
2026-03-25 02:33:06 +0100: Memory Usage (442512K) : sram_drw has 0 polygons
2026-03-25 02:33:06 +0100: Memory Usage (442512K) : trans_drw has 0 polygons
2026-03-25 02:33:06 +0100: Memory Usage (442512K) : ind_drw has 0 polygons
2026-03-25 02:33:06 +0100: Memory Usage (442512K) : ind_pin has 0 polygons
2026-03-25 02:33:06 +0100: Memory Usage (442772K) : ind_text has 0 polygons
2026-03-25 02:33:06 +0100: Memory Usage (442772K) : salblock_drw has 7 polygons
2026-03-25 02:33:06 +0100: Memory Usage (442912K) : via2_drw has 4753 polygons
2026-03-25 02:33:06 +0100: Memory Usage (442912K) : metal3_drw has 226 polygons
2026-03-25 02:33:06 +0100: Memory Usage (442912K) : metal3_pin has 8 polygons
2026-03-25 02:33:06 +0100: Memory Usage (443128K) : metal3_mask has 0 polygons
2026-03-25 02:33:06 +0100: Memory Usage (443128K) : metal3_filler has 0 polygons
2026-03-25 02:33:06 +0100: Memory Usage (443128K) : metal3_nofill has 0 polygons
2026-03-25 02:33:06 +0100: Memory Usage (443388K) : metal3_slit has 0 polygons
2026-03-25 02:33:06 +0100: Memory Usage (443388K) : metal3_text has 2 polygons
2026-03-25 02:33:06 +0100: Memory Usage (443388K) : metal3_opc has 0 polygons
2026-03-25 02:33:06 +0100: Memory Usage (443388K) : metal3_noqrc has 0 polygons
2026-03-25 02:33:06 +0100: Memory Usage (443388K) : metal3_res has 0 polygons
2026-03-25 02:33:06 +0100: Memory Usage (443652K) : metal3_iprobe has 0 polygons
2026-03-25 02:33:06 +0100: Memory Usage (443652K) : metal3_diffprb has 0 polygons
2026-03-25 02:33:06 +0100: Memory Usage (443652K) : nwell_drw has 1216 polygons
2026-03-25 02:33:06 +0100: Memory Usage (443652K) : nwell_pin has 0 polygons
2026-03-25 02:33:06 +0100: Memory Usage (443916K) : nbulay_drw has 0 polygons
2026-03-25 02:33:06 +0100: Memory Usage (443916K) : nbulay_pin has 0 polygons
2026-03-25 02:33:06 +0100: Memory Usage (443916K) : nbulay_block has 0 polygons
2026-03-25 02:33:06 +0100: Memory Usage (444032K) : emwind_drw has 0 polygons
2026-03-25 02:33:06 +0100: Memory Usage (444032K) : emwind_opc has 0 polygons
2026-03-25 02:33:06 +0100: Memory Usage (444260K) : deepco_drw has 0 polygons
2026-03-25 02:33:06 +0100: Memory Usage (444260K) : deepco_drw has 0 polygons
2026-03-25 02:33:06 +0100: Memory Usage (444260K) : mim_drw has 2 polygons
2026-03-25 02:33:06 +0100: Memory Usage (444260K) : edgeseal_drw has 0 polygons
2026-03-25 02:33:06 +0100: Memory Usage (444520K) : edgeseal_bound has 0 polygons
2026-03-25 02:33:06 +0100: Memory Usage (444520K) : substrate_drw has 723 polygons
2026-03-25 02:33:06 +0100: Memory Usage (444520K) : substrate_text has 0 polygons
2026-03-25 02:33:06 +0100: Memory Usage (444520K) : dfpad_drw has 0 polygons
2026-03-25 02:33:06 +0100: Memory Usage (444520K) : dfpad_pillar has 0 polygons
2026-03-25 02:33:06 +0100: Memory Usage (444784K) : dfpad_sbump has 0 polygons
2026-03-25 02:33:06 +0100: Memory Usage (444784K) : thickgateox_drw has 0 polygons
2026-03-25 02:33:06 +0100: Memory Usage (444784K) : pldb_drw has 0 polygons
2026-03-25 02:33:06 +0100: Memory Usage (444784K) : pwell_drw has 0 polygons
2026-03-25 02:33:06 +0100: Memory Usage (444784K) : pwell_pin has 0 polygons
2026-03-25 02:33:06 +0100: Memory Usage (445048K) : pwell_block has 0 polygons
2026-03-25 02:33:06 +0100: Memory Usage (445048K) : ic_drw has 0 polygons
2026-03-25 02:33:06 +0100: Memory Usage (445160K) : via3_drw has 4357 polygons
2026-03-25 02:33:06 +0100: Memory Usage (445160K) : metal4_drw has 157 polygons
2026-03-25 02:33:06 +0100: Memory Usage (445420K) : metal4_pin has 3 polygons
2026-03-25 02:33:06 +0100: Memory Usage (445420K) : metal4_mask has 0 polygons
2026-03-25 02:33:06 +0100: Memory Usage (445420K) : metal4_filler has 0 polygons
2026-03-25 02:33:06 +0100: Memory Usage (445420K) : metal4_nofill has 0 polygons
2026-03-25 02:33:06 +0100: Memory Usage (445420K) : metal4_slit has 0 polygons
2026-03-25 02:33:06 +0100: Memory Usage (445684K) : metal4_text has 5 polygons
2026-03-25 02:33:06 +0100: Memory Usage (445684K) : metal4_opc has 0 polygons
2026-03-25 02:33:06 +0100: Memory Usage (445684K) : metal4_noqrc has 0 polygons
2026-03-25 02:33:06 +0100: Memory Usage (445816K) : metal4_res has 0 polygons
2026-03-25 02:33:06 +0100: Memory Usage (445816K) : metal4_iprobe has 0 polygons
2026-03-25 02:33:06 +0100: Memory Usage (445816K) : metal4_diffprb has 0 polygons
2026-03-25 02:33:06 +0100: Memory Usage (446076K) : heattrans_drw has 1555 polygons
2026-03-25 02:33:06 +0100: Memory Usage (446076K) : heatres_drw has 7 polygons
2026-03-25 02:33:06 +0100: Memory Usage (446076K) : pempoly_drw has 0 polygons
2026-03-25 02:33:06 +0100: Memory Usage (446076K) : fbe_drw has 0 polygons
2026-03-25 02:33:06 +0100: Memory Usage (446076K) : empoly_drw has 0 polygons
2026-03-25 02:33:06 +0100: Memory Usage (446336K) : ldmos_drw has 0 polygons
2026-03-25 02:33:06 +0100: Memory Usage (446336K) : pbiwind_drw has 0 polygons
2026-03-25 02:33:06 +0100: Memory Usage (446336K) : digisub_drw has 0 polygons
2026-03-25 02:33:06 +0100: Memory Usage (446596K) : nodrc_drw has 0 polygons
2026-03-25 02:33:06 +0100: Memory Usage (446596K) : text_drw has 1107 polygons
2026-03-25 02:33:06 +0100: Memory Usage (446596K) : via4_drw has 4250 polygons
2026-03-25 02:33:06 +0100: Memory Usage (446596K) : metal5_drw has 107 polygons
2026-03-25 02:33:06 +0100: Memory Usage (446860K) : metal5_pin has 12 polygons
2026-03-25 02:33:06 +0100: Memory Usage (446860K) : metal5_mask has 0 polygons
2026-03-25 02:33:06 +0100: Memory Usage (446860K) : metal5_filler has 0 polygons
2026-03-25 02:33:06 +0100: Memory Usage (446860K) : metal5_nofill has 0 polygons
2026-03-25 02:33:06 +0100: Memory Usage (446860K) : metal5_slit has 0 polygons
2026-03-25 02:33:06 +0100: Memory Usage (447124K) : metal5_text has 18 polygons
2026-03-25 02:33:06 +0100: Memory Usage (447124K) : metal5_opc has 0 polygons
2026-03-25 02:33:06 +0100: Memory Usage (447124K) : metal5_noqrc has 0 polygons
2026-03-25 02:33:06 +0100: Memory Usage (447124K) : metal5_res has 0 polygons
2026-03-25 02:33:06 +0100: Memory Usage (447124K) : metal5_iprobe has 0 polygons
2026-03-25 02:33:06 +0100: Memory Usage (447388K) : metal5_diffprb has 0 polygons
2026-03-25 02:33:06 +0100: Memory Usage (447492K) : radhard_drw has 0 polygons
2026-03-25 02:33:06 +0100: Memory Usage (447492K) : memcap_drw has 0 polygons
2026-03-25 02:33:06 +0100: Memory Usage (447492K) : varicap_drw has 0 polygons
2026-03-25 02:33:06 +0100: Memory Usage (447752K) : flash_drw has 0 polygons
2026-03-25 02:33:06 +0100: Memory Usage (447752K) : intbondvia_drw has 0 polygons
2026-03-25 02:33:06 +0100: Memory Usage (447752K) : intbondmet_drw has 0 polygons
2026-03-25 02:33:06 +0100: Memory Usage (447752K) : devbondvia_drw has 0 polygons
2026-03-25 02:33:06 +0100: Memory Usage (447752K) : devbondmet_drw has 0 polygons
2026-03-25 02:33:06 +0100: Memory Usage (448016K) : devtrench_drw has 0 polygons
2026-03-25 02:33:06 +0100: Memory Usage (448016K) : redist_drw has 0 polygons
2026-03-25 02:33:06 +0100: Memory Usage (448016K) : graphbot_drw has 0 polygons
2026-03-25 02:33:06 +0100: Memory Usage (448016K) : graphtop_drw has 0 polygons
2026-03-25 02:33:06 +0100: Memory Usage (448016K) : antvia1_drw has 0 polygons
2026-03-25 02:33:06 +0100: Memory Usage (448280K) : antmetal2_drw has 0 polygons
2026-03-25 02:33:06 +0100: Memory Usage (448280K) : graphcont_drw has 0 polygons
2026-03-25 02:33:06 +0100: Memory Usage (448280K) : siwg_drw has 0 polygons
2026-03-25 02:33:06 +0100: Memory Usage (448280K) : siwg_filler has 0 polygons
2026-03-25 02:33:06 +0100: Memory Usage (448280K) : siwg_nofill has 0 polygons
2026-03-25 02:33:06 +0100: Memory Usage (448532K) : sigrating_drw has 0 polygons
2026-03-25 02:33:06 +0100: Memory Usage (448532K) : singrating_drw has 0 polygons
2026-03-25 02:33:06 +0100: Memory Usage (448532K) : graphpas_drw has 0 polygons
2026-03-25 02:33:06 +0100: Memory Usage (448792K) : emwind3_drw has 0 polygons
2026-03-25 02:33:06 +0100: Memory Usage (448792K) : emwihv3_drw has 0 polygons
2026-03-25 02:33:06 +0100: Memory Usage (448792K) : redbulay_drw has 0 polygons
2026-03-25 02:33:06 +0100: Memory Usage (448792K) : smos_drw has 0 polygons
2026-03-25 02:33:06 +0100: Memory Usage (448792K) : graphpad_drw has 0 polygons
2026-03-25 02:33:06 +0100: Memory Usage (449040K) : polimide_drw has 0 polygons
2026-03-25 02:33:06 +0100: Memory Usage (449040K) : polimide_pin has 0 polygons
2026-03-25 02:33:06 +0100: Memory Usage (449040K) : recog_drw has 0 polygons
2026-03-25 02:33:06 +0100: Memory Usage (449040K) : recog_pin has 0 polygons
2026-03-25 02:33:06 +0100: Memory Usage (449040K) : recog_esd has 0 polygons
2026-03-25 02:33:06 +0100: Memory Usage (449300K) : recog_diode has 0 polygons
2026-03-25 02:33:06 +0100: Memory Usage (449300K) : recog_tsv has 0 polygons
2026-03-25 02:33:06 +0100: Memory Usage (449300K) : recog_iprobe has 0 polygons
2026-03-25 02:33:06 +0100: Memory Usage (449300K) : recog_diffprb has 0 polygons
2026-03-25 02:33:06 +0100: Memory Usage (449300K) : recog_pillar has 0 polygons
2026-03-25 02:33:06 +0100: Memory Usage (449300K) : recog_sbump has 0 polygons
2026-03-25 02:33:06 +0100: Memory Usage (449300K) : recog_otp has 0 polygons
2026-03-25 02:33:06 +0100: Memory Usage (449564K) : recog_pdiode has 0 polygons
2026-03-25 02:33:06 +0100: Memory Usage (449564K) : recog_mom has 0 polygons
2026-03-25 02:33:06 +0100: Memory Usage (449564K) : recog_pcm has 0 polygons
2026-03-25 02:33:06 +0100: Memory Usage (449564K) : colopen_drw has 0 polygons
2026-03-25 02:33:06 +0100: Memory Usage (449564K) : graphmetal1_drw has 0 polygons
2026-03-25 02:33:06 +0100: Memory Usage (449564K) : graphmetal1_filler has 0 polygons
2026-03-25 02:33:06 +0100: Memory Usage (449564K) : graphmetal1_nofill has 0 polygons
2026-03-25 02:33:06 +0100: Memory Usage (449828K) : graphmetal1_slit has 0 polygons
2026-03-25 02:33:06 +0100: Memory Usage (449828K) : graphmetal1_opc has 0 polygons
2026-03-25 02:33:06 +0100: Memory Usage (449828K) : graphmet1l_drw has 0 polygons
2026-03-25 02:33:06 +0100: Memory Usage (449828K) : graphmet1l_filler has 0 polygons
2026-03-25 02:33:06 +0100: Memory Usage (449828K) : graphmet1l_nofill has 0 polygons
2026-03-25 02:33:06 +0100: Memory Usage (450092K) : graphmet1l_slit has 0 polygons
2026-03-25 02:33:06 +0100: Memory Usage (450092K) : graphmet1l_opc has 0 polygons
2026-03-25 02:33:06 +0100: Memory Usage (450092K) : extblock_drw has 21 polygons
2026-03-25 02:33:06 +0100: Memory Usage (450092K) : nldd_drw has 0 polygons
2026-03-25 02:33:06 +0100: Memory Usage (450356K) : pldd_drw has 0 polygons
2026-03-25 02:33:06 +0100: Memory Usage (450356K) : next_drw has 0 polygons
2026-03-25 02:33:06 +0100: Memory Usage (450356K) : pext_drw has 0 polygons
2026-03-25 02:33:06 +0100: Memory Usage (450356K) : nexthv_drw has 0 polygons
2026-03-25 02:33:06 +0100: Memory Usage (450356K) : pexthv_drw has 0 polygons
2026-03-25 02:33:06 +0100: Memory Usage (450620K) : graphgate_drw has 0 polygons
2026-03-25 02:33:06 +0100: Memory Usage (450620K) : sinwg_drw has 0 polygons
2026-03-25 02:33:06 +0100: Memory Usage (450620K) : sinwg_filler has 0 polygons
2026-03-25 02:33:06 +0100: Memory Usage (450620K) : sinwg_nofill has 0 polygons
2026-03-25 02:33:06 +0100: Memory Usage (450620K) : mempad_drw has 0 polygons
2026-03-25 02:33:06 +0100: Memory Usage (450620K) : topvia1_drw has 924 polygons
2026-03-25 02:33:06 +0100: Memory Usage (450620K) : topmetal1_drw has 120 polygons
2026-03-25 02:33:06 +0100: Memory Usage (450884K) : topmetal1_pin has 15 polygons
2026-03-25 02:33:06 +0100: Memory Usage (450884K) : topmetal1_mask has 0 polygons
2026-03-25 02:33:06 +0100: Memory Usage (450884K) : topmetal1_filler has 0 polygons
2026-03-25 02:33:06 +0100: Memory Usage (450884K) : topmetal1_nofill has 0 polygons
2026-03-25 02:33:06 +0100: Memory Usage (450884K) : topmetal1_slit has 0 polygons
2026-03-25 02:33:06 +0100: Memory Usage (451148K) : topmetal1_text has 4 polygons
2026-03-25 02:33:06 +0100: Memory Usage (451148K) : topmetal1_noqrc has 0 polygons
2026-03-25 02:33:06 +0100: Memory Usage (451148K) : topmetal1_res has 0 polygons
2026-03-25 02:33:06 +0100: Memory Usage (451148K) : topmetal1_iprobe has 0 polygons
2026-03-25 02:33:06 +0100: Memory Usage (451148K) : topmetal1_diffprb has 0 polygons
2026-03-25 02:33:06 +0100: Memory Usage (451412K) : inldpwl_drw has 0 polygons
2026-03-25 02:33:06 +0100: Memory Usage (451412K) : polyres_drw has 7 polygons
2026-03-25 02:33:06 +0100: Memory Usage (451412K) : polyres_pin has 0 polygons
2026-03-25 02:33:06 +0100: Memory Usage (451412K) : vmim_drw has 578 polygons
2026-03-25 02:33:06 +0100: Memory Usage (451412K) : nbulaycut_drw has 0 polygons
2026-03-25 02:33:06 +0100: Memory Usage (451676K) : antmetal1_drw has 0 polygons
2026-03-25 02:33:06 +0100: Memory Usage (451676K) : topvia2_drw has 0 polygons
2026-03-25 02:33:06 +0100: Memory Usage (451676K) : topmetal2_drw has 0 polygons
2026-03-25 02:33:06 +0100: Memory Usage (451676K) : topmetal2_pin has 0 polygons
2026-03-25 02:33:06 +0100: Memory Usage (451676K) : topmetal2_mask has 0 polygons
2026-03-25 02:33:06 +0100: Memory Usage (451940K) : topmetal2_filler has 0 polygons
2026-03-25 02:33:06 +0100: Memory Usage (451940K) : topmetal2_nofill has 0 polygons
2026-03-25 02:33:06 +0100: Memory Usage (451940K) : topmetal2_slit has 0 polygons
2026-03-25 02:33:06 +0100: Memory Usage (451940K) : topmetal2_text has 0 polygons
2026-03-25 02:33:06 +0100: Memory Usage (451940K) : topmetal2_noqrc has 0 polygons
2026-03-25 02:33:06 +0100: Memory Usage (452204K) : topmetal2_res has 0 polygons
2026-03-25 02:33:06 +0100: Memory Usage (452204K) : topmetal2_iprobe has 0 polygons
2026-03-25 02:33:06 +0100: Memory Usage (452204K) : topmetal2_diffprb has 0 polygons
2026-03-25 02:33:06 +0100: Memory Usage (452204K) : snsring_drw has 0 polygons
2026-03-25 02:33:06 +0100: Memory Usage (452204K) : sensor_drw has 0 polygons
2026-03-25 02:33:06 +0100: Memory Usage (452468K) : snsarms_drw has 0 polygons
2026-03-25 02:33:06 +0100: Memory Usage (452468K) : snscmosvia_drw has 0 polygons
2026-03-25 02:33:06 +0100: Memory Usage (452468K) : colwind_drw has 0 polygons
2026-03-25 02:33:06 +0100: Memory Usage (452468K) : flm_drw has 0 polygons
2026-03-25 02:33:06 +0100: Memory Usage (452468K) : hafniumox_drw has 0 polygons
2026-03-25 02:33:06 +0100: Memory Usage (452732K) : memvia_drw has 0 polygons
2026-03-25 02:33:06 +0100: Memory Usage (452732K) : thinfilmres_drw has 0 polygons
2026-03-25 02:33:06 +0100: Memory Usage (452732K) : rfmem_drw has 0 polygons
2026-03-25 02:33:06 +0100: Memory Usage (452732K) : norcx_drw has 0 polygons
2026-03-25 02:33:06 +0100: Memory Usage (452732K) : norcx_m2m3 has 0 polygons
2026-03-25 02:33:06 +0100: Memory Usage (452996K) : norcx_m2m4 has 0 polygons
2026-03-25 02:33:06 +0100: Memory Usage (452996K) : norcx_m2m5 has 0 polygons
2026-03-25 02:33:06 +0100: Memory Usage (452996K) : norcx_m2tm1 has 0 polygons
2026-03-25 02:33:06 +0100: Memory Usage (452996K) : norcx_m2tm2 has 0 polygons
2026-03-25 02:33:06 +0100: Memory Usage (452996K) : norcx_m3m4 has 0 polygons
2026-03-25 02:33:06 +0100: Memory Usage (452996K) : norcx_m3m5 has 0 polygons
2026-03-25 02:33:06 +0100: Memory Usage (452996K) : norcx_m3tm1 has 0 polygons
2026-03-25 02:33:06 +0100: Memory Usage (452996K) : norcx_m3tm2 has 0 polygons
2026-03-25 02:33:06 +0100: Memory Usage (453260K) : norcx_m4m5 has 0 polygons
2026-03-25 02:33:06 +0100: Memory Usage (453260K) : norcx_m4tm1 has 0 polygons
2026-03-25 02:33:06 +0100: Memory Usage (453260K) : norcx_m4tm2 has 0 polygons
2026-03-25 02:33:06 +0100: Memory Usage (453260K) : norcx_m5tm1 has 0 polygons
2026-03-25 02:33:06 +0100: Memory Usage (453260K) : norcx_m5tm2 has 0 polygons
2026-03-25 02:33:06 +0100: Memory Usage (453260K) : norcx_tm1tm2 has 0 polygons
2026-03-25 02:33:06 +0100: Memory Usage (453524K) : norcx_m1sub has 0 polygons
2026-03-25 02:33:06 +0100: Memory Usage (453524K) : norcx_m2sub has 0 polygons
2026-03-25 02:33:06 +0100: Memory Usage (453524K) : norcx_m3sub has 0 polygons
2026-03-25 02:33:06 +0100: Memory Usage (453524K) : norcx_m4sub has 0 polygons
2026-03-25 02:33:06 +0100: Memory Usage (453524K) : norcx_m5sub has 0 polygons
2026-03-25 02:33:06 +0100: Memory Usage (453524K) : norcx_tm1sub has 0 polygons
2026-03-25 02:33:06 +0100: Memory Usage (453524K) : norcx_tm2sub has 0 polygons
2026-03-25 02:33:06 +0100: Memory Usage (453788K) : snsbotvia_drw has 0 polygons
2026-03-25 02:33:06 +0100: Memory Usage (453788K) : snstopvia_drw has 0 polygons
2026-03-25 02:33:06 +0100: Memory Usage (453788K) : deepvia_drw has 0 polygons
2026-03-25 02:33:06 +0100: Memory Usage (453788K) : fgetch_drw has 0 polygons
2026-03-25 02:33:06 +0100: Memory Usage (453788K) : ctrgat_drw has 0 polygons
2026-03-25 02:33:06 +0100: Memory Usage (453788K) : fgimp_drw has 0 polygons
2026-03-25 02:33:06 +0100: Memory Usage (453788K) : emwihv_drw has 0 polygons
2026-03-25 02:33:06 +0100: Memory Usage (454052K) : lbe_drw has 0 polygons
2026-03-25 02:33:06 +0100: Memory Usage (454052K) : alcustop_drw has 0 polygons
2026-03-25 02:33:06 +0100: Memory Usage (454052K) : nometfiller_drw has 0 polygons
2026-03-25 02:33:06 +0100: Memory Usage (454052K) : prboundary_drw has 0 polygons
2026-03-25 02:33:06 +0100: Memory Usage (454052K) : exchange0_drw has 0 polygons
2026-03-25 02:33:06 +0100: Memory Usage (454052K) : exchange0_pin has 0 polygons
2026-03-25 02:33:06 +0100: Memory Usage (454316K) : exchange0_text has 0 polygons
2026-03-25 02:33:06 +0100: Memory Usage (454316K) : exchange1_drw has 0 polygons
2026-03-25 02:33:06 +0100: Memory Usage (454316K) : exchange1_pin has 0 polygons
2026-03-25 02:33:06 +0100: Memory Usage (454316K) : exchange1_text has 0 polygons
2026-03-25 02:33:06 +0100: Memory Usage (454316K) : exchange2_drw has 0 polygons
2026-03-25 02:33:06 +0100: Memory Usage (454580K) : exchange2_pin has 0 polygons
2026-03-25 02:33:06 +0100: Memory Usage (454580K) : exchange2_text has 0 polygons
2026-03-25 02:33:06 +0100: Memory Usage (454580K) : exchange3_drw has 0 polygons
2026-03-25 02:33:06 +0100: Memory Usage (454580K) : exchange3_pin has 0 polygons
2026-03-25 02:33:06 +0100: Memory Usage (454580K) : exchange3_text has 0 polygons
2026-03-25 02:33:06 +0100: Memory Usage (454580K) : exchange4_drw has 0 polygons
2026-03-25 02:33:06 +0100: Memory Usage (454580K) : exchange4_pin has 0 polygons
2026-03-25 02:33:06 +0100: Memory Usage (454580K) : exchange4_text has 0 polygons
2026-03-25 02:33:06 +0100: Memory Usage (454580K) : isonwell_drw has 0 polygons
2026-03-25 02:33:06 +0100: Memory Usage (454580K) : Total no. of polygons in the design is 74600
2026-03-25 02:33:06 +0100: Memory Usage (454580K) : Loaded TECH DRC rules values from /foss/pdks/ihp-sg13g2/libs.tech/klayout/python/sg13g2_pycell_lib/sg13g2_tech_mod.json
2026-03-25 02:33:06 +0100: Memory Usage (454580K) : Loaded default DRC rules values from /foss/pdks/ihp-sg13g2/libs.tech/klayout/tech/drc/rule_decks/sg13g2_tech_default.json
2026-03-25 02:33:06 +0100: Memory Usage (454580K) : The following rules values were missing in tech json and default values were used:
2026-03-25 02:33:06 +0100: Memory Usage (454580K) :   - Cnt_c_digibnd
2026-03-25 02:33:06 +0100: Memory Usage (456124K) : Total area of the design is 28136.451999999997 um^2.
2026-03-25 02:33:06 +0100: Memory Usage (456124K) : The design dimensions are 211.6 µm * 132.97 µm.
2026-03-25 02:33:06 +0100: Memory Usage (456124K) : Starting general IHP-SG13G2 derivations.
2026-03-25 02:33:06 +0100: Memory Usage (456124K) : Starting Pwell derivations
2026-03-25 02:33:06 +0100: Memory Usage (458716K) : Starting IHP-SG13G2 DRC rules.
2026-03-25 02:33:06 +0100: Memory Usage (458716K) : Starting 3.2. FORBIDDEN table
2026-03-25 02:33:06 +0100: Memory Usage (458716K) : Executing rule forbidden.biwind
2026-03-25 02:33:06 +0100: Memory Usage (459528K) : Executing rule forbidden.pemwind
2026-03-25 02:33:06 +0100: Memory Usage (459528K) : Executing rule forbidden.baspoly
2026-03-25 02:33:06 +0100: Memory Usage (459528K) : Executing rule forbidden.deepco
2026-03-25 02:33:06 +0100: Memory Usage (459528K) : Executing rule forbidden.pempoly
2026-03-25 02:33:06 +0100: Memory Usage (459836K) : Executing rule forbidden.empoly
2026-03-25 02:33:06 +0100: Memory Usage (459836K) : Executing rule forbidden.ldmos
2026-03-25 02:33:06 +0100: Memory Usage (459836K) : Executing rule forbidden.pbiwind
2026-03-25 02:33:06 +0100: Memory Usage (459836K) : Executing rule forbidden.nodrc
2026-03-25 02:33:06 +0100: Memory Usage (459836K) : Executing rule forbidden.flash
2026-03-25 02:33:06 +0100: Memory Usage (460100K) : Executing rule forbidden.colwind
2026-03-25 02:33:06 +0100: Memory Usage (460100K) : KLayout DRC run for tables 'forbidden' completed in 0.41 seconds
