# Logfile created on 2026-03-25 02:33:00 +0100 by logger.rb/v1.5.3
2026-03-25 02:33:00 +0100: Memory Usage (435828K) : Starting running IHP-SG13G2 KLayout DRC runset on /foss/designs/Design/xschem/HPAmplifier/OTA_Telescopic_backup/OTA_Telescopic_NO_FLATTEN/Layout_and_Related_files/OTA_Telescopic_TOP_wp.gds
2026-03-25 02:33:00 +0100: Memory Usage (435828K) : Ruby Version for klayout: 3.2.3
2026-03-25 02:33:00 +0100: Memory Usage (435828K) : Loading database to memory is complete.
2026-03-25 02:33:00 +0100: Memory Usage (437360K) : IHP-SG13G2 KLayout DRC runset output at: /foss/designs/Design/xschem/HPAmplifier/OTA_Telescopic_backup/OTA_Telescopic_NO_FLATTEN/Layout_and_Related_files/drc_run_OTA_Telescopic_TOP_wp/OTA_Telescopic_TOP_wp_OTA_Telescopic_TOP_wp_gatpolyfiller.lyrdb
2026-03-25 02:33:00 +0100: Memory Usage (437360K) : Evaluate switches.
2026-03-25 02:33:00 +0100: Memory Usage (437360K) : tables selected: gatpolyfiller
2026-03-25 02:33:00 +0100: Memory Usage (437360K) : KLayout will use 4 thread(s) in tiled mode.
2026-03-25 02:33:00 +0100: Memory Usage (437360K) : deep mode is enabled.
2026-03-25 02:33:00 +0100: Memory Usage (437360K) : FEOL enabled: false
2026-03-25 02:33:00 +0100: Memory Usage (437360K) : BEOL enabled: false
2026-03-25 02:33:00 +0100: Memory Usage (437360K) : OFFGRID enabled: true
2026-03-25 02:33:00 +0100: Memory Usage (437360K) : PIN enabled: false
2026-03-25 02:33:00 +0100: Memory Usage (437360K) : FORBIDDEN enabled: false
2026-03-25 02:33:00 +0100: Memory Usage (437360K) : RECOMMENDED enabled: true
2026-03-25 02:33:00 +0100: Memory Usage (437360K) : PreCheck DRC enabled: false
2026-03-25 02:33:00 +0100: Memory Usage (437360K) : CONNECTIVITY_RULES enabled: false.
2026-03-25 02:33:00 +0100: Memory Usage (437360K) : Read in polygons from layers.
2026-03-25 02:33:00 +0100: Memory Usage (437360K) : activ_drw has 5032 polygons
2026-03-25 02:33:00 +0100: Memory Usage (437360K) : activ_pin has 0 polygons
2026-03-25 02:33:00 +0100: Memory Usage (437360K) : activ_mask has 0 polygons
2026-03-25 02:33:00 +0100: Memory Usage (437360K) : activ_filler has 0 polygons
2026-03-25 02:33:00 +0100: Memory Usage (437360K) : activ_nofill has 0 polygons
2026-03-25 02:33:00 +0100: Memory Usage (437360K) : activ_opc has 0 polygons
2026-03-25 02:33:00 +0100: Memory Usage (437360K) : activ_iopc has 0 polygons
2026-03-25 02:33:00 +0100: Memory Usage (437360K) : activ_noqrc has 0 polygons
2026-03-25 02:33:00 +0100: Memory Usage (437360K) : biwind_drw has 0 polygons
2026-03-25 02:33:00 +0100: Memory Usage (437360K) : biwind_opc has 0 polygons
2026-03-25 02:33:00 +0100: Memory Usage (438536K) : pemwind_drw has 0 polygons
2026-03-25 02:33:00 +0100: Memory Usage (438536K) : gatpoly_drw has 2679 polygons
2026-03-25 02:33:00 +0100: Memory Usage (438536K) : gatpoly_pin has 377 polygons
2026-03-25 02:33:00 +0100: Memory Usage (438536K) : gatpoly_filler has 0 polygons
2026-03-25 02:33:00 +0100: Memory Usage (438536K) : gatpoly_nofill has 0 polygons
2026-03-25 02:33:00 +0100: Memory Usage (438800K) : gatpoly_opc has 0 polygons
2026-03-25 02:33:00 +0100: Memory Usage (438800K) : gatpoly_iopc has 0 polygons
2026-03-25 02:33:00 +0100: Memory Usage (438800K) : gatpoly_noqrc has 0 polygons
2026-03-25 02:33:00 +0100: Memory Usage (438800K) : cont_drw has 24680 polygons
2026-03-25 02:33:00 +0100: Memory Usage (438800K) : cont_opc has 0 polygons
2026-03-25 02:33:00 +0100: Memory Usage (439064K) : nsd_drw has 0 polygons
2026-03-25 02:33:00 +0100: Memory Usage (439176K) : nsd_block has 0 polygons
2026-03-25 02:33:00 +0100: Memory Usage (439176K) : metal1_drw has 7670 polygons
2026-03-25 02:33:00 +0100: Memory Usage (439176K) : metal1_pin has 2038 polygons
2026-03-25 02:33:00 +0100: Memory Usage (439436K) : metal1_mask has 0 polygons
2026-03-25 02:33:00 +0100: Memory Usage (439436K) : metal1_filler has 0 polygons
2026-03-25 02:33:00 +0100: Memory Usage (439436K) : metal1_nofill has 0 polygons
2026-03-25 02:33:00 +0100: Memory Usage (439436K) : metal1_slit has 0 polygons
2026-03-25 02:33:00 +0100: Memory Usage (439700K) : metal1_text has 1 polygons
2026-03-25 02:33:00 +0100: Memory Usage (439700K) : metal1_opc has 0 polygons
2026-03-25 02:33:00 +0100: Memory Usage (439700K) : metal1_noqrc has 0 polygons
2026-03-25 02:33:00 +0100: Memory Usage (439700K) : metal1_res has 0 polygons
2026-03-25 02:33:00 +0100: Memory Usage (439700K) : metal1_iprobe has 0 polygons
2026-03-25 02:33:00 +0100: Memory Usage (440140K) : metal1_diffprb has 0 polygons
2026-03-25 02:33:00 +0100: Memory Usage (440140K) : passiv_drw has 0 polygons
2026-03-25 02:33:00 +0100: Memory Usage (440140K) : passiv_pin has 0 polygons
2026-03-25 02:33:00 +0100: Memory Usage (440140K) : passiv_sbump has 0 polygons
2026-03-25 02:33:00 +0100: Memory Usage (440404K) : passiv_pillar has 0 polygons
2026-03-25 02:33:00 +0100: Memory Usage (440404K) : passiv_pdl has 0 polygons
2026-03-25 02:33:00 +0100: Memory Usage (440404K) : metal2_drw has 1317 polygons
2026-03-25 02:33:00 +0100: Memory Usage (440404K) : metal2_pin has 11 polygons
2026-03-25 02:33:00 +0100: Memory Usage (440964K) : metal2_mask has 0 polygons
2026-03-25 02:33:00 +0100: Memory Usage (440964K) : metal2_filler has 0 polygons
2026-03-25 02:33:00 +0100: Memory Usage (440964K) : metal2_nofill has 0 polygons
2026-03-25 02:33:00 +0100: Memory Usage (440964K) : metal2_slit has 0 polygons
2026-03-25 02:33:00 +0100: Memory Usage (440964K) : metal2_text has 6 polygons
2026-03-25 02:33:00 +0100: Memory Usage (441228K) : metal2_opc has 0 polygons
2026-03-25 02:33:00 +0100: Memory Usage (441268K) : metal2_noqrc has 0 polygons
2026-03-25 02:33:00 +0100: Memory Usage (441268K) : metal2_res has 0 polygons
2026-03-25 02:33:00 +0100: Memory Usage (441268K) : metal2_iprobe has 0 polygons
2026-03-25 02:33:00 +0100: Memory Usage (441528K) : metal2_diffprb has 0 polygons
2026-03-25 02:33:00 +0100: Memory Usage (441528K) : baspoly_drw has 0 polygons
2026-03-25 02:33:00 +0100: Memory Usage (441528K) : baspoly_pin has 0 polygons
2026-03-25 02:33:00 +0100: Memory Usage (441528K) : psd_drw has 1551 polygons
2026-03-25 02:33:00 +0100: Memory Usage (441528K) : nldb_drw has 0 polygons
2026-03-25 02:33:00 +0100: Memory Usage (441792K) : digibnd_drw has 0 polygons
2026-03-25 02:33:00 +0100: Memory Usage (441792K) : via1_drw has 9054 polygons
2026-03-25 02:33:00 +0100: Memory Usage (441792K) : backmetal1_drw has 0 polygons
2026-03-25 02:33:00 +0100: Memory Usage (442116K) : backmetal1_pin has 0 polygons
2026-03-25 02:33:00 +0100: Memory Usage (442116K) : backmetal1_mask has 0 polygons
2026-03-25 02:33:00 +0100: Memory Usage (442116K) : backmetal1_filler has 0 polygons
2026-03-25 02:33:00 +0100: Memory Usage (442116K) : backmetal1_nofill has 0 polygons
2026-03-25 02:33:00 +0100: Memory Usage (442116K) : backmetal1_slit has 0 polygons
2026-03-25 02:33:00 +0100: Memory Usage (442380K) : backmetal1_text has 0 polygons
2026-03-25 02:33:00 +0100: Memory Usage (442380K) : backmetal1_opc has 0 polygons
2026-03-25 02:33:00 +0100: Memory Usage (442380K) : backmetal1_noqrc has 0 polygons
2026-03-25 02:33:00 +0100: Memory Usage (442380K) : backmetal1_res has 0 polygons
2026-03-25 02:33:00 +0100: Memory Usage (442380K) : backmetal1_iprobe has 0 polygons
2026-03-25 02:33:00 +0100: Memory Usage (442644K) : backmetal1_diffprb has 0 polygons
2026-03-25 02:33:00 +0100: Memory Usage (442644K) : backpassiv_drw has 0 polygons
2026-03-25 02:33:00 +0100: Memory Usage (442644K) : res_drw has 0 polygons
2026-03-25 02:33:00 +0100: Memory Usage (442644K) : sram_drw has 0 polygons
2026-03-25 02:33:00 +0100: Memory Usage (442908K) : trans_drw has 0 polygons
2026-03-25 02:33:00 +0100: Memory Usage (442908K) : ind_drw has 0 polygons
2026-03-25 02:33:00 +0100: Memory Usage (442908K) : ind_pin has 0 polygons
2026-03-25 02:33:00 +0100: Memory Usage (442908K) : ind_text has 0 polygons
2026-03-25 02:33:00 +0100: Memory Usage (443168K) : salblock_drw has 7 polygons
2026-03-25 02:33:00 +0100: Memory Usage (443168K) : via2_drw has 4753 polygons
2026-03-25 02:33:00 +0100: Memory Usage (443248K) : metal3_drw has 226 polygons
2026-03-25 02:33:00 +0100: Memory Usage (443248K) : metal3_pin has 8 polygons
2026-03-25 02:33:00 +0100: Memory Usage (443508K) : metal3_mask has 0 polygons
2026-03-25 02:33:00 +0100: Memory Usage (443508K) : metal3_filler has 0 polygons
2026-03-25 02:33:00 +0100: Memory Usage (443508K) : metal3_nofill has 0 polygons
2026-03-25 02:33:00 +0100: Memory Usage (443696K) : metal3_slit has 0 polygons
2026-03-25 02:33:00 +0100: Memory Usage (443696K) : metal3_text has 2 polygons
2026-03-25 02:33:00 +0100: Memory Usage (443696K) : metal3_opc has 0 polygons
2026-03-25 02:33:00 +0100: Memory Usage (443696K) : metal3_noqrc has 0 polygons
2026-03-25 02:33:00 +0100: Memory Usage (443956K) : metal3_res has 0 polygons
2026-03-25 02:33:00 +0100: Memory Usage (443956K) : metal3_iprobe has 0 polygons
2026-03-25 02:33:00 +0100: Memory Usage (443956K) : metal3_diffprb has 0 polygons
2026-03-25 02:33:00 +0100: Memory Usage (443956K) : nwell_drw has 1216 polygons
2026-03-25 02:33:00 +0100: Memory Usage (443956K) : nwell_pin has 0 polygons
2026-03-25 02:33:00 +0100: Memory Usage (444220K) : nbulay_drw has 0 polygons
2026-03-25 02:33:00 +0100: Memory Usage (444220K) : nbulay_pin has 0 polygons
2026-03-25 02:33:00 +0100: Memory Usage (444220K) : nbulay_block has 0 polygons
2026-03-25 02:33:00 +0100: Memory Usage (444220K) : emwind_drw has 0 polygons
2026-03-25 02:33:00 +0100: Memory Usage (444416K) : emwind_opc has 0 polygons
2026-03-25 02:33:00 +0100: Memory Usage (444416K) : deepco_drw has 0 polygons
2026-03-25 02:33:00 +0100: Memory Usage (444652K) : deepco_drw has 0 polygons
2026-03-25 02:33:00 +0100: Memory Usage (444652K) : mim_drw has 2 polygons
2026-03-25 02:33:00 +0100: Memory Usage (444652K) : edgeseal_drw has 0 polygons
2026-03-25 02:33:00 +0100: Memory Usage (444652K) : edgeseal_bound has 0 polygons
2026-03-25 02:33:00 +0100: Memory Usage (444912K) : substrate_drw has 723 polygons
2026-03-25 02:33:00 +0100: Memory Usage (444912K) : substrate_text has 0 polygons
2026-03-25 02:33:00 +0100: Memory Usage (444912K) : dfpad_drw has 0 polygons
2026-03-25 02:33:00 +0100: Memory Usage (444912K) : dfpad_pillar has 0 polygons
2026-03-25 02:33:00 +0100: Memory Usage (444912K) : dfpad_sbump has 0 polygons
2026-03-25 02:33:00 +0100: Memory Usage (445176K) : thickgateox_drw has 0 polygons
2026-03-25 02:33:00 +0100: Memory Usage (445176K) : pldb_drw has 0 polygons
2026-03-25 02:33:00 +0100: Memory Usage (445176K) : pwell_drw has 0 polygons
2026-03-25 02:33:00 +0100: Memory Usage (445176K) : pwell_pin has 0 polygons
2026-03-25 02:33:00 +0100: Memory Usage (445176K) : pwell_block has 0 polygons
2026-03-25 02:33:00 +0100: Memory Usage (445440K) : ic_drw has 0 polygons
2026-03-25 02:33:00 +0100: Memory Usage (445440K) : via3_drw has 4357 polygons
2026-03-25 02:33:00 +0100: Memory Usage (445536K) : metal4_drw has 157 polygons
2026-03-25 02:33:00 +0100: Memory Usage (445536K) : metal4_pin has 3 polygons
2026-03-25 02:33:00 +0100: Memory Usage (445796K) : metal4_mask has 0 polygons
2026-03-25 02:33:00 +0100: Memory Usage (445796K) : metal4_filler has 0 polygons
2026-03-25 02:33:00 +0100: Memory Usage (445796K) : metal4_nofill has 0 polygons
2026-03-25 02:33:00 +0100: Memory Usage (445796K) : metal4_slit has 0 polygons
2026-03-25 02:33:00 +0100: Memory Usage (445796K) : metal4_text has 5 polygons
2026-03-25 02:33:00 +0100: Memory Usage (446060K) : metal4_opc has 0 polygons
2026-03-25 02:33:00 +0100: Memory Usage (446060K) : metal4_noqrc has 0 polygons
2026-03-25 02:33:00 +0100: Memory Usage (446060K) : metal4_res has 0 polygons
2026-03-25 02:33:00 +0100: Memory Usage (446200K) : metal4_iprobe has 0 polygons
2026-03-25 02:33:00 +0100: Memory Usage (446200K) : metal4_diffprb has 0 polygons
2026-03-25 02:33:00 +0100: Memory Usage (446200K) : heattrans_drw has 1555 polygons
2026-03-25 02:33:00 +0100: Memory Usage (446460K) : heatres_drw has 7 polygons
2026-03-25 02:33:00 +0100: Memory Usage (446460K) : pempoly_drw has 0 polygons
2026-03-25 02:33:00 +0100: Memory Usage (446460K) : fbe_drw has 0 polygons
2026-03-25 02:33:00 +0100: Memory Usage (446460K) : empoly_drw has 0 polygons
2026-03-25 02:33:00 +0100: Memory Usage (446724K) : ldmos_drw has 0 polygons
2026-03-25 02:33:00 +0100: Memory Usage (446724K) : pbiwind_drw has 0 polygons
2026-03-25 02:33:00 +0100: Memory Usage (446724K) : digisub_drw has 0 polygons
2026-03-25 02:33:00 +0100: Memory Usage (446724K) : nodrc_drw has 0 polygons
2026-03-25 02:33:00 +0100: Memory Usage (446984K) : text_drw has 1107 polygons
2026-03-25 02:33:00 +0100: Memory Usage (446984K) : via4_drw has 4250 polygons
2026-03-25 02:33:00 +0100: Memory Usage (446984K) : metal5_drw has 107 polygons
2026-03-25 02:33:00 +0100: Memory Usage (446984K) : metal5_pin has 12 polygons
2026-03-25 02:33:00 +0100: Memory Usage (447248K) : metal5_mask has 0 polygons
2026-03-25 02:33:00 +0100: Memory Usage (447248K) : metal5_filler has 0 polygons
2026-03-25 02:33:00 +0100: Memory Usage (447248K) : metal5_nofill has 0 polygons
2026-03-25 02:33:00 +0100: Memory Usage (447248K) : metal5_slit has 0 polygons
2026-03-25 02:33:00 +0100: Memory Usage (447248K) : metal5_text has 18 polygons
2026-03-25 02:33:00 +0100: Memory Usage (447512K) : metal5_opc has 0 polygons
2026-03-25 02:33:00 +0100: Memory Usage (447512K) : metal5_noqrc has 0 polygons
2026-03-25 02:33:00 +0100: Memory Usage (447512K) : metal5_res has 0 polygons
2026-03-25 02:33:00 +0100: Memory Usage (447512K) : metal5_iprobe has 0 polygons
2026-03-25 02:33:00 +0100: Memory Usage (447512K) : metal5_diffprb has 0 polygons
2026-03-25 02:33:00 +0100: Memory Usage (447760K) : radhard_drw has 0 polygons
2026-03-25 02:33:00 +0100: Memory Usage (447884K) : memcap_drw has 0 polygons
2026-03-25 02:33:00 +0100: Memory Usage (447884K) : varicap_drw has 0 polygons
2026-03-25 02:33:00 +0100: Memory Usage (447884K) : flash_drw has 0 polygons
2026-03-25 02:33:00 +0100: Memory Usage (448144K) : intbondvia_drw has 0 polygons
2026-03-25 02:33:00 +0100: Memory Usage (448144K) : intbondmet_drw has 0 polygons
2026-03-25 02:33:00 +0100: Memory Usage (448144K) : devbondvia_drw has 0 polygons
2026-03-25 02:33:00 +0100: Memory Usage (448144K) : devbondmet_drw has 0 polygons
2026-03-25 02:33:00 +0100: Memory Usage (448144K) : devtrench_drw has 0 polygons
2026-03-25 02:33:00 +0100: Memory Usage (448408K) : redist_drw has 0 polygons
2026-03-25 02:33:00 +0100: Memory Usage (448408K) : graphbot_drw has 0 polygons
2026-03-25 02:33:00 +0100: Memory Usage (448408K) : graphtop_drw has 0 polygons
2026-03-25 02:33:00 +0100: Memory Usage (448408K) : antvia1_drw has 0 polygons
2026-03-25 02:33:00 +0100: Memory Usage (448408K) : antmetal2_drw has 0 polygons
2026-03-25 02:33:00 +0100: Memory Usage (448672K) : graphcont_drw has 0 polygons
2026-03-25 02:33:00 +0100: Memory Usage (448672K) : siwg_drw has 0 polygons
2026-03-25 02:33:00 +0100: Memory Usage (448672K) : siwg_filler has 0 polygons
2026-03-25 02:33:00 +0100: Memory Usage (448672K) : siwg_nofill has 0 polygons
2026-03-25 02:33:00 +0100: Memory Usage (448884K) : sigrating_drw has 0 polygons
2026-03-25 02:33:00 +0100: Memory Usage (448884K) : singrating_drw has 0 polygons
2026-03-25 02:33:00 +0100: Memory Usage (448884K) : graphpas_drw has 0 polygons
2026-03-25 02:33:00 +0100: Memory Usage (449144K) : emwind3_drw has 0 polygons
2026-03-25 02:33:00 +0100: Memory Usage (449144K) : emwihv3_drw has 0 polygons
2026-03-25 02:33:00 +0100: Memory Usage (449144K) : redbulay_drw has 0 polygons
2026-03-25 02:33:00 +0100: Memory Usage (449144K) : smos_drw has 0 polygons
2026-03-25 02:33:00 +0100: Memory Usage (449144K) : graphpad_drw has 0 polygons
2026-03-25 02:33:00 +0100: Memory Usage (449408K) : polimide_drw has 0 polygons
2026-03-25 02:33:00 +0100: Memory Usage (449436K) : polimide_pin has 0 polygons
2026-03-25 02:33:00 +0100: Memory Usage (449436K) : recog_drw has 0 polygons
2026-03-25 02:33:00 +0100: Memory Usage (449436K) : recog_pin has 0 polygons
2026-03-25 02:33:00 +0100: Memory Usage (449696K) : recog_esd has 0 polygons
2026-03-25 02:33:00 +0100: Memory Usage (449696K) : recog_diode has 0 polygons
2026-03-25 02:33:00 +0100: Memory Usage (449696K) : recog_tsv has 0 polygons
2026-03-25 02:33:00 +0100: Memory Usage (449696K) : recog_iprobe has 0 polygons
2026-03-25 02:33:00 +0100: Memory Usage (449696K) : recog_diffprb has 0 polygons
2026-03-25 02:33:00 +0100: Memory Usage (449696K) : recog_pillar has 0 polygons
2026-03-25 02:33:00 +0100: Memory Usage (449696K) : recog_sbump has 0 polygons
2026-03-25 02:33:00 +0100: Memory Usage (449696K) : recog_otp has 0 polygons
2026-03-25 02:33:00 +0100: Memory Usage (449960K) : recog_pdiode has 0 polygons
2026-03-25 02:33:00 +0100: Memory Usage (449960K) : recog_mom has 0 polygons
2026-03-25 02:33:00 +0100: Memory Usage (449960K) : recog_pcm has 0 polygons
2026-03-25 02:33:00 +0100: Memory Usage (449960K) : colopen_drw has 0 polygons
2026-03-25 02:33:00 +0100: Memory Usage (449960K) : graphmetal1_drw has 0 polygons
2026-03-25 02:33:00 +0100: Memory Usage (449960K) : graphmetal1_filler has 0 polygons
2026-03-25 02:33:00 +0100: Memory Usage (449960K) : graphmetal1_nofill has 0 polygons
2026-03-25 02:33:00 +0100: Memory Usage (450224K) : graphmetal1_slit has 0 polygons
2026-03-25 02:33:00 +0100: Memory Usage (450224K) : graphmetal1_opc has 0 polygons
2026-03-25 02:33:00 +0100: Memory Usage (450224K) : graphmet1l_drw has 0 polygons
2026-03-25 02:33:00 +0100: Memory Usage (450224K) : graphmet1l_filler has 0 polygons
2026-03-25 02:33:00 +0100: Memory Usage (450224K) : graphmet1l_nofill has 0 polygons
2026-03-25 02:33:00 +0100: Memory Usage (450488K) : graphmet1l_slit has 0 polygons
2026-03-25 02:33:00 +0100: Memory Usage (450488K) : graphmet1l_opc has 0 polygons
2026-03-25 02:33:00 +0100: Memory Usage (450488K) : extblock_drw has 21 polygons
2026-03-25 02:33:00 +0100: Memory Usage (450488K) : nldd_drw has 0 polygons
2026-03-25 02:33:00 +0100: Memory Usage (450488K) : pldd_drw has 0 polygons
2026-03-25 02:33:00 +0100: Memory Usage (450752K) : next_drw has 0 polygons
2026-03-25 02:33:00 +0100: Memory Usage (450752K) : pext_drw has 0 polygons
2026-03-25 02:33:00 +0100: Memory Usage (450752K) : nexthv_drw has 0 polygons
2026-03-25 02:33:00 +0100: Memory Usage (450752K) : pexthv_drw has 0 polygons
2026-03-25 02:33:00 +0100: Memory Usage (450752K) : graphgate_drw has 0 polygons
2026-03-25 02:33:00 +0100: Memory Usage (451016K) : sinwg_drw has 0 polygons
2026-03-25 02:33:00 +0100: Memory Usage (451016K) : sinwg_filler has 0 polygons
2026-03-25 02:33:00 +0100: Memory Usage (451016K) : sinwg_nofill has 0 polygons
2026-03-25 02:33:00 +0100: Memory Usage (451016K) : mempad_drw has 0 polygons
2026-03-25 02:33:00 +0100: Memory Usage (451016K) : topvia1_drw has 924 polygons
2026-03-25 02:33:00 +0100: Memory Usage (451016K) : topmetal1_drw has 120 polygons
2026-03-25 02:33:00 +0100: Memory Usage (451280K) : topmetal1_pin has 15 polygons
2026-03-25 02:33:00 +0100: Memory Usage (451280K) : topmetal1_mask has 0 polygons
2026-03-25 02:33:00 +0100: Memory Usage (451280K) : topmetal1_filler has 0 polygons
2026-03-25 02:33:00 +0100: Memory Usage (451280K) : topmetal1_nofill has 0 polygons
2026-03-25 02:33:00 +0100: Memory Usage (451280K) : topmetal1_slit has 0 polygons
2026-03-25 02:33:00 +0100: Memory Usage (451280K) : topmetal1_text has 4 polygons
2026-03-25 02:33:00 +0100: Memory Usage (451280K) : topmetal1_noqrc has 0 polygons
2026-03-25 02:33:00 +0100: Memory Usage (451544K) : topmetal1_res has 0 polygons
2026-03-25 02:33:00 +0100: Memory Usage (451544K) : topmetal1_iprobe has 0 polygons
2026-03-25 02:33:00 +0100: Memory Usage (451544K) : topmetal1_diffprb has 0 polygons
2026-03-25 02:33:00 +0100: Memory Usage (451544K) : inldpwl_drw has 0 polygons
2026-03-25 02:33:00 +0100: Memory Usage (451544K) : polyres_drw has 7 polygons
2026-03-25 02:33:00 +0100: Memory Usage (451808K) : polyres_pin has 0 polygons
2026-03-25 02:33:00 +0100: Memory Usage (451808K) : vmim_drw has 578 polygons
2026-03-25 02:33:00 +0100: Memory Usage (451808K) : nbulaycut_drw has 0 polygons
2026-03-25 02:33:00 +0100: Memory Usage (451808K) : antmetal1_drw has 0 polygons
2026-03-25 02:33:00 +0100: Memory Usage (452072K) : topvia2_drw has 0 polygons
2026-03-25 02:33:00 +0100: Memory Usage (452072K) : topmetal2_drw has 0 polygons
2026-03-25 02:33:00 +0100: Memory Usage (452072K) : topmetal2_pin has 0 polygons
2026-03-25 02:33:00 +0100: Memory Usage (452072K) : topmetal2_mask has 0 polygons
2026-03-25 02:33:00 +0100: Memory Usage (452072K) : topmetal2_filler has 0 polygons
2026-03-25 02:33:00 +0100: Memory Usage (452336K) : topmetal2_nofill has 0 polygons
2026-03-25 02:33:00 +0100: Memory Usage (452336K) : topmetal2_slit has 0 polygons
2026-03-25 02:33:00 +0100: Memory Usage (452336K) : topmetal2_text has 0 polygons
2026-03-25 02:33:00 +0100: Memory Usage (452336K) : topmetal2_noqrc has 0 polygons
2026-03-25 02:33:00 +0100: Memory Usage (452336K) : topmetal2_res has 0 polygons
2026-03-25 02:33:00 +0100: Memory Usage (452600K) : topmetal2_iprobe has 0 polygons
2026-03-25 02:33:00 +0100: Memory Usage (452600K) : topmetal2_diffprb has 0 polygons
2026-03-25 02:33:00 +0100: Memory Usage (452600K) : snsring_drw has 0 polygons
2026-03-25 02:33:00 +0100: Memory Usage (452600K) : sensor_drw has 0 polygons
2026-03-25 02:33:00 +0100: Memory Usage (452600K) : snsarms_drw has 0 polygons
2026-03-25 02:33:00 +0100: Memory Usage (452864K) : snscmosvia_drw has 0 polygons
2026-03-25 02:33:00 +0100: Memory Usage (452864K) : colwind_drw has 0 polygons
2026-03-25 02:33:00 +0100: Memory Usage (452864K) : flm_drw has 0 polygons
2026-03-25 02:33:00 +0100: Memory Usage (452864K) : hafniumox_drw has 0 polygons
2026-03-25 02:33:00 +0100: Memory Usage (452864K) : memvia_drw has 0 polygons
2026-03-25 02:33:00 +0100: Memory Usage (453128K) : thinfilmres_drw has 0 polygons
2026-03-25 02:33:00 +0100: Memory Usage (453128K) : rfmem_drw has 0 polygons
2026-03-25 02:33:00 +0100: Memory Usage (453128K) : norcx_drw has 0 polygons
2026-03-25 02:33:00 +0100: Memory Usage (453128K) : norcx_m2m3 has 0 polygons
2026-03-25 02:33:00 +0100: Memory Usage (453128K) : norcx_m2m4 has 0 polygons
2026-03-25 02:33:00 +0100: Memory Usage (453128K) : norcx_m2m5 has 0 polygons
2026-03-25 02:33:00 +0100: Memory Usage (453392K) : norcx_m2tm1 has 0 polygons
2026-03-25 02:33:00 +0100: Memory Usage (453392K) : norcx_m2tm2 has 0 polygons
2026-03-25 02:33:00 +0100: Memory Usage (453392K) : norcx_m3m4 has 0 polygons
2026-03-25 02:33:00 +0100: Memory Usage (453392K) : norcx_m3m5 has 0 polygons
2026-03-25 02:33:00 +0100: Memory Usage (453392K) : norcx_m3tm1 has 0 polygons
2026-03-25 02:33:00 +0100: Memory Usage (453392K) : norcx_m3tm2 has 0 polygons
2026-03-25 02:33:00 +0100: Memory Usage (453392K) : norcx_m4m5 has 0 polygons
2026-03-25 02:33:00 +0100: Memory Usage (453656K) : norcx_m4tm1 has 0 polygons
2026-03-25 02:33:00 +0100: Memory Usage (453656K) : norcx_m4tm2 has 0 polygons
2026-03-25 02:33:00 +0100: Memory Usage (453656K) : norcx_m5tm1 has 0 polygons
2026-03-25 02:33:00 +0100: Memory Usage (453656K) : norcx_m5tm2 has 0 polygons
2026-03-25 02:33:00 +0100: Memory Usage (453656K) : norcx_tm1tm2 has 0 polygons
2026-03-25 02:33:00 +0100: Memory Usage (453656K) : norcx_m1sub has 0 polygons
2026-03-25 02:33:00 +0100: Memory Usage (453656K) : norcx_m2sub has 0 polygons
2026-03-25 02:33:00 +0100: Memory Usage (453920K) : norcx_m3sub has 0 polygons
2026-03-25 02:33:00 +0100: Memory Usage (453920K) : norcx_m4sub has 0 polygons
2026-03-25 02:33:00 +0100: Memory Usage (453920K) : norcx_m5sub has 0 polygons
2026-03-25 02:33:00 +0100: Memory Usage (453920K) : norcx_tm1sub has 0 polygons
2026-03-25 02:33:00 +0100: Memory Usage (453920K) : norcx_tm2sub has 0 polygons
2026-03-25 02:33:00 +0100: Memory Usage (453920K) : snsbotvia_drw has 0 polygons
2026-03-25 02:33:00 +0100: Memory Usage (453920K) : snstopvia_drw has 0 polygons
2026-03-25 02:33:00 +0100: Memory Usage (454184K) : deepvia_drw has 0 polygons
2026-03-25 02:33:00 +0100: Memory Usage (454184K) : fgetch_drw has 0 polygons
2026-03-25 02:33:00 +0100: Memory Usage (454184K) : ctrgat_drw has 0 polygons
2026-03-25 02:33:00 +0100: Memory Usage (454184K) : fgimp_drw has 0 polygons
2026-03-25 02:33:00 +0100: Memory Usage (454184K) : emwihv_drw has 0 polygons
2026-03-25 02:33:00 +0100: Memory Usage (454184K) : lbe_drw has 0 polygons
2026-03-25 02:33:00 +0100: Memory Usage (454184K) : alcustop_drw has 0 polygons
2026-03-25 02:33:00 +0100: Memory Usage (454448K) : nometfiller_drw has 0 polygons
2026-03-25 02:33:00 +0100: Memory Usage (454448K) : prboundary_drw has 0 polygons
2026-03-25 02:33:00 +0100: Memory Usage (454448K) : exchange0_drw has 0 polygons
2026-03-25 02:33:00 +0100: Memory Usage (454448K) : exchange0_pin has 0 polygons
2026-03-25 02:33:00 +0100: Memory Usage (454448K) : exchange0_text has 0 polygons
2026-03-25 02:33:00 +0100: Memory Usage (454712K) : exchange1_drw has 0 polygons
2026-03-25 02:33:00 +0100: Memory Usage (454712K) : exchange1_pin has 0 polygons
2026-03-25 02:33:00 +0100: Memory Usage (454712K) : exchange1_text has 0 polygons
2026-03-25 02:33:00 +0100: Memory Usage (454712K) : exchange2_drw has 0 polygons
2026-03-25 02:33:00 +0100: Memory Usage (454712K) : exchange2_pin has 0 polygons
2026-03-25 02:33:00 +0100: Memory Usage (454976K) : exchange2_text has 0 polygons
2026-03-25 02:33:00 +0100: Memory Usage (454976K) : exchange3_drw has 0 polygons
2026-03-25 02:33:00 +0100: Memory Usage (454976K) : exchange3_pin has 0 polygons
2026-03-25 02:33:00 +0100: Memory Usage (454976K) : exchange3_text has 0 polygons
2026-03-25 02:33:00 +0100: Memory Usage (454976K) : exchange4_drw has 0 polygons
2026-03-25 02:33:00 +0100: Memory Usage (454976K) : exchange4_pin has 0 polygons
2026-03-25 02:33:00 +0100: Memory Usage (454976K) : exchange4_text has 0 polygons
2026-03-25 02:33:00 +0100: Memory Usage (454976K) : isonwell_drw has 0 polygons
2026-03-25 02:33:00 +0100: Memory Usage (454976K) : Total no. of polygons in the design is 74600
2026-03-25 02:33:00 +0100: Memory Usage (454976K) : Loaded TECH DRC rules values from /foss/pdks/ihp-sg13g2/libs.tech/klayout/python/sg13g2_pycell_lib/sg13g2_tech_mod.json
2026-03-25 02:33:00 +0100: Memory Usage (454976K) : Loaded default DRC rules values from /foss/pdks/ihp-sg13g2/libs.tech/klayout/tech/drc/rule_decks/sg13g2_tech_default.json
2026-03-25 02:33:00 +0100: Memory Usage (454976K) : The following rules values were missing in tech json and default values were used:
2026-03-25 02:33:00 +0100: Memory Usage (454976K) :   - Cnt_c_digibnd
2026-03-25 02:33:01 +0100: Memory Usage (455240K) : Total area of the design is 28136.451999999997 um^2.
2026-03-25 02:33:01 +0100: Memory Usage (455240K) : The design dimensions are 211.6 µm * 132.97 µm.
2026-03-25 02:33:01 +0100: Memory Usage (455240K) : Starting general IHP-SG13G2 derivations.
2026-03-25 02:33:01 +0100: Memory Usage (455240K) : Starting Pwell derivations
2026-03-25 02:33:01 +0100: Memory Usage (459080K) : Starting IHP-SG13G2 DRC rules.
2026-03-25 02:33:01 +0100: Memory Usage (459080K) : Starting 5.9 GatPoly:filler
2026-03-25 02:33:01 +0100: Memory Usage (459736K) : Executing rule GFil.d
2026-03-25 02:33:01 +0100: Memory Usage (459736K) : Executing rule GFil.e
2026-03-25 02:33:01 +0100: Memory Usage (459736K) : Executing rule GFil.i
2026-03-25 02:33:01 +0100: Memory Usage (459736K) : KLayout DRC run for tables 'gatpolyfiller' completed in 0.53 seconds
