# Logfile created on 2026-03-25 02:33:03 +0100 by logger.rb/v1.5.3
2026-03-25 02:33:03 +0100: Memory Usage (435656K) : Starting running IHP-SG13G2 KLayout DRC runset on /foss/designs/Design/xschem/HPAmplifier/OTA_Telescopic_backup/OTA_Telescopic_NO_FLATTEN/Layout_and_Related_files/OTA_Telescopic_TOP_wp.gds
2026-03-25 02:33:03 +0100: Memory Usage (435656K) : Ruby Version for klayout: 3.2.3
2026-03-25 02:33:03 +0100: Memory Usage (435656K) : Loading database to memory is complete.
2026-03-25 02:33:03 +0100: Memory Usage (437124K) : IHP-SG13G2 KLayout DRC runset output at: /foss/designs/Design/xschem/HPAmplifier/OTA_Telescopic_backup/OTA_Telescopic_NO_FLATTEN/Layout_and_Related_files/drc_run_OTA_Telescopic_TOP_wp/OTA_Telescopic_TOP_wp_OTA_Telescopic_TOP_wp_metalnfiller.lyrdb
2026-03-25 02:33:03 +0100: Memory Usage (437124K) : Evaluate switches.
2026-03-25 02:33:03 +0100: Memory Usage (437124K) : tables selected: metalnfiller
2026-03-25 02:33:03 +0100: Memory Usage (437124K) : KLayout will use 4 thread(s) in tiled mode.
2026-03-25 02:33:03 +0100: Memory Usage (437124K) : deep mode is enabled.
2026-03-25 02:33:03 +0100: Memory Usage (437124K) : FEOL enabled: false
2026-03-25 02:33:03 +0100: Memory Usage (437124K) : BEOL enabled: false
2026-03-25 02:33:03 +0100: Memory Usage (437124K) : OFFGRID enabled: true
2026-03-25 02:33:03 +0100: Memory Usage (437124K) : PIN enabled: false
2026-03-25 02:33:03 +0100: Memory Usage (437124K) : FORBIDDEN enabled: false
2026-03-25 02:33:03 +0100: Memory Usage (437124K) : RECOMMENDED enabled: true
2026-03-25 02:33:03 +0100: Memory Usage (437124K) : PreCheck DRC enabled: false
2026-03-25 02:33:03 +0100: Memory Usage (437124K) : CONNECTIVITY_RULES enabled: false.
2026-03-25 02:33:03 +0100: Memory Usage (437124K) : Read in polygons from layers.
2026-03-25 02:33:03 +0100: Memory Usage (437124K) : activ_drw has 5032 polygons
2026-03-25 02:33:03 +0100: Memory Usage (437124K) : activ_pin has 0 polygons
2026-03-25 02:33:03 +0100: Memory Usage (437124K) : activ_mask has 0 polygons
2026-03-25 02:33:03 +0100: Memory Usage (437124K) : activ_filler has 0 polygons
2026-03-25 02:33:03 +0100: Memory Usage (437124K) : activ_nofill has 0 polygons
2026-03-25 02:33:03 +0100: Memory Usage (437124K) : activ_opc has 0 polygons
2026-03-25 02:33:03 +0100: Memory Usage (437124K) : activ_iopc has 0 polygons
2026-03-25 02:33:03 +0100: Memory Usage (437124K) : activ_noqrc has 0 polygons
2026-03-25 02:33:03 +0100: Memory Usage (437124K) : biwind_drw has 0 polygons
2026-03-25 02:33:03 +0100: Memory Usage (437124K) : biwind_opc has 0 polygons
2026-03-25 02:33:03 +0100: Memory Usage (438320K) : pemwind_drw has 0 polygons
2026-03-25 02:33:03 +0100: Memory Usage (438320K) : gatpoly_drw has 2679 polygons
2026-03-25 02:33:03 +0100: Memory Usage (438320K) : gatpoly_pin has 377 polygons
2026-03-25 02:33:03 +0100: Memory Usage (438320K) : gatpoly_filler has 0 polygons
2026-03-25 02:33:03 +0100: Memory Usage (438320K) : gatpoly_nofill has 0 polygons
2026-03-25 02:33:03 +0100: Memory Usage (438584K) : gatpoly_opc has 0 polygons
2026-03-25 02:33:03 +0100: Memory Usage (438584K) : gatpoly_iopc has 0 polygons
2026-03-25 02:33:03 +0100: Memory Usage (438584K) : gatpoly_noqrc has 0 polygons
2026-03-25 02:33:03 +0100: Memory Usage (438584K) : cont_drw has 24680 polygons
2026-03-25 02:33:03 +0100: Memory Usage (438584K) : cont_opc has 0 polygons
2026-03-25 02:33:03 +0100: Memory Usage (438848K) : nsd_drw has 0 polygons
2026-03-25 02:33:03 +0100: Memory Usage (438972K) : nsd_block has 0 polygons
2026-03-25 02:33:03 +0100: Memory Usage (438972K) : metal1_drw has 7670 polygons
2026-03-25 02:33:03 +0100: Memory Usage (438972K) : metal1_pin has 2038 polygons
2026-03-25 02:33:03 +0100: Memory Usage (439232K) : metal1_mask has 0 polygons
2026-03-25 02:33:03 +0100: Memory Usage (439232K) : metal1_filler has 0 polygons
2026-03-25 02:33:03 +0100: Memory Usage (439232K) : metal1_nofill has 0 polygons
2026-03-25 02:33:03 +0100: Memory Usage (439232K) : metal1_slit has 0 polygons
2026-03-25 02:33:03 +0100: Memory Usage (439496K) : metal1_text has 1 polygons
2026-03-25 02:33:03 +0100: Memory Usage (439496K) : metal1_opc has 0 polygons
2026-03-25 02:33:03 +0100: Memory Usage (439496K) : metal1_noqrc has 0 polygons
2026-03-25 02:33:03 +0100: Memory Usage (439496K) : metal1_res has 0 polygons
2026-03-25 02:33:03 +0100: Memory Usage (439496K) : metal1_iprobe has 0 polygons
2026-03-25 02:33:03 +0100: Memory Usage (439996K) : metal1_diffprb has 0 polygons
2026-03-25 02:33:03 +0100: Memory Usage (439996K) : passiv_drw has 0 polygons
2026-03-25 02:33:03 +0100: Memory Usage (439996K) : passiv_pin has 0 polygons
2026-03-25 02:33:03 +0100: Memory Usage (439996K) : passiv_sbump has 0 polygons
2026-03-25 02:33:03 +0100: Memory Usage (440260K) : passiv_pillar has 0 polygons
2026-03-25 02:33:03 +0100: Memory Usage (440260K) : passiv_pdl has 0 polygons
2026-03-25 02:33:03 +0100: Memory Usage (440260K) : metal2_drw has 1317 polygons
2026-03-25 02:33:03 +0100: Memory Usage (440260K) : metal2_pin has 11 polygons
2026-03-25 02:33:03 +0100: Memory Usage (440820K) : metal2_mask has 0 polygons
2026-03-25 02:33:03 +0100: Memory Usage (440820K) : metal2_filler has 0 polygons
2026-03-25 02:33:03 +0100: Memory Usage (440820K) : metal2_nofill has 0 polygons
2026-03-25 02:33:03 +0100: Memory Usage (440820K) : metal2_slit has 0 polygons
2026-03-25 02:33:03 +0100: Memory Usage (440820K) : metal2_text has 6 polygons
2026-03-25 02:33:03 +0100: Memory Usage (441084K) : metal2_opc has 0 polygons
2026-03-25 02:33:03 +0100: Memory Usage (441128K) : metal2_noqrc has 0 polygons
2026-03-25 02:33:03 +0100: Memory Usage (441128K) : metal2_res has 0 polygons
2026-03-25 02:33:03 +0100: Memory Usage (441128K) : metal2_iprobe has 0 polygons
2026-03-25 02:33:03 +0100: Memory Usage (441388K) : metal2_diffprb has 0 polygons
2026-03-25 02:33:03 +0100: Memory Usage (441388K) : baspoly_drw has 0 polygons
2026-03-25 02:33:03 +0100: Memory Usage (441388K) : baspoly_pin has 0 polygons
2026-03-25 02:33:03 +0100: Memory Usage (441388K) : psd_drw has 1551 polygons
2026-03-25 02:33:03 +0100: Memory Usage (441388K) : nldb_drw has 0 polygons
2026-03-25 02:33:03 +0100: Memory Usage (441652K) : digibnd_drw has 0 polygons
2026-03-25 02:33:03 +0100: Memory Usage (441652K) : via1_drw has 9054 polygons
2026-03-25 02:33:03 +0100: Memory Usage (441652K) : backmetal1_drw has 0 polygons
2026-03-25 02:33:03 +0100: Memory Usage (441976K) : backmetal1_pin has 0 polygons
2026-03-25 02:33:03 +0100: Memory Usage (441976K) : backmetal1_mask has 0 polygons
2026-03-25 02:33:03 +0100: Memory Usage (441976K) : backmetal1_filler has 0 polygons
2026-03-25 02:33:03 +0100: Memory Usage (441976K) : backmetal1_nofill has 0 polygons
2026-03-25 02:33:03 +0100: Memory Usage (441976K) : backmetal1_slit has 0 polygons
2026-03-25 02:33:03 +0100: Memory Usage (442240K) : backmetal1_text has 0 polygons
2026-03-25 02:33:03 +0100: Memory Usage (442240K) : backmetal1_opc has 0 polygons
2026-03-25 02:33:03 +0100: Memory Usage (442240K) : backmetal1_noqrc has 0 polygons
2026-03-25 02:33:03 +0100: Memory Usage (442240K) : backmetal1_res has 0 polygons
2026-03-25 02:33:03 +0100: Memory Usage (442240K) : backmetal1_iprobe has 0 polygons
2026-03-25 02:33:03 +0100: Memory Usage (442504K) : backmetal1_diffprb has 0 polygons
2026-03-25 02:33:03 +0100: Memory Usage (442504K) : backpassiv_drw has 0 polygons
2026-03-25 02:33:03 +0100: Memory Usage (442504K) : res_drw has 0 polygons
2026-03-25 02:33:03 +0100: Memory Usage (442504K) : sram_drw has 0 polygons
2026-03-25 02:33:03 +0100: Memory Usage (442772K) : trans_drw has 0 polygons
2026-03-25 02:33:03 +0100: Memory Usage (442772K) : ind_drw has 0 polygons
2026-03-25 02:33:03 +0100: Memory Usage (442772K) : ind_pin has 0 polygons
2026-03-25 02:33:03 +0100: Memory Usage (442772K) : ind_text has 0 polygons
2026-03-25 02:33:03 +0100: Memory Usage (443032K) : salblock_drw has 7 polygons
2026-03-25 02:33:03 +0100: Memory Usage (443032K) : via2_drw has 4753 polygons
2026-03-25 02:33:03 +0100: Memory Usage (443100K) : metal3_drw has 226 polygons
2026-03-25 02:33:03 +0100: Memory Usage (443100K) : metal3_pin has 8 polygons
2026-03-25 02:33:03 +0100: Memory Usage (443360K) : metal3_mask has 0 polygons
2026-03-25 02:33:03 +0100: Memory Usage (443360K) : metal3_filler has 0 polygons
2026-03-25 02:33:03 +0100: Memory Usage (443360K) : metal3_nofill has 0 polygons
2026-03-25 02:33:03 +0100: Memory Usage (443500K) : metal3_slit has 0 polygons
2026-03-25 02:33:03 +0100: Memory Usage (443500K) : metal3_text has 2 polygons
2026-03-25 02:33:03 +0100: Memory Usage (443500K) : metal3_opc has 0 polygons
2026-03-25 02:33:03 +0100: Memory Usage (443760K) : metal3_noqrc has 0 polygons
2026-03-25 02:33:03 +0100: Memory Usage (443760K) : metal3_res has 0 polygons
2026-03-25 02:33:03 +0100: Memory Usage (443760K) : metal3_iprobe has 0 polygons
2026-03-25 02:33:03 +0100: Memory Usage (443760K) : metal3_diffprb has 0 polygons
2026-03-25 02:33:03 +0100: Memory Usage (443760K) : nwell_drw has 1216 polygons
2026-03-25 02:33:03 +0100: Memory Usage (444024K) : nwell_pin has 0 polygons
2026-03-25 02:33:03 +0100: Memory Usage (444024K) : nbulay_drw has 0 polygons
2026-03-25 02:33:03 +0100: Memory Usage (444024K) : nbulay_pin has 0 polygons
2026-03-25 02:33:03 +0100: Memory Usage (444024K) : nbulay_block has 0 polygons
2026-03-25 02:33:03 +0100: Memory Usage (444024K) : emwind_drw has 0 polygons
2026-03-25 02:33:03 +0100: Memory Usage (444280K) : emwind_opc has 0 polygons
2026-03-25 02:33:03 +0100: Memory Usage (444280K) : deepco_drw has 0 polygons
2026-03-25 02:33:03 +0100: Memory Usage (444504K) : deepco_drw has 0 polygons
2026-03-25 02:33:03 +0100: Memory Usage (444504K) : mim_drw has 2 polygons
2026-03-25 02:33:03 +0100: Memory Usage (444504K) : edgeseal_drw has 0 polygons
2026-03-25 02:33:03 +0100: Memory Usage (444504K) : edgeseal_bound has 0 polygons
2026-03-25 02:33:03 +0100: Memory Usage (444764K) : substrate_drw has 723 polygons
2026-03-25 02:33:03 +0100: Memory Usage (444764K) : substrate_text has 0 polygons
2026-03-25 02:33:03 +0100: Memory Usage (444764K) : dfpad_drw has 0 polygons
2026-03-25 02:33:03 +0100: Memory Usage (444764K) : dfpad_pillar has 0 polygons
2026-03-25 02:33:03 +0100: Memory Usage (444764K) : dfpad_sbump has 0 polygons
2026-03-25 02:33:03 +0100: Memory Usage (445028K) : thickgateox_drw has 0 polygons
2026-03-25 02:33:03 +0100: Memory Usage (445028K) : pldb_drw has 0 polygons
2026-03-25 02:33:03 +0100: Memory Usage (445028K) : pwell_drw has 0 polygons
2026-03-25 02:33:03 +0100: Memory Usage (445028K) : pwell_pin has 0 polygons
2026-03-25 02:33:03 +0100: Memory Usage (445028K) : pwell_block has 0 polygons
2026-03-25 02:33:03 +0100: Memory Usage (445292K) : ic_drw has 0 polygons
2026-03-25 02:33:03 +0100: Memory Usage (445292K) : via3_drw has 4357 polygons
2026-03-25 02:33:03 +0100: Memory Usage (445396K) : metal4_drw has 157 polygons
2026-03-25 02:33:03 +0100: Memory Usage (445396K) : metal4_pin has 3 polygons
2026-03-25 02:33:03 +0100: Memory Usage (445656K) : metal4_mask has 0 polygons
2026-03-25 02:33:03 +0100: Memory Usage (445656K) : metal4_filler has 0 polygons
2026-03-25 02:33:03 +0100: Memory Usage (445656K) : metal4_nofill has 0 polygons
2026-03-25 02:33:03 +0100: Memory Usage (445656K) : metal4_slit has 0 polygons
2026-03-25 02:33:03 +0100: Memory Usage (445656K) : metal4_text has 5 polygons
2026-03-25 02:33:03 +0100: Memory Usage (445920K) : metal4_opc has 0 polygons
2026-03-25 02:33:03 +0100: Memory Usage (445920K) : metal4_noqrc has 0 polygons
2026-03-25 02:33:03 +0100: Memory Usage (445920K) : metal4_res has 0 polygons
2026-03-25 02:33:03 +0100: Memory Usage (446060K) : metal4_iprobe has 0 polygons
2026-03-25 02:33:03 +0100: Memory Usage (446060K) : metal4_diffprb has 0 polygons
2026-03-25 02:33:03 +0100: Memory Usage (446060K) : heattrans_drw has 1555 polygons
2026-03-25 02:33:03 +0100: Memory Usage (446320K) : heatres_drw has 7 polygons
2026-03-25 02:33:03 +0100: Memory Usage (446320K) : pempoly_drw has 0 polygons
2026-03-25 02:33:03 +0100: Memory Usage (446320K) : fbe_drw has 0 polygons
2026-03-25 02:33:03 +0100: Memory Usage (446320K) : empoly_drw has 0 polygons
2026-03-25 02:33:03 +0100: Memory Usage (446320K) : ldmos_drw has 0 polygons
2026-03-25 02:33:03 +0100: Memory Usage (446580K) : pbiwind_drw has 0 polygons
2026-03-25 02:33:03 +0100: Memory Usage (446580K) : digisub_drw has 0 polygons
2026-03-25 02:33:03 +0100: Memory Usage (446580K) : nodrc_drw has 0 polygons
2026-03-25 02:33:03 +0100: Memory Usage (446840K) : text_drw has 1107 polygons
2026-03-25 02:33:03 +0100: Memory Usage (446840K) : via4_drw has 4250 polygons
2026-03-25 02:33:03 +0100: Memory Usage (446840K) : metal5_drw has 107 polygons
2026-03-25 02:33:03 +0100: Memory Usage (446840K) : metal5_pin has 12 polygons
2026-03-25 02:33:03 +0100: Memory Usage (447104K) : metal5_mask has 0 polygons
2026-03-25 02:33:03 +0100: Memory Usage (447104K) : metal5_filler has 0 polygons
2026-03-25 02:33:03 +0100: Memory Usage (447104K) : metal5_nofill has 0 polygons
2026-03-25 02:33:03 +0100: Memory Usage (447104K) : metal5_slit has 0 polygons
2026-03-25 02:33:03 +0100: Memory Usage (447104K) : metal5_text has 18 polygons
2026-03-25 02:33:03 +0100: Memory Usage (447368K) : metal5_opc has 0 polygons
2026-03-25 02:33:03 +0100: Memory Usage (447368K) : metal5_noqrc has 0 polygons
2026-03-25 02:33:03 +0100: Memory Usage (447368K) : metal5_res has 0 polygons
2026-03-25 02:33:03 +0100: Memory Usage (447368K) : metal5_iprobe has 0 polygons
2026-03-25 02:33:03 +0100: Memory Usage (447368K) : metal5_diffprb has 0 polygons
2026-03-25 02:33:03 +0100: Memory Usage (447676K) : radhard_drw has 0 polygons
2026-03-25 02:33:03 +0100: Memory Usage (447744K) : memcap_drw has 0 polygons
2026-03-25 02:33:03 +0100: Memory Usage (447744K) : varicap_drw has 0 polygons
2026-03-25 02:33:03 +0100: Memory Usage (447744K) : flash_drw has 0 polygons
2026-03-25 02:33:03 +0100: Memory Usage (448004K) : intbondvia_drw has 0 polygons
2026-03-25 02:33:03 +0100: Memory Usage (448004K) : intbondmet_drw has 0 polygons
2026-03-25 02:33:03 +0100: Memory Usage (448004K) : devbondvia_drw has 0 polygons
2026-03-25 02:33:03 +0100: Memory Usage (448004K) : devbondmet_drw has 0 polygons
2026-03-25 02:33:03 +0100: Memory Usage (448004K) : devtrench_drw has 0 polygons
2026-03-25 02:33:03 +0100: Memory Usage (448268K) : redist_drw has 0 polygons
2026-03-25 02:33:03 +0100: Memory Usage (448268K) : graphbot_drw has 0 polygons
2026-03-25 02:33:03 +0100: Memory Usage (448268K) : graphtop_drw has 0 polygons
2026-03-25 02:33:03 +0100: Memory Usage (448268K) : antvia1_drw has 0 polygons
2026-03-25 02:33:03 +0100: Memory Usage (448268K) : antmetal2_drw has 0 polygons
2026-03-25 02:33:03 +0100: Memory Usage (448532K) : graphcont_drw has 0 polygons
2026-03-25 02:33:03 +0100: Memory Usage (448532K) : siwg_drw has 0 polygons
2026-03-25 02:33:03 +0100: Memory Usage (448532K) : siwg_filler has 0 polygons
2026-03-25 02:33:03 +0100: Memory Usage (448532K) : siwg_nofill has 0 polygons
2026-03-25 02:33:03 +0100: Memory Usage (448736K) : sigrating_drw has 0 polygons
2026-03-25 02:33:03 +0100: Memory Usage (448736K) : singrating_drw has 0 polygons
2026-03-25 02:33:03 +0100: Memory Usage (448736K) : graphpas_drw has 0 polygons
2026-03-25 02:33:03 +0100: Memory Usage (448996K) : emwind3_drw has 0 polygons
2026-03-25 02:33:03 +0100: Memory Usage (448996K) : emwihv3_drw has 0 polygons
2026-03-25 02:33:03 +0100: Memory Usage (448996K) : redbulay_drw has 0 polygons
2026-03-25 02:33:03 +0100: Memory Usage (448996K) : smos_drw has 0 polygons
2026-03-25 02:33:03 +0100: Memory Usage (448996K) : graphpad_drw has 0 polygons
2026-03-25 02:33:03 +0100: Memory Usage (449260K) : polimide_drw has 0 polygons
2026-03-25 02:33:03 +0100: Memory Usage (449296K) : polimide_pin has 0 polygons
2026-03-25 02:33:03 +0100: Memory Usage (449296K) : recog_drw has 0 polygons
2026-03-25 02:33:03 +0100: Memory Usage (449296K) : recog_pin has 0 polygons
2026-03-25 02:33:03 +0100: Memory Usage (449296K) : recog_esd has 0 polygons
2026-03-25 02:33:03 +0100: Memory Usage (449556K) : recog_diode has 0 polygons
2026-03-25 02:33:03 +0100: Memory Usage (449556K) : recog_tsv has 0 polygons
2026-03-25 02:33:03 +0100: Memory Usage (449556K) : recog_iprobe has 0 polygons
2026-03-25 02:33:03 +0100: Memory Usage (449556K) : recog_diffprb has 0 polygons
2026-03-25 02:33:03 +0100: Memory Usage (449556K) : recog_pillar has 0 polygons
2026-03-25 02:33:03 +0100: Memory Usage (449556K) : recog_sbump has 0 polygons
2026-03-25 02:33:03 +0100: Memory Usage (449556K) : recog_otp has 0 polygons
2026-03-25 02:33:03 +0100: Memory Usage (449820K) : recog_pdiode has 0 polygons
2026-03-25 02:33:03 +0100: Memory Usage (449820K) : recog_mom has 0 polygons
2026-03-25 02:33:03 +0100: Memory Usage (449820K) : recog_pcm has 0 polygons
2026-03-25 02:33:03 +0100: Memory Usage (449820K) : colopen_drw has 0 polygons
2026-03-25 02:33:03 +0100: Memory Usage (449820K) : graphmetal1_drw has 0 polygons
2026-03-25 02:33:03 +0100: Memory Usage (449820K) : graphmetal1_filler has 0 polygons
2026-03-25 02:33:03 +0100: Memory Usage (449820K) : graphmetal1_nofill has 0 polygons
2026-03-25 02:33:03 +0100: Memory Usage (450084K) : graphmetal1_slit has 0 polygons
2026-03-25 02:33:03 +0100: Memory Usage (450084K) : graphmetal1_opc has 0 polygons
2026-03-25 02:33:03 +0100: Memory Usage (450084K) : graphmet1l_drw has 0 polygons
2026-03-25 02:33:03 +0100: Memory Usage (450084K) : graphmet1l_filler has 0 polygons
2026-03-25 02:33:03 +0100: Memory Usage (450084K) : graphmet1l_nofill has 0 polygons
2026-03-25 02:33:03 +0100: Memory Usage (450084K) : graphmet1l_slit has 0 polygons
2026-03-25 02:33:03 +0100: Memory Usage (450348K) : graphmet1l_opc has 0 polygons
2026-03-25 02:33:03 +0100: Memory Usage (450348K) : extblock_drw has 21 polygons
2026-03-25 02:33:03 +0100: Memory Usage (450348K) : nldd_drw has 0 polygons
2026-03-25 02:33:03 +0100: Memory Usage (450348K) : pldd_drw has 0 polygons
2026-03-25 02:33:03 +0100: Memory Usage (450612K) : next_drw has 0 polygons
2026-03-25 02:33:03 +0100: Memory Usage (450612K) : pext_drw has 0 polygons
2026-03-25 02:33:03 +0100: Memory Usage (450612K) : nexthv_drw has 0 polygons
2026-03-25 02:33:03 +0100: Memory Usage (450612K) : pexthv_drw has 0 polygons
2026-03-25 02:33:03 +0100: Memory Usage (450612K) : graphgate_drw has 0 polygons
2026-03-25 02:33:03 +0100: Memory Usage (450876K) : sinwg_drw has 0 polygons
2026-03-25 02:33:03 +0100: Memory Usage (450876K) : sinwg_filler has 0 polygons
2026-03-25 02:33:03 +0100: Memory Usage (450876K) : sinwg_nofill has 0 polygons
2026-03-25 02:33:03 +0100: Memory Usage (450876K) : mempad_drw has 0 polygons
2026-03-25 02:33:03 +0100: Memory Usage (450876K) : topvia1_drw has 924 polygons
2026-03-25 02:33:03 +0100: Memory Usage (450876K) : topmetal1_drw has 120 polygons
2026-03-25 02:33:03 +0100: Memory Usage (450876K) : topmetal1_pin has 15 polygons
2026-03-25 02:33:03 +0100: Memory Usage (451140K) : topmetal1_mask has 0 polygons
2026-03-25 02:33:03 +0100: Memory Usage (451140K) : topmetal1_filler has 0 polygons
2026-03-25 02:33:03 +0100: Memory Usage (451140K) : topmetal1_nofill has 0 polygons
2026-03-25 02:33:03 +0100: Memory Usage (451140K) : topmetal1_slit has 0 polygons
2026-03-25 02:33:03 +0100: Memory Usage (451140K) : topmetal1_text has 4 polygons
2026-03-25 02:33:03 +0100: Memory Usage (451140K) : topmetal1_noqrc has 0 polygons
2026-03-25 02:33:03 +0100: Memory Usage (451404K) : topmetal1_res has 0 polygons
2026-03-25 02:33:03 +0100: Memory Usage (451404K) : topmetal1_iprobe has 0 polygons
2026-03-25 02:33:03 +0100: Memory Usage (451404K) : topmetal1_diffprb has 0 polygons
2026-03-25 02:33:03 +0100: Memory Usage (451404K) : inldpwl_drw has 0 polygons
2026-03-25 02:33:03 +0100: Memory Usage (451404K) : polyres_drw has 7 polygons
2026-03-25 02:33:03 +0100: Memory Usage (451668K) : polyres_pin has 0 polygons
2026-03-25 02:33:03 +0100: Memory Usage (451668K) : vmim_drw has 578 polygons
2026-03-25 02:33:03 +0100: Memory Usage (451668K) : nbulaycut_drw has 0 polygons
2026-03-25 02:33:03 +0100: Memory Usage (451668K) : antmetal1_drw has 0 polygons
2026-03-25 02:33:03 +0100: Memory Usage (451668K) : topvia2_drw has 0 polygons
2026-03-25 02:33:03 +0100: Memory Usage (451932K) : topmetal2_drw has 0 polygons
2026-03-25 02:33:03 +0100: Memory Usage (451932K) : topmetal2_pin has 0 polygons
2026-03-25 02:33:03 +0100: Memory Usage (451932K) : topmetal2_mask has 0 polygons
2026-03-25 02:33:03 +0100: Memory Usage (451932K) : topmetal2_filler has 0 polygons
2026-03-25 02:33:03 +0100: Memory Usage (452196K) : topmetal2_nofill has 0 polygons
2026-03-25 02:33:03 +0100: Memory Usage (452196K) : topmetal2_slit has 0 polygons
2026-03-25 02:33:03 +0100: Memory Usage (452196K) : topmetal2_text has 0 polygons
2026-03-25 02:33:03 +0100: Memory Usage (452196K) : topmetal2_noqrc has 0 polygons
2026-03-25 02:33:03 +0100: Memory Usage (452196K) : topmetal2_res has 0 polygons
2026-03-25 02:33:03 +0100: Memory Usage (452460K) : topmetal2_iprobe has 0 polygons
2026-03-25 02:33:03 +0100: Memory Usage (452460K) : topmetal2_diffprb has 0 polygons
2026-03-25 02:33:03 +0100: Memory Usage (452460K) : snsring_drw has 0 polygons
2026-03-25 02:33:03 +0100: Memory Usage (452460K) : sensor_drw has 0 polygons
2026-03-25 02:33:03 +0100: Memory Usage (452460K) : snsarms_drw has 0 polygons
2026-03-25 02:33:03 +0100: Memory Usage (452724K) : snscmosvia_drw has 0 polygons
2026-03-25 02:33:03 +0100: Memory Usage (452724K) : colwind_drw has 0 polygons
2026-03-25 02:33:03 +0100: Memory Usage (452724K) : flm_drw has 0 polygons
2026-03-25 02:33:03 +0100: Memory Usage (452724K) : hafniumox_drw has 0 polygons
2026-03-25 02:33:03 +0100: Memory Usage (452724K) : memvia_drw has 0 polygons
2026-03-25 02:33:03 +0100: Memory Usage (452988K) : thinfilmres_drw has 0 polygons
2026-03-25 02:33:03 +0100: Memory Usage (452988K) : rfmem_drw has 0 polygons
2026-03-25 02:33:03 +0100: Memory Usage (452988K) : norcx_drw has 0 polygons
2026-03-25 02:33:03 +0100: Memory Usage (452988K) : norcx_m2m3 has 0 polygons
2026-03-25 02:33:03 +0100: Memory Usage (452988K) : norcx_m2m4 has 0 polygons
2026-03-25 02:33:03 +0100: Memory Usage (452988K) : norcx_m2m5 has 0 polygons
2026-03-25 02:33:03 +0100: Memory Usage (452988K) : norcx_m2tm1 has 0 polygons
2026-03-25 02:33:03 +0100: Memory Usage (453252K) : norcx_m2tm2 has 0 polygons
2026-03-25 02:33:03 +0100: Memory Usage (453252K) : norcx_m3m4 has 0 polygons
2026-03-25 02:33:03 +0100: Memory Usage (453252K) : norcx_m3m5 has 0 polygons
2026-03-25 02:33:03 +0100: Memory Usage (453252K) : norcx_m3tm1 has 0 polygons
2026-03-25 02:33:03 +0100: Memory Usage (453252K) : norcx_m3tm2 has 0 polygons
2026-03-25 02:33:03 +0100: Memory Usage (453252K) : norcx_m4m5 has 0 polygons
2026-03-25 02:33:03 +0100: Memory Usage (453252K) : norcx_m4tm1 has 0 polygons
2026-03-25 02:33:03 +0100: Memory Usage (453516K) : norcx_m4tm2 has 0 polygons
2026-03-25 02:33:03 +0100: Memory Usage (453516K) : norcx_m5tm1 has 0 polygons
2026-03-25 02:33:03 +0100: Memory Usage (453516K) : norcx_m5tm2 has 0 polygons
2026-03-25 02:33:03 +0100: Memory Usage (453516K) : norcx_tm1tm2 has 0 polygons
2026-03-25 02:33:03 +0100: Memory Usage (453516K) : norcx_m1sub has 0 polygons
2026-03-25 02:33:03 +0100: Memory Usage (453516K) : norcx_m2sub has 0 polygons
2026-03-25 02:33:03 +0100: Memory Usage (453516K) : norcx_m3sub has 0 polygons
2026-03-25 02:33:03 +0100: Memory Usage (453780K) : norcx_m4sub has 0 polygons
2026-03-25 02:33:03 +0100: Memory Usage (453780K) : norcx_m5sub has 0 polygons
2026-03-25 02:33:03 +0100: Memory Usage (453780K) : norcx_tm1sub has 0 polygons
2026-03-25 02:33:03 +0100: Memory Usage (453780K) : norcx_tm2sub has 0 polygons
2026-03-25 02:33:03 +0100: Memory Usage (453780K) : snsbotvia_drw has 0 polygons
2026-03-25 02:33:03 +0100: Memory Usage (453780K) : snstopvia_drw has 0 polygons
2026-03-25 02:33:03 +0100: Memory Usage (453780K) : deepvia_drw has 0 polygons
2026-03-25 02:33:03 +0100: Memory Usage (454044K) : fgetch_drw has 0 polygons
2026-03-25 02:33:03 +0100: Memory Usage (454044K) : ctrgat_drw has 0 polygons
2026-03-25 02:33:03 +0100: Memory Usage (454044K) : fgimp_drw has 0 polygons
2026-03-25 02:33:03 +0100: Memory Usage (454044K) : emwihv_drw has 0 polygons
2026-03-25 02:33:03 +0100: Memory Usage (454044K) : lbe_drw has 0 polygons
2026-03-25 02:33:03 +0100: Memory Usage (454044K) : alcustop_drw has 0 polygons
2026-03-25 02:33:03 +0100: Memory Usage (454308K) : nometfiller_drw has 0 polygons
2026-03-25 02:33:03 +0100: Memory Usage (454308K) : prboundary_drw has 0 polygons
2026-03-25 02:33:03 +0100: Memory Usage (454308K) : exchange0_drw has 0 polygons
2026-03-25 02:33:03 +0100: Memory Usage (454308K) : exchange0_pin has 0 polygons
2026-03-25 02:33:03 +0100: Memory Usage (454308K) : exchange0_text has 0 polygons
2026-03-25 02:33:03 +0100: Memory Usage (454572K) : exchange1_drw has 0 polygons
2026-03-25 02:33:03 +0100: Memory Usage (454572K) : exchange1_pin has 0 polygons
2026-03-25 02:33:03 +0100: Memory Usage (454572K) : exchange1_text has 0 polygons
2026-03-25 02:33:03 +0100: Memory Usage (454572K) : exchange2_drw has 0 polygons
2026-03-25 02:33:03 +0100: Memory Usage (454572K) : exchange2_pin has 0 polygons
2026-03-25 02:33:03 +0100: Memory Usage (454836K) : exchange2_text has 0 polygons
2026-03-25 02:33:03 +0100: Memory Usage (454836K) : exchange3_drw has 0 polygons
2026-03-25 02:33:03 +0100: Memory Usage (454836K) : exchange3_pin has 0 polygons
2026-03-25 02:33:03 +0100: Memory Usage (454836K) : exchange3_text has 0 polygons
2026-03-25 02:33:03 +0100: Memory Usage (454836K) : exchange4_drw has 0 polygons
2026-03-25 02:33:03 +0100: Memory Usage (454836K) : exchange4_pin has 0 polygons
2026-03-25 02:33:03 +0100: Memory Usage (454836K) : exchange4_text has 0 polygons
2026-03-25 02:33:03 +0100: Memory Usage (454836K) : isonwell_drw has 0 polygons
2026-03-25 02:33:03 +0100: Memory Usage (454836K) : Total no. of polygons in the design is 74600
2026-03-25 02:33:03 +0100: Memory Usage (454836K) : Loaded TECH DRC rules values from /foss/pdks/ihp-sg13g2/libs.tech/klayout/python/sg13g2_pycell_lib/sg13g2_tech_mod.json
2026-03-25 02:33:03 +0100: Memory Usage (454836K) : Loaded default DRC rules values from /foss/pdks/ihp-sg13g2/libs.tech/klayout/tech/drc/rule_decks/sg13g2_tech_default.json
2026-03-25 02:33:03 +0100: Memory Usage (454836K) : The following rules values were missing in tech json and default values were used:
2026-03-25 02:33:03 +0100: Memory Usage (454836K) :   - Cnt_c_digibnd
2026-03-25 02:33:03 +0100: Memory Usage (455100K) : Total area of the design is 28136.451999999997 um^2.
2026-03-25 02:33:03 +0100: Memory Usage (455100K) : The design dimensions are 211.6 µm * 132.97 µm.
2026-03-25 02:33:03 +0100: Memory Usage (455100K) : Starting general IHP-SG13G2 derivations.
2026-03-25 02:33:03 +0100: Memory Usage (455100K) : Starting Pwell derivations
2026-03-25 02:33:03 +0100: Memory Usage (458908K) : Starting IHP-SG13G2 DRC rules.
2026-03-25 02:33:03 +0100: Memory Usage (458908K) : Starting 5.18 Metaln:filler table
2026-03-25 02:33:03 +0100: Memory Usage (458908K) : Executing rule M1Fil.c
2026-03-25 02:33:03 +0100: Memory Usage (459472K) : Executing rule M1Fil.a2
2026-03-25 02:33:03 +0100: Memory Usage (459472K) : Executing rule M2Fil.c
2026-03-25 02:33:03 +0100: Memory Usage (459472K) : Executing rule M2Fil.a2
2026-03-25 02:33:03 +0100: Memory Usage (459472K) : Executing rule M3Fil.c
2026-03-25 02:33:03 +0100: Memory Usage (459472K) : Executing rule M3Fil.a2
2026-03-25 02:33:03 +0100: Memory Usage (459472K) : Executing rule M4Fil.c
2026-03-25 02:33:03 +0100: Memory Usage (459472K) : Executing rule M4Fil.a2
2026-03-25 02:33:03 +0100: Memory Usage (459472K) : Executing rule M5Fil.c
2026-03-25 02:33:03 +0100: Memory Usage (459472K) : Executing rule M5Fil.a2
2026-03-25 02:33:03 +0100: Memory Usage (459472K) : KLayout DRC run for tables 'metalnfiller' completed in 0.52 seconds
