# Logfile created on 2026-03-25 02:33:03 +0100 by logger.rb/v1.5.3
2026-03-25 02:33:03 +0100: Memory Usage (436372K) : Starting running IHP-SG13G2 KLayout DRC runset on /foss/designs/Design/xschem/HPAmplifier/OTA_Telescopic_backup/OTA_Telescopic_NO_FLATTEN/Layout_and_Related_files/OTA_Telescopic_TOP_wp.gds
2026-03-25 02:33:03 +0100: Memory Usage (436372K) : Ruby Version for klayout: 3.2.3
2026-03-25 02:33:03 +0100: Memory Usage (438104K) : Loading database to memory is complete.
2026-03-25 02:33:03 +0100: Memory Usage (438104K) : IHP-SG13G2 KLayout DRC runset output at: /foss/designs/Design/xschem/HPAmplifier/OTA_Telescopic_backup/OTA_Telescopic_NO_FLATTEN/Layout_and_Related_files/drc_run_OTA_Telescopic_TOP_wp/OTA_Telescopic_TOP_wp_OTA_Telescopic_TOP_wp_topmetal1.lyrdb
2026-03-25 02:33:03 +0100: Memory Usage (438104K) : Evaluate switches.
2026-03-25 02:33:03 +0100: Memory Usage (438104K) : tables selected: topmetal1
2026-03-25 02:33:03 +0100: Memory Usage (438104K) : KLayout will use 4 thread(s) in tiled mode.
2026-03-25 02:33:03 +0100: Memory Usage (438104K) : deep mode is enabled.
2026-03-25 02:33:03 +0100: Memory Usage (438104K) : FEOL enabled: false
2026-03-25 02:33:03 +0100: Memory Usage (438104K) : BEOL enabled: false
2026-03-25 02:33:03 +0100: Memory Usage (438104K) : OFFGRID enabled: true
2026-03-25 02:33:03 +0100: Memory Usage (438104K) : PIN enabled: false
2026-03-25 02:33:03 +0100: Memory Usage (438104K) : FORBIDDEN enabled: false
2026-03-25 02:33:03 +0100: Memory Usage (438104K) : RECOMMENDED enabled: true
2026-03-25 02:33:03 +0100: Memory Usage (438104K) : PreCheck DRC enabled: false
2026-03-25 02:33:03 +0100: Memory Usage (438104K) : CONNECTIVITY_RULES enabled: false.
2026-03-25 02:33:03 +0100: Memory Usage (438104K) : Read in polygons from layers.
2026-03-25 02:33:03 +0100: Memory Usage (438104K) : activ_drw has 5032 polygons
2026-03-25 02:33:03 +0100: Memory Usage (438104K) : activ_pin has 0 polygons
2026-03-25 02:33:03 +0100: Memory Usage (438104K) : activ_mask has 0 polygons
2026-03-25 02:33:03 +0100: Memory Usage (438104K) : activ_filler has 0 polygons
2026-03-25 02:33:03 +0100: Memory Usage (438104K) : activ_nofill has 0 polygons
2026-03-25 02:33:03 +0100: Memory Usage (438104K) : activ_opc has 0 polygons
2026-03-25 02:33:03 +0100: Memory Usage (438104K) : activ_iopc has 0 polygons
2026-03-25 02:33:03 +0100: Memory Usage (438104K) : activ_noqrc has 0 polygons
2026-03-25 02:33:03 +0100: Memory Usage (438104K) : biwind_drw has 0 polygons
2026-03-25 02:33:03 +0100: Memory Usage (438104K) : biwind_opc has 0 polygons
2026-03-25 02:33:03 +0100: Memory Usage (439092K) : pemwind_drw has 0 polygons
2026-03-25 02:33:03 +0100: Memory Usage (439092K) : gatpoly_drw has 2679 polygons
2026-03-25 02:33:03 +0100: Memory Usage (439092K) : gatpoly_pin has 377 polygons
2026-03-25 02:33:03 +0100: Memory Usage (439092K) : gatpoly_filler has 0 polygons
2026-03-25 02:33:03 +0100: Memory Usage (439092K) : gatpoly_nofill has 0 polygons
2026-03-25 02:33:03 +0100: Memory Usage (439092K) : gatpoly_opc has 0 polygons
2026-03-25 02:33:03 +0100: Memory Usage (439356K) : gatpoly_iopc has 0 polygons
2026-03-25 02:33:03 +0100: Memory Usage (439356K) : gatpoly_noqrc has 0 polygons
2026-03-25 02:33:03 +0100: Memory Usage (439356K) : cont_drw has 24680 polygons
2026-03-25 02:33:03 +0100: Memory Usage (439356K) : cont_opc has 0 polygons
2026-03-25 02:33:03 +0100: Memory Usage (439612K) : nsd_drw has 0 polygons
2026-03-25 02:33:03 +0100: Memory Usage (439612K) : nsd_block has 0 polygons
2026-03-25 02:33:03 +0100: Memory Usage (439612K) : metal1_drw has 7670 polygons
2026-03-25 02:33:03 +0100: Memory Usage (439872K) : metal1_pin has 2038 polygons
2026-03-25 02:33:03 +0100: Memory Usage (439872K) : metal1_mask has 0 polygons
2026-03-25 02:33:03 +0100: Memory Usage (439872K) : metal1_filler has 0 polygons
2026-03-25 02:33:03 +0100: Memory Usage (439872K) : metal1_nofill has 0 polygons
2026-03-25 02:33:03 +0100: Memory Usage (440136K) : metal1_slit has 0 polygons
2026-03-25 02:33:03 +0100: Memory Usage (440136K) : metal1_text has 1 polygons
2026-03-25 02:33:03 +0100: Memory Usage (440136K) : metal1_opc has 0 polygons
2026-03-25 02:33:03 +0100: Memory Usage (440136K) : metal1_noqrc has 0 polygons
2026-03-25 02:33:03 +0100: Memory Usage (440136K) : metal1_res has 0 polygons
2026-03-25 02:33:03 +0100: Memory Usage (440516K) : metal1_iprobe has 0 polygons
2026-03-25 02:33:03 +0100: Memory Usage (440516K) : metal1_diffprb has 0 polygons
2026-03-25 02:33:03 +0100: Memory Usage (440516K) : passiv_drw has 0 polygons
2026-03-25 02:33:03 +0100: Memory Usage (440516K) : passiv_pin has 0 polygons
2026-03-25 02:33:03 +0100: Memory Usage (440516K) : passiv_sbump has 0 polygons
2026-03-25 02:33:03 +0100: Memory Usage (440780K) : passiv_pillar has 0 polygons
2026-03-25 02:33:03 +0100: Memory Usage (440780K) : passiv_pdl has 0 polygons
2026-03-25 02:33:03 +0100: Memory Usage (440780K) : metal2_drw has 1317 polygons
2026-03-25 02:33:03 +0100: Memory Usage (441396K) : metal2_pin has 11 polygons
2026-03-25 02:33:03 +0100: Memory Usage (441396K) : metal2_mask has 0 polygons
2026-03-25 02:33:03 +0100: Memory Usage (441396K) : metal2_filler has 0 polygons
2026-03-25 02:33:03 +0100: Memory Usage (441396K) : metal2_nofill has 0 polygons
2026-03-25 02:33:03 +0100: Memory Usage (441396K) : metal2_slit has 0 polygons
2026-03-25 02:33:03 +0100: Memory Usage (441660K) : metal2_text has 6 polygons
2026-03-25 02:33:03 +0100: Memory Usage (441744K) : metal2_opc has 0 polygons
2026-03-25 02:33:03 +0100: Memory Usage (441744K) : metal2_noqrc has 0 polygons
2026-03-25 02:33:03 +0100: Memory Usage (441744K) : metal2_res has 0 polygons
2026-03-25 02:33:03 +0100: Memory Usage (441744K) : metal2_iprobe has 0 polygons
2026-03-25 02:33:03 +0100: Memory Usage (442004K) : metal2_diffprb has 0 polygons
2026-03-25 02:33:03 +0100: Memory Usage (442004K) : baspoly_drw has 0 polygons
2026-03-25 02:33:03 +0100: Memory Usage (442004K) : baspoly_pin has 0 polygons
2026-03-25 02:33:03 +0100: Memory Usage (442004K) : psd_drw has 1551 polygons
2026-03-25 02:33:03 +0100: Memory Usage (442004K) : nldb_drw has 0 polygons
2026-03-25 02:33:03 +0100: Memory Usage (442268K) : digibnd_drw has 0 polygons
2026-03-25 02:33:03 +0100: Memory Usage (442268K) : via1_drw has 9054 polygons
2026-03-25 02:33:03 +0100: Memory Usage (442268K) : backmetal1_drw has 0 polygons
2026-03-25 02:33:03 +0100: Memory Usage (442592K) : backmetal1_pin has 0 polygons
2026-03-25 02:33:03 +0100: Memory Usage (442592K) : backmetal1_mask has 0 polygons
2026-03-25 02:33:03 +0100: Memory Usage (442592K) : backmetal1_filler has 0 polygons
2026-03-25 02:33:03 +0100: Memory Usage (442592K) : backmetal1_nofill has 0 polygons
2026-03-25 02:33:03 +0100: Memory Usage (442592K) : backmetal1_slit has 0 polygons
2026-03-25 02:33:03 +0100: Memory Usage (442856K) : backmetal1_text has 0 polygons
2026-03-25 02:33:03 +0100: Memory Usage (442856K) : backmetal1_opc has 0 polygons
2026-03-25 02:33:03 +0100: Memory Usage (442856K) : backmetal1_noqrc has 0 polygons
2026-03-25 02:33:03 +0100: Memory Usage (442856K) : backmetal1_res has 0 polygons
2026-03-25 02:33:03 +0100: Memory Usage (442856K) : backmetal1_iprobe has 0 polygons
2026-03-25 02:33:03 +0100: Memory Usage (443120K) : backmetal1_diffprb has 0 polygons
2026-03-25 02:33:03 +0100: Memory Usage (443120K) : backpassiv_drw has 0 polygons
2026-03-25 02:33:03 +0100: Memory Usage (443120K) : res_drw has 0 polygons
2026-03-25 02:33:03 +0100: Memory Usage (443120K) : sram_drw has 0 polygons
2026-03-25 02:33:03 +0100: Memory Usage (443332K) : trans_drw has 0 polygons
2026-03-25 02:33:03 +0100: Memory Usage (443332K) : ind_drw has 0 polygons
2026-03-25 02:33:03 +0100: Memory Usage (443332K) : ind_pin has 0 polygons
2026-03-25 02:33:03 +0100: Memory Usage (443592K) : ind_text has 0 polygons
2026-03-25 02:33:03 +0100: Memory Usage (443592K) : salblock_drw has 7 polygons
2026-03-25 02:33:03 +0100: Memory Usage (443592K) : via2_drw has 4753 polygons
2026-03-25 02:33:03 +0100: Memory Usage (443724K) : metal3_drw has 226 polygons
2026-03-25 02:33:03 +0100: Memory Usage (443724K) : metal3_pin has 8 polygons
2026-03-25 02:33:03 +0100: Memory Usage (443984K) : metal3_mask has 0 polygons
2026-03-25 02:33:03 +0100: Memory Usage (444012K) : metal3_filler has 0 polygons
2026-03-25 02:33:03 +0100: Memory Usage (444012K) : metal3_nofill has 0 polygons
2026-03-25 02:33:03 +0100: Memory Usage (444012K) : metal3_slit has 0 polygons
2026-03-25 02:33:03 +0100: Memory Usage (444272K) : metal3_text has 2 polygons
2026-03-25 02:33:03 +0100: Memory Usage (444272K) : metal3_opc has 0 polygons
2026-03-25 02:33:03 +0100: Memory Usage (444272K) : metal3_noqrc has 0 polygons
2026-03-25 02:33:03 +0100: Memory Usage (444272K) : metal3_res has 0 polygons
2026-03-25 02:33:03 +0100: Memory Usage (444272K) : metal3_iprobe has 0 polygons
2026-03-25 02:33:03 +0100: Memory Usage (444536K) : metal3_diffprb has 0 polygons
2026-03-25 02:33:03 +0100: Memory Usage (444536K) : nwell_drw has 1216 polygons
2026-03-25 02:33:03 +0100: Memory Usage (444536K) : nwell_pin has 0 polygons
2026-03-25 02:33:03 +0100: Memory Usage (444536K) : nbulay_drw has 0 polygons
2026-03-25 02:33:03 +0100: Memory Usage (444800K) : nbulay_pin has 0 polygons
2026-03-25 02:33:03 +0100: Memory Usage (444800K) : nbulay_block has 0 polygons
2026-03-25 02:33:03 +0100: Memory Usage (444800K) : emwind_drw has 0 polygons
2026-03-25 02:33:03 +0100: Memory Usage (444916K) : emwind_opc has 0 polygons
2026-03-25 02:33:03 +0100: Memory Usage (444916K) : deepco_drw has 0 polygons
2026-03-25 02:33:03 +0100: Memory Usage (445084K) : deepco_drw has 0 polygons
2026-03-25 02:33:03 +0100: Memory Usage (445084K) : mim_drw has 2 polygons
2026-03-25 02:33:03 +0100: Memory Usage (445084K) : edgeseal_drw has 0 polygons
2026-03-25 02:33:03 +0100: Memory Usage (445344K) : edgeseal_bound has 0 polygons
2026-03-25 02:33:03 +0100: Memory Usage (445344K) : substrate_drw has 723 polygons
2026-03-25 02:33:03 +0100: Memory Usage (445344K) : substrate_text has 0 polygons
2026-03-25 02:33:03 +0100: Memory Usage (445344K) : dfpad_drw has 0 polygons
2026-03-25 02:33:03 +0100: Memory Usage (445344K) : dfpad_pillar has 0 polygons
2026-03-25 02:33:03 +0100: Memory Usage (445608K) : dfpad_sbump has 0 polygons
2026-03-25 02:33:03 +0100: Memory Usage (445608K) : thickgateox_drw has 0 polygons
2026-03-25 02:33:03 +0100: Memory Usage (445608K) : pldb_drw has 0 polygons
2026-03-25 02:33:03 +0100: Memory Usage (445608K) : pwell_drw has 0 polygons
2026-03-25 02:33:03 +0100: Memory Usage (445608K) : pwell_pin has 0 polygons
2026-03-25 02:33:03 +0100: Memory Usage (445872K) : pwell_block has 0 polygons
2026-03-25 02:33:03 +0100: Memory Usage (445872K) : ic_drw has 0 polygons
2026-03-25 02:33:03 +0100: Memory Usage (446016K) : via3_drw has 4357 polygons
2026-03-25 02:33:03 +0100: Memory Usage (446016K) : metal4_drw has 157 polygons
2026-03-25 02:33:03 +0100: Memory Usage (446016K) : metal4_pin has 3 polygons
2026-03-25 02:33:03 +0100: Memory Usage (446276K) : metal4_mask has 0 polygons
2026-03-25 02:33:03 +0100: Memory Usage (446276K) : metal4_filler has 0 polygons
2026-03-25 02:33:03 +0100: Memory Usage (446276K) : metal4_nofill has 0 polygons
2026-03-25 02:33:03 +0100: Memory Usage (446276K) : metal4_slit has 0 polygons
2026-03-25 02:33:03 +0100: Memory Usage (446276K) : metal4_text has 5 polygons
2026-03-25 02:33:03 +0100: Memory Usage (446540K) : metal4_opc has 0 polygons
2026-03-25 02:33:03 +0100: Memory Usage (446540K) : metal4_noqrc has 0 polygons
2026-03-25 02:33:03 +0100: Memory Usage (446684K) : metal4_res has 0 polygons
2026-03-25 02:33:03 +0100: Memory Usage (446684K) : metal4_iprobe has 0 polygons
2026-03-25 02:33:03 +0100: Memory Usage (446684K) : metal4_diffprb has 0 polygons
2026-03-25 02:33:03 +0100: Memory Usage (446684K) : heattrans_drw has 1555 polygons
2026-03-25 02:33:03 +0100: Memory Usage (446944K) : heatres_drw has 7 polygons
2026-03-25 02:33:03 +0100: Memory Usage (446944K) : pempoly_drw has 0 polygons
2026-03-25 02:33:03 +0100: Memory Usage (446944K) : fbe_drw has 0 polygons
2026-03-25 02:33:03 +0100: Memory Usage (446944K) : empoly_drw has 0 polygons
2026-03-25 02:33:03 +0100: Memory Usage (447156K) : ldmos_drw has 0 polygons
2026-03-25 02:33:03 +0100: Memory Usage (447156K) : pbiwind_drw has 0 polygons
2026-03-25 02:33:03 +0100: Memory Usage (447156K) : digisub_drw has 0 polygons
2026-03-25 02:33:03 +0100: Memory Usage (447416K) : nodrc_drw has 0 polygons
2026-03-25 02:33:03 +0100: Memory Usage (447416K) : text_drw has 1107 polygons
2026-03-25 02:33:03 +0100: Memory Usage (447416K) : via4_drw has 4250 polygons
2026-03-25 02:33:03 +0100: Memory Usage (447416K) : metal5_drw has 107 polygons
2026-03-25 02:33:03 +0100: Memory Usage (447680K) : metal5_pin has 12 polygons
2026-03-25 02:33:03 +0100: Memory Usage (447680K) : metal5_mask has 0 polygons
2026-03-25 02:33:03 +0100: Memory Usage (447680K) : metal5_filler has 0 polygons
2026-03-25 02:33:03 +0100: Memory Usage (447680K) : metal5_nofill has 0 polygons
2026-03-25 02:33:03 +0100: Memory Usage (447680K) : metal5_slit has 0 polygons
2026-03-25 02:33:03 +0100: Memory Usage (447944K) : metal5_text has 18 polygons
2026-03-25 02:33:03 +0100: Memory Usage (447944K) : metal5_opc has 0 polygons
2026-03-25 02:33:03 +0100: Memory Usage (447944K) : metal5_noqrc has 0 polygons
2026-03-25 02:33:03 +0100: Memory Usage (447944K) : metal5_res has 0 polygons
2026-03-25 02:33:03 +0100: Memory Usage (447944K) : metal5_iprobe has 0 polygons
2026-03-25 02:33:03 +0100: Memory Usage (448208K) : metal5_diffprb has 0 polygons
2026-03-25 02:33:03 +0100: Memory Usage (448352K) : radhard_drw has 0 polygons
2026-03-25 02:33:03 +0100: Memory Usage (448352K) : memcap_drw has 0 polygons
2026-03-25 02:33:03 +0100: Memory Usage (448352K) : varicap_drw has 0 polygons
2026-03-25 02:33:03 +0100: Memory Usage (448352K) : flash_drw has 0 polygons
2026-03-25 02:33:03 +0100: Memory Usage (448612K) : intbondvia_drw has 0 polygons
2026-03-25 02:33:03 +0100: Memory Usage (448612K) : intbondmet_drw has 0 polygons
2026-03-25 02:33:03 +0100: Memory Usage (448612K) : devbondvia_drw has 0 polygons
2026-03-25 02:33:03 +0100: Memory Usage (448612K) : devbondmet_drw has 0 polygons
2026-03-25 02:33:03 +0100: Memory Usage (448612K) : devtrench_drw has 0 polygons
2026-03-25 02:33:03 +0100: Memory Usage (448876K) : redist_drw has 0 polygons
2026-03-25 02:33:03 +0100: Memory Usage (448876K) : graphbot_drw has 0 polygons
2026-03-25 02:33:03 +0100: Memory Usage (448876K) : graphtop_drw has 0 polygons
2026-03-25 02:33:03 +0100: Memory Usage (448876K) : antvia1_drw has 0 polygons
2026-03-25 02:33:03 +0100: Memory Usage (448876K) : antmetal2_drw has 0 polygons
2026-03-25 02:33:03 +0100: Memory Usage (449140K) : graphcont_drw has 0 polygons
2026-03-25 02:33:03 +0100: Memory Usage (449140K) : siwg_drw has 0 polygons
2026-03-25 02:33:03 +0100: Memory Usage (449140K) : siwg_filler has 0 polygons
2026-03-25 02:33:03 +0100: Memory Usage (449140K) : siwg_nofill has 0 polygons
2026-03-25 02:33:03 +0100: Memory Usage (449364K) : sigrating_drw has 0 polygons
2026-03-25 02:33:03 +0100: Memory Usage (449364K) : singrating_drw has 0 polygons
2026-03-25 02:33:03 +0100: Memory Usage (449364K) : graphpas_drw has 0 polygons
2026-03-25 02:33:03 +0100: Memory Usage (449624K) : emwind3_drw has 0 polygons
2026-03-25 02:33:03 +0100: Memory Usage (449624K) : emwihv3_drw has 0 polygons
2026-03-25 02:33:03 +0100: Memory Usage (449624K) : redbulay_drw has 0 polygons
2026-03-25 02:33:03 +0100: Memory Usage (449624K) : smos_drw has 0 polygons
2026-03-25 02:33:03 +0100: Memory Usage (449624K) : graphpad_drw has 0 polygons
2026-03-25 02:33:03 +0100: Memory Usage (449872K) : polimide_drw has 0 polygons
2026-03-25 02:33:03 +0100: Memory Usage (449872K) : polimide_pin has 0 polygons
2026-03-25 02:33:03 +0100: Memory Usage (449872K) : recog_drw has 0 polygons
2026-03-25 02:33:03 +0100: Memory Usage (449872K) : recog_pin has 0 polygons
2026-03-25 02:33:03 +0100: Memory Usage (449872K) : recog_esd has 0 polygons
2026-03-25 02:33:03 +0100: Memory Usage (450132K) : recog_diode has 0 polygons
2026-03-25 02:33:03 +0100: Memory Usage (450132K) : recog_tsv has 0 polygons
2026-03-25 02:33:03 +0100: Memory Usage (450132K) : recog_iprobe has 0 polygons
2026-03-25 02:33:03 +0100: Memory Usage (450132K) : recog_diffprb has 0 polygons
2026-03-25 02:33:03 +0100: Memory Usage (450132K) : recog_pillar has 0 polygons
2026-03-25 02:33:03 +0100: Memory Usage (450132K) : recog_sbump has 0 polygons
2026-03-25 02:33:03 +0100: Memory Usage (450132K) : recog_otp has 0 polygons
2026-03-25 02:33:03 +0100: Memory Usage (450396K) : recog_pdiode has 0 polygons
2026-03-25 02:33:03 +0100: Memory Usage (450396K) : recog_mom has 0 polygons
2026-03-25 02:33:03 +0100: Memory Usage (450396K) : recog_pcm has 0 polygons
2026-03-25 02:33:03 +0100: Memory Usage (450396K) : colopen_drw has 0 polygons
2026-03-25 02:33:03 +0100: Memory Usage (450396K) : graphmetal1_drw has 0 polygons
2026-03-25 02:33:03 +0100: Memory Usage (450396K) : graphmetal1_filler has 0 polygons
2026-03-25 02:33:03 +0100: Memory Usage (450396K) : graphmetal1_nofill has 0 polygons
2026-03-25 02:33:03 +0100: Memory Usage (450660K) : graphmetal1_slit has 0 polygons
2026-03-25 02:33:03 +0100: Memory Usage (450660K) : graphmetal1_opc has 0 polygons
2026-03-25 02:33:03 +0100: Memory Usage (450660K) : graphmet1l_drw has 0 polygons
2026-03-25 02:33:03 +0100: Memory Usage (450660K) : graphmet1l_filler has 0 polygons
2026-03-25 02:33:03 +0100: Memory Usage (450660K) : graphmet1l_nofill has 0 polygons
2026-03-25 02:33:03 +0100: Memory Usage (450924K) : graphmet1l_slit has 0 polygons
2026-03-25 02:33:03 +0100: Memory Usage (450924K) : graphmet1l_opc has 0 polygons
2026-03-25 02:33:03 +0100: Memory Usage (450924K) : extblock_drw has 21 polygons
2026-03-25 02:33:03 +0100: Memory Usage (450924K) : nldd_drw has 0 polygons
2026-03-25 02:33:03 +0100: Memory Usage (450924K) : pldd_drw has 0 polygons
2026-03-25 02:33:03 +0100: Memory Usage (451188K) : next_drw has 0 polygons
2026-03-25 02:33:03 +0100: Memory Usage (451188K) : pext_drw has 0 polygons
2026-03-25 02:33:03 +0100: Memory Usage (451188K) : nexthv_drw has 0 polygons
2026-03-25 02:33:03 +0100: Memory Usage (451188K) : pexthv_drw has 0 polygons
2026-03-25 02:33:03 +0100: Memory Usage (451452K) : graphgate_drw has 0 polygons
2026-03-25 02:33:03 +0100: Memory Usage (451452K) : sinwg_drw has 0 polygons
2026-03-25 02:33:03 +0100: Memory Usage (451452K) : sinwg_filler has 0 polygons
2026-03-25 02:33:03 +0100: Memory Usage (451452K) : sinwg_nofill has 0 polygons
2026-03-25 02:33:03 +0100: Memory Usage (451452K) : mempad_drw has 0 polygons
2026-03-25 02:33:03 +0100: Memory Usage (451452K) : topvia1_drw has 924 polygons
2026-03-25 02:33:03 +0100: Memory Usage (451452K) : topmetal1_drw has 120 polygons
2026-03-25 02:33:03 +0100: Memory Usage (451716K) : topmetal1_pin has 15 polygons
2026-03-25 02:33:03 +0100: Memory Usage (451716K) : topmetal1_mask has 0 polygons
2026-03-25 02:33:03 +0100: Memory Usage (451716K) : topmetal1_filler has 0 polygons
2026-03-25 02:33:03 +0100: Memory Usage (451716K) : topmetal1_nofill has 0 polygons
2026-03-25 02:33:03 +0100: Memory Usage (451716K) : topmetal1_slit has 0 polygons
2026-03-25 02:33:03 +0100: Memory Usage (451716K) : topmetal1_text has 4 polygons
2026-03-25 02:33:03 +0100: Memory Usage (451980K) : topmetal1_noqrc has 0 polygons
2026-03-25 02:33:03 +0100: Memory Usage (451980K) : topmetal1_res has 0 polygons
2026-03-25 02:33:03 +0100: Memory Usage (451980K) : topmetal1_iprobe has 0 polygons
2026-03-25 02:33:03 +0100: Memory Usage (451980K) : topmetal1_diffprb has 0 polygons
2026-03-25 02:33:03 +0100: Memory Usage (451980K) : inldpwl_drw has 0 polygons
2026-03-25 02:33:03 +0100: Memory Usage (452244K) : polyres_drw has 7 polygons
2026-03-25 02:33:03 +0100: Memory Usage (452244K) : polyres_pin has 0 polygons
2026-03-25 02:33:03 +0100: Memory Usage (452244K) : vmim_drw has 578 polygons
2026-03-25 02:33:03 +0100: Memory Usage (452244K) : nbulaycut_drw has 0 polygons
2026-03-25 02:33:03 +0100: Memory Usage (452508K) : antmetal1_drw has 0 polygons
2026-03-25 02:33:03 +0100: Memory Usage (452508K) : topvia2_drw has 0 polygons
2026-03-25 02:33:03 +0100: Memory Usage (452508K) : topmetal2_drw has 0 polygons
2026-03-25 02:33:03 +0100: Memory Usage (452508K) : topmetal2_pin has 0 polygons
2026-03-25 02:33:03 +0100: Memory Usage (452508K) : topmetal2_mask has 0 polygons
2026-03-25 02:33:04 +0100: Memory Usage (452772K) : topmetal2_filler has 0 polygons
2026-03-25 02:33:04 +0100: Memory Usage (452772K) : topmetal2_nofill has 0 polygons
2026-03-25 02:33:04 +0100: Memory Usage (452772K) : topmetal2_slit has 0 polygons
2026-03-25 02:33:04 +0100: Memory Usage (452772K) : topmetal2_text has 0 polygons
2026-03-25 02:33:04 +0100: Memory Usage (452772K) : topmetal2_noqrc has 0 polygons
2026-03-25 02:33:04 +0100: Memory Usage (453036K) : topmetal2_res has 0 polygons
2026-03-25 02:33:04 +0100: Memory Usage (453036K) : topmetal2_iprobe has 0 polygons
2026-03-25 02:33:04 +0100: Memory Usage (453036K) : topmetal2_diffprb has 0 polygons
2026-03-25 02:33:04 +0100: Memory Usage (453036K) : snsring_drw has 0 polygons
2026-03-25 02:33:04 +0100: Memory Usage (453036K) : sensor_drw has 0 polygons
2026-03-25 02:33:04 +0100: Memory Usage (453300K) : snsarms_drw has 0 polygons
2026-03-25 02:33:04 +0100: Memory Usage (453300K) : snscmosvia_drw has 0 polygons
2026-03-25 02:33:04 +0100: Memory Usage (453300K) : colwind_drw has 0 polygons
2026-03-25 02:33:04 +0100: Memory Usage (453300K) : flm_drw has 0 polygons
2026-03-25 02:33:04 +0100: Memory Usage (453300K) : hafniumox_drw has 0 polygons
2026-03-25 02:33:04 +0100: Memory Usage (453564K) : memvia_drw has 0 polygons
2026-03-25 02:33:04 +0100: Memory Usage (453564K) : thinfilmres_drw has 0 polygons
2026-03-25 02:33:04 +0100: Memory Usage (453564K) : rfmem_drw has 0 polygons
2026-03-25 02:33:04 +0100: Memory Usage (453564K) : norcx_drw has 0 polygons
2026-03-25 02:33:04 +0100: Memory Usage (453564K) : norcx_m2m3 has 0 polygons
2026-03-25 02:33:04 +0100: Memory Usage (453564K) : norcx_m2m4 has 0 polygons
2026-03-25 02:33:04 +0100: Memory Usage (453564K) : norcx_m2m5 has 0 polygons
2026-03-25 02:33:04 +0100: Memory Usage (453564K) : norcx_m2tm1 has 0 polygons
2026-03-25 02:33:04 +0100: Memory Usage (453828K) : norcx_m2tm2 has 0 polygons
2026-03-25 02:33:04 +0100: Memory Usage (453828K) : norcx_m3m4 has 0 polygons
2026-03-25 02:33:04 +0100: Memory Usage (453828K) : norcx_m3m5 has 0 polygons
2026-03-25 02:33:04 +0100: Memory Usage (453828K) : norcx_m3tm1 has 0 polygons
2026-03-25 02:33:04 +0100: Memory Usage (453828K) : norcx_m3tm2 has 0 polygons
2026-03-25 02:33:04 +0100: Memory Usage (453828K) : norcx_m4m5 has 0 polygons
2026-03-25 02:33:04 +0100: Memory Usage (453828K) : norcx_m4tm1 has 0 polygons
2026-03-25 02:33:04 +0100: Memory Usage (454092K) : norcx_m4tm2 has 0 polygons
2026-03-25 02:33:04 +0100: Memory Usage (454092K) : norcx_m5tm1 has 0 polygons
2026-03-25 02:33:04 +0100: Memory Usage (454092K) : norcx_m5tm2 has 0 polygons
2026-03-25 02:33:04 +0100: Memory Usage (454092K) : norcx_tm1tm2 has 0 polygons
2026-03-25 02:33:04 +0100: Memory Usage (454092K) : norcx_m1sub has 0 polygons
2026-03-25 02:33:04 +0100: Memory Usage (454092K) : norcx_m2sub has 0 polygons
2026-03-25 02:33:04 +0100: Memory Usage (454092K) : norcx_m3sub has 0 polygons
2026-03-25 02:33:04 +0100: Memory Usage (454356K) : norcx_m4sub has 0 polygons
2026-03-25 02:33:04 +0100: Memory Usage (454356K) : norcx_m5sub has 0 polygons
2026-03-25 02:33:04 +0100: Memory Usage (454356K) : norcx_tm1sub has 0 polygons
2026-03-25 02:33:04 +0100: Memory Usage (454356K) : norcx_tm2sub has 0 polygons
2026-03-25 02:33:04 +0100: Memory Usage (454356K) : snsbotvia_drw has 0 polygons
2026-03-25 02:33:04 +0100: Memory Usage (454356K) : snstopvia_drw has 0 polygons
2026-03-25 02:33:04 +0100: Memory Usage (454356K) : deepvia_drw has 0 polygons
2026-03-25 02:33:04 +0100: Memory Usage (454620K) : fgetch_drw has 0 polygons
2026-03-25 02:33:04 +0100: Memory Usage (454620K) : ctrgat_drw has 0 polygons
2026-03-25 02:33:04 +0100: Memory Usage (454620K) : fgimp_drw has 0 polygons
2026-03-25 02:33:04 +0100: Memory Usage (454620K) : emwihv_drw has 0 polygons
2026-03-25 02:33:04 +0100: Memory Usage (454620K) : lbe_drw has 0 polygons
2026-03-25 02:33:04 +0100: Memory Usage (454884K) : alcustop_drw has 0 polygons
2026-03-25 02:33:04 +0100: Memory Usage (454884K) : nometfiller_drw has 0 polygons
2026-03-25 02:33:04 +0100: Memory Usage (454884K) : prboundary_drw has 0 polygons
2026-03-25 02:33:04 +0100: Memory Usage (454884K) : exchange0_drw has 0 polygons
2026-03-25 02:33:04 +0100: Memory Usage (454884K) : exchange0_pin has 0 polygons
2026-03-25 02:33:04 +0100: Memory Usage (455148K) : exchange0_text has 0 polygons
2026-03-25 02:33:04 +0100: Memory Usage (455148K) : exchange1_drw has 0 polygons
2026-03-25 02:33:04 +0100: Memory Usage (455148K) : exchange1_pin has 0 polygons
2026-03-25 02:33:04 +0100: Memory Usage (455148K) : exchange1_text has 0 polygons
2026-03-25 02:33:04 +0100: Memory Usage (455148K) : exchange2_drw has 0 polygons
2026-03-25 02:33:04 +0100: Memory Usage (455412K) : exchange2_pin has 0 polygons
2026-03-25 02:33:04 +0100: Memory Usage (455412K) : exchange2_text has 0 polygons
2026-03-25 02:33:04 +0100: Memory Usage (455412K) : exchange3_drw has 0 polygons
2026-03-25 02:33:04 +0100: Memory Usage (455412K) : exchange3_pin has 0 polygons
2026-03-25 02:33:04 +0100: Memory Usage (455412K) : exchange3_text has 0 polygons
2026-03-25 02:33:04 +0100: Memory Usage (455412K) : exchange4_drw has 0 polygons
2026-03-25 02:33:04 +0100: Memory Usage (455412K) : exchange4_pin has 0 polygons
2026-03-25 02:33:04 +0100: Memory Usage (455412K) : exchange4_text has 0 polygons
2026-03-25 02:33:04 +0100: Memory Usage (455412K) : isonwell_drw has 0 polygons
2026-03-25 02:33:04 +0100: Memory Usage (455412K) : Total no. of polygons in the design is 74600
2026-03-25 02:33:04 +0100: Memory Usage (455412K) : Loaded TECH DRC rules values from /foss/pdks/ihp-sg13g2/libs.tech/klayout/python/sg13g2_pycell_lib/sg13g2_tech_mod.json
2026-03-25 02:33:04 +0100: Memory Usage (455412K) : Loaded default DRC rules values from /foss/pdks/ihp-sg13g2/libs.tech/klayout/tech/drc/rule_decks/sg13g2_tech_default.json
2026-03-25 02:33:04 +0100: Memory Usage (455412K) : The following rules values were missing in tech json and default values were used:
2026-03-25 02:33:04 +0100: Memory Usage (455412K) :   - Cnt_c_digibnd
2026-03-25 02:33:04 +0100: Memory Usage (457124K) : Total area of the design is 28136.451999999997 um^2.
2026-03-25 02:33:04 +0100: Memory Usage (457124K) : The design dimensions are 211.6 µm * 132.97 µm.
2026-03-25 02:33:04 +0100: Memory Usage (457124K) : Starting general IHP-SG13G2 derivations.
2026-03-25 02:33:04 +0100: Memory Usage (457124K) : Starting Pwell derivations
2026-03-25 02:33:04 +0100: Memory Usage (459304K) : Starting IHP-SG13G2 DRC rules.
2026-03-25 02:33:04 +0100: Memory Usage (459304K) : Starting 5.22. TopMetal1 table
2026-03-25 02:33:04 +0100: Memory Usage (459304K) : Executing rule TM1.a
2026-03-25 02:33:04 +0100: Memory Usage (459304K) : Executing rule TM1.b
2026-03-25 02:33:04 +0100: Memory Usage (460164K) : KLayout DRC run for tables 'topmetal1' completed in 0.53 seconds
