# Logfile created on 2026-03-25 02:33:00 +0100 by logger.rb/v1.5.3
2026-03-25 02:33:00 +0100: Memory Usage (436636K) : Starting running IHP-SG13G2 KLayout DRC runset on /foss/designs/Design/xschem/HPAmplifier/OTA_Telescopic_backup/OTA_Telescopic_NO_FLATTEN/Layout_and_Related_files/OTA_Telescopic_TOP_wp.gds
2026-03-25 02:33:00 +0100: Memory Usage (436636K) : Ruby Version for klayout: 3.2.3
2026-03-25 02:33:00 +0100: Memory Usage (438312K) : Loading database to memory is complete.
2026-03-25 02:33:00 +0100: Memory Usage (438312K) : IHP-SG13G2 KLayout DRC runset output at: /foss/designs/Design/xschem/HPAmplifier/OTA_Telescopic_backup/OTA_Telescopic_NO_FLATTEN/Layout_and_Related_files/drc_run_OTA_Telescopic_TOP_wp/OTA_Telescopic_TOP_wp_OTA_Telescopic_TOP_wp_metalslits.lyrdb
2026-03-25 02:33:00 +0100: Memory Usage (438312K) : Evaluate switches.
2026-03-25 02:33:00 +0100: Memory Usage (438312K) : tables selected: metalslits
2026-03-25 02:33:00 +0100: Memory Usage (438312K) : KLayout will use 4 thread(s) in tiled mode.
2026-03-25 02:33:00 +0100: Memory Usage (438312K) : deep mode is enabled.
2026-03-25 02:33:00 +0100: Memory Usage (438312K) : FEOL enabled: false
2026-03-25 02:33:00 +0100: Memory Usage (438312K) : BEOL enabled: false
2026-03-25 02:33:00 +0100: Memory Usage (438312K) : OFFGRID enabled: true
2026-03-25 02:33:00 +0100: Memory Usage (438312K) : PIN enabled: false
2026-03-25 02:33:00 +0100: Memory Usage (438312K) : FORBIDDEN enabled: false
2026-03-25 02:33:00 +0100: Memory Usage (438312K) : RECOMMENDED enabled: true
2026-03-25 02:33:00 +0100: Memory Usage (438312K) : PreCheck DRC enabled: false
2026-03-25 02:33:00 +0100: Memory Usage (438312K) : CONNECTIVITY_RULES enabled: false.
2026-03-25 02:33:00 +0100: Memory Usage (438312K) : Read in polygons from layers.
2026-03-25 02:33:00 +0100: Memory Usage (438312K) : activ_drw has 5032 polygons
2026-03-25 02:33:00 +0100: Memory Usage (438312K) : activ_pin has 0 polygons
2026-03-25 02:33:00 +0100: Memory Usage (438312K) : activ_mask has 0 polygons
2026-03-25 02:33:00 +0100: Memory Usage (438312K) : activ_filler has 0 polygons
2026-03-25 02:33:00 +0100: Memory Usage (438312K) : activ_nofill has 0 polygons
2026-03-25 02:33:00 +0100: Memory Usage (438312K) : activ_opc has 0 polygons
2026-03-25 02:33:00 +0100: Memory Usage (438312K) : activ_iopc has 0 polygons
2026-03-25 02:33:00 +0100: Memory Usage (438312K) : activ_noqrc has 0 polygons
2026-03-25 02:33:00 +0100: Memory Usage (438312K) : biwind_drw has 0 polygons
2026-03-25 02:33:00 +0100: Memory Usage (438312K) : biwind_opc has 0 polygons
2026-03-25 02:33:00 +0100: Memory Usage (439292K) : pemwind_drw has 0 polygons
2026-03-25 02:33:00 +0100: Memory Usage (439292K) : gatpoly_drw has 2679 polygons
2026-03-25 02:33:00 +0100: Memory Usage (439292K) : gatpoly_pin has 377 polygons
2026-03-25 02:33:00 +0100: Memory Usage (439292K) : gatpoly_filler has 0 polygons
2026-03-25 02:33:00 +0100: Memory Usage (439292K) : gatpoly_nofill has 0 polygons
2026-03-25 02:33:00 +0100: Memory Usage (439292K) : gatpoly_opc has 0 polygons
2026-03-25 02:33:00 +0100: Memory Usage (439556K) : gatpoly_iopc has 0 polygons
2026-03-25 02:33:00 +0100: Memory Usage (439556K) : gatpoly_noqrc has 0 polygons
2026-03-25 02:33:00 +0100: Memory Usage (439556K) : cont_drw has 24680 polygons
2026-03-25 02:33:00 +0100: Memory Usage (439556K) : cont_opc has 0 polygons
2026-03-25 02:33:00 +0100: Memory Usage (439820K) : nsd_drw has 0 polygons
2026-03-25 02:33:00 +0100: Memory Usage (439864K) : nsd_block has 0 polygons
2026-03-25 02:33:00 +0100: Memory Usage (439864K) : metal1_drw has 7670 polygons
2026-03-25 02:33:00 +0100: Memory Usage (440124K) : metal1_pin has 2038 polygons
2026-03-25 02:33:00 +0100: Memory Usage (440124K) : metal1_mask has 0 polygons
2026-03-25 02:33:00 +0100: Memory Usage (440124K) : metal1_filler has 0 polygons
2026-03-25 02:33:00 +0100: Memory Usage (440124K) : metal1_nofill has 0 polygons
2026-03-25 02:33:00 +0100: Memory Usage (440388K) : metal1_slit has 0 polygons
2026-03-25 02:33:00 +0100: Memory Usage (440388K) : metal1_text has 1 polygons
2026-03-25 02:33:00 +0100: Memory Usage (440388K) : metal1_opc has 0 polygons
2026-03-25 02:33:00 +0100: Memory Usage (440388K) : metal1_noqrc has 0 polygons
2026-03-25 02:33:00 +0100: Memory Usage (440388K) : metal1_res has 0 polygons
2026-03-25 02:33:00 +0100: Memory Usage (440828K) : metal1_iprobe has 0 polygons
2026-03-25 02:33:00 +0100: Memory Usage (440828K) : metal1_diffprb has 0 polygons
2026-03-25 02:33:00 +0100: Memory Usage (440828K) : passiv_drw has 0 polygons
2026-03-25 02:33:00 +0100: Memory Usage (440828K) : passiv_pin has 0 polygons
2026-03-25 02:33:00 +0100: Memory Usage (441092K) : passiv_sbump has 0 polygons
2026-03-25 02:33:00 +0100: Memory Usage (441092K) : passiv_pillar has 0 polygons
2026-03-25 02:33:00 +0100: Memory Usage (441092K) : passiv_pdl has 0 polygons
2026-03-25 02:33:00 +0100: Memory Usage (441092K) : metal2_drw has 1317 polygons
2026-03-25 02:33:00 +0100: Memory Usage (441712K) : metal2_pin has 11 polygons
2026-03-25 02:33:00 +0100: Memory Usage (441712K) : metal2_mask has 0 polygons
2026-03-25 02:33:00 +0100: Memory Usage (441712K) : metal2_filler has 0 polygons
2026-03-25 02:33:00 +0100: Memory Usage (441712K) : metal2_nofill has 0 polygons
2026-03-25 02:33:00 +0100: Memory Usage (441712K) : metal2_slit has 0 polygons
2026-03-25 02:33:00 +0100: Memory Usage (441976K) : metal2_text has 6 polygons
2026-03-25 02:33:00 +0100: Memory Usage (442064K) : metal2_opc has 0 polygons
2026-03-25 02:33:00 +0100: Memory Usage (442064K) : metal2_noqrc has 0 polygons
2026-03-25 02:33:00 +0100: Memory Usage (442064K) : metal2_res has 0 polygons
2026-03-25 02:33:00 +0100: Memory Usage (442064K) : metal2_iprobe has 0 polygons
2026-03-25 02:33:00 +0100: Memory Usage (442324K) : metal2_diffprb has 0 polygons
2026-03-25 02:33:00 +0100: Memory Usage (442324K) : baspoly_drw has 0 polygons
2026-03-25 02:33:00 +0100: Memory Usage (442324K) : baspoly_pin has 0 polygons
2026-03-25 02:33:01 +0100: Memory Usage (442324K) : psd_drw has 1551 polygons
2026-03-25 02:33:01 +0100: Memory Usage (442324K) : nldb_drw has 0 polygons
2026-03-25 02:33:01 +0100: Memory Usage (442588K) : digibnd_drw has 0 polygons
2026-03-25 02:33:01 +0100: Memory Usage (442588K) : via1_drw has 9054 polygons
2026-03-25 02:33:01 +0100: Memory Usage (442588K) : backmetal1_drw has 0 polygons
2026-03-25 02:33:01 +0100: Memory Usage (442852K) : backmetal1_pin has 0 polygons
2026-03-25 02:33:01 +0100: Memory Usage (442852K) : backmetal1_mask has 0 polygons
2026-03-25 02:33:01 +0100: Memory Usage (442852K) : backmetal1_filler has 0 polygons
2026-03-25 02:33:01 +0100: Memory Usage (442852K) : backmetal1_nofill has 0 polygons
2026-03-25 02:33:01 +0100: Memory Usage (442852K) : backmetal1_slit has 0 polygons
2026-03-25 02:33:01 +0100: Memory Usage (443116K) : backmetal1_text has 0 polygons
2026-03-25 02:33:01 +0100: Memory Usage (443116K) : backmetal1_opc has 0 polygons
2026-03-25 02:33:01 +0100: Memory Usage (443116K) : backmetal1_noqrc has 0 polygons
2026-03-25 02:33:01 +0100: Memory Usage (443116K) : backmetal1_res has 0 polygons
2026-03-25 02:33:01 +0100: Memory Usage (443116K) : backmetal1_iprobe has 0 polygons
2026-03-25 02:33:01 +0100: Memory Usage (443380K) : backmetal1_diffprb has 0 polygons
2026-03-25 02:33:01 +0100: Memory Usage (443380K) : backpassiv_drw has 0 polygons
2026-03-25 02:33:01 +0100: Memory Usage (443380K) : res_drw has 0 polygons
2026-03-25 02:33:01 +0100: Memory Usage (443380K) : sram_drw has 0 polygons
2026-03-25 02:33:01 +0100: Memory Usage (443652K) : trans_drw has 0 polygons
2026-03-25 02:33:01 +0100: Memory Usage (443652K) : ind_drw has 0 polygons
2026-03-25 02:33:01 +0100: Memory Usage (443652K) : ind_pin has 0 polygons
2026-03-25 02:33:01 +0100: Memory Usage (443652K) : ind_text has 0 polygons
2026-03-25 02:33:01 +0100: Memory Usage (443912K) : salblock_drw has 7 polygons
2026-03-25 02:33:01 +0100: Memory Usage (443912K) : via2_drw has 4753 polygons
2026-03-25 02:33:01 +0100: Memory Usage (443992K) : metal3_drw has 226 polygons
2026-03-25 02:33:01 +0100: Memory Usage (443992K) : metal3_pin has 8 polygons
2026-03-25 02:33:01 +0100: Memory Usage (444252K) : metal3_mask has 0 polygons
2026-03-25 02:33:01 +0100: Memory Usage (444252K) : metal3_filler has 0 polygons
2026-03-25 02:33:01 +0100: Memory Usage (444376K) : metal3_nofill has 0 polygons
2026-03-25 02:33:01 +0100: Memory Usage (444376K) : metal3_slit has 0 polygons
2026-03-25 02:33:01 +0100: Memory Usage (444376K) : metal3_text has 2 polygons
2026-03-25 02:33:01 +0100: Memory Usage (444376K) : metal3_opc has 0 polygons
2026-03-25 02:33:01 +0100: Memory Usage (444636K) : metal3_noqrc has 0 polygons
2026-03-25 02:33:01 +0100: Memory Usage (444636K) : metal3_res has 0 polygons
2026-03-25 02:33:01 +0100: Memory Usage (444636K) : metal3_iprobe has 0 polygons
2026-03-25 02:33:01 +0100: Memory Usage (444636K) : metal3_diffprb has 0 polygons
2026-03-25 02:33:01 +0100: Memory Usage (444636K) : nwell_drw has 1216 polygons
2026-03-25 02:33:01 +0100: Memory Usage (444900K) : nwell_pin has 0 polygons
2026-03-25 02:33:01 +0100: Memory Usage (444900K) : nbulay_drw has 0 polygons
2026-03-25 02:33:01 +0100: Memory Usage (444900K) : nbulay_pin has 0 polygons
2026-03-25 02:33:01 +0100: Memory Usage (444900K) : nbulay_block has 0 polygons
2026-03-25 02:33:01 +0100: Memory Usage (444900K) : emwind_drw has 0 polygons
2026-03-25 02:33:01 +0100: Memory Usage (445160K) : emwind_opc has 0 polygons
2026-03-25 02:33:01 +0100: Memory Usage (445160K) : deepco_drw has 0 polygons
2026-03-25 02:33:01 +0100: Memory Usage (445388K) : deepco_drw has 0 polygons
2026-03-25 02:33:01 +0100: Memory Usage (445388K) : mim_drw has 2 polygons
2026-03-25 02:33:01 +0100: Memory Usage (445388K) : edgeseal_drw has 0 polygons
2026-03-25 02:33:01 +0100: Memory Usage (445388K) : edgeseal_bound has 0 polygons
2026-03-25 02:33:01 +0100: Memory Usage (445648K) : substrate_drw has 723 polygons
2026-03-25 02:33:01 +0100: Memory Usage (445648K) : substrate_text has 0 polygons
2026-03-25 02:33:01 +0100: Memory Usage (445648K) : dfpad_drw has 0 polygons
2026-03-25 02:33:01 +0100: Memory Usage (445648K) : dfpad_pillar has 0 polygons
2026-03-25 02:33:01 +0100: Memory Usage (445648K) : dfpad_sbump has 0 polygons
2026-03-25 02:33:01 +0100: Memory Usage (445912K) : thickgateox_drw has 0 polygons
2026-03-25 02:33:01 +0100: Memory Usage (445912K) : pldb_drw has 0 polygons
2026-03-25 02:33:01 +0100: Memory Usage (445912K) : pwell_drw has 0 polygons
2026-03-25 02:33:01 +0100: Memory Usage (445912K) : pwell_pin has 0 polygons
2026-03-25 02:33:01 +0100: Memory Usage (446176K) : pwell_block has 0 polygons
2026-03-25 02:33:01 +0100: Memory Usage (446176K) : ic_drw has 0 polygons
2026-03-25 02:33:01 +0100: Memory Usage (446176K) : via3_drw has 4357 polygons
2026-03-25 02:33:01 +0100: Memory Usage (446288K) : metal4_drw has 157 polygons
2026-03-25 02:33:01 +0100: Memory Usage (446288K) : metal4_pin has 3 polygons
2026-03-25 02:33:01 +0100: Memory Usage (446548K) : metal4_mask has 0 polygons
2026-03-25 02:33:01 +0100: Memory Usage (446548K) : metal4_filler has 0 polygons
2026-03-25 02:33:01 +0100: Memory Usage (446548K) : metal4_nofill has 0 polygons
2026-03-25 02:33:01 +0100: Memory Usage (446548K) : metal4_slit has 0 polygons
2026-03-25 02:33:01 +0100: Memory Usage (446548K) : metal4_text has 5 polygons
2026-03-25 02:33:01 +0100: Memory Usage (446812K) : metal4_opc has 0 polygons
2026-03-25 02:33:01 +0100: Memory Usage (446812K) : metal4_noqrc has 0 polygons
2026-03-25 02:33:01 +0100: Memory Usage (446812K) : metal4_res has 0 polygons
2026-03-25 02:33:01 +0100: Memory Usage (446948K) : metal4_iprobe has 0 polygons
2026-03-25 02:33:01 +0100: Memory Usage (446948K) : metal4_diffprb has 0 polygons
2026-03-25 02:33:01 +0100: Memory Usage (446948K) : heattrans_drw has 1555 polygons
2026-03-25 02:33:01 +0100: Memory Usage (447208K) : heatres_drw has 7 polygons
2026-03-25 02:33:01 +0100: Memory Usage (447208K) : pempoly_drw has 0 polygons
2026-03-25 02:33:01 +0100: Memory Usage (447208K) : fbe_drw has 0 polygons
2026-03-25 02:33:01 +0100: Memory Usage (447208K) : empoly_drw has 0 polygons
2026-03-25 02:33:01 +0100: Memory Usage (447468K) : ldmos_drw has 0 polygons
2026-03-25 02:33:01 +0100: Memory Usage (447468K) : pbiwind_drw has 0 polygons
2026-03-25 02:33:01 +0100: Memory Usage (447468K) : digisub_drw has 0 polygons
2026-03-25 02:33:01 +0100: Memory Usage (447468K) : nodrc_drw has 0 polygons
2026-03-25 02:33:01 +0100: Memory Usage (447728K) : text_drw has 1107 polygons
2026-03-25 02:33:01 +0100: Memory Usage (447728K) : via4_drw has 4250 polygons
2026-03-25 02:33:01 +0100: Memory Usage (447728K) : metal5_drw has 107 polygons
2026-03-25 02:33:01 +0100: Memory Usage (447728K) : metal5_pin has 12 polygons
2026-03-25 02:33:01 +0100: Memory Usage (447992K) : metal5_mask has 0 polygons
2026-03-25 02:33:01 +0100: Memory Usage (447992K) : metal5_filler has 0 polygons
2026-03-25 02:33:01 +0100: Memory Usage (447992K) : metal5_nofill has 0 polygons
2026-03-25 02:33:01 +0100: Memory Usage (447992K) : metal5_slit has 0 polygons
2026-03-25 02:33:01 +0100: Memory Usage (447992K) : metal5_text has 18 polygons
2026-03-25 02:33:01 +0100: Memory Usage (448256K) : metal5_opc has 0 polygons
2026-03-25 02:33:01 +0100: Memory Usage (448256K) : metal5_noqrc has 0 polygons
2026-03-25 02:33:01 +0100: Memory Usage (448256K) : metal5_res has 0 polygons
2026-03-25 02:33:01 +0100: Memory Usage (448256K) : metal5_iprobe has 0 polygons
2026-03-25 02:33:01 +0100: Memory Usage (448256K) : metal5_diffprb has 0 polygons
2026-03-25 02:33:01 +0100: Memory Usage (448628K) : radhard_drw has 0 polygons
2026-03-25 02:33:01 +0100: Memory Usage (448628K) : memcap_drw has 0 polygons
2026-03-25 02:33:01 +0100: Memory Usage (448628K) : varicap_drw has 0 polygons
2026-03-25 02:33:01 +0100: Memory Usage (448628K) : flash_drw has 0 polygons
2026-03-25 02:33:01 +0100: Memory Usage (448888K) : intbondvia_drw has 0 polygons
2026-03-25 02:33:01 +0100: Memory Usage (448888K) : intbondmet_drw has 0 polygons
2026-03-25 02:33:01 +0100: Memory Usage (448888K) : devbondvia_drw has 0 polygons
2026-03-25 02:33:01 +0100: Memory Usage (448888K) : devbondmet_drw has 0 polygons
2026-03-25 02:33:01 +0100: Memory Usage (448888K) : devtrench_drw has 0 polygons
2026-03-25 02:33:01 +0100: Memory Usage (449152K) : redist_drw has 0 polygons
2026-03-25 02:33:01 +0100: Memory Usage (449152K) : graphbot_drw has 0 polygons
2026-03-25 02:33:01 +0100: Memory Usage (449152K) : graphtop_drw has 0 polygons
2026-03-25 02:33:01 +0100: Memory Usage (449152K) : antvia1_drw has 0 polygons
2026-03-25 02:33:01 +0100: Memory Usage (449152K) : antmetal2_drw has 0 polygons
2026-03-25 02:33:01 +0100: Memory Usage (449416K) : graphcont_drw has 0 polygons
2026-03-25 02:33:01 +0100: Memory Usage (449416K) : siwg_drw has 0 polygons
2026-03-25 02:33:01 +0100: Memory Usage (449416K) : siwg_filler has 0 polygons
2026-03-25 02:33:01 +0100: Memory Usage (449416K) : siwg_nofill has 0 polygons
2026-03-25 02:33:01 +0100: Memory Usage (449624K) : sigrating_drw has 0 polygons
2026-03-25 02:33:01 +0100: Memory Usage (449624K) : singrating_drw has 0 polygons
2026-03-25 02:33:01 +0100: Memory Usage (449624K) : graphpas_drw has 0 polygons
2026-03-25 02:33:01 +0100: Memory Usage (449884K) : emwind3_drw has 0 polygons
2026-03-25 02:33:01 +0100: Memory Usage (449884K) : emwihv3_drw has 0 polygons
2026-03-25 02:33:01 +0100: Memory Usage (449884K) : redbulay_drw has 0 polygons
2026-03-25 02:33:01 +0100: Memory Usage (449884K) : smos_drw has 0 polygons
2026-03-25 02:33:01 +0100: Memory Usage (449884K) : graphpad_drw has 0 polygons
2026-03-25 02:33:01 +0100: Memory Usage (450188K) : polimide_drw has 0 polygons
2026-03-25 02:33:01 +0100: Memory Usage (450188K) : polimide_pin has 0 polygons
2026-03-25 02:33:01 +0100: Memory Usage (450188K) : recog_drw has 0 polygons
2026-03-25 02:33:01 +0100: Memory Usage (450188K) : recog_pin has 0 polygons
2026-03-25 02:33:01 +0100: Memory Usage (450188K) : recog_esd has 0 polygons
2026-03-25 02:33:01 +0100: Memory Usage (450188K) : recog_diode has 0 polygons
2026-03-25 02:33:01 +0100: Memory Usage (450448K) : recog_tsv has 0 polygons
2026-03-25 02:33:01 +0100: Memory Usage (450448K) : recog_iprobe has 0 polygons
2026-03-25 02:33:01 +0100: Memory Usage (450448K) : recog_diffprb has 0 polygons
2026-03-25 02:33:01 +0100: Memory Usage (450448K) : recog_pillar has 0 polygons
2026-03-25 02:33:01 +0100: Memory Usage (450448K) : recog_sbump has 0 polygons
2026-03-25 02:33:01 +0100: Memory Usage (450448K) : recog_otp has 0 polygons
2026-03-25 02:33:01 +0100: Memory Usage (450448K) : recog_pdiode has 0 polygons
2026-03-25 02:33:01 +0100: Memory Usage (450712K) : recog_mom has 0 polygons
2026-03-25 02:33:01 +0100: Memory Usage (450712K) : recog_pcm has 0 polygons
2026-03-25 02:33:01 +0100: Memory Usage (450712K) : colopen_drw has 0 polygons
2026-03-25 02:33:01 +0100: Memory Usage (450712K) : graphmetal1_drw has 0 polygons
2026-03-25 02:33:01 +0100: Memory Usage (450712K) : graphmetal1_filler has 0 polygons
2026-03-25 02:33:01 +0100: Memory Usage (450712K) : graphmetal1_nofill has 0 polygons
2026-03-25 02:33:01 +0100: Memory Usage (450712K) : graphmetal1_slit has 0 polygons
2026-03-25 02:33:01 +0100: Memory Usage (450976K) : graphmetal1_opc has 0 polygons
2026-03-25 02:33:01 +0100: Memory Usage (450976K) : graphmet1l_drw has 0 polygons
2026-03-25 02:33:01 +0100: Memory Usage (450976K) : graphmet1l_filler has 0 polygons
2026-03-25 02:33:01 +0100: Memory Usage (450976K) : graphmet1l_nofill has 0 polygons
2026-03-25 02:33:01 +0100: Memory Usage (450976K) : graphmet1l_slit has 0 polygons
2026-03-25 02:33:01 +0100: Memory Usage (451240K) : graphmet1l_opc has 0 polygons
2026-03-25 02:33:01 +0100: Memory Usage (451240K) : extblock_drw has 21 polygons
2026-03-25 02:33:01 +0100: Memory Usage (451240K) : nldd_drw has 0 polygons
2026-03-25 02:33:01 +0100: Memory Usage (451240K) : pldd_drw has 0 polygons
2026-03-25 02:33:01 +0100: Memory Usage (451504K) : next_drw has 0 polygons
2026-03-25 02:33:01 +0100: Memory Usage (451504K) : pext_drw has 0 polygons
2026-03-25 02:33:01 +0100: Memory Usage (451504K) : nexthv_drw has 0 polygons
2026-03-25 02:33:01 +0100: Memory Usage (451504K) : pexthv_drw has 0 polygons
2026-03-25 02:33:01 +0100: Memory Usage (451504K) : graphgate_drw has 0 polygons
2026-03-25 02:33:01 +0100: Memory Usage (451768K) : sinwg_drw has 0 polygons
2026-03-25 02:33:01 +0100: Memory Usage (451768K) : sinwg_filler has 0 polygons
2026-03-25 02:33:01 +0100: Memory Usage (451768K) : sinwg_nofill has 0 polygons
2026-03-25 02:33:01 +0100: Memory Usage (451768K) : mempad_drw has 0 polygons
2026-03-25 02:33:01 +0100: Memory Usage (451768K) : topvia1_drw has 924 polygons
2026-03-25 02:33:01 +0100: Memory Usage (451768K) : topmetal1_drw has 120 polygons
2026-03-25 02:33:01 +0100: Memory Usage (451768K) : topmetal1_pin has 15 polygons
2026-03-25 02:33:01 +0100: Memory Usage (452032K) : topmetal1_mask has 0 polygons
2026-03-25 02:33:01 +0100: Memory Usage (452032K) : topmetal1_filler has 0 polygons
2026-03-25 02:33:01 +0100: Memory Usage (452032K) : topmetal1_nofill has 0 polygons
2026-03-25 02:33:01 +0100: Memory Usage (452032K) : topmetal1_slit has 0 polygons
2026-03-25 02:33:01 +0100: Memory Usage (452032K) : topmetal1_text has 4 polygons
2026-03-25 02:33:01 +0100: Memory Usage (452296K) : topmetal1_noqrc has 0 polygons
2026-03-25 02:33:01 +0100: Memory Usage (452296K) : topmetal1_res has 0 polygons
2026-03-25 02:33:01 +0100: Memory Usage (452296K) : topmetal1_iprobe has 0 polygons
2026-03-25 02:33:01 +0100: Memory Usage (452296K) : topmetal1_diffprb has 0 polygons
2026-03-25 02:33:01 +0100: Memory Usage (452296K) : inldpwl_drw has 0 polygons
2026-03-25 02:33:01 +0100: Memory Usage (452296K) : polyres_drw has 7 polygons
2026-03-25 02:33:01 +0100: Memory Usage (452560K) : polyres_pin has 0 polygons
2026-03-25 02:33:01 +0100: Memory Usage (452560K) : vmim_drw has 578 polygons
2026-03-25 02:33:01 +0100: Memory Usage (452560K) : nbulaycut_drw has 0 polygons
2026-03-25 02:33:01 +0100: Memory Usage (452560K) : antmetal1_drw has 0 polygons
2026-03-25 02:33:01 +0100: Memory Usage (452824K) : topvia2_drw has 0 polygons
2026-03-25 02:33:01 +0100: Memory Usage (452824K) : topmetal2_drw has 0 polygons
2026-03-25 02:33:01 +0100: Memory Usage (452824K) : topmetal2_pin has 0 polygons
2026-03-25 02:33:01 +0100: Memory Usage (452824K) : topmetal2_mask has 0 polygons
2026-03-25 02:33:01 +0100: Memory Usage (452824K) : topmetal2_filler has 0 polygons
2026-03-25 02:33:01 +0100: Memory Usage (453088K) : topmetal2_nofill has 0 polygons
2026-03-25 02:33:01 +0100: Memory Usage (453088K) : topmetal2_slit has 0 polygons
2026-03-25 02:33:01 +0100: Memory Usage (453088K) : topmetal2_text has 0 polygons
2026-03-25 02:33:01 +0100: Memory Usage (453088K) : topmetal2_noqrc has 0 polygons
2026-03-25 02:33:01 +0100: Memory Usage (453088K) : topmetal2_res has 0 polygons
2026-03-25 02:33:01 +0100: Memory Usage (453352K) : topmetal2_iprobe has 0 polygons
2026-03-25 02:33:01 +0100: Memory Usage (453352K) : topmetal2_diffprb has 0 polygons
2026-03-25 02:33:01 +0100: Memory Usage (453352K) : snsring_drw has 0 polygons
2026-03-25 02:33:01 +0100: Memory Usage (453352K) : sensor_drw has 0 polygons
2026-03-25 02:33:01 +0100: Memory Usage (453352K) : snsarms_drw has 0 polygons
2026-03-25 02:33:01 +0100: Memory Usage (453616K) : snscmosvia_drw has 0 polygons
2026-03-25 02:33:01 +0100: Memory Usage (453616K) : colwind_drw has 0 polygons
2026-03-25 02:33:01 +0100: Memory Usage (453616K) : flm_drw has 0 polygons
2026-03-25 02:33:01 +0100: Memory Usage (453616K) : hafniumox_drw has 0 polygons
2026-03-25 02:33:01 +0100: Memory Usage (453616K) : memvia_drw has 0 polygons
2026-03-25 02:33:01 +0100: Memory Usage (453880K) : thinfilmres_drw has 0 polygons
2026-03-25 02:33:01 +0100: Memory Usage (453880K) : rfmem_drw has 0 polygons
2026-03-25 02:33:01 +0100: Memory Usage (453880K) : norcx_drw has 0 polygons
2026-03-25 02:33:01 +0100: Memory Usage (453880K) : norcx_m2m3 has 0 polygons
2026-03-25 02:33:01 +0100: Memory Usage (453880K) : norcx_m2m4 has 0 polygons
2026-03-25 02:33:01 +0100: Memory Usage (453880K) : norcx_m2m5 has 0 polygons
2026-03-25 02:33:01 +0100: Memory Usage (453880K) : norcx_m2tm1 has 0 polygons
2026-03-25 02:33:01 +0100: Memory Usage (454144K) : norcx_m2tm2 has 0 polygons
2026-03-25 02:33:01 +0100: Memory Usage (454144K) : norcx_m3m4 has 0 polygons
2026-03-25 02:33:01 +0100: Memory Usage (454144K) : norcx_m3m5 has 0 polygons
2026-03-25 02:33:01 +0100: Memory Usage (454144K) : norcx_m3tm1 has 0 polygons
2026-03-25 02:33:01 +0100: Memory Usage (454144K) : norcx_m3tm2 has 0 polygons
2026-03-25 02:33:01 +0100: Memory Usage (454144K) : norcx_m4m5 has 0 polygons
2026-03-25 02:33:01 +0100: Memory Usage (454144K) : norcx_m4tm1 has 0 polygons
2026-03-25 02:33:01 +0100: Memory Usage (454408K) : norcx_m4tm2 has 0 polygons
2026-03-25 02:33:01 +0100: Memory Usage (454408K) : norcx_m5tm1 has 0 polygons
2026-03-25 02:33:01 +0100: Memory Usage (454408K) : norcx_m5tm2 has 0 polygons
2026-03-25 02:33:01 +0100: Memory Usage (454408K) : norcx_tm1tm2 has 0 polygons
2026-03-25 02:33:01 +0100: Memory Usage (454408K) : norcx_m1sub has 0 polygons
2026-03-25 02:33:01 +0100: Memory Usage (454408K) : norcx_m2sub has 0 polygons
2026-03-25 02:33:01 +0100: Memory Usage (454408K) : norcx_m3sub has 0 polygons
2026-03-25 02:33:01 +0100: Memory Usage (454672K) : norcx_m4sub has 0 polygons
2026-03-25 02:33:01 +0100: Memory Usage (454672K) : norcx_m5sub has 0 polygons
2026-03-25 02:33:01 +0100: Memory Usage (454672K) : norcx_tm1sub has 0 polygons
2026-03-25 02:33:01 +0100: Memory Usage (454672K) : norcx_tm2sub has 0 polygons
2026-03-25 02:33:01 +0100: Memory Usage (454672K) : snsbotvia_drw has 0 polygons
2026-03-25 02:33:01 +0100: Memory Usage (454672K) : snstopvia_drw has 0 polygons
2026-03-25 02:33:01 +0100: Memory Usage (454672K) : deepvia_drw has 0 polygons
2026-03-25 02:33:01 +0100: Memory Usage (454936K) : fgetch_drw has 0 polygons
2026-03-25 02:33:01 +0100: Memory Usage (454936K) : ctrgat_drw has 0 polygons
2026-03-25 02:33:01 +0100: Memory Usage (454936K) : fgimp_drw has 0 polygons
2026-03-25 02:33:01 +0100: Memory Usage (454936K) : emwihv_drw has 0 polygons
2026-03-25 02:33:01 +0100: Memory Usage (454936K) : lbe_drw has 0 polygons
2026-03-25 02:33:01 +0100: Memory Usage (454936K) : alcustop_drw has 0 polygons
2026-03-25 02:33:01 +0100: Memory Usage (455200K) : nometfiller_drw has 0 polygons
2026-03-25 02:33:01 +0100: Memory Usage (455200K) : prboundary_drw has 0 polygons
2026-03-25 02:33:01 +0100: Memory Usage (455200K) : exchange0_drw has 0 polygons
2026-03-25 02:33:01 +0100: Memory Usage (455200K) : exchange0_pin has 0 polygons
2026-03-25 02:33:01 +0100: Memory Usage (455200K) : exchange0_text has 0 polygons
2026-03-25 02:33:01 +0100: Memory Usage (455200K) : exchange1_drw has 0 polygons
2026-03-25 02:33:01 +0100: Memory Usage (455200K) : exchange1_pin has 0 polygons
2026-03-25 02:33:01 +0100: Memory Usage (455200K) : exchange1_text has 0 polygons
2026-03-25 02:33:01 +0100: Memory Usage (455200K) : exchange2_drw has 0 polygons
2026-03-25 02:33:01 +0100: Memory Usage (455200K) : exchange2_pin has 0 polygons
2026-03-25 02:33:01 +0100: Memory Usage (455200K) : exchange2_text has 0 polygons
2026-03-25 02:33:01 +0100: Memory Usage (455200K) : exchange3_drw has 0 polygons
2026-03-25 02:33:01 +0100: Memory Usage (455200K) : exchange3_pin has 0 polygons
2026-03-25 02:33:01 +0100: Memory Usage (455200K) : exchange3_text has 0 polygons
2026-03-25 02:33:01 +0100: Memory Usage (455200K) : exchange4_drw has 0 polygons
2026-03-25 02:33:01 +0100: Memory Usage (455200K) : exchange4_pin has 0 polygons
2026-03-25 02:33:01 +0100: Memory Usage (455200K) : exchange4_text has 0 polygons
2026-03-25 02:33:01 +0100: Memory Usage (455200K) : isonwell_drw has 0 polygons
2026-03-25 02:33:01 +0100: Memory Usage (455200K) : Total no. of polygons in the design is 74600
2026-03-25 02:33:01 +0100: Memory Usage (455200K) : Loaded TECH DRC rules values from /foss/pdks/ihp-sg13g2/libs.tech/klayout/python/sg13g2_pycell_lib/sg13g2_tech_mod.json
2026-03-25 02:33:01 +0100: Memory Usage (455200K) : Loaded default DRC rules values from /foss/pdks/ihp-sg13g2/libs.tech/klayout/tech/drc/rule_decks/sg13g2_tech_default.json
2026-03-25 02:33:01 +0100: Memory Usage (455200K) : The following rules values were missing in tech json and default values were used:
2026-03-25 02:33:01 +0100: Memory Usage (455200K) :   - Cnt_c_digibnd
2026-03-25 02:33:01 +0100: Memory Usage (455584K) : Total area of the design is 28136.451999999997 um^2.
2026-03-25 02:33:01 +0100: Memory Usage (455584K) : The design dimensions are 211.6 µm * 132.97 µm.
2026-03-25 02:33:01 +0100: Memory Usage (455584K) : Starting general IHP-SG13G2 derivations.
2026-03-25 02:33:01 +0100: Memory Usage (455584K) : Starting Pwell derivations
2026-03-25 02:33:01 +0100: Memory Usage (457876K) : Starting IHP-SG13G2 DRC rules.
2026-03-25 02:33:01 +0100: Memory Usage (457876K) : Starting 7.3 Metal Slits table
2026-03-25 02:33:01 +0100: Memory Usage (457876K) : Executing rule Slt.e1_M1
2026-03-25 02:33:01 +0100: Memory Usage (457876K) : Executing rule Slt.e1_M2
2026-03-25 02:33:01 +0100: Memory Usage (457876K) : Executing rule Slt.e1_M3
2026-03-25 02:33:01 +0100: Memory Usage (457876K) : Executing rule Slt.e1_M4
2026-03-25 02:33:01 +0100: Memory Usage (457876K) : Executing rule Slt.e1_M5
2026-03-25 02:33:01 +0100: Memory Usage (457876K) : Executing rule Slt.e1_TM1
2026-03-25 02:33:01 +0100: Memory Usage (457876K) : Executing rule Slt.e1_TM2
2026-03-25 02:33:01 +0100: Memory Usage (457876K) : KLayout DRC run for tables 'metalslits' completed in 0.61 seconds
