# Logfile created on 2026-03-25 02:32:55 +0100 by logger.rb/v1.5.3
2026-03-25 02:32:55 +0100: Memory Usage (435756K) : Starting running IHP-SG13G2 KLayout DRC runset on /foss/designs/Design/xschem/HPAmplifier/OTA_Telescopic_backup/OTA_Telescopic_NO_FLATTEN/Layout_and_Related_files/OTA_Telescopic_TOP_wp.gds
2026-03-25 02:32:55 +0100: Memory Usage (435756K) : Ruby Version for klayout: 3.2.3
2026-03-25 02:32:55 +0100: Memory Usage (435800K) : Loading database to memory is complete.
2026-03-25 02:32:55 +0100: Memory Usage (435800K) : IHP-SG13G2 KLayout DRC runset output at: /foss/designs/Design/xschem/HPAmplifier/OTA_Telescopic_backup/OTA_Telescopic_NO_FLATTEN/Layout_and_Related_files/drc_run_OTA_Telescopic_TOP_wp/OTA_Telescopic_TOP_wp_OTA_Telescopic_TOP_wp_nwell.lyrdb
2026-03-25 02:32:55 +0100: Memory Usage (435800K) : Evaluate switches.
2026-03-25 02:32:55 +0100: Memory Usage (435800K) : tables selected: nwell
2026-03-25 02:32:55 +0100: Memory Usage (435800K) : KLayout will use 4 thread(s) in tiled mode.
2026-03-25 02:32:55 +0100: Memory Usage (435800K) : deep mode is enabled.
2026-03-25 02:32:55 +0100: Memory Usage (435800K) : FEOL enabled: false
2026-03-25 02:32:55 +0100: Memory Usage (435800K) : BEOL enabled: false
2026-03-25 02:32:55 +0100: Memory Usage (435800K) : OFFGRID enabled: true
2026-03-25 02:32:55 +0100: Memory Usage (435800K) : PIN enabled: false
2026-03-25 02:32:55 +0100: Memory Usage (435800K) : FORBIDDEN enabled: false
2026-03-25 02:32:55 +0100: Memory Usage (435800K) : RECOMMENDED enabled: true
2026-03-25 02:32:55 +0100: Memory Usage (435800K) : PreCheck DRC enabled: false
2026-03-25 02:32:55 +0100: Memory Usage (435800K) : CONNECTIVITY_RULES enabled: true.
2026-03-25 02:32:55 +0100: Memory Usage (435800K) : Read in polygons from layers.
2026-03-25 02:32:55 +0100: Memory Usage (437472K) : activ_drw has 5032 polygons
2026-03-25 02:32:55 +0100: Memory Usage (437472K) : activ_pin has 0 polygons
2026-03-25 02:32:55 +0100: Memory Usage (437472K) : activ_mask has 0 polygons
2026-03-25 02:32:55 +0100: Memory Usage (437472K) : activ_filler has 0 polygons
2026-03-25 02:32:55 +0100: Memory Usage (437472K) : activ_nofill has 0 polygons
2026-03-25 02:32:55 +0100: Memory Usage (437472K) : activ_opc has 0 polygons
2026-03-25 02:32:55 +0100: Memory Usage (437472K) : activ_iopc has 0 polygons
2026-03-25 02:32:55 +0100: Memory Usage (437472K) : activ_noqrc has 0 polygons
2026-03-25 02:32:55 +0100: Memory Usage (437472K) : biwind_drw has 0 polygons
2026-03-25 02:32:55 +0100: Memory Usage (437472K) : biwind_opc has 0 polygons
2026-03-25 02:32:55 +0100: Memory Usage (438516K) : pemwind_drw has 0 polygons
2026-03-25 02:32:55 +0100: Memory Usage (438516K) : gatpoly_drw has 2679 polygons
2026-03-25 02:32:55 +0100: Memory Usage (438516K) : gatpoly_pin has 377 polygons
2026-03-25 02:32:55 +0100: Memory Usage (438516K) : gatpoly_filler has 0 polygons
2026-03-25 02:32:55 +0100: Memory Usage (438516K) : gatpoly_nofill has 0 polygons
2026-03-25 02:32:55 +0100: Memory Usage (438516K) : gatpoly_opc has 0 polygons
2026-03-25 02:32:55 +0100: Memory Usage (438516K) : gatpoly_iopc has 0 polygons
2026-03-25 02:32:55 +0100: Memory Usage (438780K) : gatpoly_noqrc has 0 polygons
2026-03-25 02:32:55 +0100: Memory Usage (438780K) : cont_drw has 24680 polygons
2026-03-25 02:32:55 +0100: Memory Usage (438780K) : cont_opc has 0 polygons
2026-03-25 02:32:55 +0100: Memory Usage (439024K) : nsd_drw has 0 polygons
2026-03-25 02:32:55 +0100: Memory Usage (439024K) : nsd_block has 0 polygons
2026-03-25 02:32:55 +0100: Memory Usage (439024K) : metal1_drw has 7670 polygons
2026-03-25 02:32:55 +0100: Memory Usage (439284K) : metal1_pin has 2038 polygons
2026-03-25 02:32:55 +0100: Memory Usage (439284K) : metal1_mask has 0 polygons
2026-03-25 02:32:55 +0100: Memory Usage (439284K) : metal1_filler has 0 polygons
2026-03-25 02:32:55 +0100: Memory Usage (439284K) : metal1_nofill has 0 polygons
2026-03-25 02:32:55 +0100: Memory Usage (439548K) : metal1_slit has 0 polygons
2026-03-25 02:32:55 +0100: Memory Usage (439548K) : metal1_text has 1 polygons
2026-03-25 02:32:55 +0100: Memory Usage (439548K) : metal1_opc has 0 polygons
2026-03-25 02:32:55 +0100: Memory Usage (439548K) : metal1_noqrc has 0 polygons
2026-03-25 02:32:55 +0100: Memory Usage (439548K) : metal1_res has 0 polygons
2026-03-25 02:32:55 +0100: Memory Usage (439936K) : metal1_iprobe has 0 polygons
2026-03-25 02:32:55 +0100: Memory Usage (439936K) : metal1_diffprb has 0 polygons
2026-03-25 02:32:55 +0100: Memory Usage (439936K) : passiv_drw has 0 polygons
2026-03-25 02:32:55 +0100: Memory Usage (439936K) : passiv_pin has 0 polygons
2026-03-25 02:32:55 +0100: Memory Usage (440200K) : passiv_sbump has 0 polygons
2026-03-25 02:32:55 +0100: Memory Usage (440200K) : passiv_pillar has 0 polygons
2026-03-25 02:32:55 +0100: Memory Usage (440200K) : passiv_pdl has 0 polygons
2026-03-25 02:32:55 +0100: Memory Usage (440200K) : metal2_drw has 1317 polygons
2026-03-25 02:32:55 +0100: Memory Usage (440812K) : metal2_pin has 11 polygons
2026-03-25 02:32:55 +0100: Memory Usage (440812K) : metal2_mask has 0 polygons
2026-03-25 02:32:55 +0100: Memory Usage (440812K) : metal2_filler has 0 polygons
2026-03-25 02:32:55 +0100: Memory Usage (440812K) : metal2_nofill has 0 polygons
2026-03-25 02:32:55 +0100: Memory Usage (440812K) : metal2_slit has 0 polygons
2026-03-25 02:32:55 +0100: Memory Usage (441076K) : metal2_text has 6 polygons
2026-03-25 02:32:55 +0100: Memory Usage (441128K) : metal2_opc has 0 polygons
2026-03-25 02:32:55 +0100: Memory Usage (441128K) : metal2_noqrc has 0 polygons
2026-03-25 02:32:55 +0100: Memory Usage (441128K) : metal2_res has 0 polygons
2026-03-25 02:32:55 +0100: Memory Usage (441388K) : metal2_iprobe has 0 polygons
2026-03-25 02:32:55 +0100: Memory Usage (441388K) : metal2_diffprb has 0 polygons
2026-03-25 02:32:55 +0100: Memory Usage (441388K) : baspoly_drw has 0 polygons
2026-03-25 02:32:55 +0100: Memory Usage (441388K) : baspoly_pin has 0 polygons
2026-03-25 02:32:55 +0100: Memory Usage (441388K) : psd_drw has 1551 polygons
2026-03-25 02:32:56 +0100: Memory Usage (441652K) : nldb_drw has 0 polygons
2026-03-25 02:32:56 +0100: Memory Usage (441652K) : digibnd_drw has 0 polygons
2026-03-25 02:32:56 +0100: Memory Usage (441652K) : via1_drw has 9054 polygons
2026-03-25 02:32:56 +0100: Memory Usage (441976K) : backmetal1_drw has 0 polygons
2026-03-25 02:32:56 +0100: Memory Usage (441976K) : backmetal1_pin has 0 polygons
2026-03-25 02:32:56 +0100: Memory Usage (441976K) : backmetal1_mask has 0 polygons
2026-03-25 02:32:56 +0100: Memory Usage (441976K) : backmetal1_filler has 0 polygons
2026-03-25 02:32:56 +0100: Memory Usage (441976K) : backmetal1_nofill has 0 polygons
2026-03-25 02:32:56 +0100: Memory Usage (442240K) : backmetal1_slit has 0 polygons
2026-03-25 02:32:56 +0100: Memory Usage (442240K) : backmetal1_text has 0 polygons
2026-03-25 02:32:56 +0100: Memory Usage (442240K) : backmetal1_opc has 0 polygons
2026-03-25 02:32:56 +0100: Memory Usage (442240K) : backmetal1_noqrc has 0 polygons
2026-03-25 02:32:56 +0100: Memory Usage (442240K) : backmetal1_res has 0 polygons
2026-03-25 02:32:56 +0100: Memory Usage (442504K) : backmetal1_iprobe has 0 polygons
2026-03-25 02:32:56 +0100: Memory Usage (442504K) : backmetal1_diffprb has 0 polygons
2026-03-25 02:32:56 +0100: Memory Usage (442504K) : backpassiv_drw has 0 polygons
2026-03-25 02:32:56 +0100: Memory Usage (442504K) : res_drw has 0 polygons
2026-03-25 02:32:56 +0100: Memory Usage (442756K) : sram_drw has 0 polygons
2026-03-25 02:32:56 +0100: Memory Usage (442756K) : trans_drw has 0 polygons
2026-03-25 02:32:56 +0100: Memory Usage (442756K) : ind_drw has 0 polygons
2026-03-25 02:32:56 +0100: Memory Usage (442756K) : ind_pin has 0 polygons
2026-03-25 02:32:56 +0100: Memory Usage (443016K) : ind_text has 0 polygons
2026-03-25 02:32:56 +0100: Memory Usage (443016K) : salblock_drw has 7 polygons
2026-03-25 02:32:56 +0100: Memory Usage (443156K) : via2_drw has 4753 polygons
2026-03-25 02:32:56 +0100: Memory Usage (443156K) : metal3_drw has 226 polygons
2026-03-25 02:32:56 +0100: Memory Usage (443156K) : metal3_pin has 8 polygons
2026-03-25 02:32:56 +0100: Memory Usage (443372K) : metal3_mask has 0 polygons
2026-03-25 02:32:56 +0100: Memory Usage (443372K) : metal3_filler has 0 polygons
2026-03-25 02:32:56 +0100: Memory Usage (443372K) : metal3_nofill has 0 polygons
2026-03-25 02:32:56 +0100: Memory Usage (443632K) : metal3_slit has 0 polygons
2026-03-25 02:32:56 +0100: Memory Usage (443632K) : metal3_text has 2 polygons
2026-03-25 02:32:56 +0100: Memory Usage (443632K) : metal3_opc has 0 polygons
2026-03-25 02:32:56 +0100: Memory Usage (443632K) : metal3_noqrc has 0 polygons
2026-03-25 02:32:56 +0100: Memory Usage (443632K) : metal3_res has 0 polygons
2026-03-25 02:32:56 +0100: Memory Usage (443896K) : metal3_iprobe has 0 polygons
2026-03-25 02:32:56 +0100: Memory Usage (443896K) : metal3_diffprb has 0 polygons
2026-03-25 02:32:56 +0100: Memory Usage (443896K) : nwell_drw has 1216 polygons
2026-03-25 02:32:56 +0100: Memory Usage (443896K) : nwell_pin has 0 polygons
2026-03-25 02:32:56 +0100: Memory Usage (444160K) : nbulay_drw has 0 polygons
2026-03-25 02:32:56 +0100: Memory Usage (444160K) : nbulay_pin has 0 polygons
2026-03-25 02:32:56 +0100: Memory Usage (444160K) : nbulay_block has 0 polygons
2026-03-25 02:32:56 +0100: Memory Usage (444336K) : emwind_drw has 0 polygons
2026-03-25 02:32:56 +0100: Memory Usage (444336K) : emwind_opc has 0 polygons
2026-03-25 02:32:56 +0100: Memory Usage (444500K) : deepco_drw has 0 polygons
2026-03-25 02:32:56 +0100: Memory Usage (444500K) : deepco_drw has 0 polygons
2026-03-25 02:32:56 +0100: Memory Usage (444500K) : mim_drw has 2 polygons
2026-03-25 02:32:56 +0100: Memory Usage (444500K) : edgeseal_drw has 0 polygons
2026-03-25 02:32:56 +0100: Memory Usage (444760K) : edgeseal_bound has 0 polygons
2026-03-25 02:32:56 +0100: Memory Usage (444760K) : substrate_drw has 723 polygons
2026-03-25 02:32:56 +0100: Memory Usage (444760K) : substrate_text has 0 polygons
2026-03-25 02:32:56 +0100: Memory Usage (444760K) : dfpad_drw has 0 polygons
2026-03-25 02:32:56 +0100: Memory Usage (444760K) : dfpad_pillar has 0 polygons
2026-03-25 02:32:56 +0100: Memory Usage (445024K) : dfpad_sbump has 0 polygons
2026-03-25 02:32:56 +0100: Memory Usage (445024K) : thickgateox_drw has 0 polygons
2026-03-25 02:32:56 +0100: Memory Usage (445024K) : pldb_drw has 0 polygons
2026-03-25 02:32:56 +0100: Memory Usage (445024K) : pwell_drw has 0 polygons
2026-03-25 02:32:56 +0100: Memory Usage (445024K) : pwell_pin has 0 polygons
2026-03-25 02:32:56 +0100: Memory Usage (445288K) : pwell_block has 0 polygons
2026-03-25 02:32:56 +0100: Memory Usage (445288K) : ic_drw has 0 polygons
2026-03-25 02:32:56 +0100: Memory Usage (445400K) : via3_drw has 4357 polygons
2026-03-25 02:32:56 +0100: Memory Usage (445400K) : metal4_drw has 157 polygons
2026-03-25 02:32:56 +0100: Memory Usage (445660K) : metal4_pin has 3 polygons
2026-03-25 02:32:56 +0100: Memory Usage (445660K) : metal4_mask has 0 polygons
2026-03-25 02:32:56 +0100: Memory Usage (445660K) : metal4_filler has 0 polygons
2026-03-25 02:32:56 +0100: Memory Usage (445660K) : metal4_nofill has 0 polygons
2026-03-25 02:32:56 +0100: Memory Usage (445660K) : metal4_slit has 0 polygons
2026-03-25 02:32:56 +0100: Memory Usage (445924K) : metal4_text has 5 polygons
2026-03-25 02:32:56 +0100: Memory Usage (445924K) : metal4_opc has 0 polygons
2026-03-25 02:32:56 +0100: Memory Usage (445924K) : metal4_noqrc has 0 polygons
2026-03-25 02:32:56 +0100: Memory Usage (446056K) : metal4_res has 0 polygons
2026-03-25 02:32:56 +0100: Memory Usage (446056K) : metal4_iprobe has 0 polygons
2026-03-25 02:32:56 +0100: Memory Usage (446056K) : metal4_diffprb has 0 polygons
2026-03-25 02:32:56 +0100: Memory Usage (446316K) : heattrans_drw has 1555 polygons
2026-03-25 02:32:56 +0100: Memory Usage (446316K) : heatres_drw has 7 polygons
2026-03-25 02:32:56 +0100: Memory Usage (446316K) : pempoly_drw has 0 polygons
2026-03-25 02:32:56 +0100: Memory Usage (446316K) : fbe_drw has 0 polygons
2026-03-25 02:32:56 +0100: Memory Usage (446580K) : empoly_drw has 0 polygons
2026-03-25 02:32:56 +0100: Memory Usage (446588K) : ldmos_drw has 0 polygons
2026-03-25 02:32:56 +0100: Memory Usage (446588K) : pbiwind_drw has 0 polygons
2026-03-25 02:32:56 +0100: Memory Usage (446588K) : digisub_drw has 0 polygons
2026-03-25 02:32:56 +0100: Memory Usage (446848K) : nodrc_drw has 0 polygons
2026-03-25 02:32:56 +0100: Memory Usage (446848K) : text_drw has 1107 polygons
2026-03-25 02:32:56 +0100: Memory Usage (446848K) : via4_drw has 4250 polygons
2026-03-25 02:32:56 +0100: Memory Usage (446848K) : metal5_drw has 107 polygons
2026-03-25 02:32:56 +0100: Memory Usage (447112K) : metal5_pin has 12 polygons
2026-03-25 02:32:56 +0100: Memory Usage (447112K) : metal5_mask has 0 polygons
2026-03-25 02:32:56 +0100: Memory Usage (447112K) : metal5_filler has 0 polygons
2026-03-25 02:32:56 +0100: Memory Usage (447112K) : metal5_nofill has 0 polygons
2026-03-25 02:32:56 +0100: Memory Usage (447112K) : metal5_slit has 0 polygons
2026-03-25 02:32:56 +0100: Memory Usage (447376K) : metal5_text has 18 polygons
2026-03-25 02:32:56 +0100: Memory Usage (447376K) : metal5_opc has 0 polygons
2026-03-25 02:32:56 +0100: Memory Usage (447376K) : metal5_noqrc has 0 polygons
2026-03-25 02:32:56 +0100: Memory Usage (447376K) : metal5_res has 0 polygons
2026-03-25 02:32:56 +0100: Memory Usage (447376K) : metal5_iprobe has 0 polygons
2026-03-25 02:32:56 +0100: Memory Usage (447640K) : metal5_diffprb has 0 polygons
2026-03-25 02:32:56 +0100: Memory Usage (447740K) : radhard_drw has 0 polygons
2026-03-25 02:32:56 +0100: Memory Usage (447740K) : memcap_drw has 0 polygons
2026-03-25 02:32:56 +0100: Memory Usage (447740K) : varicap_drw has 0 polygons
2026-03-25 02:32:56 +0100: Memory Usage (448000K) : flash_drw has 0 polygons
2026-03-25 02:32:56 +0100: Memory Usage (448000K) : intbondvia_drw has 0 polygons
2026-03-25 02:32:56 +0100: Memory Usage (448000K) : intbondmet_drw has 0 polygons
2026-03-25 02:32:56 +0100: Memory Usage (448000K) : devbondvia_drw has 0 polygons
2026-03-25 02:32:56 +0100: Memory Usage (448000K) : devbondmet_drw has 0 polygons
2026-03-25 02:32:56 +0100: Memory Usage (448264K) : devtrench_drw has 0 polygons
2026-03-25 02:32:56 +0100: Memory Usage (448264K) : redist_drw has 0 polygons
2026-03-25 02:32:56 +0100: Memory Usage (448264K) : graphbot_drw has 0 polygons
2026-03-25 02:32:56 +0100: Memory Usage (448264K) : graphtop_drw has 0 polygons
2026-03-25 02:32:56 +0100: Memory Usage (448264K) : antvia1_drw has 0 polygons
2026-03-25 02:32:56 +0100: Memory Usage (448528K) : antmetal2_drw has 0 polygons
2026-03-25 02:32:56 +0100: Memory Usage (448528K) : graphcont_drw has 0 polygons
2026-03-25 02:32:56 +0100: Memory Usage (448528K) : siwg_drw has 0 polygons
2026-03-25 02:32:56 +0100: Memory Usage (448528K) : siwg_filler has 0 polygons
2026-03-25 02:32:56 +0100: Memory Usage (448528K) : siwg_nofill has 0 polygons
2026-03-25 02:32:56 +0100: Memory Usage (448792K) : sigrating_drw has 0 polygons
2026-03-25 02:32:56 +0100: Memory Usage (448792K) : singrating_drw has 0 polygons
2026-03-25 02:32:56 +0100: Memory Usage (448792K) : graphpas_drw has 0 polygons
2026-03-25 02:32:56 +0100: Memory Usage (449052K) : emwind3_drw has 0 polygons
2026-03-25 02:32:56 +0100: Memory Usage (449052K) : emwihv3_drw has 0 polygons
2026-03-25 02:32:56 +0100: Memory Usage (449052K) : redbulay_drw has 0 polygons
2026-03-25 02:32:56 +0100: Memory Usage (449052K) : smos_drw has 0 polygons
2026-03-25 02:32:56 +0100: Memory Usage (449052K) : graphpad_drw has 0 polygons
2026-03-25 02:32:56 +0100: Memory Usage (449292K) : polimide_drw has 0 polygons
2026-03-25 02:32:56 +0100: Memory Usage (449292K) : polimide_pin has 0 polygons
2026-03-25 02:32:56 +0100: Memory Usage (449292K) : recog_drw has 0 polygons
2026-03-25 02:32:56 +0100: Memory Usage (449292K) : recog_pin has 0 polygons
2026-03-25 02:32:56 +0100: Memory Usage (449292K) : recog_esd has 0 polygons
2026-03-25 02:32:56 +0100: Memory Usage (449552K) : recog_diode has 0 polygons
2026-03-25 02:32:56 +0100: Memory Usage (449552K) : recog_tsv has 0 polygons
2026-03-25 02:32:56 +0100: Memory Usage (449552K) : recog_iprobe has 0 polygons
2026-03-25 02:32:56 +0100: Memory Usage (449552K) : recog_diffprb has 0 polygons
2026-03-25 02:32:56 +0100: Memory Usage (449552K) : recog_pillar has 0 polygons
2026-03-25 02:32:56 +0100: Memory Usage (449552K) : recog_sbump has 0 polygons
2026-03-25 02:32:56 +0100: Memory Usage (449552K) : recog_otp has 0 polygons
2026-03-25 02:32:56 +0100: Memory Usage (449816K) : recog_pdiode has 0 polygons
2026-03-25 02:32:56 +0100: Memory Usage (449816K) : recog_mom has 0 polygons
2026-03-25 02:32:56 +0100: Memory Usage (449816K) : recog_pcm has 0 polygons
2026-03-25 02:32:56 +0100: Memory Usage (449816K) : colopen_drw has 0 polygons
2026-03-25 02:32:56 +0100: Memory Usage (449816K) : graphmetal1_drw has 0 polygons
2026-03-25 02:32:56 +0100: Memory Usage (449816K) : graphmetal1_filler has 0 polygons
2026-03-25 02:32:56 +0100: Memory Usage (449816K) : graphmetal1_nofill has 0 polygons
2026-03-25 02:32:56 +0100: Memory Usage (450080K) : graphmetal1_slit has 0 polygons
2026-03-25 02:32:56 +0100: Memory Usage (450080K) : graphmetal1_opc has 0 polygons
2026-03-25 02:32:56 +0100: Memory Usage (450080K) : graphmet1l_drw has 0 polygons
2026-03-25 02:32:56 +0100: Memory Usage (450080K) : graphmet1l_filler has 0 polygons
2026-03-25 02:32:56 +0100: Memory Usage (450080K) : graphmet1l_nofill has 0 polygons
2026-03-25 02:32:56 +0100: Memory Usage (450344K) : graphmet1l_slit has 0 polygons
2026-03-25 02:32:56 +0100: Memory Usage (450344K) : graphmet1l_opc has 0 polygons
2026-03-25 02:32:56 +0100: Memory Usage (450344K) : extblock_drw has 21 polygons
2026-03-25 02:32:56 +0100: Memory Usage (450344K) : nldd_drw has 0 polygons
2026-03-25 02:32:56 +0100: Memory Usage (450608K) : pldd_drw has 0 polygons
2026-03-25 02:32:56 +0100: Memory Usage (450608K) : next_drw has 0 polygons
2026-03-25 02:32:56 +0100: Memory Usage (450608K) : pext_drw has 0 polygons
2026-03-25 02:32:56 +0100: Memory Usage (450608K) : nexthv_drw has 0 polygons
2026-03-25 02:32:56 +0100: Memory Usage (450608K) : pexthv_drw has 0 polygons
2026-03-25 02:32:56 +0100: Memory Usage (450872K) : graphgate_drw has 0 polygons
2026-03-25 02:32:56 +0100: Memory Usage (450872K) : sinwg_drw has 0 polygons
2026-03-25 02:32:56 +0100: Memory Usage (450872K) : sinwg_filler has 0 polygons
2026-03-25 02:32:56 +0100: Memory Usage (450872K) : sinwg_nofill has 0 polygons
2026-03-25 02:32:56 +0100: Memory Usage (450872K) : mempad_drw has 0 polygons
2026-03-25 02:32:56 +0100: Memory Usage (450872K) : topvia1_drw has 924 polygons
2026-03-25 02:32:56 +0100: Memory Usage (450872K) : topmetal1_drw has 120 polygons
2026-03-25 02:32:56 +0100: Memory Usage (451136K) : topmetal1_pin has 15 polygons
2026-03-25 02:32:56 +0100: Memory Usage (451136K) : topmetal1_mask has 0 polygons
2026-03-25 02:32:56 +0100: Memory Usage (451136K) : topmetal1_filler has 0 polygons
2026-03-25 02:32:56 +0100: Memory Usage (451136K) : topmetal1_nofill has 0 polygons
2026-03-25 02:32:56 +0100: Memory Usage (451136K) : topmetal1_slit has 0 polygons
2026-03-25 02:32:56 +0100: Memory Usage (451400K) : topmetal1_text has 4 polygons
2026-03-25 02:32:56 +0100: Memory Usage (451400K) : topmetal1_noqrc has 0 polygons
2026-03-25 02:32:56 +0100: Memory Usage (451400K) : topmetal1_res has 0 polygons
2026-03-25 02:32:56 +0100: Memory Usage (451400K) : topmetal1_iprobe has 0 polygons
2026-03-25 02:32:56 +0100: Memory Usage (451400K) : topmetal1_diffprb has 0 polygons
2026-03-25 02:32:56 +0100: Memory Usage (451400K) : inldpwl_drw has 0 polygons
2026-03-25 02:32:56 +0100: Memory Usage (451664K) : polyres_drw has 7 polygons
2026-03-25 02:32:56 +0100: Memory Usage (451664K) : polyres_pin has 0 polygons
2026-03-25 02:32:56 +0100: Memory Usage (451664K) : vmim_drw has 578 polygons
2026-03-25 02:32:56 +0100: Memory Usage (451664K) : nbulaycut_drw has 0 polygons
2026-03-25 02:32:56 +0100: Memory Usage (451928K) : antmetal1_drw has 0 polygons
2026-03-25 02:32:56 +0100: Memory Usage (451928K) : topvia2_drw has 0 polygons
2026-03-25 02:32:56 +0100: Memory Usage (451928K) : topmetal2_drw has 0 polygons
2026-03-25 02:32:56 +0100: Memory Usage (451928K) : topmetal2_pin has 0 polygons
2026-03-25 02:32:56 +0100: Memory Usage (451928K) : topmetal2_mask has 0 polygons
2026-03-25 02:32:56 +0100: Memory Usage (452192K) : topmetal2_filler has 0 polygons
2026-03-25 02:32:56 +0100: Memory Usage (452192K) : topmetal2_nofill has 0 polygons
2026-03-25 02:32:56 +0100: Memory Usage (452192K) : topmetal2_slit has 0 polygons
2026-03-25 02:32:56 +0100: Memory Usage (452192K) : topmetal2_text has 0 polygons
2026-03-25 02:32:56 +0100: Memory Usage (452192K) : topmetal2_noqrc has 0 polygons
2026-03-25 02:32:56 +0100: Memory Usage (452456K) : topmetal2_res has 0 polygons
2026-03-25 02:32:56 +0100: Memory Usage (452456K) : topmetal2_iprobe has 0 polygons
2026-03-25 02:32:56 +0100: Memory Usage (452456K) : topmetal2_diffprb has 0 polygons
2026-03-25 02:32:56 +0100: Memory Usage (452456K) : snsring_drw has 0 polygons
2026-03-25 02:32:56 +0100: Memory Usage (452456K) : sensor_drw has 0 polygons
2026-03-25 02:32:56 +0100: Memory Usage (452720K) : snsarms_drw has 0 polygons
2026-03-25 02:32:56 +0100: Memory Usage (452720K) : snscmosvia_drw has 0 polygons
2026-03-25 02:32:56 +0100: Memory Usage (452720K) : colwind_drw has 0 polygons
2026-03-25 02:32:56 +0100: Memory Usage (452720K) : flm_drw has 0 polygons
2026-03-25 02:32:56 +0100: Memory Usage (452720K) : hafniumox_drw has 0 polygons
2026-03-25 02:32:56 +0100: Memory Usage (452984K) : memvia_drw has 0 polygons
2026-03-25 02:32:56 +0100: Memory Usage (452984K) : thinfilmres_drw has 0 polygons
2026-03-25 02:32:56 +0100: Memory Usage (452984K) : rfmem_drw has 0 polygons
2026-03-25 02:32:56 +0100: Memory Usage (452984K) : norcx_drw has 0 polygons
2026-03-25 02:32:56 +0100: Memory Usage (452984K) : norcx_m2m3 has 0 polygons
2026-03-25 02:32:56 +0100: Memory Usage (453248K) : norcx_m2m4 has 0 polygons
2026-03-25 02:32:56 +0100: Memory Usage (453248K) : norcx_m2m5 has 0 polygons
2026-03-25 02:32:56 +0100: Memory Usage (453248K) : norcx_m2tm1 has 0 polygons
2026-03-25 02:32:56 +0100: Memory Usage (453248K) : norcx_m2tm2 has 0 polygons
2026-03-25 02:32:56 +0100: Memory Usage (453248K) : norcx_m3m4 has 0 polygons
2026-03-25 02:32:56 +0100: Memory Usage (453248K) : norcx_m3m5 has 0 polygons
2026-03-25 02:32:56 +0100: Memory Usage (453248K) : norcx_m3tm1 has 0 polygons
2026-03-25 02:32:56 +0100: Memory Usage (453248K) : norcx_m3tm2 has 0 polygons
2026-03-25 02:32:56 +0100: Memory Usage (453512K) : norcx_m4m5 has 0 polygons
2026-03-25 02:32:56 +0100: Memory Usage (453512K) : norcx_m4tm1 has 0 polygons
2026-03-25 02:32:56 +0100: Memory Usage (453512K) : norcx_m4tm2 has 0 polygons
2026-03-25 02:32:56 +0100: Memory Usage (453512K) : norcx_m5tm1 has 0 polygons
2026-03-25 02:32:56 +0100: Memory Usage (453512K) : norcx_m5tm2 has 0 polygons
2026-03-25 02:32:56 +0100: Memory Usage (453512K) : norcx_tm1tm2 has 0 polygons
2026-03-25 02:32:56 +0100: Memory Usage (453512K) : norcx_m1sub has 0 polygons
2026-03-25 02:32:56 +0100: Memory Usage (453776K) : norcx_m2sub has 0 polygons
2026-03-25 02:32:56 +0100: Memory Usage (453776K) : norcx_m3sub has 0 polygons
2026-03-25 02:32:56 +0100: Memory Usage (453776K) : norcx_m4sub has 0 polygons
2026-03-25 02:32:56 +0100: Memory Usage (453776K) : norcx_m5sub has 0 polygons
2026-03-25 02:32:56 +0100: Memory Usage (453776K) : norcx_tm1sub has 0 polygons
2026-03-25 02:32:56 +0100: Memory Usage (453776K) : norcx_tm2sub has 0 polygons
2026-03-25 02:32:56 +0100: Memory Usage (453776K) : snsbotvia_drw has 0 polygons
2026-03-25 02:32:56 +0100: Memory Usage (454040K) : snstopvia_drw has 0 polygons
2026-03-25 02:32:56 +0100: Memory Usage (454040K) : deepvia_drw has 0 polygons
2026-03-25 02:32:56 +0100: Memory Usage (454040K) : fgetch_drw has 0 polygons
2026-03-25 02:32:56 +0100: Memory Usage (454040K) : ctrgat_drw has 0 polygons
2026-03-25 02:32:56 +0100: Memory Usage (454040K) : fgimp_drw has 0 polygons
2026-03-25 02:32:56 +0100: Memory Usage (454040K) : emwihv_drw has 0 polygons
2026-03-25 02:32:56 +0100: Memory Usage (454040K) : lbe_drw has 0 polygons
2026-03-25 02:32:56 +0100: Memory Usage (454304K) : alcustop_drw has 0 polygons
2026-03-25 02:32:56 +0100: Memory Usage (454304K) : nometfiller_drw has 0 polygons
2026-03-25 02:32:56 +0100: Memory Usage (454304K) : prboundary_drw has 0 polygons
2026-03-25 02:32:56 +0100: Memory Usage (454304K) : exchange0_drw has 0 polygons
2026-03-25 02:32:56 +0100: Memory Usage (454304K) : exchange0_pin has 0 polygons
2026-03-25 02:32:56 +0100: Memory Usage (454568K) : exchange0_text has 0 polygons
2026-03-25 02:32:56 +0100: Memory Usage (454568K) : exchange1_drw has 0 polygons
2026-03-25 02:32:56 +0100: Memory Usage (454568K) : exchange1_pin has 0 polygons
2026-03-25 02:32:56 +0100: Memory Usage (454568K) : exchange1_text has 0 polygons
2026-03-25 02:32:56 +0100: Memory Usage (454568K) : exchange2_drw has 0 polygons
2026-03-25 02:32:56 +0100: Memory Usage (454832K) : exchange2_pin has 0 polygons
2026-03-25 02:32:56 +0100: Memory Usage (454832K) : exchange2_text has 0 polygons
2026-03-25 02:32:56 +0100: Memory Usage (454832K) : exchange3_drw has 0 polygons
2026-03-25 02:32:56 +0100: Memory Usage (454832K) : exchange3_pin has 0 polygons
2026-03-25 02:32:56 +0100: Memory Usage (454832K) : exchange3_text has 0 polygons
2026-03-25 02:32:56 +0100: Memory Usage (454832K) : exchange4_drw has 0 polygons
2026-03-25 02:32:56 +0100: Memory Usage (454832K) : exchange4_pin has 0 polygons
2026-03-25 02:32:56 +0100: Memory Usage (454832K) : exchange4_text has 0 polygons
2026-03-25 02:32:56 +0100: Memory Usage (454832K) : isonwell_drw has 0 polygons
2026-03-25 02:32:56 +0100: Memory Usage (454832K) : Total no. of polygons in the design is 74600
2026-03-25 02:32:56 +0100: Memory Usage (454832K) : Loaded TECH DRC rules values from /foss/pdks/ihp-sg13g2/libs.tech/klayout/python/sg13g2_pycell_lib/sg13g2_tech_mod.json
2026-03-25 02:32:56 +0100: Memory Usage (454832K) : Loaded default DRC rules values from /foss/pdks/ihp-sg13g2/libs.tech/klayout/tech/drc/rule_decks/sg13g2_tech_default.json
2026-03-25 02:32:56 +0100: Memory Usage (454832K) : The following rules values were missing in tech json and default values were used:
2026-03-25 02:32:56 +0100: Memory Usage (454832K) :   - Cnt_c_digibnd
2026-03-25 02:32:56 +0100: Memory Usage (456232K) : Total area of the design is 28136.451999999997 um^2.
2026-03-25 02:32:56 +0100: Memory Usage (456232K) : The design dimensions are 211.6 µm * 132.97 µm.
2026-03-25 02:32:56 +0100: Memory Usage (456232K) : Starting general IHP-SG13G2 derivations.
2026-03-25 02:32:56 +0100: Memory Usage (456232K) : Starting Pwell derivations
2026-03-25 02:32:56 +0100: Memory Usage (458932K) : Starting n-Activ derivations
2026-03-25 02:32:56 +0100: Memory Usage (460040K) : Starting p-Activ derivations
2026-03-25 02:32:56 +0100: Memory Usage (460088K) : Starting ptap derivations
2026-03-25 02:32:56 +0100: Memory Usage (461136K) : Starting ntap derivations
2026-03-25 02:32:56 +0100: Memory Usage (461120K) : Starting pact FET derivations
2026-03-25 02:32:56 +0100: Memory Usage (461116K) : Starting nact FET derivations
2026-03-25 02:32:56 +0100: Memory Usage (461088K) : Starting Gate derivations
2026-03-25 02:32:56 +0100: Memory Usage (461024K) : Starting IHP-SG13G2 DRC connectivity related derivations.
2026-03-25 02:32:57 +0100: Memory Usage (461400K) : Starting IHP-SG13G2 DRC connectivity setup
2026-03-25 02:32:57 +0100: Memory Usage (461400K) : Starting IHP-SG13G2 DRC rules.
2026-03-25 02:32:57 +0100: Memory Usage (461400K) : Starting 5.1 NWell table
2026-03-25 02:32:57 +0100: Memory Usage (461400K) : Executing rule NW.b
2026-03-25 02:32:58 +0100: Memory Usage (461764K) : Executing rule NW.b1
2026-03-25 02:32:58 +0100: Memory Usage (461732K) : KLayout DRC run for tables 'nwell' completed in 3.04 seconds
