# Logfile created on 2026-03-25 02:33:00 +0100 by logger.rb/v1.5.3
2026-03-25 02:33:00 +0100: Memory Usage (436108K) : Starting running IHP-SG13G2 KLayout DRC runset on /foss/designs/Design/xschem/HPAmplifier/OTA_Telescopic_backup/OTA_Telescopic_NO_FLATTEN/Layout_and_Related_files/OTA_Telescopic_TOP_wp.gds
2026-03-25 02:33:00 +0100: Memory Usage (436108K) : Ruby Version for klayout: 3.2.3
2026-03-25 02:33:00 +0100: Memory Usage (436156K) : Loading database to memory is complete.
2026-03-25 02:33:00 +0100: Memory Usage (436156K) : IHP-SG13G2 KLayout DRC runset output at: /foss/designs/Design/xschem/HPAmplifier/OTA_Telescopic_backup/OTA_Telescopic_NO_FLATTEN/Layout_and_Related_files/drc_run_OTA_Telescopic_TOP_wp/OTA_Telescopic_TOP_wp_OTA_Telescopic_TOP_wp_gatpoly.lyrdb
2026-03-25 02:33:00 +0100: Memory Usage (436156K) : Evaluate switches.
2026-03-25 02:33:00 +0100: Memory Usage (436156K) : tables selected: gatpoly
2026-03-25 02:33:00 +0100: Memory Usage (436156K) : KLayout will use 4 thread(s) in tiled mode.
2026-03-25 02:33:00 +0100: Memory Usage (436156K) : deep mode is enabled.
2026-03-25 02:33:00 +0100: Memory Usage (436156K) : FEOL enabled: false
2026-03-25 02:33:00 +0100: Memory Usage (436156K) : BEOL enabled: false
2026-03-25 02:33:00 +0100: Memory Usage (436156K) : OFFGRID enabled: true
2026-03-25 02:33:00 +0100: Memory Usage (436156K) : PIN enabled: false
2026-03-25 02:33:00 +0100: Memory Usage (436156K) : FORBIDDEN enabled: false
2026-03-25 02:33:00 +0100: Memory Usage (436156K) : RECOMMENDED enabled: true
2026-03-25 02:33:00 +0100: Memory Usage (436156K) : PreCheck DRC enabled: false
2026-03-25 02:33:00 +0100: Memory Usage (436156K) : CONNECTIVITY_RULES enabled: false.
2026-03-25 02:33:00 +0100: Memory Usage (436156K) : Read in polygons from layers.
2026-03-25 02:33:00 +0100: Memory Usage (437840K) : activ_drw has 5032 polygons
2026-03-25 02:33:00 +0100: Memory Usage (437840K) : activ_pin has 0 polygons
2026-03-25 02:33:00 +0100: Memory Usage (437840K) : activ_mask has 0 polygons
2026-03-25 02:33:00 +0100: Memory Usage (437840K) : activ_filler has 0 polygons
2026-03-25 02:33:00 +0100: Memory Usage (437840K) : activ_nofill has 0 polygons
2026-03-25 02:33:00 +0100: Memory Usage (437840K) : activ_opc has 0 polygons
2026-03-25 02:33:00 +0100: Memory Usage (437840K) : activ_iopc has 0 polygons
2026-03-25 02:33:00 +0100: Memory Usage (437840K) : activ_noqrc has 0 polygons
2026-03-25 02:33:00 +0100: Memory Usage (437840K) : biwind_drw has 0 polygons
2026-03-25 02:33:00 +0100: Memory Usage (437840K) : biwind_opc has 0 polygons
2026-03-25 02:33:00 +0100: Memory Usage (438840K) : pemwind_drw has 0 polygons
2026-03-25 02:33:00 +0100: Memory Usage (438840K) : gatpoly_drw has 2679 polygons
2026-03-25 02:33:00 +0100: Memory Usage (438840K) : gatpoly_pin has 377 polygons
2026-03-25 02:33:00 +0100: Memory Usage (438840K) : gatpoly_filler has 0 polygons
2026-03-25 02:33:00 +0100: Memory Usage (438840K) : gatpoly_nofill has 0 polygons
2026-03-25 02:33:00 +0100: Memory Usage (438840K) : gatpoly_opc has 0 polygons
2026-03-25 02:33:00 +0100: Memory Usage (438840K) : gatpoly_iopc has 0 polygons
2026-03-25 02:33:00 +0100: Memory Usage (439104K) : gatpoly_noqrc has 0 polygons
2026-03-25 02:33:00 +0100: Memory Usage (439104K) : cont_drw has 24680 polygons
2026-03-25 02:33:00 +0100: Memory Usage (439104K) : cont_opc has 0 polygons
2026-03-25 02:33:00 +0100: Memory Usage (439340K) : nsd_drw has 0 polygons
2026-03-25 02:33:00 +0100: Memory Usage (439340K) : nsd_block has 0 polygons
2026-03-25 02:33:00 +0100: Memory Usage (439340K) : metal1_drw has 7670 polygons
2026-03-25 02:33:00 +0100: Memory Usage (439600K) : metal1_pin has 2038 polygons
2026-03-25 02:33:00 +0100: Memory Usage (439600K) : metal1_mask has 0 polygons
2026-03-25 02:33:00 +0100: Memory Usage (439600K) : metal1_filler has 0 polygons
2026-03-25 02:33:00 +0100: Memory Usage (439600K) : metal1_nofill has 0 polygons
2026-03-25 02:33:00 +0100: Memory Usage (439864K) : metal1_slit has 0 polygons
2026-03-25 02:33:00 +0100: Memory Usage (439864K) : metal1_text has 1 polygons
2026-03-25 02:33:00 +0100: Memory Usage (439864K) : metal1_opc has 0 polygons
2026-03-25 02:33:00 +0100: Memory Usage (439864K) : metal1_noqrc has 0 polygons
2026-03-25 02:33:00 +0100: Memory Usage (439864K) : metal1_res has 0 polygons
2026-03-25 02:33:00 +0100: Memory Usage (440304K) : metal1_iprobe has 0 polygons
2026-03-25 02:33:00 +0100: Memory Usage (440304K) : metal1_diffprb has 0 polygons
2026-03-25 02:33:00 +0100: Memory Usage (440304K) : passiv_drw has 0 polygons
2026-03-25 02:33:00 +0100: Memory Usage (440304K) : passiv_pin has 0 polygons
2026-03-25 02:33:00 +0100: Memory Usage (440304K) : passiv_sbump has 0 polygons
2026-03-25 02:33:00 +0100: Memory Usage (440568K) : passiv_pillar has 0 polygons
2026-03-25 02:33:00 +0100: Memory Usage (440568K) : passiv_pdl has 0 polygons
2026-03-25 02:33:00 +0100: Memory Usage (440568K) : metal2_drw has 1317 polygons
2026-03-25 02:33:00 +0100: Memory Usage (441180K) : metal2_pin has 11 polygons
2026-03-25 02:33:00 +0100: Memory Usage (441180K) : metal2_mask has 0 polygons
2026-03-25 02:33:00 +0100: Memory Usage (441180K) : metal2_filler has 0 polygons
2026-03-25 02:33:00 +0100: Memory Usage (441180K) : metal2_nofill has 0 polygons
2026-03-25 02:33:00 +0100: Memory Usage (441444K) : metal2_slit has 0 polygons
2026-03-25 02:33:00 +0100: Memory Usage (441444K) : metal2_text has 6 polygons
2026-03-25 02:33:00 +0100: Memory Usage (441492K) : metal2_opc has 0 polygons
2026-03-25 02:33:00 +0100: Memory Usage (441492K) : metal2_noqrc has 0 polygons
2026-03-25 02:33:00 +0100: Memory Usage (441492K) : metal2_res has 0 polygons
2026-03-25 02:33:00 +0100: Memory Usage (441752K) : metal2_iprobe has 0 polygons
2026-03-25 02:33:00 +0100: Memory Usage (441752K) : metal2_diffprb has 0 polygons
2026-03-25 02:33:00 +0100: Memory Usage (441752K) : baspoly_drw has 0 polygons
2026-03-25 02:33:00 +0100: Memory Usage (441752K) : baspoly_pin has 0 polygons
2026-03-25 02:33:00 +0100: Memory Usage (441752K) : psd_drw has 1551 polygons
2026-03-25 02:33:00 +0100: Memory Usage (442016K) : nldb_drw has 0 polygons
2026-03-25 02:33:00 +0100: Memory Usage (442016K) : digibnd_drw has 0 polygons
2026-03-25 02:33:00 +0100: Memory Usage (442016K) : via1_drw has 9054 polygons
2026-03-25 02:33:00 +0100: Memory Usage (442340K) : backmetal1_drw has 0 polygons
2026-03-25 02:33:00 +0100: Memory Usage (442340K) : backmetal1_pin has 0 polygons
2026-03-25 02:33:00 +0100: Memory Usage (442340K) : backmetal1_mask has 0 polygons
2026-03-25 02:33:00 +0100: Memory Usage (442340K) : backmetal1_filler has 0 polygons
2026-03-25 02:33:00 +0100: Memory Usage (442340K) : backmetal1_nofill has 0 polygons
2026-03-25 02:33:00 +0100: Memory Usage (442604K) : backmetal1_slit has 0 polygons
2026-03-25 02:33:00 +0100: Memory Usage (442604K) : backmetal1_text has 0 polygons
2026-03-25 02:33:00 +0100: Memory Usage (442604K) : backmetal1_opc has 0 polygons
2026-03-25 02:33:00 +0100: Memory Usage (442604K) : backmetal1_noqrc has 0 polygons
2026-03-25 02:33:00 +0100: Memory Usage (442604K) : backmetal1_res has 0 polygons
2026-03-25 02:33:00 +0100: Memory Usage (442868K) : backmetal1_iprobe has 0 polygons
2026-03-25 02:33:00 +0100: Memory Usage (442868K) : backmetal1_diffprb has 0 polygons
2026-03-25 02:33:00 +0100: Memory Usage (442868K) : backpassiv_drw has 0 polygons
2026-03-25 02:33:00 +0100: Memory Usage (442868K) : res_drw has 0 polygons
2026-03-25 02:33:00 +0100: Memory Usage (443136K) : sram_drw has 0 polygons
2026-03-25 02:33:00 +0100: Memory Usage (443136K) : trans_drw has 0 polygons
2026-03-25 02:33:00 +0100: Memory Usage (443136K) : ind_drw has 0 polygons
2026-03-25 02:33:00 +0100: Memory Usage (443136K) : ind_pin has 0 polygons
2026-03-25 02:33:00 +0100: Memory Usage (443396K) : ind_text has 0 polygons
2026-03-25 02:33:00 +0100: Memory Usage (443396K) : salblock_drw has 7 polygons
2026-03-25 02:33:00 +0100: Memory Usage (443524K) : via2_drw has 4753 polygons
2026-03-25 02:33:00 +0100: Memory Usage (443524K) : metal3_drw has 226 polygons
2026-03-25 02:33:00 +0100: Memory Usage (443524K) : metal3_pin has 8 polygons
2026-03-25 02:33:00 +0100: Memory Usage (443744K) : metal3_mask has 0 polygons
2026-03-25 02:33:00 +0100: Memory Usage (443744K) : metal3_filler has 0 polygons
2026-03-25 02:33:00 +0100: Memory Usage (443744K) : metal3_nofill has 0 polygons
2026-03-25 02:33:00 +0100: Memory Usage (444004K) : metal3_slit has 0 polygons
2026-03-25 02:33:00 +0100: Memory Usage (444004K) : metal3_text has 2 polygons
2026-03-25 02:33:00 +0100: Memory Usage (444004K) : metal3_opc has 0 polygons
2026-03-25 02:33:00 +0100: Memory Usage (444004K) : metal3_noqrc has 0 polygons
2026-03-25 02:33:00 +0100: Memory Usage (444004K) : metal3_res has 0 polygons
2026-03-25 02:33:00 +0100: Memory Usage (444268K) : metal3_iprobe has 0 polygons
2026-03-25 02:33:00 +0100: Memory Usage (444268K) : metal3_diffprb has 0 polygons
2026-03-25 02:33:00 +0100: Memory Usage (444268K) : nwell_drw has 1216 polygons
2026-03-25 02:33:00 +0100: Memory Usage (444268K) : nwell_pin has 0 polygons
2026-03-25 02:33:00 +0100: Memory Usage (444532K) : nbulay_drw has 0 polygons
2026-03-25 02:33:00 +0100: Memory Usage (444532K) : nbulay_pin has 0 polygons
2026-03-25 02:33:00 +0100: Memory Usage (444532K) : nbulay_block has 0 polygons
2026-03-25 02:33:00 +0100: Memory Usage (444652K) : emwind_drw has 0 polygons
2026-03-25 02:33:00 +0100: Memory Usage (444652K) : emwind_opc has 0 polygons
2026-03-25 02:33:00 +0100: Memory Usage (444888K) : deepco_drw has 0 polygons
2026-03-25 02:33:00 +0100: Memory Usage (444888K) : deepco_drw has 0 polygons
2026-03-25 02:33:00 +0100: Memory Usage (444888K) : mim_drw has 2 polygons
2026-03-25 02:33:00 +0100: Memory Usage (444888K) : edgeseal_drw has 0 polygons
2026-03-25 02:33:00 +0100: Memory Usage (445148K) : edgeseal_bound has 0 polygons
2026-03-25 02:33:00 +0100: Memory Usage (445148K) : substrate_drw has 723 polygons
2026-03-25 02:33:00 +0100: Memory Usage (445148K) : substrate_text has 0 polygons
2026-03-25 02:33:00 +0100: Memory Usage (445148K) : dfpad_drw has 0 polygons
2026-03-25 02:33:00 +0100: Memory Usage (445148K) : dfpad_pillar has 0 polygons
2026-03-25 02:33:00 +0100: Memory Usage (445412K) : dfpad_sbump has 0 polygons
2026-03-25 02:33:00 +0100: Memory Usage (445412K) : thickgateox_drw has 0 polygons
2026-03-25 02:33:00 +0100: Memory Usage (445412K) : pldb_drw has 0 polygons
2026-03-25 02:33:00 +0100: Memory Usage (445412K) : pwell_drw has 0 polygons
2026-03-25 02:33:00 +0100: Memory Usage (445412K) : pwell_pin has 0 polygons
2026-03-25 02:33:00 +0100: Memory Usage (445676K) : pwell_block has 0 polygons
2026-03-25 02:33:00 +0100: Memory Usage (445676K) : ic_drw has 0 polygons
2026-03-25 02:33:00 +0100: Memory Usage (445772K) : via3_drw has 4357 polygons
2026-03-25 02:33:00 +0100: Memory Usage (445772K) : metal4_drw has 157 polygons
2026-03-25 02:33:00 +0100: Memory Usage (446032K) : metal4_pin has 3 polygons
2026-03-25 02:33:00 +0100: Memory Usage (446032K) : metal4_mask has 0 polygons
2026-03-25 02:33:00 +0100: Memory Usage (446032K) : metal4_filler has 0 polygons
2026-03-25 02:33:00 +0100: Memory Usage (446032K) : metal4_nofill has 0 polygons
2026-03-25 02:33:00 +0100: Memory Usage (446032K) : metal4_slit has 0 polygons
2026-03-25 02:33:00 +0100: Memory Usage (446296K) : metal4_text has 5 polygons
2026-03-25 02:33:00 +0100: Memory Usage (446296K) : metal4_opc has 0 polygons
2026-03-25 02:33:00 +0100: Memory Usage (446296K) : metal4_noqrc has 0 polygons
2026-03-25 02:33:00 +0100: Memory Usage (446432K) : metal4_res has 0 polygons
2026-03-25 02:33:00 +0100: Memory Usage (446432K) : metal4_iprobe has 0 polygons
2026-03-25 02:33:00 +0100: Memory Usage (446432K) : metal4_diffprb has 0 polygons
2026-03-25 02:33:00 +0100: Memory Usage (446692K) : heattrans_drw has 1555 polygons
2026-03-25 02:33:00 +0100: Memory Usage (446692K) : heatres_drw has 7 polygons
2026-03-25 02:33:00 +0100: Memory Usage (446692K) : pempoly_drw has 0 polygons
2026-03-25 02:33:00 +0100: Memory Usage (446692K) : fbe_drw has 0 polygons
2026-03-25 02:33:00 +0100: Memory Usage (446692K) : empoly_drw has 0 polygons
2026-03-25 02:33:00 +0100: Memory Usage (446944K) : ldmos_drw has 0 polygons
2026-03-25 02:33:00 +0100: Memory Usage (446944K) : pbiwind_drw has 0 polygons
2026-03-25 02:33:00 +0100: Memory Usage (446944K) : digisub_drw has 0 polygons
2026-03-25 02:33:00 +0100: Memory Usage (447204K) : nodrc_drw has 0 polygons
2026-03-25 02:33:00 +0100: Memory Usage (447204K) : text_drw has 1107 polygons
2026-03-25 02:33:00 +0100: Memory Usage (447204K) : via4_drw has 4250 polygons
2026-03-25 02:33:00 +0100: Memory Usage (447204K) : metal5_drw has 107 polygons
2026-03-25 02:33:00 +0100: Memory Usage (447468K) : metal5_pin has 12 polygons
2026-03-25 02:33:00 +0100: Memory Usage (447468K) : metal5_mask has 0 polygons
2026-03-25 02:33:00 +0100: Memory Usage (447468K) : metal5_filler has 0 polygons
2026-03-25 02:33:00 +0100: Memory Usage (447468K) : metal5_nofill has 0 polygons
2026-03-25 02:33:00 +0100: Memory Usage (447468K) : metal5_slit has 0 polygons
2026-03-25 02:33:00 +0100: Memory Usage (447732K) : metal5_text has 18 polygons
2026-03-25 02:33:00 +0100: Memory Usage (447732K) : metal5_opc has 0 polygons
2026-03-25 02:33:00 +0100: Memory Usage (447732K) : metal5_noqrc has 0 polygons
2026-03-25 02:33:00 +0100: Memory Usage (447732K) : metal5_res has 0 polygons
2026-03-25 02:33:00 +0100: Memory Usage (447732K) : metal5_iprobe has 0 polygons
2026-03-25 02:33:00 +0100: Memory Usage (447996K) : metal5_diffprb has 0 polygons
2026-03-25 02:33:00 +0100: Memory Usage (447996K) : radhard_drw has 0 polygons
2026-03-25 02:33:00 +0100: Memory Usage (448260K) : memcap_drw has 0 polygons
2026-03-25 02:33:00 +0100: Memory Usage (448260K) : varicap_drw has 0 polygons
2026-03-25 02:33:00 +0100: Memory Usage (448260K) : flash_drw has 0 polygons
2026-03-25 02:33:00 +0100: Memory Usage (448260K) : intbondvia_drw has 0 polygons
2026-03-25 02:33:00 +0100: Memory Usage (448260K) : intbondmet_drw has 0 polygons
2026-03-25 02:33:00 +0100: Memory Usage (448524K) : devbondvia_drw has 0 polygons
2026-03-25 02:33:00 +0100: Memory Usage (448524K) : devbondmet_drw has 0 polygons
2026-03-25 02:33:00 +0100: Memory Usage (448524K) : devtrench_drw has 0 polygons
2026-03-25 02:33:00 +0100: Memory Usage (448524K) : redist_drw has 0 polygons
2026-03-25 02:33:00 +0100: Memory Usage (448524K) : graphbot_drw has 0 polygons
2026-03-25 02:33:00 +0100: Memory Usage (448788K) : graphtop_drw has 0 polygons
2026-03-25 02:33:00 +0100: Memory Usage (448788K) : antvia1_drw has 0 polygons
2026-03-25 02:33:00 +0100: Memory Usage (448788K) : antmetal2_drw has 0 polygons
2026-03-25 02:33:00 +0100: Memory Usage (448788K) : graphcont_drw has 0 polygons
2026-03-25 02:33:00 +0100: Memory Usage (448788K) : siwg_drw has 0 polygons
2026-03-25 02:33:00 +0100: Memory Usage (449052K) : siwg_filler has 0 polygons
2026-03-25 02:33:00 +0100: Memory Usage (449052K) : siwg_nofill has 0 polygons
2026-03-25 02:33:00 +0100: Memory Usage (449160K) : sigrating_drw has 0 polygons
2026-03-25 02:33:00 +0100: Memory Usage (449160K) : singrating_drw has 0 polygons
2026-03-25 02:33:00 +0100: Memory Usage (449160K) : graphpas_drw has 0 polygons
2026-03-25 02:33:00 +0100: Memory Usage (449420K) : emwind3_drw has 0 polygons
2026-03-25 02:33:00 +0100: Memory Usage (449420K) : emwihv3_drw has 0 polygons
2026-03-25 02:33:00 +0100: Memory Usage (449420K) : redbulay_drw has 0 polygons
2026-03-25 02:33:00 +0100: Memory Usage (449420K) : smos_drw has 0 polygons
2026-03-25 02:33:00 +0100: Memory Usage (449420K) : graphpad_drw has 0 polygons
2026-03-25 02:33:00 +0100: Memory Usage (449660K) : polimide_drw has 0 polygons
2026-03-25 02:33:00 +0100: Memory Usage (449660K) : polimide_pin has 0 polygons
2026-03-25 02:33:00 +0100: Memory Usage (449660K) : recog_drw has 0 polygons
2026-03-25 02:33:00 +0100: Memory Usage (449660K) : recog_pin has 0 polygons
2026-03-25 02:33:00 +0100: Memory Usage (449660K) : recog_esd has 0 polygons
2026-03-25 02:33:00 +0100: Memory Usage (449920K) : recog_diode has 0 polygons
2026-03-25 02:33:00 +0100: Memory Usage (449920K) : recog_tsv has 0 polygons
2026-03-25 02:33:00 +0100: Memory Usage (449920K) : recog_iprobe has 0 polygons
2026-03-25 02:33:00 +0100: Memory Usage (449920K) : recog_diffprb has 0 polygons
2026-03-25 02:33:00 +0100: Memory Usage (449920K) : recog_pillar has 0 polygons
2026-03-25 02:33:00 +0100: Memory Usage (449920K) : recog_sbump has 0 polygons
2026-03-25 02:33:00 +0100: Memory Usage (449920K) : recog_otp has 0 polygons
2026-03-25 02:33:00 +0100: Memory Usage (450184K) : recog_pdiode has 0 polygons
2026-03-25 02:33:00 +0100: Memory Usage (450184K) : recog_mom has 0 polygons
2026-03-25 02:33:00 +0100: Memory Usage (450184K) : recog_pcm has 0 polygons
2026-03-25 02:33:00 +0100: Memory Usage (450184K) : colopen_drw has 0 polygons
2026-03-25 02:33:00 +0100: Memory Usage (450184K) : graphmetal1_drw has 0 polygons
2026-03-25 02:33:00 +0100: Memory Usage (450184K) : graphmetal1_filler has 0 polygons
2026-03-25 02:33:00 +0100: Memory Usage (450184K) : graphmetal1_nofill has 0 polygons
2026-03-25 02:33:00 +0100: Memory Usage (450448K) : graphmetal1_slit has 0 polygons
2026-03-25 02:33:00 +0100: Memory Usage (450448K) : graphmetal1_opc has 0 polygons
2026-03-25 02:33:00 +0100: Memory Usage (450448K) : graphmet1l_drw has 0 polygons
2026-03-25 02:33:00 +0100: Memory Usage (450448K) : graphmet1l_filler has 0 polygons
2026-03-25 02:33:00 +0100: Memory Usage (450448K) : graphmet1l_nofill has 0 polygons
2026-03-25 02:33:00 +0100: Memory Usage (450712K) : graphmet1l_slit has 0 polygons
2026-03-25 02:33:00 +0100: Memory Usage (450712K) : graphmet1l_opc has 0 polygons
2026-03-25 02:33:00 +0100: Memory Usage (450712K) : extblock_drw has 21 polygons
2026-03-25 02:33:00 +0100: Memory Usage (450712K) : nldd_drw has 0 polygons
2026-03-25 02:33:00 +0100: Memory Usage (450976K) : pldd_drw has 0 polygons
2026-03-25 02:33:00 +0100: Memory Usage (450976K) : next_drw has 0 polygons
2026-03-25 02:33:00 +0100: Memory Usage (450976K) : pext_drw has 0 polygons
2026-03-25 02:33:00 +0100: Memory Usage (450976K) : nexthv_drw has 0 polygons
2026-03-25 02:33:00 +0100: Memory Usage (450976K) : pexthv_drw has 0 polygons
2026-03-25 02:33:00 +0100: Memory Usage (451240K) : graphgate_drw has 0 polygons
2026-03-25 02:33:00 +0100: Memory Usage (451240K) : sinwg_drw has 0 polygons
2026-03-25 02:33:00 +0100: Memory Usage (451240K) : sinwg_filler has 0 polygons
2026-03-25 02:33:00 +0100: Memory Usage (451240K) : sinwg_nofill has 0 polygons
2026-03-25 02:33:00 +0100: Memory Usage (451240K) : mempad_drw has 0 polygons
2026-03-25 02:33:00 +0100: Memory Usage (451240K) : topvia1_drw has 924 polygons
2026-03-25 02:33:00 +0100: Memory Usage (451240K) : topmetal1_drw has 120 polygons
2026-03-25 02:33:00 +0100: Memory Usage (451504K) : topmetal1_pin has 15 polygons
2026-03-25 02:33:00 +0100: Memory Usage (451504K) : topmetal1_mask has 0 polygons
2026-03-25 02:33:00 +0100: Memory Usage (451504K) : topmetal1_filler has 0 polygons
2026-03-25 02:33:00 +0100: Memory Usage (451504K) : topmetal1_nofill has 0 polygons
2026-03-25 02:33:00 +0100: Memory Usage (451504K) : topmetal1_slit has 0 polygons
2026-03-25 02:33:00 +0100: Memory Usage (451768K) : topmetal1_text has 4 polygons
2026-03-25 02:33:00 +0100: Memory Usage (451768K) : topmetal1_noqrc has 0 polygons
2026-03-25 02:33:00 +0100: Memory Usage (451768K) : topmetal1_res has 0 polygons
2026-03-25 02:33:00 +0100: Memory Usage (451768K) : topmetal1_iprobe has 0 polygons
2026-03-25 02:33:00 +0100: Memory Usage (451768K) : topmetal1_diffprb has 0 polygons
2026-03-25 02:33:00 +0100: Memory Usage (452032K) : inldpwl_drw has 0 polygons
2026-03-25 02:33:00 +0100: Memory Usage (452032K) : polyres_drw has 7 polygons
2026-03-25 02:33:00 +0100: Memory Usage (452032K) : polyres_pin has 0 polygons
2026-03-25 02:33:00 +0100: Memory Usage (452032K) : vmim_drw has 578 polygons
2026-03-25 02:33:00 +0100: Memory Usage (452032K) : nbulaycut_drw has 0 polygons
2026-03-25 02:33:00 +0100: Memory Usage (452296K) : antmetal1_drw has 0 polygons
2026-03-25 02:33:00 +0100: Memory Usage (452296K) : topvia2_drw has 0 polygons
2026-03-25 02:33:00 +0100: Memory Usage (452296K) : topmetal2_drw has 0 polygons
2026-03-25 02:33:00 +0100: Memory Usage (452296K) : topmetal2_pin has 0 polygons
2026-03-25 02:33:00 +0100: Memory Usage (452296K) : topmetal2_mask has 0 polygons
2026-03-25 02:33:00 +0100: Memory Usage (452560K) : topmetal2_filler has 0 polygons
2026-03-25 02:33:00 +0100: Memory Usage (452560K) : topmetal2_nofill has 0 polygons
2026-03-25 02:33:00 +0100: Memory Usage (452560K) : topmetal2_slit has 0 polygons
2026-03-25 02:33:00 +0100: Memory Usage (452560K) : topmetal2_text has 0 polygons
2026-03-25 02:33:00 +0100: Memory Usage (452560K) : topmetal2_noqrc has 0 polygons
2026-03-25 02:33:00 +0100: Memory Usage (452824K) : topmetal2_res has 0 polygons
2026-03-25 02:33:00 +0100: Memory Usage (452824K) : topmetal2_iprobe has 0 polygons
2026-03-25 02:33:00 +0100: Memory Usage (452824K) : topmetal2_diffprb has 0 polygons
2026-03-25 02:33:00 +0100: Memory Usage (452824K) : snsring_drw has 0 polygons
2026-03-25 02:33:00 +0100: Memory Usage (452824K) : sensor_drw has 0 polygons
2026-03-25 02:33:00 +0100: Memory Usage (453088K) : snsarms_drw has 0 polygons
2026-03-25 02:33:00 +0100: Memory Usage (453088K) : snscmosvia_drw has 0 polygons
2026-03-25 02:33:00 +0100: Memory Usage (453088K) : colwind_drw has 0 polygons
2026-03-25 02:33:00 +0100: Memory Usage (453088K) : flm_drw has 0 polygons
2026-03-25 02:33:00 +0100: Memory Usage (453088K) : hafniumox_drw has 0 polygons
2026-03-25 02:33:00 +0100: Memory Usage (453352K) : memvia_drw has 0 polygons
2026-03-25 02:33:00 +0100: Memory Usage (453352K) : thinfilmres_drw has 0 polygons
2026-03-25 02:33:00 +0100: Memory Usage (453352K) : rfmem_drw has 0 polygons
2026-03-25 02:33:00 +0100: Memory Usage (453352K) : norcx_drw has 0 polygons
2026-03-25 02:33:00 +0100: Memory Usage (453352K) : norcx_m2m3 has 0 polygons
2026-03-25 02:33:00 +0100: Memory Usage (453616K) : norcx_m2m4 has 0 polygons
2026-03-25 02:33:00 +0100: Memory Usage (453616K) : norcx_m2m5 has 0 polygons
2026-03-25 02:33:00 +0100: Memory Usage (453616K) : norcx_m2tm1 has 0 polygons
2026-03-25 02:33:00 +0100: Memory Usage (453616K) : norcx_m2tm2 has 0 polygons
2026-03-25 02:33:00 +0100: Memory Usage (453616K) : norcx_m3m4 has 0 polygons
2026-03-25 02:33:00 +0100: Memory Usage (453616K) : norcx_m3m5 has 0 polygons
2026-03-25 02:33:00 +0100: Memory Usage (453616K) : norcx_m3tm1 has 0 polygons
2026-03-25 02:33:00 +0100: Memory Usage (453880K) : norcx_m3tm2 has 0 polygons
2026-03-25 02:33:00 +0100: Memory Usage (453880K) : norcx_m4m5 has 0 polygons
2026-03-25 02:33:00 +0100: Memory Usage (453880K) : norcx_m4tm1 has 0 polygons
2026-03-25 02:33:00 +0100: Memory Usage (453880K) : norcx_m4tm2 has 0 polygons
2026-03-25 02:33:00 +0100: Memory Usage (453880K) : norcx_m5tm1 has 0 polygons
2026-03-25 02:33:00 +0100: Memory Usage (453880K) : norcx_m5tm2 has 0 polygons
2026-03-25 02:33:00 +0100: Memory Usage (453880K) : norcx_tm1tm2 has 0 polygons
2026-03-25 02:33:00 +0100: Memory Usage (454144K) : norcx_m1sub has 0 polygons
2026-03-25 02:33:00 +0100: Memory Usage (454144K) : norcx_m2sub has 0 polygons
2026-03-25 02:33:00 +0100: Memory Usage (454144K) : norcx_m3sub has 0 polygons
2026-03-25 02:33:00 +0100: Memory Usage (454144K) : norcx_m4sub has 0 polygons
2026-03-25 02:33:00 +0100: Memory Usage (454144K) : norcx_m5sub has 0 polygons
2026-03-25 02:33:00 +0100: Memory Usage (454144K) : norcx_tm1sub has 0 polygons
2026-03-25 02:33:00 +0100: Memory Usage (454144K) : norcx_tm2sub has 0 polygons
2026-03-25 02:33:00 +0100: Memory Usage (454408K) : snsbotvia_drw has 0 polygons
2026-03-25 02:33:00 +0100: Memory Usage (454408K) : snstopvia_drw has 0 polygons
2026-03-25 02:33:00 +0100: Memory Usage (454408K) : deepvia_drw has 0 polygons
2026-03-25 02:33:00 +0100: Memory Usage (454408K) : fgetch_drw has 0 polygons
2026-03-25 02:33:00 +0100: Memory Usage (454408K) : ctrgat_drw has 0 polygons
2026-03-25 02:33:00 +0100: Memory Usage (454408K) : fgimp_drw has 0 polygons
2026-03-25 02:33:00 +0100: Memory Usage (454408K) : emwihv_drw has 0 polygons
2026-03-25 02:33:00 +0100: Memory Usage (454672K) : lbe_drw has 0 polygons
2026-03-25 02:33:00 +0100: Memory Usage (454672K) : alcustop_drw has 0 polygons
2026-03-25 02:33:00 +0100: Memory Usage (454672K) : nometfiller_drw has 0 polygons
2026-03-25 02:33:00 +0100: Memory Usage (454672K) : prboundary_drw has 0 polygons
2026-03-25 02:33:00 +0100: Memory Usage (454672K) : exchange0_drw has 0 polygons
2026-03-25 02:33:00 +0100: Memory Usage (454672K) : exchange0_pin has 0 polygons
2026-03-25 02:33:00 +0100: Memory Usage (454936K) : exchange0_text has 0 polygons
2026-03-25 02:33:00 +0100: Memory Usage (454936K) : exchange1_drw has 0 polygons
2026-03-25 02:33:00 +0100: Memory Usage (454936K) : exchange1_pin has 0 polygons
2026-03-25 02:33:00 +0100: Memory Usage (454936K) : exchange1_text has 0 polygons
2026-03-25 02:33:00 +0100: Memory Usage (454936K) : exchange2_drw has 0 polygons
2026-03-25 02:33:00 +0100: Memory Usage (455200K) : exchange2_pin has 0 polygons
2026-03-25 02:33:00 +0100: Memory Usage (455200K) : exchange2_text has 0 polygons
2026-03-25 02:33:00 +0100: Memory Usage (455200K) : exchange3_drw has 0 polygons
2026-03-25 02:33:00 +0100: Memory Usage (455200K) : exchange3_pin has 0 polygons
2026-03-25 02:33:00 +0100: Memory Usage (455200K) : exchange3_text has 0 polygons
2026-03-25 02:33:00 +0100: Memory Usage (455200K) : exchange4_drw has 0 polygons
2026-03-25 02:33:00 +0100: Memory Usage (455200K) : exchange4_pin has 0 polygons
2026-03-25 02:33:00 +0100: Memory Usage (455200K) : exchange4_text has 0 polygons
2026-03-25 02:33:00 +0100: Memory Usage (455200K) : isonwell_drw has 0 polygons
2026-03-25 02:33:00 +0100: Memory Usage (455200K) : Total no. of polygons in the design is 74600
2026-03-25 02:33:00 +0100: Memory Usage (455200K) : Loaded TECH DRC rules values from /foss/pdks/ihp-sg13g2/libs.tech/klayout/python/sg13g2_pycell_lib/sg13g2_tech_mod.json
2026-03-25 02:33:00 +0100: Memory Usage (455200K) : Loaded default DRC rules values from /foss/pdks/ihp-sg13g2/libs.tech/klayout/tech/drc/rule_decks/sg13g2_tech_default.json
2026-03-25 02:33:00 +0100: Memory Usage (455200K) : The following rules values were missing in tech json and default values were used:
2026-03-25 02:33:00 +0100: Memory Usage (455200K) :   - Cnt_c_digibnd
2026-03-25 02:33:00 +0100: Memory Usage (456608K) : Total area of the design is 28136.451999999997 um^2.
2026-03-25 02:33:00 +0100: Memory Usage (456608K) : The design dimensions are 211.6 µm * 132.97 µm.
2026-03-25 02:33:00 +0100: Memory Usage (456608K) : Starting general IHP-SG13G2 derivations.
2026-03-25 02:33:00 +0100: Memory Usage (456608K) : Starting Pwell derivations
2026-03-25 02:33:00 +0100: Memory Usage (459356K) : Starting n-Activ derivations
2026-03-25 02:33:00 +0100: Memory Usage (460908K) : Starting p-Activ derivations
2026-03-25 02:33:00 +0100: Memory Usage (461488K) : Starting pact FET derivations
2026-03-25 02:33:01 +0100: Memory Usage (461464K) : Starting nact FET derivations
2026-03-25 02:33:01 +0100: Memory Usage (461444K) : Starting Gate derivations
2026-03-25 02:33:01 +0100: Memory Usage (461380K) : Starting IHP-SG13G2 DRC rules.
2026-03-25 02:33:01 +0100: Memory Usage (461380K) : Starting 5.8. GatPoly table
2026-03-25 02:33:01 +0100: Memory Usage (461380K) : Executing rule Gat.a
2026-03-25 02:33:01 +0100: Memory Usage (461380K) : Executing rule Gat.b
2026-03-25 02:33:01 +0100: Memory Usage (462348K) : Executing rule Gat.d
2026-03-25 02:33:01 +0100: Memory Usage (462848K) : Executing rule Gat.a1
2026-03-25 02:33:01 +0100: Memory Usage (462880K) : Executing rule Gat.a2
2026-03-25 02:33:01 +0100: Memory Usage (462748K) : Executing rule Gat.g
2026-03-25 02:33:01 +0100: Memory Usage (463272K) : KLayout DRC run for tables 'gatpoly' completed in 0.68 seconds
