# Logfile created on 2026-03-25 02:32:55 +0100 by logger.rb/v1.5.3
2026-03-25 02:32:55 +0100: Memory Usage (436420K) : Starting running IHP-SG13G2 KLayout DRC runset on /foss/designs/Design/xschem/HPAmplifier/OTA_Telescopic_backup/OTA_Telescopic_NO_FLATTEN/Layout_and_Related_files/OTA_Telescopic_TOP_wp.gds
2026-03-25 02:32:55 +0100: Memory Usage (436420K) : Ruby Version for klayout: 3.2.3
2026-03-25 02:32:55 +0100: Memory Usage (438100K) : Loading database to memory is complete.
2026-03-25 02:32:55 +0100: Memory Usage (438100K) : IHP-SG13G2 KLayout DRC runset output at: /foss/designs/Design/xschem/HPAmplifier/OTA_Telescopic_backup/OTA_Telescopic_NO_FLATTEN/Layout_and_Related_files/drc_run_OTA_Telescopic_TOP_wp/OTA_Telescopic_TOP_wp_OTA_Telescopic_TOP_wp_nbulay.lyrdb
2026-03-25 02:32:55 +0100: Memory Usage (438100K) : Evaluate switches.
2026-03-25 02:32:55 +0100: Memory Usage (438100K) : tables selected: nbulay
2026-03-25 02:32:55 +0100: Memory Usage (438100K) : KLayout will use 4 thread(s) in tiled mode.
2026-03-25 02:32:55 +0100: Memory Usage (438100K) : deep mode is enabled.
2026-03-25 02:32:55 +0100: Memory Usage (438100K) : FEOL enabled: false
2026-03-25 02:32:55 +0100: Memory Usage (438100K) : BEOL enabled: false
2026-03-25 02:32:55 +0100: Memory Usage (438100K) : OFFGRID enabled: true
2026-03-25 02:32:55 +0100: Memory Usage (438100K) : PIN enabled: false
2026-03-25 02:32:55 +0100: Memory Usage (438100K) : FORBIDDEN enabled: false
2026-03-25 02:32:55 +0100: Memory Usage (438100K) : RECOMMENDED enabled: true
2026-03-25 02:32:55 +0100: Memory Usage (438100K) : PreCheck DRC enabled: false
2026-03-25 02:32:55 +0100: Memory Usage (438100K) : CONNECTIVITY_RULES enabled: true.
2026-03-25 02:32:55 +0100: Memory Usage (438100K) : Read in polygons from layers.
2026-03-25 02:32:55 +0100: Memory Usage (438100K) : activ_drw has 5032 polygons
2026-03-25 02:32:55 +0100: Memory Usage (438100K) : activ_pin has 0 polygons
2026-03-25 02:32:55 +0100: Memory Usage (438100K) : activ_mask has 0 polygons
2026-03-25 02:32:55 +0100: Memory Usage (438100K) : activ_filler has 0 polygons
2026-03-25 02:32:55 +0100: Memory Usage (438100K) : activ_nofill has 0 polygons
2026-03-25 02:32:55 +0100: Memory Usage (438100K) : activ_opc has 0 polygons
2026-03-25 02:32:55 +0100: Memory Usage (438100K) : activ_iopc has 0 polygons
2026-03-25 02:32:55 +0100: Memory Usage (438100K) : activ_noqrc has 0 polygons
2026-03-25 02:32:55 +0100: Memory Usage (438100K) : biwind_drw has 0 polygons
2026-03-25 02:32:55 +0100: Memory Usage (438100K) : biwind_opc has 0 polygons
2026-03-25 02:32:55 +0100: Memory Usage (439080K) : pemwind_drw has 0 polygons
2026-03-25 02:32:55 +0100: Memory Usage (439080K) : gatpoly_drw has 2679 polygons
2026-03-25 02:32:55 +0100: Memory Usage (439080K) : gatpoly_pin has 377 polygons
2026-03-25 02:32:55 +0100: Memory Usage (439080K) : gatpoly_filler has 0 polygons
2026-03-25 02:32:55 +0100: Memory Usage (439080K) : gatpoly_nofill has 0 polygons
2026-03-25 02:32:55 +0100: Memory Usage (439080K) : gatpoly_opc has 0 polygons
2026-03-25 02:32:55 +0100: Memory Usage (439344K) : gatpoly_iopc has 0 polygons
2026-03-25 02:32:55 +0100: Memory Usage (439344K) : gatpoly_noqrc has 0 polygons
2026-03-25 02:32:55 +0100: Memory Usage (439344K) : cont_drw has 24680 polygons
2026-03-25 02:32:55 +0100: Memory Usage (439344K) : cont_opc has 0 polygons
2026-03-25 02:32:55 +0100: Memory Usage (439608K) : nsd_drw has 0 polygons
2026-03-25 02:32:55 +0100: Memory Usage (439656K) : nsd_block has 0 polygons
2026-03-25 02:32:55 +0100: Memory Usage (439656K) : metal1_drw has 7670 polygons
2026-03-25 02:32:55 +0100: Memory Usage (439916K) : metal1_pin has 2038 polygons
2026-03-25 02:32:55 +0100: Memory Usage (439916K) : metal1_mask has 0 polygons
2026-03-25 02:32:55 +0100: Memory Usage (439916K) : metal1_filler has 0 polygons
2026-03-25 02:32:55 +0100: Memory Usage (439916K) : metal1_nofill has 0 polygons
2026-03-25 02:32:55 +0100: Memory Usage (440180K) : metal1_slit has 0 polygons
2026-03-25 02:32:55 +0100: Memory Usage (440180K) : metal1_text has 1 polygons
2026-03-25 02:32:55 +0100: Memory Usage (440180K) : metal1_opc has 0 polygons
2026-03-25 02:32:55 +0100: Memory Usage (440180K) : metal1_noqrc has 0 polygons
2026-03-25 02:32:55 +0100: Memory Usage (440180K) : metal1_res has 0 polygons
2026-03-25 02:32:55 +0100: Memory Usage (440624K) : metal1_iprobe has 0 polygons
2026-03-25 02:32:55 +0100: Memory Usage (440624K) : metal1_diffprb has 0 polygons
2026-03-25 02:32:55 +0100: Memory Usage (440624K) : passiv_drw has 0 polygons
2026-03-25 02:32:55 +0100: Memory Usage (440624K) : passiv_pin has 0 polygons
2026-03-25 02:32:55 +0100: Memory Usage (440624K) : passiv_sbump has 0 polygons
2026-03-25 02:32:55 +0100: Memory Usage (440888K) : passiv_pillar has 0 polygons
2026-03-25 02:32:56 +0100: Memory Usage (440888K) : passiv_pdl has 0 polygons
2026-03-25 02:32:56 +0100: Memory Usage (440888K) : metal2_drw has 1317 polygons
2026-03-25 02:32:56 +0100: Memory Usage (441508K) : metal2_pin has 11 polygons
2026-03-25 02:32:56 +0100: Memory Usage (441508K) : metal2_mask has 0 polygons
2026-03-25 02:32:56 +0100: Memory Usage (441508K) : metal2_filler has 0 polygons
2026-03-25 02:32:56 +0100: Memory Usage (441508K) : metal2_nofill has 0 polygons
2026-03-25 02:32:56 +0100: Memory Usage (441772K) : metal2_slit has 0 polygons
2026-03-25 02:32:56 +0100: Memory Usage (441772K) : metal2_text has 6 polygons
2026-03-25 02:32:56 +0100: Memory Usage (441868K) : metal2_opc has 0 polygons
2026-03-25 02:32:56 +0100: Memory Usage (441868K) : metal2_noqrc has 0 polygons
2026-03-25 02:32:56 +0100: Memory Usage (441868K) : metal2_res has 0 polygons
2026-03-25 02:32:56 +0100: Memory Usage (441868K) : metal2_iprobe has 0 polygons
2026-03-25 02:32:56 +0100: Memory Usage (442128K) : metal2_diffprb has 0 polygons
2026-03-25 02:32:56 +0100: Memory Usage (442128K) : baspoly_drw has 0 polygons
2026-03-25 02:32:56 +0100: Memory Usage (442128K) : baspoly_pin has 0 polygons
2026-03-25 02:32:56 +0100: Memory Usage (442128K) : psd_drw has 1551 polygons
2026-03-25 02:32:56 +0100: Memory Usage (442128K) : nldb_drw has 0 polygons
2026-03-25 02:32:56 +0100: Memory Usage (442392K) : digibnd_drw has 0 polygons
2026-03-25 02:32:56 +0100: Memory Usage (442392K) : via1_drw has 9054 polygons
2026-03-25 02:32:56 +0100: Memory Usage (442392K) : backmetal1_drw has 0 polygons
2026-03-25 02:32:56 +0100: Memory Usage (442656K) : backmetal1_pin has 0 polygons
2026-03-25 02:32:56 +0100: Memory Usage (442656K) : backmetal1_mask has 0 polygons
2026-03-25 02:32:56 +0100: Memory Usage (442656K) : backmetal1_filler has 0 polygons
2026-03-25 02:32:56 +0100: Memory Usage (442656K) : backmetal1_nofill has 0 polygons
2026-03-25 02:32:56 +0100: Memory Usage (442656K) : backmetal1_slit has 0 polygons
2026-03-25 02:32:56 +0100: Memory Usage (442920K) : backmetal1_text has 0 polygons
2026-03-25 02:32:56 +0100: Memory Usage (442920K) : backmetal1_opc has 0 polygons
2026-03-25 02:32:56 +0100: Memory Usage (442920K) : backmetal1_noqrc has 0 polygons
2026-03-25 02:32:56 +0100: Memory Usage (442920K) : backmetal1_res has 0 polygons
2026-03-25 02:32:56 +0100: Memory Usage (442920K) : backmetal1_iprobe has 0 polygons
2026-03-25 02:32:56 +0100: Memory Usage (443184K) : backmetal1_diffprb has 0 polygons
2026-03-25 02:32:56 +0100: Memory Usage (443184K) : backpassiv_drw has 0 polygons
2026-03-25 02:32:56 +0100: Memory Usage (443184K) : res_drw has 0 polygons
2026-03-25 02:32:56 +0100: Memory Usage (443184K) : sram_drw has 0 polygons
2026-03-25 02:32:56 +0100: Memory Usage (443452K) : trans_drw has 0 polygons
2026-03-25 02:32:56 +0100: Memory Usage (443452K) : ind_drw has 0 polygons
2026-03-25 02:32:56 +0100: Memory Usage (443452K) : ind_pin has 0 polygons
2026-03-25 02:32:56 +0100: Memory Usage (443452K) : ind_text has 0 polygons
2026-03-25 02:32:56 +0100: Memory Usage (443712K) : salblock_drw has 7 polygons
2026-03-25 02:32:56 +0100: Memory Usage (443712K) : via2_drw has 4753 polygons
2026-03-25 02:32:56 +0100: Memory Usage (443792K) : metal3_drw has 226 polygons
2026-03-25 02:32:56 +0100: Memory Usage (443792K) : metal3_pin has 8 polygons
2026-03-25 02:32:56 +0100: Memory Usage (444052K) : metal3_mask has 0 polygons
2026-03-25 02:32:56 +0100: Memory Usage (444052K) : metal3_filler has 0 polygons
2026-03-25 02:32:56 +0100: Memory Usage (444168K) : metal3_nofill has 0 polygons
2026-03-25 02:32:56 +0100: Memory Usage (444168K) : metal3_slit has 0 polygons
2026-03-25 02:32:56 +0100: Memory Usage (444168K) : metal3_text has 2 polygons
2026-03-25 02:32:56 +0100: Memory Usage (444168K) : metal3_opc has 0 polygons
2026-03-25 02:32:56 +0100: Memory Usage (444428K) : metal3_noqrc has 0 polygons
2026-03-25 02:32:56 +0100: Memory Usage (444428K) : metal3_res has 0 polygons
2026-03-25 02:32:56 +0100: Memory Usage (444428K) : metal3_iprobe has 0 polygons
2026-03-25 02:32:56 +0100: Memory Usage (444428K) : metal3_diffprb has 0 polygons
2026-03-25 02:32:56 +0100: Memory Usage (444428K) : nwell_drw has 1216 polygons
2026-03-25 02:32:56 +0100: Memory Usage (444692K) : nwell_pin has 0 polygons
2026-03-25 02:32:56 +0100: Memory Usage (444692K) : nbulay_drw has 0 polygons
2026-03-25 02:32:56 +0100: Memory Usage (444692K) : nbulay_pin has 0 polygons
2026-03-25 02:32:56 +0100: Memory Usage (444692K) : nbulay_block has 0 polygons
2026-03-25 02:32:56 +0100: Memory Usage (444956K) : emwind_drw has 0 polygons
2026-03-25 02:32:56 +0100: Memory Usage (444964K) : emwind_opc has 0 polygons
2026-03-25 02:32:56 +0100: Memory Usage (444964K) : deepco_drw has 0 polygons
2026-03-25 02:32:56 +0100: Memory Usage (445192K) : deepco_drw has 0 polygons
2026-03-25 02:32:56 +0100: Memory Usage (445192K) : mim_drw has 2 polygons
2026-03-25 02:32:56 +0100: Memory Usage (445192K) : edgeseal_drw has 0 polygons
2026-03-25 02:32:56 +0100: Memory Usage (445192K) : edgeseal_bound has 0 polygons
2026-03-25 02:32:56 +0100: Memory Usage (445452K) : substrate_drw has 723 polygons
2026-03-25 02:32:56 +0100: Memory Usage (445452K) : substrate_text has 0 polygons
2026-03-25 02:32:56 +0100: Memory Usage (445452K) : dfpad_drw has 0 polygons
2026-03-25 02:32:56 +0100: Memory Usage (445452K) : dfpad_pillar has 0 polygons
2026-03-25 02:32:56 +0100: Memory Usage (445452K) : dfpad_sbump has 0 polygons
2026-03-25 02:32:56 +0100: Memory Usage (445716K) : thickgateox_drw has 0 polygons
2026-03-25 02:32:56 +0100: Memory Usage (445716K) : pldb_drw has 0 polygons
2026-03-25 02:32:56 +0100: Memory Usage (445716K) : pwell_drw has 0 polygons
2026-03-25 02:32:56 +0100: Memory Usage (445716K) : pwell_pin has 0 polygons
2026-03-25 02:32:56 +0100: Memory Usage (445716K) : pwell_block has 0 polygons
2026-03-25 02:32:56 +0100: Memory Usage (445980K) : ic_drw has 0 polygons
2026-03-25 02:32:56 +0100: Memory Usage (445980K) : via3_drw has 4357 polygons
2026-03-25 02:32:56 +0100: Memory Usage (446080K) : metal4_drw has 157 polygons
2026-03-25 02:32:56 +0100: Memory Usage (446080K) : metal4_pin has 3 polygons
2026-03-25 02:32:56 +0100: Memory Usage (446340K) : metal4_mask has 0 polygons
2026-03-25 02:32:56 +0100: Memory Usage (446340K) : metal4_filler has 0 polygons
2026-03-25 02:32:56 +0100: Memory Usage (446340K) : metal4_nofill has 0 polygons
2026-03-25 02:32:56 +0100: Memory Usage (446340K) : metal4_slit has 0 polygons
2026-03-25 02:32:56 +0100: Memory Usage (446340K) : metal4_text has 5 polygons
2026-03-25 02:32:56 +0100: Memory Usage (446604K) : metal4_opc has 0 polygons
2026-03-25 02:32:56 +0100: Memory Usage (446604K) : metal4_noqrc has 0 polygons
2026-03-25 02:32:56 +0100: Memory Usage (446604K) : metal4_res has 0 polygons
2026-03-25 02:32:56 +0100: Memory Usage (446740K) : metal4_iprobe has 0 polygons
2026-03-25 02:32:56 +0100: Memory Usage (446740K) : metal4_diffprb has 0 polygons
2026-03-25 02:32:56 +0100: Memory Usage (446740K) : heattrans_drw has 1555 polygons
2026-03-25 02:32:56 +0100: Memory Usage (447000K) : heatres_drw has 7 polygons
2026-03-25 02:32:56 +0100: Memory Usage (447000K) : pempoly_drw has 0 polygons
2026-03-25 02:32:56 +0100: Memory Usage (447000K) : fbe_drw has 0 polygons
2026-03-25 02:32:56 +0100: Memory Usage (447000K) : empoly_drw has 0 polygons
2026-03-25 02:32:56 +0100: Memory Usage (447264K) : ldmos_drw has 0 polygons
2026-03-25 02:32:56 +0100: Memory Usage (447264K) : pbiwind_drw has 0 polygons
2026-03-25 02:32:56 +0100: Memory Usage (447264K) : digisub_drw has 0 polygons
2026-03-25 02:32:56 +0100: Memory Usage (447264K) : nodrc_drw has 0 polygons
2026-03-25 02:32:56 +0100: Memory Usage (447524K) : text_drw has 1107 polygons
2026-03-25 02:32:56 +0100: Memory Usage (447524K) : via4_drw has 4250 polygons
2026-03-25 02:32:56 +0100: Memory Usage (447524K) : metal5_drw has 107 polygons
2026-03-25 02:32:56 +0100: Memory Usage (447524K) : metal5_pin has 12 polygons
2026-03-25 02:32:56 +0100: Memory Usage (447788K) : metal5_mask has 0 polygons
2026-03-25 02:32:56 +0100: Memory Usage (447788K) : metal5_filler has 0 polygons
2026-03-25 02:32:56 +0100: Memory Usage (447788K) : metal5_nofill has 0 polygons
2026-03-25 02:32:56 +0100: Memory Usage (447788K) : metal5_slit has 0 polygons
2026-03-25 02:32:56 +0100: Memory Usage (447788K) : metal5_text has 18 polygons
2026-03-25 02:32:56 +0100: Memory Usage (448052K) : metal5_opc has 0 polygons
2026-03-25 02:32:56 +0100: Memory Usage (448052K) : metal5_noqrc has 0 polygons
2026-03-25 02:32:56 +0100: Memory Usage (448052K) : metal5_res has 0 polygons
2026-03-25 02:32:56 +0100: Memory Usage (448052K) : metal5_iprobe has 0 polygons
2026-03-25 02:32:56 +0100: Memory Usage (448052K) : metal5_diffprb has 0 polygons
2026-03-25 02:32:56 +0100: Memory Usage (448416K) : radhard_drw has 0 polygons
2026-03-25 02:32:56 +0100: Memory Usage (448416K) : memcap_drw has 0 polygons
2026-03-25 02:32:56 +0100: Memory Usage (448416K) : varicap_drw has 0 polygons
2026-03-25 02:32:56 +0100: Memory Usage (448416K) : flash_drw has 0 polygons
2026-03-25 02:32:56 +0100: Memory Usage (448676K) : intbondvia_drw has 0 polygons
2026-03-25 02:32:56 +0100: Memory Usage (448676K) : intbondmet_drw has 0 polygons
2026-03-25 02:32:56 +0100: Memory Usage (448676K) : devbondvia_drw has 0 polygons
2026-03-25 02:32:56 +0100: Memory Usage (448676K) : devbondmet_drw has 0 polygons
2026-03-25 02:32:56 +0100: Memory Usage (448676K) : devtrench_drw has 0 polygons
2026-03-25 02:32:56 +0100: Memory Usage (448940K) : redist_drw has 0 polygons
2026-03-25 02:32:56 +0100: Memory Usage (448940K) : graphbot_drw has 0 polygons
2026-03-25 02:32:56 +0100: Memory Usage (448940K) : graphtop_drw has 0 polygons
2026-03-25 02:32:56 +0100: Memory Usage (448940K) : antvia1_drw has 0 polygons
2026-03-25 02:32:56 +0100: Memory Usage (448940K) : antmetal2_drw has 0 polygons
2026-03-25 02:32:56 +0100: Memory Usage (449204K) : graphcont_drw has 0 polygons
2026-03-25 02:32:56 +0100: Memory Usage (449204K) : siwg_drw has 0 polygons
2026-03-25 02:32:56 +0100: Memory Usage (449204K) : siwg_filler has 0 polygons
2026-03-25 02:32:56 +0100: Memory Usage (449204K) : siwg_nofill has 0 polygons
2026-03-25 02:32:56 +0100: Memory Usage (449420K) : sigrating_drw has 0 polygons
2026-03-25 02:32:56 +0100: Memory Usage (449420K) : singrating_drw has 0 polygons
2026-03-25 02:32:56 +0100: Memory Usage (449420K) : graphpas_drw has 0 polygons
2026-03-25 02:32:56 +0100: Memory Usage (449680K) : emwind3_drw has 0 polygons
2026-03-25 02:32:56 +0100: Memory Usage (449680K) : emwihv3_drw has 0 polygons
2026-03-25 02:32:56 +0100: Memory Usage (449680K) : redbulay_drw has 0 polygons
2026-03-25 02:32:56 +0100: Memory Usage (449680K) : smos_drw has 0 polygons
2026-03-25 02:32:56 +0100: Memory Usage (449680K) : graphpad_drw has 0 polygons
2026-03-25 02:32:56 +0100: Memory Usage (449980K) : polimide_drw has 0 polygons
2026-03-25 02:32:56 +0100: Memory Usage (449980K) : polimide_pin has 0 polygons
2026-03-25 02:32:56 +0100: Memory Usage (449980K) : recog_drw has 0 polygons
2026-03-25 02:32:56 +0100: Memory Usage (449980K) : recog_pin has 0 polygons
2026-03-25 02:32:56 +0100: Memory Usage (449980K) : recog_esd has 0 polygons
2026-03-25 02:32:56 +0100: Memory Usage (449980K) : recog_diode has 0 polygons
2026-03-25 02:32:56 +0100: Memory Usage (450240K) : recog_tsv has 0 polygons
2026-03-25 02:32:56 +0100: Memory Usage (450240K) : recog_iprobe has 0 polygons
2026-03-25 02:32:56 +0100: Memory Usage (450240K) : recog_diffprb has 0 polygons
2026-03-25 02:32:56 +0100: Memory Usage (450240K) : recog_pillar has 0 polygons
2026-03-25 02:32:56 +0100: Memory Usage (450240K) : recog_sbump has 0 polygons
2026-03-25 02:32:56 +0100: Memory Usage (450240K) : recog_otp has 0 polygons
2026-03-25 02:32:56 +0100: Memory Usage (450240K) : recog_pdiode has 0 polygons
2026-03-25 02:32:56 +0100: Memory Usage (450504K) : recog_mom has 0 polygons
2026-03-25 02:32:56 +0100: Memory Usage (450504K) : recog_pcm has 0 polygons
2026-03-25 02:32:56 +0100: Memory Usage (450504K) : colopen_drw has 0 polygons
2026-03-25 02:32:56 +0100: Memory Usage (450504K) : graphmetal1_drw has 0 polygons
2026-03-25 02:32:56 +0100: Memory Usage (450504K) : graphmetal1_filler has 0 polygons
2026-03-25 02:32:56 +0100: Memory Usage (450504K) : graphmetal1_nofill has 0 polygons
2026-03-25 02:32:56 +0100: Memory Usage (450504K) : graphmetal1_slit has 0 polygons
2026-03-25 02:32:56 +0100: Memory Usage (450768K) : graphmetal1_opc has 0 polygons
2026-03-25 02:32:56 +0100: Memory Usage (450768K) : graphmet1l_drw has 0 polygons
2026-03-25 02:32:56 +0100: Memory Usage (450768K) : graphmet1l_filler has 0 polygons
2026-03-25 02:32:56 +0100: Memory Usage (450768K) : graphmet1l_nofill has 0 polygons
2026-03-25 02:32:56 +0100: Memory Usage (450768K) : graphmet1l_slit has 0 polygons
2026-03-25 02:32:56 +0100: Memory Usage (451032K) : graphmet1l_opc has 0 polygons
2026-03-25 02:32:56 +0100: Memory Usage (451032K) : extblock_drw has 21 polygons
2026-03-25 02:32:56 +0100: Memory Usage (451032K) : nldd_drw has 0 polygons
2026-03-25 02:32:56 +0100: Memory Usage (451032K) : pldd_drw has 0 polygons
2026-03-25 02:32:56 +0100: Memory Usage (451296K) : next_drw has 0 polygons
2026-03-25 02:32:56 +0100: Memory Usage (451296K) : pext_drw has 0 polygons
2026-03-25 02:32:56 +0100: Memory Usage (451296K) : nexthv_drw has 0 polygons
2026-03-25 02:32:56 +0100: Memory Usage (451296K) : pexthv_drw has 0 polygons
2026-03-25 02:32:56 +0100: Memory Usage (451296K) : graphgate_drw has 0 polygons
2026-03-25 02:32:56 +0100: Memory Usage (451560K) : sinwg_drw has 0 polygons
2026-03-25 02:32:56 +0100: Memory Usage (451560K) : sinwg_filler has 0 polygons
2026-03-25 02:32:56 +0100: Memory Usage (451560K) : sinwg_nofill has 0 polygons
2026-03-25 02:32:56 +0100: Memory Usage (451560K) : mempad_drw has 0 polygons
2026-03-25 02:32:56 +0100: Memory Usage (451560K) : topvia1_drw has 924 polygons
2026-03-25 02:32:56 +0100: Memory Usage (451560K) : topmetal1_drw has 120 polygons
2026-03-25 02:32:56 +0100: Memory Usage (451560K) : topmetal1_pin has 15 polygons
2026-03-25 02:32:56 +0100: Memory Usage (451824K) : topmetal1_mask has 0 polygons
2026-03-25 02:32:56 +0100: Memory Usage (451824K) : topmetal1_filler has 0 polygons
2026-03-25 02:32:56 +0100: Memory Usage (451824K) : topmetal1_nofill has 0 polygons
2026-03-25 02:32:56 +0100: Memory Usage (451824K) : topmetal1_slit has 0 polygons
2026-03-25 02:32:56 +0100: Memory Usage (451824K) : topmetal1_text has 4 polygons
2026-03-25 02:32:56 +0100: Memory Usage (451824K) : topmetal1_noqrc has 0 polygons
2026-03-25 02:32:56 +0100: Memory Usage (452088K) : topmetal1_res has 0 polygons
2026-03-25 02:32:56 +0100: Memory Usage (452088K) : topmetal1_iprobe has 0 polygons
2026-03-25 02:32:56 +0100: Memory Usage (452088K) : topmetal1_diffprb has 0 polygons
2026-03-25 02:32:56 +0100: Memory Usage (452088K) : inldpwl_drw has 0 polygons
2026-03-25 02:32:56 +0100: Memory Usage (452088K) : polyres_drw has 7 polygons
2026-03-25 02:32:56 +0100: Memory Usage (452352K) : polyres_pin has 0 polygons
2026-03-25 02:32:56 +0100: Memory Usage (452352K) : vmim_drw has 578 polygons
2026-03-25 02:32:56 +0100: Memory Usage (452352K) : nbulaycut_drw has 0 polygons
2026-03-25 02:32:56 +0100: Memory Usage (452352K) : antmetal1_drw has 0 polygons
2026-03-25 02:32:56 +0100: Memory Usage (452616K) : topvia2_drw has 0 polygons
2026-03-25 02:32:56 +0100: Memory Usage (452616K) : topmetal2_drw has 0 polygons
2026-03-25 02:32:56 +0100: Memory Usage (452616K) : topmetal2_pin has 0 polygons
2026-03-25 02:32:56 +0100: Memory Usage (452616K) : topmetal2_mask has 0 polygons
2026-03-25 02:32:56 +0100: Memory Usage (452616K) : topmetal2_filler has 0 polygons
2026-03-25 02:32:56 +0100: Memory Usage (452880K) : topmetal2_nofill has 0 polygons
2026-03-25 02:32:56 +0100: Memory Usage (452880K) : topmetal2_slit has 0 polygons
2026-03-25 02:32:56 +0100: Memory Usage (452880K) : topmetal2_text has 0 polygons
2026-03-25 02:32:56 +0100: Memory Usage (452880K) : topmetal2_noqrc has 0 polygons
2026-03-25 02:32:56 +0100: Memory Usage (452880K) : topmetal2_res has 0 polygons
2026-03-25 02:32:56 +0100: Memory Usage (453144K) : topmetal2_iprobe has 0 polygons
2026-03-25 02:32:56 +0100: Memory Usage (453144K) : topmetal2_diffprb has 0 polygons
2026-03-25 02:32:56 +0100: Memory Usage (453144K) : snsring_drw has 0 polygons
2026-03-25 02:32:56 +0100: Memory Usage (453144K) : sensor_drw has 0 polygons
2026-03-25 02:32:56 +0100: Memory Usage (453144K) : snsarms_drw has 0 polygons
2026-03-25 02:32:56 +0100: Memory Usage (453408K) : snscmosvia_drw has 0 polygons
2026-03-25 02:32:56 +0100: Memory Usage (453408K) : colwind_drw has 0 polygons
2026-03-25 02:32:56 +0100: Memory Usage (453408K) : flm_drw has 0 polygons
2026-03-25 02:32:56 +0100: Memory Usage (453408K) : hafniumox_drw has 0 polygons
2026-03-25 02:32:56 +0100: Memory Usage (453408K) : memvia_drw has 0 polygons
2026-03-25 02:32:56 +0100: Memory Usage (453672K) : thinfilmres_drw has 0 polygons
2026-03-25 02:32:56 +0100: Memory Usage (453672K) : rfmem_drw has 0 polygons
2026-03-25 02:32:56 +0100: Memory Usage (453672K) : norcx_drw has 0 polygons
2026-03-25 02:32:56 +0100: Memory Usage (453672K) : norcx_m2m3 has 0 polygons
2026-03-25 02:32:56 +0100: Memory Usage (453672K) : norcx_m2m4 has 0 polygons
2026-03-25 02:32:56 +0100: Memory Usage (453672K) : norcx_m2m5 has 0 polygons
2026-03-25 02:32:56 +0100: Memory Usage (453672K) : norcx_m2tm1 has 0 polygons
2026-03-25 02:32:56 +0100: Memory Usage (453936K) : norcx_m2tm2 has 0 polygons
2026-03-25 02:32:56 +0100: Memory Usage (453936K) : norcx_m3m4 has 0 polygons
2026-03-25 02:32:56 +0100: Memory Usage (453936K) : norcx_m3m5 has 0 polygons
2026-03-25 02:32:56 +0100: Memory Usage (453936K) : norcx_m3tm1 has 0 polygons
2026-03-25 02:32:56 +0100: Memory Usage (453936K) : norcx_m3tm2 has 0 polygons
2026-03-25 02:32:56 +0100: Memory Usage (453936K) : norcx_m4m5 has 0 polygons
2026-03-25 02:32:56 +0100: Memory Usage (453936K) : norcx_m4tm1 has 0 polygons
2026-03-25 02:32:56 +0100: Memory Usage (454200K) : norcx_m4tm2 has 0 polygons
2026-03-25 02:32:56 +0100: Memory Usage (454200K) : norcx_m5tm1 has 0 polygons
2026-03-25 02:32:56 +0100: Memory Usage (454200K) : norcx_m5tm2 has 0 polygons
2026-03-25 02:32:56 +0100: Memory Usage (454200K) : norcx_tm1tm2 has 0 polygons
2026-03-25 02:32:56 +0100: Memory Usage (454200K) : norcx_m1sub has 0 polygons
2026-03-25 02:32:56 +0100: Memory Usage (454200K) : norcx_m2sub has 0 polygons
2026-03-25 02:32:56 +0100: Memory Usage (454200K) : norcx_m3sub has 0 polygons
2026-03-25 02:32:56 +0100: Memory Usage (454464K) : norcx_m4sub has 0 polygons
2026-03-25 02:32:56 +0100: Memory Usage (454464K) : norcx_m5sub has 0 polygons
2026-03-25 02:32:56 +0100: Memory Usage (454464K) : norcx_tm1sub has 0 polygons
2026-03-25 02:32:56 +0100: Memory Usage (454464K) : norcx_tm2sub has 0 polygons
2026-03-25 02:32:56 +0100: Memory Usage (454464K) : snsbotvia_drw has 0 polygons
2026-03-25 02:32:56 +0100: Memory Usage (454464K) : snstopvia_drw has 0 polygons
2026-03-25 02:32:56 +0100: Memory Usage (454464K) : deepvia_drw has 0 polygons
2026-03-25 02:32:56 +0100: Memory Usage (454728K) : fgetch_drw has 0 polygons
2026-03-25 02:32:56 +0100: Memory Usage (454728K) : ctrgat_drw has 0 polygons
2026-03-25 02:32:56 +0100: Memory Usage (454728K) : fgimp_drw has 0 polygons
2026-03-25 02:32:56 +0100: Memory Usage (454728K) : emwihv_drw has 0 polygons
2026-03-25 02:32:56 +0100: Memory Usage (454728K) : lbe_drw has 0 polygons
2026-03-25 02:32:56 +0100: Memory Usage (454728K) : alcustop_drw has 0 polygons
2026-03-25 02:32:56 +0100: Memory Usage (454992K) : nometfiller_drw has 0 polygons
2026-03-25 02:32:56 +0100: Memory Usage (454992K) : prboundary_drw has 0 polygons
2026-03-25 02:32:56 +0100: Memory Usage (454992K) : exchange0_drw has 0 polygons
2026-03-25 02:32:56 +0100: Memory Usage (454992K) : exchange0_pin has 0 polygons
2026-03-25 02:32:56 +0100: Memory Usage (454992K) : exchange0_text has 0 polygons
2026-03-25 02:32:56 +0100: Memory Usage (455256K) : exchange1_drw has 0 polygons
2026-03-25 02:32:56 +0100: Memory Usage (455256K) : exchange1_pin has 0 polygons
2026-03-25 02:32:56 +0100: Memory Usage (455256K) : exchange1_text has 0 polygons
2026-03-25 02:32:56 +0100: Memory Usage (455256K) : exchange2_drw has 0 polygons
2026-03-25 02:32:56 +0100: Memory Usage (455256K) : exchange2_pin has 0 polygons
2026-03-25 02:32:56 +0100: Memory Usage (455520K) : exchange2_text has 0 polygons
2026-03-25 02:32:56 +0100: Memory Usage (455520K) : exchange3_drw has 0 polygons
2026-03-25 02:32:56 +0100: Memory Usage (455520K) : exchange3_pin has 0 polygons
2026-03-25 02:32:56 +0100: Memory Usage (455520K) : exchange3_text has 0 polygons
2026-03-25 02:32:56 +0100: Memory Usage (455520K) : exchange4_drw has 0 polygons
2026-03-25 02:32:56 +0100: Memory Usage (455520K) : exchange4_pin has 0 polygons
2026-03-25 02:32:56 +0100: Memory Usage (455520K) : exchange4_text has 0 polygons
2026-03-25 02:32:56 +0100: Memory Usage (455520K) : isonwell_drw has 0 polygons
2026-03-25 02:32:56 +0100: Memory Usage (455520K) : Total no. of polygons in the design is 74600
2026-03-25 02:32:56 +0100: Memory Usage (455520K) : Loaded TECH DRC rules values from /foss/pdks/ihp-sg13g2/libs.tech/klayout/python/sg13g2_pycell_lib/sg13g2_tech_mod.json
2026-03-25 02:32:56 +0100: Memory Usage (455520K) : Loaded default DRC rules values from /foss/pdks/ihp-sg13g2/libs.tech/klayout/tech/drc/rule_decks/sg13g2_tech_default.json
2026-03-25 02:32:56 +0100: Memory Usage (455520K) : The following rules values were missing in tech json and default values were used:
2026-03-25 02:32:56 +0100: Memory Usage (455520K) :   - Cnt_c_digibnd
2026-03-25 02:32:56 +0100: Memory Usage (455520K) : Total area of the design is 28136.451999999997 um^2.
2026-03-25 02:32:56 +0100: Memory Usage (455520K) : The design dimensions are 211.6 µm * 132.97 µm.
2026-03-25 02:32:56 +0100: Memory Usage (455520K) : Starting general IHP-SG13G2 derivations.
2026-03-25 02:32:56 +0100: Memory Usage (455520K) : Starting Pwell derivations
2026-03-25 02:32:56 +0100: Memory Usage (457812K) : Starting n-Activ derivations
2026-03-25 02:32:56 +0100: Memory Usage (458880K) : Starting p-Activ derivations
2026-03-25 02:32:56 +0100: Memory Usage (461068K) : Starting ptap derivations
2026-03-25 02:32:56 +0100: Memory Usage (461180K) : Starting ntap derivations
2026-03-25 02:32:56 +0100: Memory Usage (461148K) : Starting pact FET derivations
2026-03-25 02:32:56 +0100: Memory Usage (461116K) : Starting nact FET derivations
2026-03-25 02:32:56 +0100: Memory Usage (461084K) : Starting Gate derivations
2026-03-25 02:32:56 +0100: Memory Usage (461020K) : Starting IHP-SG13G2 DRC connectivity related derivations.
2026-03-25 02:32:57 +0100: Memory Usage (461344K) : Starting IHP-SG13G2 DRC connectivity setup
2026-03-25 02:32:57 +0100: Memory Usage (461344K) : Starting IHP-SG13G2 DRC rules.
2026-03-25 02:32:57 +0100: Memory Usage (461344K) : Starting 5.3 nBuLay table
2026-03-25 02:32:58 +0100: Memory Usage (461640K) : Executing rule NBL.b
2026-03-25 02:32:58 +0100: Memory Usage (461672K) : Executing rule NBL.c
2026-03-25 02:32:58 +0100: Memory Usage (461640K) : Executing rule NBL.d
2026-03-25 02:32:58 +0100: Memory Usage (461608K) : Executing rule NBL.e
2026-03-25 02:32:58 +0100: Memory Usage (461656K) : Executing rule NBL.f
2026-03-25 02:32:58 +0100: Memory Usage (462480K) : KLayout DRC run for tables 'nbulay' completed in 3.04 seconds
