# Logfile created on 2026-03-25 02:33:05 +0100 by logger.rb/v1.5.3
2026-03-25 02:33:05 +0100: Memory Usage (436304K) : Starting running IHP-SG13G2 KLayout DRC runset on /foss/designs/Design/xschem/HPAmplifier/OTA_Telescopic_backup/OTA_Telescopic_NO_FLATTEN/Layout_and_Related_files/OTA_Telescopic_TOP_wp.gds
2026-03-25 02:33:05 +0100: Memory Usage (436304K) : Ruby Version for klayout: 3.2.3
2026-03-25 02:33:05 +0100: Memory Usage (436352K) : Loading database to memory is complete.
2026-03-25 02:33:05 +0100: Memory Usage (436352K) : IHP-SG13G2 KLayout DRC runset output at: /foss/designs/Design/xschem/HPAmplifier/OTA_Telescopic_backup/OTA_Telescopic_NO_FLATTEN/Layout_and_Related_files/drc_run_OTA_Telescopic_TOP_wp/OTA_Telescopic_TOP_wp_OTA_Telescopic_TOP_wp_pad.lyrdb
2026-03-25 02:33:05 +0100: Memory Usage (438048K) : Evaluate switches.
2026-03-25 02:33:05 +0100: Memory Usage (438048K) : tables selected: pad
2026-03-25 02:33:05 +0100: Memory Usage (438048K) : KLayout will use 4 thread(s) in tiled mode.
2026-03-25 02:33:05 +0100: Memory Usage (438048K) : deep mode is enabled.
2026-03-25 02:33:05 +0100: Memory Usage (438048K) : FEOL enabled: false
2026-03-25 02:33:05 +0100: Memory Usage (438048K) : BEOL enabled: false
2026-03-25 02:33:05 +0100: Memory Usage (438048K) : OFFGRID enabled: true
2026-03-25 02:33:05 +0100: Memory Usage (438048K) : PIN enabled: false
2026-03-25 02:33:05 +0100: Memory Usage (438048K) : FORBIDDEN enabled: false
2026-03-25 02:33:05 +0100: Memory Usage (438048K) : RECOMMENDED enabled: true
2026-03-25 02:33:05 +0100: Memory Usage (438048K) : PreCheck DRC enabled: false
2026-03-25 02:33:05 +0100: Memory Usage (438048K) : CONNECTIVITY_RULES enabled: false.
2026-03-25 02:33:05 +0100: Memory Usage (438048K) : Read in polygons from layers.
2026-03-25 02:33:05 +0100: Memory Usage (438048K) : activ_drw has 5032 polygons
2026-03-25 02:33:05 +0100: Memory Usage (438048K) : activ_pin has 0 polygons
2026-03-25 02:33:05 +0100: Memory Usage (438048K) : activ_mask has 0 polygons
2026-03-25 02:33:05 +0100: Memory Usage (438048K) : activ_filler has 0 polygons
2026-03-25 02:33:05 +0100: Memory Usage (438048K) : activ_nofill has 0 polygons
2026-03-25 02:33:05 +0100: Memory Usage (438048K) : activ_opc has 0 polygons
2026-03-25 02:33:05 +0100: Memory Usage (438048K) : activ_iopc has 0 polygons
2026-03-25 02:33:05 +0100: Memory Usage (438048K) : activ_noqrc has 0 polygons
2026-03-25 02:33:05 +0100: Memory Usage (438048K) : biwind_drw has 0 polygons
2026-03-25 02:33:05 +0100: Memory Usage (438048K) : biwind_opc has 0 polygons
2026-03-25 02:33:05 +0100: Memory Usage (438968K) : pemwind_drw has 0 polygons
2026-03-25 02:33:05 +0100: Memory Usage (438968K) : gatpoly_drw has 2679 polygons
2026-03-25 02:33:05 +0100: Memory Usage (438968K) : gatpoly_pin has 377 polygons
2026-03-25 02:33:05 +0100: Memory Usage (438968K) : gatpoly_filler has 0 polygons
2026-03-25 02:33:05 +0100: Memory Usage (438968K) : gatpoly_nofill has 0 polygons
2026-03-25 02:33:05 +0100: Memory Usage (438968K) : gatpoly_opc has 0 polygons
2026-03-25 02:33:05 +0100: Memory Usage (438968K) : gatpoly_iopc has 0 polygons
2026-03-25 02:33:05 +0100: Memory Usage (439232K) : gatpoly_noqrc has 0 polygons
2026-03-25 02:33:05 +0100: Memory Usage (439232K) : cont_drw has 24680 polygons
2026-03-25 02:33:05 +0100: Memory Usage (439232K) : cont_opc has 0 polygons
2026-03-25 02:33:05 +0100: Memory Usage (439468K) : nsd_drw has 0 polygons
2026-03-25 02:33:05 +0100: Memory Usage (439468K) : nsd_block has 0 polygons
2026-03-25 02:33:05 +0100: Memory Usage (439468K) : metal1_drw has 7670 polygons
2026-03-25 02:33:05 +0100: Memory Usage (439728K) : metal1_pin has 2038 polygons
2026-03-25 02:33:05 +0100: Memory Usage (439728K) : metal1_mask has 0 polygons
2026-03-25 02:33:05 +0100: Memory Usage (439728K) : metal1_filler has 0 polygons
2026-03-25 02:33:05 +0100: Memory Usage (439728K) : metal1_nofill has 0 polygons
2026-03-25 02:33:05 +0100: Memory Usage (439992K) : metal1_slit has 0 polygons
2026-03-25 02:33:05 +0100: Memory Usage (439992K) : metal1_text has 1 polygons
2026-03-25 02:33:05 +0100: Memory Usage (439992K) : metal1_opc has 0 polygons
2026-03-25 02:33:05 +0100: Memory Usage (439992K) : metal1_noqrc has 0 polygons
2026-03-25 02:33:05 +0100: Memory Usage (439992K) : metal1_res has 0 polygons
2026-03-25 02:33:05 +0100: Memory Usage (440372K) : metal1_iprobe has 0 polygons
2026-03-25 02:33:05 +0100: Memory Usage (440372K) : metal1_diffprb has 0 polygons
2026-03-25 02:33:05 +0100: Memory Usage (440372K) : passiv_drw has 0 polygons
2026-03-25 02:33:05 +0100: Memory Usage (440372K) : passiv_pin has 0 polygons
2026-03-25 02:33:05 +0100: Memory Usage (440372K) : passiv_sbump has 0 polygons
2026-03-25 02:33:05 +0100: Memory Usage (440636K) : passiv_pillar has 0 polygons
2026-03-25 02:33:05 +0100: Memory Usage (440636K) : passiv_pdl has 0 polygons
2026-03-25 02:33:05 +0100: Memory Usage (440636K) : metal2_drw has 1317 polygons
2026-03-25 02:33:05 +0100: Memory Usage (441196K) : metal2_pin has 11 polygons
2026-03-25 02:33:05 +0100: Memory Usage (441196K) : metal2_mask has 0 polygons
2026-03-25 02:33:05 +0100: Memory Usage (441196K) : metal2_filler has 0 polygons
2026-03-25 02:33:05 +0100: Memory Usage (441196K) : metal2_nofill has 0 polygons
2026-03-25 02:33:05 +0100: Memory Usage (441196K) : metal2_slit has 0 polygons
2026-03-25 02:33:05 +0100: Memory Usage (441460K) : metal2_text has 6 polygons
2026-03-25 02:33:05 +0100: Memory Usage (441540K) : metal2_opc has 0 polygons
2026-03-25 02:33:05 +0100: Memory Usage (441540K) : metal2_noqrc has 0 polygons
2026-03-25 02:33:05 +0100: Memory Usage (441540K) : metal2_res has 0 polygons
2026-03-25 02:33:05 +0100: Memory Usage (441540K) : metal2_iprobe has 0 polygons
2026-03-25 02:33:05 +0100: Memory Usage (441800K) : metal2_diffprb has 0 polygons
2026-03-25 02:33:05 +0100: Memory Usage (441800K) : baspoly_drw has 0 polygons
2026-03-25 02:33:05 +0100: Memory Usage (441800K) : baspoly_pin has 0 polygons
2026-03-25 02:33:05 +0100: Memory Usage (441800K) : psd_drw has 1551 polygons
2026-03-25 02:33:05 +0100: Memory Usage (441800K) : nldb_drw has 0 polygons
2026-03-25 02:33:05 +0100: Memory Usage (442064K) : digibnd_drw has 0 polygons
2026-03-25 02:33:05 +0100: Memory Usage (442064K) : via1_drw has 9054 polygons
2026-03-25 02:33:05 +0100: Memory Usage (442064K) : backmetal1_drw has 0 polygons
2026-03-25 02:33:05 +0100: Memory Usage (442388K) : backmetal1_pin has 0 polygons
2026-03-25 02:33:05 +0100: Memory Usage (442388K) : backmetal1_mask has 0 polygons
2026-03-25 02:33:05 +0100: Memory Usage (442388K) : backmetal1_filler has 0 polygons
2026-03-25 02:33:05 +0100: Memory Usage (442388K) : backmetal1_nofill has 0 polygons
2026-03-25 02:33:05 +0100: Memory Usage (442652K) : backmetal1_slit has 0 polygons
2026-03-25 02:33:05 +0100: Memory Usage (442652K) : backmetal1_text has 0 polygons
2026-03-25 02:33:05 +0100: Memory Usage (442652K) : backmetal1_opc has 0 polygons
2026-03-25 02:33:05 +0100: Memory Usage (442652K) : backmetal1_noqrc has 0 polygons
2026-03-25 02:33:05 +0100: Memory Usage (442652K) : backmetal1_res has 0 polygons
2026-03-25 02:33:05 +0100: Memory Usage (442916K) : backmetal1_iprobe has 0 polygons
2026-03-25 02:33:05 +0100: Memory Usage (442916K) : backmetal1_diffprb has 0 polygons
2026-03-25 02:33:05 +0100: Memory Usage (442916K) : backpassiv_drw has 0 polygons
2026-03-25 02:33:05 +0100: Memory Usage (442916K) : res_drw has 0 polygons
2026-03-25 02:33:05 +0100: Memory Usage (442916K) : sram_drw has 0 polygons
2026-03-25 02:33:05 +0100: Memory Usage (443136K) : trans_drw has 0 polygons
2026-03-25 02:33:05 +0100: Memory Usage (443136K) : ind_drw has 0 polygons
2026-03-25 02:33:05 +0100: Memory Usage (443136K) : ind_pin has 0 polygons
2026-03-25 02:33:05 +0100: Memory Usage (443396K) : ind_text has 0 polygons
2026-03-25 02:33:05 +0100: Memory Usage (443396K) : salblock_drw has 7 polygons
2026-03-25 02:33:05 +0100: Memory Usage (443396K) : via2_drw has 4753 polygons
2026-03-25 02:33:05 +0100: Memory Usage (443524K) : metal3_drw has 226 polygons
2026-03-25 02:33:05 +0100: Memory Usage (443524K) : metal3_pin has 8 polygons
2026-03-25 02:33:05 +0100: Memory Usage (443812K) : metal3_mask has 0 polygons
2026-03-25 02:33:05 +0100: Memory Usage (443812K) : metal3_filler has 0 polygons
2026-03-25 02:33:05 +0100: Memory Usage (443812K) : metal3_nofill has 0 polygons
2026-03-25 02:33:05 +0100: Memory Usage (443812K) : metal3_slit has 0 polygons
2026-03-25 02:33:05 +0100: Memory Usage (444072K) : metal3_text has 2 polygons
2026-03-25 02:33:05 +0100: Memory Usage (444072K) : metal3_opc has 0 polygons
2026-03-25 02:33:05 +0100: Memory Usage (444072K) : metal3_noqrc has 0 polygons
2026-03-25 02:33:05 +0100: Memory Usage (444072K) : metal3_res has 0 polygons
2026-03-25 02:33:05 +0100: Memory Usage (444072K) : metal3_iprobe has 0 polygons
2026-03-25 02:33:05 +0100: Memory Usage (444336K) : metal3_diffprb has 0 polygons
2026-03-25 02:33:05 +0100: Memory Usage (444336K) : nwell_drw has 1216 polygons
2026-03-25 02:33:05 +0100: Memory Usage (444336K) : nwell_pin has 0 polygons
2026-03-25 02:33:05 +0100: Memory Usage (444336K) : nbulay_drw has 0 polygons
2026-03-25 02:33:05 +0100: Memory Usage (444600K) : nbulay_pin has 0 polygons
2026-03-25 02:33:05 +0100: Memory Usage (444600K) : nbulay_block has 0 polygons
2026-03-25 02:33:05 +0100: Memory Usage (444600K) : emwind_drw has 0 polygons
2026-03-25 02:33:05 +0100: Memory Usage (444600K) : emwind_opc has 0 polygons
2026-03-25 02:33:05 +0100: Memory Usage (444864K) : deepco_drw has 0 polygons
2026-03-25 02:33:05 +0100: Memory Usage (444864K) : deepco_drw has 0 polygons
2026-03-25 02:33:05 +0100: Memory Usage (444864K) : mim_drw has 2 polygons
2026-03-25 02:33:05 +0100: Memory Usage (444864K) : edgeseal_drw has 0 polygons
2026-03-25 02:33:05 +0100: Memory Usage (445128K) : edgeseal_bound has 0 polygons
2026-03-25 02:33:05 +0100: Memory Usage (445128K) : substrate_drw has 723 polygons
2026-03-25 02:33:05 +0100: Memory Usage (445128K) : substrate_text has 0 polygons
2026-03-25 02:33:05 +0100: Memory Usage (445128K) : dfpad_drw has 0 polygons
2026-03-25 02:33:05 +0100: Memory Usage (445128K) : dfpad_pillar has 0 polygons
2026-03-25 02:33:05 +0100: Memory Usage (445392K) : dfpad_sbump has 0 polygons
2026-03-25 02:33:05 +0100: Memory Usage (445392K) : thickgateox_drw has 0 polygons
2026-03-25 02:33:05 +0100: Memory Usage (445392K) : pldb_drw has 0 polygons
2026-03-25 02:33:05 +0100: Memory Usage (445392K) : pwell_drw has 0 polygons
2026-03-25 02:33:05 +0100: Memory Usage (445392K) : pwell_pin has 0 polygons
2026-03-25 02:33:05 +0100: Memory Usage (445656K) : pwell_block has 0 polygons
2026-03-25 02:33:05 +0100: Memory Usage (445656K) : ic_drw has 0 polygons
2026-03-25 02:33:05 +0100: Memory Usage (445656K) : via3_drw has 4357 polygons
2026-03-25 02:33:05 +0100: Memory Usage (445836K) : metal4_drw has 157 polygons
2026-03-25 02:33:05 +0100: Memory Usage (445836K) : metal4_pin has 3 polygons
2026-03-25 02:33:05 +0100: Memory Usage (446096K) : metal4_mask has 0 polygons
2026-03-25 02:33:05 +0100: Memory Usage (446096K) : metal4_filler has 0 polygons
2026-03-25 02:33:05 +0100: Memory Usage (446096K) : metal4_nofill has 0 polygons
2026-03-25 02:33:05 +0100: Memory Usage (446096K) : metal4_slit has 0 polygons
2026-03-25 02:33:05 +0100: Memory Usage (446096K) : metal4_text has 5 polygons
2026-03-25 02:33:05 +0100: Memory Usage (446360K) : metal4_opc has 0 polygons
2026-03-25 02:33:05 +0100: Memory Usage (446360K) : metal4_noqrc has 0 polygons
2026-03-25 02:33:05 +0100: Memory Usage (446484K) : metal4_res has 0 polygons
2026-03-25 02:33:05 +0100: Memory Usage (446484K) : metal4_iprobe has 0 polygons
2026-03-25 02:33:05 +0100: Memory Usage (446484K) : metal4_diffprb has 0 polygons
2026-03-25 02:33:05 +0100: Memory Usage (446484K) : heattrans_drw has 1555 polygons
2026-03-25 02:33:05 +0100: Memory Usage (446744K) : heatres_drw has 7 polygons
2026-03-25 02:33:05 +0100: Memory Usage (446744K) : pempoly_drw has 0 polygons
2026-03-25 02:33:05 +0100: Memory Usage (446744K) : fbe_drw has 0 polygons
2026-03-25 02:33:05 +0100: Memory Usage (446744K) : empoly_drw has 0 polygons
2026-03-25 02:33:05 +0100: Memory Usage (447004K) : ldmos_drw has 0 polygons
2026-03-25 02:33:05 +0100: Memory Usage (447004K) : pbiwind_drw has 0 polygons
2026-03-25 02:33:05 +0100: Memory Usage (447004K) : digisub_drw has 0 polygons
2026-03-25 02:33:05 +0100: Memory Usage (447004K) : nodrc_drw has 0 polygons
2026-03-25 02:33:05 +0100: Memory Usage (447264K) : text_drw has 1107 polygons
2026-03-25 02:33:05 +0100: Memory Usage (447264K) : via4_drw has 4250 polygons
2026-03-25 02:33:05 +0100: Memory Usage (447264K) : metal5_drw has 107 polygons
2026-03-25 02:33:05 +0100: Memory Usage (447264K) : metal5_pin has 12 polygons
2026-03-25 02:33:05 +0100: Memory Usage (447528K) : metal5_mask has 0 polygons
2026-03-25 02:33:05 +0100: Memory Usage (447528K) : metal5_filler has 0 polygons
2026-03-25 02:33:05 +0100: Memory Usage (447528K) : metal5_nofill has 0 polygons
2026-03-25 02:33:05 +0100: Memory Usage (447528K) : metal5_slit has 0 polygons
2026-03-25 02:33:05 +0100: Memory Usage (447528K) : metal5_text has 18 polygons
2026-03-25 02:33:05 +0100: Memory Usage (447792K) : metal5_opc has 0 polygons
2026-03-25 02:33:05 +0100: Memory Usage (447792K) : metal5_noqrc has 0 polygons
2026-03-25 02:33:05 +0100: Memory Usage (447792K) : metal5_res has 0 polygons
2026-03-25 02:33:05 +0100: Memory Usage (447792K) : metal5_iprobe has 0 polygons
2026-03-25 02:33:05 +0100: Memory Usage (447792K) : metal5_diffprb has 0 polygons
2026-03-25 02:33:05 +0100: Memory Usage (448164K) : radhard_drw has 0 polygons
2026-03-25 02:33:05 +0100: Memory Usage (448164K) : memcap_drw has 0 polygons
2026-03-25 02:33:05 +0100: Memory Usage (448164K) : varicap_drw has 0 polygons
2026-03-25 02:33:05 +0100: Memory Usage (448164K) : flash_drw has 0 polygons
2026-03-25 02:33:05 +0100: Memory Usage (448424K) : intbondvia_drw has 0 polygons
2026-03-25 02:33:05 +0100: Memory Usage (448424K) : intbondmet_drw has 0 polygons
2026-03-25 02:33:05 +0100: Memory Usage (448424K) : devbondvia_drw has 0 polygons
2026-03-25 02:33:05 +0100: Memory Usage (448424K) : devbondmet_drw has 0 polygons
2026-03-25 02:33:05 +0100: Memory Usage (448424K) : devtrench_drw has 0 polygons
2026-03-25 02:33:05 +0100: Memory Usage (448688K) : redist_drw has 0 polygons
2026-03-25 02:33:05 +0100: Memory Usage (448688K) : graphbot_drw has 0 polygons
2026-03-25 02:33:05 +0100: Memory Usage (448688K) : graphtop_drw has 0 polygons
2026-03-25 02:33:05 +0100: Memory Usage (448688K) : antvia1_drw has 0 polygons
2026-03-25 02:33:05 +0100: Memory Usage (448688K) : antmetal2_drw has 0 polygons
2026-03-25 02:33:05 +0100: Memory Usage (448952K) : graphcont_drw has 0 polygons
2026-03-25 02:33:05 +0100: Memory Usage (448952K) : siwg_drw has 0 polygons
2026-03-25 02:33:05 +0100: Memory Usage (448952K) : siwg_filler has 0 polygons
2026-03-25 02:33:05 +0100: Memory Usage (448952K) : siwg_nofill has 0 polygons
2026-03-25 02:33:05 +0100: Memory Usage (449164K) : sigrating_drw has 0 polygons
2026-03-25 02:33:05 +0100: Memory Usage (449164K) : singrating_drw has 0 polygons
2026-03-25 02:33:05 +0100: Memory Usage (449164K) : graphpas_drw has 0 polygons
2026-03-25 02:33:05 +0100: Memory Usage (449424K) : emwind3_drw has 0 polygons
2026-03-25 02:33:05 +0100: Memory Usage (449424K) : emwihv3_drw has 0 polygons
2026-03-25 02:33:05 +0100: Memory Usage (449424K) : redbulay_drw has 0 polygons
2026-03-25 02:33:05 +0100: Memory Usage (449424K) : smos_drw has 0 polygons
2026-03-25 02:33:05 +0100: Memory Usage (449424K) : graphpad_drw has 0 polygons
2026-03-25 02:33:05 +0100: Memory Usage (449668K) : polimide_drw has 0 polygons
2026-03-25 02:33:05 +0100: Memory Usage (449668K) : polimide_pin has 0 polygons
2026-03-25 02:33:05 +0100: Memory Usage (449668K) : recog_drw has 0 polygons
2026-03-25 02:33:05 +0100: Memory Usage (449668K) : recog_pin has 0 polygons
2026-03-25 02:33:05 +0100: Memory Usage (449668K) : recog_esd has 0 polygons
2026-03-25 02:33:05 +0100: Memory Usage (449928K) : recog_diode has 0 polygons
2026-03-25 02:33:05 +0100: Memory Usage (449928K) : recog_tsv has 0 polygons
2026-03-25 02:33:05 +0100: Memory Usage (449928K) : recog_iprobe has 0 polygons
2026-03-25 02:33:05 +0100: Memory Usage (449928K) : recog_diffprb has 0 polygons
2026-03-25 02:33:05 +0100: Memory Usage (449928K) : recog_pillar has 0 polygons
2026-03-25 02:33:05 +0100: Memory Usage (449928K) : recog_sbump has 0 polygons
2026-03-25 02:33:05 +0100: Memory Usage (449928K) : recog_otp has 0 polygons
2026-03-25 02:33:05 +0100: Memory Usage (450192K) : recog_pdiode has 0 polygons
2026-03-25 02:33:05 +0100: Memory Usage (450192K) : recog_mom has 0 polygons
2026-03-25 02:33:05 +0100: Memory Usage (450192K) : recog_pcm has 0 polygons
2026-03-25 02:33:05 +0100: Memory Usage (450192K) : colopen_drw has 0 polygons
2026-03-25 02:33:05 +0100: Memory Usage (450192K) : graphmetal1_drw has 0 polygons
2026-03-25 02:33:05 +0100: Memory Usage (450192K) : graphmetal1_filler has 0 polygons
2026-03-25 02:33:05 +0100: Memory Usage (450192K) : graphmetal1_nofill has 0 polygons
2026-03-25 02:33:05 +0100: Memory Usage (450456K) : graphmetal1_slit has 0 polygons
2026-03-25 02:33:05 +0100: Memory Usage (450456K) : graphmetal1_opc has 0 polygons
2026-03-25 02:33:05 +0100: Memory Usage (450456K) : graphmet1l_drw has 0 polygons
2026-03-25 02:33:05 +0100: Memory Usage (450456K) : graphmet1l_filler has 0 polygons
2026-03-25 02:33:05 +0100: Memory Usage (450456K) : graphmet1l_nofill has 0 polygons
2026-03-25 02:33:05 +0100: Memory Usage (450720K) : graphmet1l_slit has 0 polygons
2026-03-25 02:33:05 +0100: Memory Usage (450720K) : graphmet1l_opc has 0 polygons
2026-03-25 02:33:05 +0100: Memory Usage (450720K) : extblock_drw has 21 polygons
2026-03-25 02:33:05 +0100: Memory Usage (450720K) : nldd_drw has 0 polygons
2026-03-25 02:33:05 +0100: Memory Usage (450984K) : pldd_drw has 0 polygons
2026-03-25 02:33:05 +0100: Memory Usage (450984K) : next_drw has 0 polygons
2026-03-25 02:33:05 +0100: Memory Usage (450984K) : pext_drw has 0 polygons
2026-03-25 02:33:05 +0100: Memory Usage (450984K) : nexthv_drw has 0 polygons
2026-03-25 02:33:05 +0100: Memory Usage (450984K) : pexthv_drw has 0 polygons
2026-03-25 02:33:05 +0100: Memory Usage (451248K) : graphgate_drw has 0 polygons
2026-03-25 02:33:05 +0100: Memory Usage (451248K) : sinwg_drw has 0 polygons
2026-03-25 02:33:05 +0100: Memory Usage (451248K) : sinwg_filler has 0 polygons
2026-03-25 02:33:05 +0100: Memory Usage (451248K) : sinwg_nofill has 0 polygons
2026-03-25 02:33:05 +0100: Memory Usage (451248K) : mempad_drw has 0 polygons
2026-03-25 02:33:05 +0100: Memory Usage (451248K) : topvia1_drw has 924 polygons
2026-03-25 02:33:05 +0100: Memory Usage (451248K) : topmetal1_drw has 120 polygons
2026-03-25 02:33:05 +0100: Memory Usage (451512K) : topmetal1_pin has 15 polygons
2026-03-25 02:33:05 +0100: Memory Usage (451512K) : topmetal1_mask has 0 polygons
2026-03-25 02:33:05 +0100: Memory Usage (451512K) : topmetal1_filler has 0 polygons
2026-03-25 02:33:05 +0100: Memory Usage (451512K) : topmetal1_nofill has 0 polygons
2026-03-25 02:33:05 +0100: Memory Usage (451512K) : topmetal1_slit has 0 polygons
2026-03-25 02:33:05 +0100: Memory Usage (451776K) : topmetal1_text has 4 polygons
2026-03-25 02:33:05 +0100: Memory Usage (451776K) : topmetal1_noqrc has 0 polygons
2026-03-25 02:33:05 +0100: Memory Usage (451776K) : topmetal1_res has 0 polygons
2026-03-25 02:33:05 +0100: Memory Usage (451776K) : topmetal1_iprobe has 0 polygons
2026-03-25 02:33:05 +0100: Memory Usage (451776K) : topmetal1_diffprb has 0 polygons
2026-03-25 02:33:05 +0100: Memory Usage (452040K) : inldpwl_drw has 0 polygons
2026-03-25 02:33:05 +0100: Memory Usage (452040K) : polyres_drw has 7 polygons
2026-03-25 02:33:05 +0100: Memory Usage (452040K) : polyres_pin has 0 polygons
2026-03-25 02:33:05 +0100: Memory Usage (452040K) : vmim_drw has 578 polygons
2026-03-25 02:33:05 +0100: Memory Usage (452040K) : nbulaycut_drw has 0 polygons
2026-03-25 02:33:05 +0100: Memory Usage (452304K) : antmetal1_drw has 0 polygons
2026-03-25 02:33:05 +0100: Memory Usage (452304K) : topvia2_drw has 0 polygons
2026-03-25 02:33:05 +0100: Memory Usage (452304K) : topmetal2_drw has 0 polygons
2026-03-25 02:33:05 +0100: Memory Usage (452304K) : topmetal2_pin has 0 polygons
2026-03-25 02:33:05 +0100: Memory Usage (452304K) : topmetal2_mask has 0 polygons
2026-03-25 02:33:05 +0100: Memory Usage (452568K) : topmetal2_filler has 0 polygons
2026-03-25 02:33:05 +0100: Memory Usage (452568K) : topmetal2_nofill has 0 polygons
2026-03-25 02:33:05 +0100: Memory Usage (452568K) : topmetal2_slit has 0 polygons
2026-03-25 02:33:05 +0100: Memory Usage (452568K) : topmetal2_text has 0 polygons
2026-03-25 02:33:05 +0100: Memory Usage (452568K) : topmetal2_noqrc has 0 polygons
2026-03-25 02:33:05 +0100: Memory Usage (452832K) : topmetal2_res has 0 polygons
2026-03-25 02:33:05 +0100: Memory Usage (452832K) : topmetal2_iprobe has 0 polygons
2026-03-25 02:33:05 +0100: Memory Usage (452832K) : topmetal2_diffprb has 0 polygons
2026-03-25 02:33:05 +0100: Memory Usage (452832K) : snsring_drw has 0 polygons
2026-03-25 02:33:05 +0100: Memory Usage (452832K) : sensor_drw has 0 polygons
2026-03-25 02:33:05 +0100: Memory Usage (453096K) : snsarms_drw has 0 polygons
2026-03-25 02:33:05 +0100: Memory Usage (453096K) : snscmosvia_drw has 0 polygons
2026-03-25 02:33:05 +0100: Memory Usage (453096K) : colwind_drw has 0 polygons
2026-03-25 02:33:05 +0100: Memory Usage (453096K) : flm_drw has 0 polygons
2026-03-25 02:33:05 +0100: Memory Usage (453360K) : hafniumox_drw has 0 polygons
2026-03-25 02:33:05 +0100: Memory Usage (453360K) : memvia_drw has 0 polygons
2026-03-25 02:33:05 +0100: Memory Usage (453360K) : thinfilmres_drw has 0 polygons
2026-03-25 02:33:05 +0100: Memory Usage (453360K) : rfmem_drw has 0 polygons
2026-03-25 02:33:05 +0100: Memory Usage (453360K) : norcx_drw has 0 polygons
2026-03-25 02:33:05 +0100: Memory Usage (453360K) : norcx_m2m3 has 0 polygons
2026-03-25 02:33:05 +0100: Memory Usage (453360K) : norcx_m2m4 has 0 polygons
2026-03-25 02:33:05 +0100: Memory Usage (453360K) : norcx_m2m5 has 0 polygons
2026-03-25 02:33:05 +0100: Memory Usage (453624K) : norcx_m2tm1 has 0 polygons
2026-03-25 02:33:05 +0100: Memory Usage (453624K) : norcx_m2tm2 has 0 polygons
2026-03-25 02:33:05 +0100: Memory Usage (453624K) : norcx_m3m4 has 0 polygons
2026-03-25 02:33:05 +0100: Memory Usage (453624K) : norcx_m3m5 has 0 polygons
2026-03-25 02:33:05 +0100: Memory Usage (453624K) : norcx_m3tm1 has 0 polygons
2026-03-25 02:33:05 +0100: Memory Usage (453624K) : norcx_m3tm2 has 0 polygons
2026-03-25 02:33:05 +0100: Memory Usage (453624K) : norcx_m4m5 has 0 polygons
2026-03-25 02:33:05 +0100: Memory Usage (453888K) : norcx_m4tm1 has 0 polygons
2026-03-25 02:33:05 +0100: Memory Usage (453888K) : norcx_m4tm2 has 0 polygons
2026-03-25 02:33:05 +0100: Memory Usage (453888K) : norcx_m5tm1 has 0 polygons
2026-03-25 02:33:05 +0100: Memory Usage (453888K) : norcx_m5tm2 has 0 polygons
2026-03-25 02:33:05 +0100: Memory Usage (453888K) : norcx_tm1tm2 has 0 polygons
2026-03-25 02:33:05 +0100: Memory Usage (453888K) : norcx_m1sub has 0 polygons
2026-03-25 02:33:05 +0100: Memory Usage (453888K) : norcx_m2sub has 0 polygons
2026-03-25 02:33:05 +0100: Memory Usage (454152K) : norcx_m3sub has 0 polygons
2026-03-25 02:33:05 +0100: Memory Usage (454152K) : norcx_m4sub has 0 polygons
2026-03-25 02:33:05 +0100: Memory Usage (454152K) : norcx_m5sub has 0 polygons
2026-03-25 02:33:05 +0100: Memory Usage (454152K) : norcx_tm1sub has 0 polygons
2026-03-25 02:33:05 +0100: Memory Usage (454152K) : norcx_tm2sub has 0 polygons
2026-03-25 02:33:05 +0100: Memory Usage (454152K) : snsbotvia_drw has 0 polygons
2026-03-25 02:33:05 +0100: Memory Usage (454152K) : snstopvia_drw has 0 polygons
2026-03-25 02:33:05 +0100: Memory Usage (454416K) : deepvia_drw has 0 polygons
2026-03-25 02:33:05 +0100: Memory Usage (454416K) : fgetch_drw has 0 polygons
2026-03-25 02:33:05 +0100: Memory Usage (454416K) : ctrgat_drw has 0 polygons
2026-03-25 02:33:05 +0100: Memory Usage (454416K) : fgimp_drw has 0 polygons
2026-03-25 02:33:05 +0100: Memory Usage (454416K) : emwihv_drw has 0 polygons
2026-03-25 02:33:05 +0100: Memory Usage (454416K) : lbe_drw has 0 polygons
2026-03-25 02:33:05 +0100: Memory Usage (454680K) : alcustop_drw has 0 polygons
2026-03-25 02:33:05 +0100: Memory Usage (454680K) : nometfiller_drw has 0 polygons
2026-03-25 02:33:05 +0100: Memory Usage (454680K) : prboundary_drw has 0 polygons
2026-03-25 02:33:05 +0100: Memory Usage (454680K) : exchange0_drw has 0 polygons
2026-03-25 02:33:05 +0100: Memory Usage (454680K) : exchange0_pin has 0 polygons
2026-03-25 02:33:05 +0100: Memory Usage (454944K) : exchange0_text has 0 polygons
2026-03-25 02:33:05 +0100: Memory Usage (454944K) : exchange1_drw has 0 polygons
2026-03-25 02:33:05 +0100: Memory Usage (454944K) : exchange1_pin has 0 polygons
2026-03-25 02:33:05 +0100: Memory Usage (454944K) : exchange1_text has 0 polygons
2026-03-25 02:33:05 +0100: Memory Usage (454944K) : exchange2_drw has 0 polygons
2026-03-25 02:33:05 +0100: Memory Usage (454944K) : exchange2_pin has 0 polygons
2026-03-25 02:33:05 +0100: Memory Usage (454944K) : exchange2_text has 0 polygons
2026-03-25 02:33:05 +0100: Memory Usage (454944K) : exchange3_drw has 0 polygons
2026-03-25 02:33:05 +0100: Memory Usage (454944K) : exchange3_pin has 0 polygons
2026-03-25 02:33:05 +0100: Memory Usage (454944K) : exchange3_text has 0 polygons
2026-03-25 02:33:05 +0100: Memory Usage (454944K) : exchange4_drw has 0 polygons
2026-03-25 02:33:05 +0100: Memory Usage (455208K) : exchange4_pin has 0 polygons
2026-03-25 02:33:05 +0100: Memory Usage (455208K) : exchange4_text has 0 polygons
2026-03-25 02:33:05 +0100: Memory Usage (455208K) : isonwell_drw has 0 polygons
2026-03-25 02:33:05 +0100: Memory Usage (455208K) : Total no. of polygons in the design is 74600
2026-03-25 02:33:05 +0100: Memory Usage (455208K) : Loaded TECH DRC rules values from /foss/pdks/ihp-sg13g2/libs.tech/klayout/python/sg13g2_pycell_lib/sg13g2_tech_mod.json
2026-03-25 02:33:05 +0100: Memory Usage (455208K) : Loaded default DRC rules values from /foss/pdks/ihp-sg13g2/libs.tech/klayout/tech/drc/rule_decks/sg13g2_tech_default.json
2026-03-25 02:33:05 +0100: Memory Usage (455208K) : The following rules values were missing in tech json and default values were used:
2026-03-25 02:33:05 +0100: Memory Usage (455208K) :   - Cnt_c_digibnd
2026-03-25 02:33:05 +0100: Memory Usage (456848K) : Total area of the design is 28136.451999999997 um^2.
2026-03-25 02:33:05 +0100: Memory Usage (456848K) : The design dimensions are 211.6 µm * 132.97 µm.
2026-03-25 02:33:05 +0100: Memory Usage (456848K) : Starting general IHP-SG13G2 derivations.
2026-03-25 02:33:05 +0100: Memory Usage (456848K) : Starting Pwell derivations
2026-03-25 02:33:05 +0100: Memory Usage (459336K) : Starting pad general derivations
2026-03-25 02:33:05 +0100: Memory Usage (460392K) : Starting IHP-SG13G2 DRC rules.
2026-03-25 02:33:05 +0100: Memory Usage (460392K) : Starting 6.9 Pad table
2026-03-25 02:33:05 +0100: Memory Usage (460392K) : Executing rule Pad.m
2026-03-25 02:33:05 +0100: Memory Usage (460920K) : Executing rule Pad.fR_M1
2026-03-25 02:33:05 +0100: Memory Usage (461624K) : Executing rule Pad.fR_M2
2026-03-25 02:33:05 +0100: Memory Usage (462152K) : Executing rule Pad.fR_M3
2026-03-25 02:33:05 +0100: Memory Usage (462416K) : Executing rule Pad.fR_M4
2026-03-25 02:33:05 +0100: Memory Usage (462944K) : Executing rule Pad.fR_M5
2026-03-25 02:33:05 +0100: Memory Usage (462944K) : Executing rule Pad.fR_TM1
2026-03-25 02:33:05 +0100: Memory Usage (462944K) : Executing rule Pad.fR_TM2
2026-03-25 02:33:05 +0100: Memory Usage (462944K) : Executing rule Pad.i
2026-03-25 02:33:05 +0100: Memory Usage (462944K) : KLayout DRC run for tables 'pad' completed in 0.51 seconds
