# Logfile created on 2026-03-25 02:33:05 +0100 by logger.rb/v1.5.3
2026-03-25 02:33:05 +0100: Memory Usage (435516K) : Starting running IHP-SG13G2 KLayout DRC runset on /foss/designs/Design/xschem/HPAmplifier/OTA_Telescopic_backup/OTA_Telescopic_NO_FLATTEN/Layout_and_Related_files/OTA_Telescopic_TOP_wp.gds
2026-03-25 02:33:05 +0100: Memory Usage (435516K) : Ruby Version for klayout: 3.2.3
2026-03-25 02:33:05 +0100: Memory Usage (435560K) : Loading database to memory is complete.
2026-03-25 02:33:05 +0100: Memory Usage (435560K) : IHP-SG13G2 KLayout DRC runset output at: /foss/designs/Design/xschem/HPAmplifier/OTA_Telescopic_backup/OTA_Telescopic_NO_FLATTEN/Layout_and_Related_files/drc_run_OTA_Telescopic_TOP_wp/OTA_Telescopic_TOP_wp_OTA_Telescopic_TOP_wp_metaln.lyrdb
2026-03-25 02:33:05 +0100: Memory Usage (435560K) : Evaluate switches.
2026-03-25 02:33:05 +0100: Memory Usage (435560K) : tables selected: metaln
2026-03-25 02:33:05 +0100: Memory Usage (435560K) : KLayout will use 4 thread(s) in tiled mode.
2026-03-25 02:33:05 +0100: Memory Usage (435560K) : deep mode is enabled.
2026-03-25 02:33:05 +0100: Memory Usage (435560K) : FEOL enabled: false
2026-03-25 02:33:05 +0100: Memory Usage (435560K) : BEOL enabled: false
2026-03-25 02:33:05 +0100: Memory Usage (435560K) : OFFGRID enabled: true
2026-03-25 02:33:05 +0100: Memory Usage (435560K) : PIN enabled: false
2026-03-25 02:33:05 +0100: Memory Usage (435560K) : FORBIDDEN enabled: false
2026-03-25 02:33:05 +0100: Memory Usage (435560K) : RECOMMENDED enabled: true
2026-03-25 02:33:05 +0100: Memory Usage (435560K) : PreCheck DRC enabled: false
2026-03-25 02:33:05 +0100: Memory Usage (435560K) : CONNECTIVITY_RULES enabled: false.
2026-03-25 02:33:05 +0100: Memory Usage (435560K) : Read in polygons from layers.
2026-03-25 02:33:05 +0100: Memory Usage (437228K) : activ_drw has 5032 polygons
2026-03-25 02:33:05 +0100: Memory Usage (437228K) : activ_pin has 0 polygons
2026-03-25 02:33:05 +0100: Memory Usage (437228K) : activ_mask has 0 polygons
2026-03-25 02:33:05 +0100: Memory Usage (437228K) : activ_filler has 0 polygons
2026-03-25 02:33:05 +0100: Memory Usage (437228K) : activ_nofill has 0 polygons
2026-03-25 02:33:05 +0100: Memory Usage (437228K) : activ_opc has 0 polygons
2026-03-25 02:33:05 +0100: Memory Usage (437228K) : activ_iopc has 0 polygons
2026-03-25 02:33:05 +0100: Memory Usage (437228K) : activ_noqrc has 0 polygons
2026-03-25 02:33:05 +0100: Memory Usage (437228K) : biwind_drw has 0 polygons
2026-03-25 02:33:05 +0100: Memory Usage (437228K) : biwind_opc has 0 polygons
2026-03-25 02:33:05 +0100: Memory Usage (438264K) : pemwind_drw has 0 polygons
2026-03-25 02:33:05 +0100: Memory Usage (438264K) : gatpoly_drw has 2679 polygons
2026-03-25 02:33:05 +0100: Memory Usage (438264K) : gatpoly_pin has 377 polygons
2026-03-25 02:33:05 +0100: Memory Usage (438264K) : gatpoly_filler has 0 polygons
2026-03-25 02:33:05 +0100: Memory Usage (438264K) : gatpoly_nofill has 0 polygons
2026-03-25 02:33:05 +0100: Memory Usage (438264K) : gatpoly_opc has 0 polygons
2026-03-25 02:33:05 +0100: Memory Usage (438264K) : gatpoly_iopc has 0 polygons
2026-03-25 02:33:05 +0100: Memory Usage (438528K) : gatpoly_noqrc has 0 polygons
2026-03-25 02:33:05 +0100: Memory Usage (438528K) : cont_drw has 24680 polygons
2026-03-25 02:33:05 +0100: Memory Usage (438528K) : cont_opc has 0 polygons
2026-03-25 02:33:05 +0100: Memory Usage (438776K) : nsd_drw has 0 polygons
2026-03-25 02:33:05 +0100: Memory Usage (438776K) : nsd_block has 0 polygons
2026-03-25 02:33:05 +0100: Memory Usage (438776K) : metal1_drw has 7670 polygons
2026-03-25 02:33:05 +0100: Memory Usage (439036K) : metal1_pin has 2038 polygons
2026-03-25 02:33:05 +0100: Memory Usage (439036K) : metal1_mask has 0 polygons
2026-03-25 02:33:05 +0100: Memory Usage (439036K) : metal1_filler has 0 polygons
2026-03-25 02:33:05 +0100: Memory Usage (439036K) : metal1_nofill has 0 polygons
2026-03-25 02:33:05 +0100: Memory Usage (439300K) : metal1_slit has 0 polygons
2026-03-25 02:33:05 +0100: Memory Usage (439300K) : metal1_text has 1 polygons
2026-03-25 02:33:05 +0100: Memory Usage (439300K) : metal1_opc has 0 polygons
2026-03-25 02:33:05 +0100: Memory Usage (439300K) : metal1_noqrc has 0 polygons
2026-03-25 02:33:05 +0100: Memory Usage (439300K) : metal1_res has 0 polygons
2026-03-25 02:33:05 +0100: Memory Usage (439800K) : metal1_iprobe has 0 polygons
2026-03-25 02:33:05 +0100: Memory Usage (439800K) : metal1_diffprb has 0 polygons
2026-03-25 02:33:05 +0100: Memory Usage (439800K) : passiv_drw has 0 polygons
2026-03-25 02:33:05 +0100: Memory Usage (439800K) : passiv_pin has 0 polygons
2026-03-25 02:33:05 +0100: Memory Usage (440064K) : passiv_sbump has 0 polygons
2026-03-25 02:33:05 +0100: Memory Usage (440064K) : passiv_pillar has 0 polygons
2026-03-25 02:33:05 +0100: Memory Usage (440064K) : passiv_pdl has 0 polygons
2026-03-25 02:33:05 +0100: Memory Usage (440064K) : metal2_drw has 1317 polygons
2026-03-25 02:33:05 +0100: Memory Usage (440684K) : metal2_pin has 11 polygons
2026-03-25 02:33:05 +0100: Memory Usage (440684K) : metal2_mask has 0 polygons
2026-03-25 02:33:05 +0100: Memory Usage (440684K) : metal2_filler has 0 polygons
2026-03-25 02:33:05 +0100: Memory Usage (440684K) : metal2_nofill has 0 polygons
2026-03-25 02:33:05 +0100: Memory Usage (440684K) : metal2_slit has 0 polygons
2026-03-25 02:33:05 +0100: Memory Usage (440948K) : metal2_text has 6 polygons
2026-03-25 02:33:05 +0100: Memory Usage (440996K) : metal2_opc has 0 polygons
2026-03-25 02:33:05 +0100: Memory Usage (440996K) : metal2_noqrc has 0 polygons
2026-03-25 02:33:05 +0100: Memory Usage (440996K) : metal2_res has 0 polygons
2026-03-25 02:33:05 +0100: Memory Usage (441256K) : metal2_iprobe has 0 polygons
2026-03-25 02:33:05 +0100: Memory Usage (441256K) : metal2_diffprb has 0 polygons
2026-03-25 02:33:05 +0100: Memory Usage (441256K) : baspoly_drw has 0 polygons
2026-03-25 02:33:05 +0100: Memory Usage (441256K) : baspoly_pin has 0 polygons
2026-03-25 02:33:05 +0100: Memory Usage (441256K) : psd_drw has 1551 polygons
2026-03-25 02:33:05 +0100: Memory Usage (441520K) : nldb_drw has 0 polygons
2026-03-25 02:33:05 +0100: Memory Usage (441520K) : digibnd_drw has 0 polygons
2026-03-25 02:33:05 +0100: Memory Usage (441520K) : via1_drw has 9054 polygons
2026-03-25 02:33:05 +0100: Memory Usage (441844K) : backmetal1_drw has 0 polygons
2026-03-25 02:33:05 +0100: Memory Usage (441844K) : backmetal1_pin has 0 polygons
2026-03-25 02:33:05 +0100: Memory Usage (441844K) : backmetal1_mask has 0 polygons
2026-03-25 02:33:05 +0100: Memory Usage (441844K) : backmetal1_filler has 0 polygons
2026-03-25 02:33:05 +0100: Memory Usage (441844K) : backmetal1_nofill has 0 polygons
2026-03-25 02:33:05 +0100: Memory Usage (442108K) : backmetal1_slit has 0 polygons
2026-03-25 02:33:05 +0100: Memory Usage (442108K) : backmetal1_text has 0 polygons
2026-03-25 02:33:05 +0100: Memory Usage (442108K) : backmetal1_opc has 0 polygons
2026-03-25 02:33:05 +0100: Memory Usage (442108K) : backmetal1_noqrc has 0 polygons
2026-03-25 02:33:05 +0100: Memory Usage (442108K) : backmetal1_res has 0 polygons
2026-03-25 02:33:05 +0100: Memory Usage (442372K) : backmetal1_iprobe has 0 polygons
2026-03-25 02:33:05 +0100: Memory Usage (442372K) : backmetal1_diffprb has 0 polygons
2026-03-25 02:33:05 +0100: Memory Usage (442372K) : backpassiv_drw has 0 polygons
2026-03-25 02:33:05 +0100: Memory Usage (442372K) : res_drw has 0 polygons
2026-03-25 02:33:05 +0100: Memory Usage (442636K) : sram_drw has 0 polygons
2026-03-25 02:33:05 +0100: Memory Usage (442636K) : trans_drw has 0 polygons
2026-03-25 02:33:05 +0100: Memory Usage (442636K) : ind_drw has 0 polygons
2026-03-25 02:33:05 +0100: Memory Usage (442636K) : ind_pin has 0 polygons
2026-03-25 02:33:05 +0100: Memory Usage (442896K) : ind_text has 0 polygons
2026-03-25 02:33:05 +0100: Memory Usage (442896K) : salblock_drw has 7 polygons
2026-03-25 02:33:05 +0100: Memory Usage (443028K) : via2_drw has 4753 polygons
2026-03-25 02:33:05 +0100: Memory Usage (443028K) : metal3_drw has 226 polygons
2026-03-25 02:33:05 +0100: Memory Usage (443028K) : metal3_pin has 8 polygons
2026-03-25 02:33:05 +0100: Memory Usage (443248K) : metal3_mask has 0 polygons
2026-03-25 02:33:05 +0100: Memory Usage (443248K) : metal3_filler has 0 polygons
2026-03-25 02:33:05 +0100: Memory Usage (443248K) : metal3_nofill has 0 polygons
2026-03-25 02:33:05 +0100: Memory Usage (443508K) : metal3_slit has 0 polygons
2026-03-25 02:33:05 +0100: Memory Usage (443508K) : metal3_text has 2 polygons
2026-03-25 02:33:05 +0100: Memory Usage (443508K) : metal3_opc has 0 polygons
2026-03-25 02:33:05 +0100: Memory Usage (443508K) : metal3_noqrc has 0 polygons
2026-03-25 02:33:05 +0100: Memory Usage (443508K) : metal3_res has 0 polygons
2026-03-25 02:33:05 +0100: Memory Usage (443772K) : metal3_iprobe has 0 polygons
2026-03-25 02:33:05 +0100: Memory Usage (443772K) : metal3_diffprb has 0 polygons
2026-03-25 02:33:05 +0100: Memory Usage (443772K) : nwell_drw has 1216 polygons
2026-03-25 02:33:05 +0100: Memory Usage (443772K) : nwell_pin has 0 polygons
2026-03-25 02:33:05 +0100: Memory Usage (444036K) : nbulay_drw has 0 polygons
2026-03-25 02:33:05 +0100: Memory Usage (444036K) : nbulay_pin has 0 polygons
2026-03-25 02:33:05 +0100: Memory Usage (444036K) : nbulay_block has 0 polygons
2026-03-25 02:33:05 +0100: Memory Usage (444156K) : emwind_drw has 0 polygons
2026-03-25 02:33:05 +0100: Memory Usage (444156K) : emwind_opc has 0 polygons
2026-03-25 02:33:05 +0100: Memory Usage (444376K) : deepco_drw has 0 polygons
2026-03-25 02:33:05 +0100: Memory Usage (444376K) : deepco_drw has 0 polygons
2026-03-25 02:33:05 +0100: Memory Usage (444376K) : mim_drw has 2 polygons
2026-03-25 02:33:05 +0100: Memory Usage (444376K) : edgeseal_drw has 0 polygons
2026-03-25 02:33:05 +0100: Memory Usage (444636K) : edgeseal_bound has 0 polygons
2026-03-25 02:33:05 +0100: Memory Usage (444636K) : substrate_drw has 723 polygons
2026-03-25 02:33:05 +0100: Memory Usage (444636K) : substrate_text has 0 polygons
2026-03-25 02:33:05 +0100: Memory Usage (444636K) : dfpad_drw has 0 polygons
2026-03-25 02:33:05 +0100: Memory Usage (444636K) : dfpad_pillar has 0 polygons
2026-03-25 02:33:05 +0100: Memory Usage (444900K) : dfpad_sbump has 0 polygons
2026-03-25 02:33:05 +0100: Memory Usage (444900K) : thickgateox_drw has 0 polygons
2026-03-25 02:33:05 +0100: Memory Usage (444900K) : pldb_drw has 0 polygons
2026-03-25 02:33:05 +0100: Memory Usage (444900K) : pwell_drw has 0 polygons
2026-03-25 02:33:05 +0100: Memory Usage (444900K) : pwell_pin has 0 polygons
2026-03-25 02:33:05 +0100: Memory Usage (445164K) : pwell_block has 0 polygons
2026-03-25 02:33:05 +0100: Memory Usage (445164K) : ic_drw has 0 polygons
2026-03-25 02:33:05 +0100: Memory Usage (445276K) : via3_drw has 4357 polygons
2026-03-25 02:33:05 +0100: Memory Usage (445276K) : metal4_drw has 157 polygons
2026-03-25 02:33:05 +0100: Memory Usage (445536K) : metal4_pin has 3 polygons
2026-03-25 02:33:05 +0100: Memory Usage (445536K) : metal4_mask has 0 polygons
2026-03-25 02:33:05 +0100: Memory Usage (445536K) : metal4_filler has 0 polygons
2026-03-25 02:33:05 +0100: Memory Usage (445536K) : metal4_nofill has 0 polygons
2026-03-25 02:33:05 +0100: Memory Usage (445536K) : metal4_slit has 0 polygons
2026-03-25 02:33:05 +0100: Memory Usage (445800K) : metal4_text has 5 polygons
2026-03-25 02:33:05 +0100: Memory Usage (445800K) : metal4_opc has 0 polygons
2026-03-25 02:33:05 +0100: Memory Usage (445800K) : metal4_noqrc has 0 polygons
2026-03-25 02:33:05 +0100: Memory Usage (445924K) : metal4_res has 0 polygons
2026-03-25 02:33:05 +0100: Memory Usage (445924K) : metal4_iprobe has 0 polygons
2026-03-25 02:33:05 +0100: Memory Usage (445924K) : metal4_diffprb has 0 polygons
2026-03-25 02:33:05 +0100: Memory Usage (446184K) : heattrans_drw has 1555 polygons
2026-03-25 02:33:05 +0100: Memory Usage (446184K) : heatres_drw has 7 polygons
2026-03-25 02:33:05 +0100: Memory Usage (446184K) : pempoly_drw has 0 polygons
2026-03-25 02:33:05 +0100: Memory Usage (446184K) : fbe_drw has 0 polygons
2026-03-25 02:33:05 +0100: Memory Usage (446184K) : empoly_drw has 0 polygons
2026-03-25 02:33:05 +0100: Memory Usage (446448K) : ldmos_drw has 0 polygons
2026-03-25 02:33:05 +0100: Memory Usage (446448K) : pbiwind_drw has 0 polygons
2026-03-25 02:33:05 +0100: Memory Usage (446448K) : digisub_drw has 0 polygons
2026-03-25 02:33:05 +0100: Memory Usage (446708K) : nodrc_drw has 0 polygons
2026-03-25 02:33:05 +0100: Memory Usage (446708K) : text_drw has 1107 polygons
2026-03-25 02:33:05 +0100: Memory Usage (446708K) : via4_drw has 4250 polygons
2026-03-25 02:33:05 +0100: Memory Usage (446708K) : metal5_drw has 107 polygons
2026-03-25 02:33:05 +0100: Memory Usage (446972K) : metal5_pin has 12 polygons
2026-03-25 02:33:05 +0100: Memory Usage (446972K) : metal5_mask has 0 polygons
2026-03-25 02:33:05 +0100: Memory Usage (446972K) : metal5_filler has 0 polygons
2026-03-25 02:33:05 +0100: Memory Usage (446972K) : metal5_nofill has 0 polygons
2026-03-25 02:33:05 +0100: Memory Usage (446972K) : metal5_slit has 0 polygons
2026-03-25 02:33:05 +0100: Memory Usage (447236K) : metal5_text has 18 polygons
2026-03-25 02:33:05 +0100: Memory Usage (447236K) : metal5_opc has 0 polygons
2026-03-25 02:33:05 +0100: Memory Usage (447236K) : metal5_noqrc has 0 polygons
2026-03-25 02:33:05 +0100: Memory Usage (447236K) : metal5_res has 0 polygons
2026-03-25 02:33:05 +0100: Memory Usage (447236K) : metal5_iprobe has 0 polygons
2026-03-25 02:33:05 +0100: Memory Usage (447500K) : metal5_diffprb has 0 polygons
2026-03-25 02:33:05 +0100: Memory Usage (447604K) : radhard_drw has 0 polygons
2026-03-25 02:33:05 +0100: Memory Usage (447604K) : memcap_drw has 0 polygons
2026-03-25 02:33:05 +0100: Memory Usage (447604K) : varicap_drw has 0 polygons
2026-03-25 02:33:05 +0100: Memory Usage (447864K) : flash_drw has 0 polygons
2026-03-25 02:33:05 +0100: Memory Usage (447864K) : intbondvia_drw has 0 polygons
2026-03-25 02:33:05 +0100: Memory Usage (447864K) : intbondmet_drw has 0 polygons
2026-03-25 02:33:05 +0100: Memory Usage (447864K) : devbondvia_drw has 0 polygons
2026-03-25 02:33:05 +0100: Memory Usage (447864K) : devbondmet_drw has 0 polygons
2026-03-25 02:33:05 +0100: Memory Usage (448128K) : devtrench_drw has 0 polygons
2026-03-25 02:33:05 +0100: Memory Usage (448128K) : redist_drw has 0 polygons
2026-03-25 02:33:05 +0100: Memory Usage (448128K) : graphbot_drw has 0 polygons
2026-03-25 02:33:05 +0100: Memory Usage (448128K) : graphtop_drw has 0 polygons
2026-03-25 02:33:05 +0100: Memory Usage (448128K) : antvia1_drw has 0 polygons
2026-03-25 02:33:05 +0100: Memory Usage (448392K) : antmetal2_drw has 0 polygons
2026-03-25 02:33:05 +0100: Memory Usage (448392K) : graphcont_drw has 0 polygons
2026-03-25 02:33:05 +0100: Memory Usage (448392K) : siwg_drw has 0 polygons
2026-03-25 02:33:05 +0100: Memory Usage (448392K) : siwg_filler has 0 polygons
2026-03-25 02:33:05 +0100: Memory Usage (448656K) : siwg_nofill has 0 polygons
2026-03-25 02:33:05 +0100: Memory Usage (448664K) : sigrating_drw has 0 polygons
2026-03-25 02:33:05 +0100: Memory Usage (448664K) : singrating_drw has 0 polygons
2026-03-25 02:33:05 +0100: Memory Usage (448664K) : graphpas_drw has 0 polygons
2026-03-25 02:33:05 +0100: Memory Usage (448924K) : emwind3_drw has 0 polygons
2026-03-25 02:33:05 +0100: Memory Usage (448924K) : emwihv3_drw has 0 polygons
2026-03-25 02:33:05 +0100: Memory Usage (448924K) : redbulay_drw has 0 polygons
2026-03-25 02:33:05 +0100: Memory Usage (448924K) : smos_drw has 0 polygons
2026-03-25 02:33:05 +0100: Memory Usage (448924K) : graphpad_drw has 0 polygons
2026-03-25 02:33:05 +0100: Memory Usage (449168K) : polimide_drw has 0 polygons
2026-03-25 02:33:05 +0100: Memory Usage (449168K) : polimide_pin has 0 polygons
2026-03-25 02:33:05 +0100: Memory Usage (449168K) : recog_drw has 0 polygons
2026-03-25 02:33:05 +0100: Memory Usage (449168K) : recog_pin has 0 polygons
2026-03-25 02:33:05 +0100: Memory Usage (449168K) : recog_esd has 0 polygons
2026-03-25 02:33:05 +0100: Memory Usage (449428K) : recog_diode has 0 polygons
2026-03-25 02:33:05 +0100: Memory Usage (449428K) : recog_tsv has 0 polygons
2026-03-25 02:33:05 +0100: Memory Usage (449428K) : recog_iprobe has 0 polygons
2026-03-25 02:33:05 +0100: Memory Usage (449428K) : recog_diffprb has 0 polygons
2026-03-25 02:33:05 +0100: Memory Usage (449428K) : recog_pillar has 0 polygons
2026-03-25 02:33:05 +0100: Memory Usage (449428K) : recog_sbump has 0 polygons
2026-03-25 02:33:05 +0100: Memory Usage (449428K) : recog_otp has 0 polygons
2026-03-25 02:33:05 +0100: Memory Usage (449692K) : recog_pdiode has 0 polygons
2026-03-25 02:33:05 +0100: Memory Usage (449692K) : recog_mom has 0 polygons
2026-03-25 02:33:05 +0100: Memory Usage (449692K) : recog_pcm has 0 polygons
2026-03-25 02:33:05 +0100: Memory Usage (449692K) : colopen_drw has 0 polygons
2026-03-25 02:33:05 +0100: Memory Usage (449692K) : graphmetal1_drw has 0 polygons
2026-03-25 02:33:05 +0100: Memory Usage (449692K) : graphmetal1_filler has 0 polygons
2026-03-25 02:33:05 +0100: Memory Usage (449692K) : graphmetal1_nofill has 0 polygons
2026-03-25 02:33:05 +0100: Memory Usage (449956K) : graphmetal1_slit has 0 polygons
2026-03-25 02:33:05 +0100: Memory Usage (449956K) : graphmetal1_opc has 0 polygons
2026-03-25 02:33:05 +0100: Memory Usage (449956K) : graphmet1l_drw has 0 polygons
2026-03-25 02:33:05 +0100: Memory Usage (449956K) : graphmet1l_filler has 0 polygons
2026-03-25 02:33:05 +0100: Memory Usage (449956K) : graphmet1l_nofill has 0 polygons
2026-03-25 02:33:05 +0100: Memory Usage (450220K) : graphmet1l_slit has 0 polygons
2026-03-25 02:33:05 +0100: Memory Usage (450220K) : graphmet1l_opc has 0 polygons
2026-03-25 02:33:05 +0100: Memory Usage (450220K) : extblock_drw has 21 polygons
2026-03-25 02:33:05 +0100: Memory Usage (450220K) : nldd_drw has 0 polygons
2026-03-25 02:33:05 +0100: Memory Usage (450484K) : pldd_drw has 0 polygons
2026-03-25 02:33:05 +0100: Memory Usage (450484K) : next_drw has 0 polygons
2026-03-25 02:33:05 +0100: Memory Usage (450484K) : pext_drw has 0 polygons
2026-03-25 02:33:05 +0100: Memory Usage (450484K) : nexthv_drw has 0 polygons
2026-03-25 02:33:05 +0100: Memory Usage (450484K) : pexthv_drw has 0 polygons
2026-03-25 02:33:05 +0100: Memory Usage (450748K) : graphgate_drw has 0 polygons
2026-03-25 02:33:05 +0100: Memory Usage (450748K) : sinwg_drw has 0 polygons
2026-03-25 02:33:05 +0100: Memory Usage (450748K) : sinwg_filler has 0 polygons
2026-03-25 02:33:05 +0100: Memory Usage (450748K) : sinwg_nofill has 0 polygons
2026-03-25 02:33:05 +0100: Memory Usage (450748K) : mempad_drw has 0 polygons
2026-03-25 02:33:05 +0100: Memory Usage (450748K) : topvia1_drw has 924 polygons
2026-03-25 02:33:05 +0100: Memory Usage (450748K) : topmetal1_drw has 120 polygons
2026-03-25 02:33:05 +0100: Memory Usage (451012K) : topmetal1_pin has 15 polygons
2026-03-25 02:33:05 +0100: Memory Usage (451012K) : topmetal1_mask has 0 polygons
2026-03-25 02:33:05 +0100: Memory Usage (451012K) : topmetal1_filler has 0 polygons
2026-03-25 02:33:05 +0100: Memory Usage (451012K) : topmetal1_nofill has 0 polygons
2026-03-25 02:33:05 +0100: Memory Usage (451012K) : topmetal1_slit has 0 polygons
2026-03-25 02:33:05 +0100: Memory Usage (451012K) : topmetal1_text has 4 polygons
2026-03-25 02:33:05 +0100: Memory Usage (451276K) : topmetal1_noqrc has 0 polygons
2026-03-25 02:33:05 +0100: Memory Usage (451276K) : topmetal1_res has 0 polygons
2026-03-25 02:33:05 +0100: Memory Usage (451276K) : topmetal1_iprobe has 0 polygons
2026-03-25 02:33:05 +0100: Memory Usage (451276K) : topmetal1_diffprb has 0 polygons
2026-03-25 02:33:05 +0100: Memory Usage (451276K) : inldpwl_drw has 0 polygons
2026-03-25 02:33:05 +0100: Memory Usage (451540K) : polyres_drw has 7 polygons
2026-03-25 02:33:05 +0100: Memory Usage (451540K) : polyres_pin has 0 polygons
2026-03-25 02:33:05 +0100: Memory Usage (451540K) : vmim_drw has 578 polygons
2026-03-25 02:33:05 +0100: Memory Usage (451540K) : nbulaycut_drw has 0 polygons
2026-03-25 02:33:05 +0100: Memory Usage (451804K) : antmetal1_drw has 0 polygons
2026-03-25 02:33:05 +0100: Memory Usage (451804K) : topvia2_drw has 0 polygons
2026-03-25 02:33:05 +0100: Memory Usage (451804K) : topmetal2_drw has 0 polygons
2026-03-25 02:33:05 +0100: Memory Usage (451804K) : topmetal2_pin has 0 polygons
2026-03-25 02:33:05 +0100: Memory Usage (451804K) : topmetal2_mask has 0 polygons
2026-03-25 02:33:05 +0100: Memory Usage (452068K) : topmetal2_filler has 0 polygons
2026-03-25 02:33:05 +0100: Memory Usage (452068K) : topmetal2_nofill has 0 polygons
2026-03-25 02:33:05 +0100: Memory Usage (452068K) : topmetal2_slit has 0 polygons
2026-03-25 02:33:05 +0100: Memory Usage (452068K) : topmetal2_text has 0 polygons
2026-03-25 02:33:05 +0100: Memory Usage (452068K) : topmetal2_noqrc has 0 polygons
2026-03-25 02:33:05 +0100: Memory Usage (452332K) : topmetal2_res has 0 polygons
2026-03-25 02:33:05 +0100: Memory Usage (452332K) : topmetal2_iprobe has 0 polygons
2026-03-25 02:33:05 +0100: Memory Usage (452332K) : topmetal2_diffprb has 0 polygons
2026-03-25 02:33:05 +0100: Memory Usage (452332K) : snsring_drw has 0 polygons
2026-03-25 02:33:05 +0100: Memory Usage (452332K) : sensor_drw has 0 polygons
2026-03-25 02:33:05 +0100: Memory Usage (452596K) : snsarms_drw has 0 polygons
2026-03-25 02:33:05 +0100: Memory Usage (452596K) : snscmosvia_drw has 0 polygons
2026-03-25 02:33:05 +0100: Memory Usage (452596K) : colwind_drw has 0 polygons
2026-03-25 02:33:05 +0100: Memory Usage (452596K) : flm_drw has 0 polygons
2026-03-25 02:33:05 +0100: Memory Usage (452596K) : hafniumox_drw has 0 polygons
2026-03-25 02:33:05 +0100: Memory Usage (452860K) : memvia_drw has 0 polygons
2026-03-25 02:33:05 +0100: Memory Usage (452860K) : thinfilmres_drw has 0 polygons
2026-03-25 02:33:05 +0100: Memory Usage (452860K) : rfmem_drw has 0 polygons
2026-03-25 02:33:05 +0100: Memory Usage (452860K) : norcx_drw has 0 polygons
2026-03-25 02:33:05 +0100: Memory Usage (452860K) : norcx_m2m3 has 0 polygons
2026-03-25 02:33:05 +0100: Memory Usage (453124K) : norcx_m2m4 has 0 polygons
2026-03-25 02:33:05 +0100: Memory Usage (453124K) : norcx_m2m5 has 0 polygons
2026-03-25 02:33:05 +0100: Memory Usage (453124K) : norcx_m2tm1 has 0 polygons
2026-03-25 02:33:05 +0100: Memory Usage (453124K) : norcx_m2tm2 has 0 polygons
2026-03-25 02:33:05 +0100: Memory Usage (453124K) : norcx_m3m4 has 0 polygons
2026-03-25 02:33:05 +0100: Memory Usage (453124K) : norcx_m3m5 has 0 polygons
2026-03-25 02:33:05 +0100: Memory Usage (453124K) : norcx_m3tm1 has 0 polygons
2026-03-25 02:33:05 +0100: Memory Usage (453388K) : norcx_m3tm2 has 0 polygons
2026-03-25 02:33:05 +0100: Memory Usage (453388K) : norcx_m4m5 has 0 polygons
2026-03-25 02:33:05 +0100: Memory Usage (453388K) : norcx_m4tm1 has 0 polygons
2026-03-25 02:33:05 +0100: Memory Usage (453388K) : norcx_m4tm2 has 0 polygons
2026-03-25 02:33:05 +0100: Memory Usage (453388K) : norcx_m5tm1 has 0 polygons
2026-03-25 02:33:05 +0100: Memory Usage (453388K) : norcx_m5tm2 has 0 polygons
2026-03-25 02:33:05 +0100: Memory Usage (453388K) : norcx_tm1tm2 has 0 polygons
2026-03-25 02:33:05 +0100: Memory Usage (453652K) : norcx_m1sub has 0 polygons
2026-03-25 02:33:05 +0100: Memory Usage (453652K) : norcx_m2sub has 0 polygons
2026-03-25 02:33:05 +0100: Memory Usage (453652K) : norcx_m3sub has 0 polygons
2026-03-25 02:33:05 +0100: Memory Usage (453652K) : norcx_m4sub has 0 polygons
2026-03-25 02:33:05 +0100: Memory Usage (453652K) : norcx_m5sub has 0 polygons
2026-03-25 02:33:05 +0100: Memory Usage (453652K) : norcx_tm1sub has 0 polygons
2026-03-25 02:33:05 +0100: Memory Usage (453652K) : norcx_tm2sub has 0 polygons
2026-03-25 02:33:05 +0100: Memory Usage (453916K) : snsbotvia_drw has 0 polygons
2026-03-25 02:33:05 +0100: Memory Usage (453916K) : snstopvia_drw has 0 polygons
2026-03-25 02:33:05 +0100: Memory Usage (453916K) : deepvia_drw has 0 polygons
2026-03-25 02:33:05 +0100: Memory Usage (453916K) : fgetch_drw has 0 polygons
2026-03-25 02:33:05 +0100: Memory Usage (453916K) : ctrgat_drw has 0 polygons
2026-03-25 02:33:05 +0100: Memory Usage (453916K) : fgimp_drw has 0 polygons
2026-03-25 02:33:05 +0100: Memory Usage (453916K) : emwihv_drw has 0 polygons
2026-03-25 02:33:05 +0100: Memory Usage (454180K) : lbe_drw has 0 polygons
2026-03-25 02:33:05 +0100: Memory Usage (454180K) : alcustop_drw has 0 polygons
2026-03-25 02:33:05 +0100: Memory Usage (454180K) : nometfiller_drw has 0 polygons
2026-03-25 02:33:05 +0100: Memory Usage (454180K) : prboundary_drw has 0 polygons
2026-03-25 02:33:05 +0100: Memory Usage (454180K) : exchange0_drw has 0 polygons
2026-03-25 02:33:05 +0100: Memory Usage (454180K) : exchange0_pin has 0 polygons
2026-03-25 02:33:05 +0100: Memory Usage (454444K) : exchange0_text has 0 polygons
2026-03-25 02:33:05 +0100: Memory Usage (454444K) : exchange1_drw has 0 polygons
2026-03-25 02:33:05 +0100: Memory Usage (454444K) : exchange1_pin has 0 polygons
2026-03-25 02:33:05 +0100: Memory Usage (454444K) : exchange1_text has 0 polygons
2026-03-25 02:33:05 +0100: Memory Usage (454444K) : exchange2_drw has 0 polygons
2026-03-25 02:33:05 +0100: Memory Usage (454708K) : exchange2_pin has 0 polygons
2026-03-25 02:33:05 +0100: Memory Usage (454708K) : exchange2_text has 0 polygons
2026-03-25 02:33:05 +0100: Memory Usage (454708K) : exchange3_drw has 0 polygons
2026-03-25 02:33:05 +0100: Memory Usage (454708K) : exchange3_pin has 0 polygons
2026-03-25 02:33:05 +0100: Memory Usage (454708K) : exchange3_text has 0 polygons
2026-03-25 02:33:05 +0100: Memory Usage (454708K) : exchange4_drw has 0 polygons
2026-03-25 02:33:05 +0100: Memory Usage (454708K) : exchange4_pin has 0 polygons
2026-03-25 02:33:05 +0100: Memory Usage (454708K) : exchange4_text has 0 polygons
2026-03-25 02:33:05 +0100: Memory Usage (454708K) : isonwell_drw has 0 polygons
2026-03-25 02:33:05 +0100: Memory Usage (454708K) : Total no. of polygons in the design is 74600
2026-03-25 02:33:05 +0100: Memory Usage (454708K) : Loaded TECH DRC rules values from /foss/pdks/ihp-sg13g2/libs.tech/klayout/python/sg13g2_pycell_lib/sg13g2_tech_mod.json
2026-03-25 02:33:05 +0100: Memory Usage (454708K) : Loaded default DRC rules values from /foss/pdks/ihp-sg13g2/libs.tech/klayout/tech/drc/rule_decks/sg13g2_tech_default.json
2026-03-25 02:33:05 +0100: Memory Usage (454708K) : The following rules values were missing in tech json and default values were used:
2026-03-25 02:33:05 +0100: Memory Usage (454708K) :   - Cnt_c_digibnd
2026-03-25 02:33:05 +0100: Memory Usage (454972K) : Total area of the design is 28136.451999999997 um^2.
2026-03-25 02:33:05 +0100: Memory Usage (454972K) : The design dimensions are 211.6 µm * 132.97 µm.
2026-03-25 02:33:05 +0100: Memory Usage (454972K) : Starting general IHP-SG13G2 derivations.
2026-03-25 02:33:05 +0100: Memory Usage (454972K) : Starting Pwell derivations
2026-03-25 02:33:05 +0100: Memory Usage (458720K) : Starting IHP-SG13G2 DRC rules.
2026-03-25 02:33:05 +0100: Memory Usage (458720K) : Starting 5.17 Metaln table
2026-03-25 02:33:05 +0100: Memory Usage (458720K) : Executing rule M2.a
2026-03-25 02:33:05 +0100: Memory Usage (460112K) : Executing rule M2.b
2026-03-25 02:33:05 +0100: Memory Usage (461212K) : Executing rule M2.e
2026-03-25 02:33:05 +0100: Memory Usage (461292K) : Executing rule M2.f
2026-03-25 02:33:05 +0100: Memory Usage (461828K) : Executing rule M2.g
2026-03-25 02:33:05 +0100: Memory Usage (461908K) : Executing rule M2.i
2026-03-25 02:33:05 +0100: Memory Usage (461880K) : Executing rule M3.a
2026-03-25 02:33:05 +0100: Memory Usage (461880K) : Executing rule M3.b
2026-03-25 02:33:05 +0100: Memory Usage (461856K) : Executing rule M3.e
2026-03-25 02:33:05 +0100: Memory Usage (461824K) : Executing rule M3.f
2026-03-25 02:33:05 +0100: Memory Usage (461792K) : Executing rule M3.g
2026-03-25 02:33:05 +0100: Memory Usage (461760K) : Executing rule M3.i
2026-03-25 02:33:05 +0100: Memory Usage (461728K) : Executing rule M4.a
2026-03-25 02:33:05 +0100: Memory Usage (461728K) : Executing rule M4.b
2026-03-25 02:33:05 +0100: Memory Usage (462092K) : Executing rule M4.e
2026-03-25 02:33:05 +0100: Memory Usage (462060K) : Executing rule M4.f
2026-03-25 02:33:05 +0100: Memory Usage (462028K) : Executing rule M4.g
2026-03-25 02:33:05 +0100: Memory Usage (461996K) : Executing rule M4.i
2026-03-25 02:33:05 +0100: Memory Usage (461964K) : Executing rule M5.a
2026-03-25 02:33:05 +0100: Memory Usage (461964K) : Executing rule M5.b
2026-03-25 02:33:05 +0100: Memory Usage (461932K) : Executing rule M5.e
2026-03-25 02:33:05 +0100: Memory Usage (461900K) : Executing rule M5.f
2026-03-25 02:33:05 +0100: Memory Usage (461868K) : Executing rule M5.g
2026-03-25 02:33:06 +0100: Memory Usage (462100K) : Executing rule M5.i
2026-03-25 02:33:06 +0100: Memory Usage (462068K) : KLayout DRC run for tables 'metaln' completed in 0.79 seconds
