# Logfile created on 2026-03-25 02:33:02 +0100 by logger.rb/v1.5.3
2026-03-25 02:33:02 +0100: Memory Usage (435804K) : Starting running IHP-SG13G2 KLayout DRC runset on /foss/designs/Design/xschem/HPAmplifier/OTA_Telescopic_backup/OTA_Telescopic_NO_FLATTEN/Layout_and_Related_files/OTA_Telescopic_TOP_wp.gds
2026-03-25 02:33:02 +0100: Memory Usage (435804K) : Ruby Version for klayout: 3.2.3
2026-03-25 02:33:03 +0100: Memory Usage (435804K) : Loading database to memory is complete.
2026-03-25 02:33:03 +0100: Memory Usage (437404K) : IHP-SG13G2 KLayout DRC runset output at: /foss/designs/Design/xschem/HPAmplifier/OTA_Telescopic_backup/OTA_Telescopic_NO_FLATTEN/Layout_and_Related_files/drc_run_OTA_Telescopic_TOP_wp/OTA_Telescopic_TOP_wp_OTA_Telescopic_TOP_wp_copperpillar.lyrdb
2026-03-25 02:33:03 +0100: Memory Usage (437404K) : Evaluate switches.
2026-03-25 02:33:03 +0100: Memory Usage (437404K) : tables selected: copperpillar
2026-03-25 02:33:03 +0100: Memory Usage (437404K) : KLayout will use 4 thread(s) in tiled mode.
2026-03-25 02:33:03 +0100: Memory Usage (437404K) : deep mode is enabled.
2026-03-25 02:33:03 +0100: Memory Usage (437404K) : FEOL enabled: false
2026-03-25 02:33:03 +0100: Memory Usage (437404K) : BEOL enabled: false
2026-03-25 02:33:03 +0100: Memory Usage (437404K) : OFFGRID enabled: true
2026-03-25 02:33:03 +0100: Memory Usage (437404K) : PIN enabled: false
2026-03-25 02:33:03 +0100: Memory Usage (437404K) : FORBIDDEN enabled: false
2026-03-25 02:33:03 +0100: Memory Usage (437404K) : RECOMMENDED enabled: true
2026-03-25 02:33:03 +0100: Memory Usage (437404K) : PreCheck DRC enabled: false
2026-03-25 02:33:03 +0100: Memory Usage (437404K) : CONNECTIVITY_RULES enabled: false.
2026-03-25 02:33:03 +0100: Memory Usage (437404K) : Read in polygons from layers.
2026-03-25 02:33:03 +0100: Memory Usage (437404K) : activ_drw has 5032 polygons
2026-03-25 02:33:03 +0100: Memory Usage (437404K) : activ_pin has 0 polygons
2026-03-25 02:33:03 +0100: Memory Usage (437404K) : activ_mask has 0 polygons
2026-03-25 02:33:03 +0100: Memory Usage (437404K) : activ_filler has 0 polygons
2026-03-25 02:33:03 +0100: Memory Usage (437404K) : activ_nofill has 0 polygons
2026-03-25 02:33:03 +0100: Memory Usage (437404K) : activ_opc has 0 polygons
2026-03-25 02:33:03 +0100: Memory Usage (437404K) : activ_iopc has 0 polygons
2026-03-25 02:33:03 +0100: Memory Usage (437404K) : activ_noqrc has 0 polygons
2026-03-25 02:33:03 +0100: Memory Usage (437404K) : biwind_drw has 0 polygons
2026-03-25 02:33:03 +0100: Memory Usage (437404K) : biwind_opc has 0 polygons
2026-03-25 02:33:03 +0100: Memory Usage (438512K) : pemwind_drw has 0 polygons
2026-03-25 02:33:03 +0100: Memory Usage (438512K) : gatpoly_drw has 2679 polygons
2026-03-25 02:33:03 +0100: Memory Usage (438512K) : gatpoly_pin has 377 polygons
2026-03-25 02:33:03 +0100: Memory Usage (438512K) : gatpoly_filler has 0 polygons
2026-03-25 02:33:03 +0100: Memory Usage (438512K) : gatpoly_nofill has 0 polygons
2026-03-25 02:33:03 +0100: Memory Usage (438512K) : gatpoly_opc has 0 polygons
2026-03-25 02:33:03 +0100: Memory Usage (438776K) : gatpoly_iopc has 0 polygons
2026-03-25 02:33:03 +0100: Memory Usage (438776K) : gatpoly_noqrc has 0 polygons
2026-03-25 02:33:03 +0100: Memory Usage (438776K) : cont_drw has 24680 polygons
2026-03-25 02:33:03 +0100: Memory Usage (438776K) : cont_opc has 0 polygons
2026-03-25 02:33:03 +0100: Memory Usage (439040K) : nsd_drw has 0 polygons
2026-03-25 02:33:03 +0100: Memory Usage (439148K) : nsd_block has 0 polygons
2026-03-25 02:33:03 +0100: Memory Usage (439148K) : metal1_drw has 7670 polygons
2026-03-25 02:33:03 +0100: Memory Usage (439148K) : metal1_pin has 2038 polygons
2026-03-25 02:33:03 +0100: Memory Usage (439408K) : metal1_mask has 0 polygons
2026-03-25 02:33:03 +0100: Memory Usage (439408K) : metal1_filler has 0 polygons
2026-03-25 02:33:03 +0100: Memory Usage (439408K) : metal1_nofill has 0 polygons
2026-03-25 02:33:03 +0100: Memory Usage (439408K) : metal1_slit has 0 polygons
2026-03-25 02:33:03 +0100: Memory Usage (439672K) : metal1_text has 1 polygons
2026-03-25 02:33:03 +0100: Memory Usage (439672K) : metal1_opc has 0 polygons
2026-03-25 02:33:03 +0100: Memory Usage (439672K) : metal1_noqrc has 0 polygons
2026-03-25 02:33:03 +0100: Memory Usage (439672K) : metal1_res has 0 polygons
2026-03-25 02:33:03 +0100: Memory Usage (439672K) : metal1_iprobe has 0 polygons
2026-03-25 02:33:03 +0100: Memory Usage (440112K) : metal1_diffprb has 0 polygons
2026-03-25 02:33:03 +0100: Memory Usage (440112K) : passiv_drw has 0 polygons
2026-03-25 02:33:03 +0100: Memory Usage (440112K) : passiv_pin has 0 polygons
2026-03-25 02:33:03 +0100: Memory Usage (440112K) : passiv_sbump has 0 polygons
2026-03-25 02:33:03 +0100: Memory Usage (440112K) : passiv_pillar has 0 polygons
2026-03-25 02:33:03 +0100: Memory Usage (440376K) : passiv_pdl has 0 polygons
2026-03-25 02:33:03 +0100: Memory Usage (440376K) : metal2_drw has 1317 polygons
2026-03-25 02:33:03 +0100: Memory Usage (440376K) : metal2_pin has 11 polygons
2026-03-25 02:33:03 +0100: Memory Usage (440988K) : metal2_mask has 0 polygons
2026-03-25 02:33:03 +0100: Memory Usage (440988K) : metal2_filler has 0 polygons
2026-03-25 02:33:03 +0100: Memory Usage (440988K) : metal2_nofill has 0 polygons
2026-03-25 02:33:03 +0100: Memory Usage (440988K) : metal2_slit has 0 polygons
2026-03-25 02:33:03 +0100: Memory Usage (440988K) : metal2_text has 6 polygons
2026-03-25 02:33:03 +0100: Memory Usage (441252K) : metal2_opc has 0 polygons
2026-03-25 02:33:03 +0100: Memory Usage (441292K) : metal2_noqrc has 0 polygons
2026-03-25 02:33:03 +0100: Memory Usage (441292K) : metal2_res has 0 polygons
2026-03-25 02:33:03 +0100: Memory Usage (441292K) : metal2_iprobe has 0 polygons
2026-03-25 02:33:03 +0100: Memory Usage (441552K) : metal2_diffprb has 0 polygons
2026-03-25 02:33:03 +0100: Memory Usage (441552K) : baspoly_drw has 0 polygons
2026-03-25 02:33:03 +0100: Memory Usage (441552K) : baspoly_pin has 0 polygons
2026-03-25 02:33:03 +0100: Memory Usage (441552K) : psd_drw has 1551 polygons
2026-03-25 02:33:03 +0100: Memory Usage (441552K) : nldb_drw has 0 polygons
2026-03-25 02:33:03 +0100: Memory Usage (441816K) : digibnd_drw has 0 polygons
2026-03-25 02:33:03 +0100: Memory Usage (441816K) : via1_drw has 9054 polygons
2026-03-25 02:33:03 +0100: Memory Usage (441816K) : backmetal1_drw has 0 polygons
2026-03-25 02:33:03 +0100: Memory Usage (442140K) : backmetal1_pin has 0 polygons
2026-03-25 02:33:03 +0100: Memory Usage (442140K) : backmetal1_mask has 0 polygons
2026-03-25 02:33:03 +0100: Memory Usage (442140K) : backmetal1_filler has 0 polygons
2026-03-25 02:33:03 +0100: Memory Usage (442140K) : backmetal1_nofill has 0 polygons
2026-03-25 02:33:03 +0100: Memory Usage (442140K) : backmetal1_slit has 0 polygons
2026-03-25 02:33:03 +0100: Memory Usage (442404K) : backmetal1_text has 0 polygons
2026-03-25 02:33:03 +0100: Memory Usage (442404K) : backmetal1_opc has 0 polygons
2026-03-25 02:33:03 +0100: Memory Usage (442404K) : backmetal1_noqrc has 0 polygons
2026-03-25 02:33:03 +0100: Memory Usage (442404K) : backmetal1_res has 0 polygons
2026-03-25 02:33:03 +0100: Memory Usage (442404K) : backmetal1_iprobe has 0 polygons
2026-03-25 02:33:03 +0100: Memory Usage (442668K) : backmetal1_diffprb has 0 polygons
2026-03-25 02:33:03 +0100: Memory Usage (442668K) : backpassiv_drw has 0 polygons
2026-03-25 02:33:03 +0100: Memory Usage (442668K) : res_drw has 0 polygons
2026-03-25 02:33:03 +0100: Memory Usage (442668K) : sram_drw has 0 polygons
2026-03-25 02:33:03 +0100: Memory Usage (442940K) : trans_drw has 0 polygons
2026-03-25 02:33:03 +0100: Memory Usage (442940K) : ind_drw has 0 polygons
2026-03-25 02:33:03 +0100: Memory Usage (442940K) : ind_pin has 0 polygons
2026-03-25 02:33:03 +0100: Memory Usage (442940K) : ind_text has 0 polygons
2026-03-25 02:33:03 +0100: Memory Usage (443200K) : salblock_drw has 7 polygons
2026-03-25 02:33:03 +0100: Memory Usage (443200K) : via2_drw has 4753 polygons
2026-03-25 02:33:03 +0100: Memory Usage (443272K) : metal3_drw has 226 polygons
2026-03-25 02:33:03 +0100: Memory Usage (443272K) : metal3_pin has 8 polygons
2026-03-25 02:33:03 +0100: Memory Usage (443532K) : metal3_mask has 0 polygons
2026-03-25 02:33:03 +0100: Memory Usage (443532K) : metal3_filler has 0 polygons
2026-03-25 02:33:03 +0100: Memory Usage (443532K) : metal3_nofill has 0 polygons
2026-03-25 02:33:03 +0100: Memory Usage (443672K) : metal3_slit has 0 polygons
2026-03-25 02:33:03 +0100: Memory Usage (443672K) : metal3_text has 2 polygons
2026-03-25 02:33:03 +0100: Memory Usage (443672K) : metal3_opc has 0 polygons
2026-03-25 02:33:03 +0100: Memory Usage (443932K) : metal3_noqrc has 0 polygons
2026-03-25 02:33:03 +0100: Memory Usage (443932K) : metal3_res has 0 polygons
2026-03-25 02:33:03 +0100: Memory Usage (443932K) : metal3_iprobe has 0 polygons
2026-03-25 02:33:03 +0100: Memory Usage (443932K) : metal3_diffprb has 0 polygons
2026-03-25 02:33:03 +0100: Memory Usage (443932K) : nwell_drw has 1216 polygons
2026-03-25 02:33:03 +0100: Memory Usage (444196K) : nwell_pin has 0 polygons
2026-03-25 02:33:03 +0100: Memory Usage (444196K) : nbulay_drw has 0 polygons
2026-03-25 02:33:03 +0100: Memory Usage (444196K) : nbulay_pin has 0 polygons
2026-03-25 02:33:03 +0100: Memory Usage (444196K) : nbulay_block has 0 polygons
2026-03-25 02:33:03 +0100: Memory Usage (444196K) : emwind_drw has 0 polygons
2026-03-25 02:33:03 +0100: Memory Usage (444456K) : emwind_opc has 0 polygons
2026-03-25 02:33:03 +0100: Memory Usage (444456K) : deepco_drw has 0 polygons
2026-03-25 02:33:03 +0100: Memory Usage (444716K) : deepco_drw has 0 polygons
2026-03-25 02:33:03 +0100: Memory Usage (444716K) : mim_drw has 2 polygons
2026-03-25 02:33:03 +0100: Memory Usage (444716K) : edgeseal_drw has 0 polygons
2026-03-25 02:33:03 +0100: Memory Usage (444716K) : edgeseal_bound has 0 polygons
2026-03-25 02:33:03 +0100: Memory Usage (444716K) : substrate_drw has 723 polygons
2026-03-25 02:33:03 +0100: Memory Usage (444980K) : substrate_text has 0 polygons
2026-03-25 02:33:03 +0100: Memory Usage (444980K) : dfpad_drw has 0 polygons
2026-03-25 02:33:03 +0100: Memory Usage (444980K) : dfpad_pillar has 0 polygons
2026-03-25 02:33:03 +0100: Memory Usage (444980K) : dfpad_sbump has 0 polygons
2026-03-25 02:33:03 +0100: Memory Usage (445244K) : thickgateox_drw has 0 polygons
2026-03-25 02:33:03 +0100: Memory Usage (445244K) : pldb_drw has 0 polygons
2026-03-25 02:33:03 +0100: Memory Usage (445244K) : pwell_drw has 0 polygons
2026-03-25 02:33:03 +0100: Memory Usage (445244K) : pwell_pin has 0 polygons
2026-03-25 02:33:03 +0100: Memory Usage (445244K) : pwell_block has 0 polygons
2026-03-25 02:33:03 +0100: Memory Usage (445508K) : ic_drw has 0 polygons
2026-03-25 02:33:03 +0100: Memory Usage (445508K) : via3_drw has 4357 polygons
2026-03-25 02:33:03 +0100: Memory Usage (445508K) : metal4_drw has 157 polygons
2026-03-25 02:33:03 +0100: Memory Usage (445772K) : metal4_pin has 3 polygons
2026-03-25 02:33:03 +0100: Memory Usage (445772K) : metal4_mask has 0 polygons
2026-03-25 02:33:03 +0100: Memory Usage (445772K) : metal4_filler has 0 polygons
2026-03-25 02:33:03 +0100: Memory Usage (445772K) : metal4_nofill has 0 polygons
2026-03-25 02:33:03 +0100: Memory Usage (445772K) : metal4_slit has 0 polygons
2026-03-25 02:33:03 +0100: Memory Usage (446036K) : metal4_text has 5 polygons
2026-03-25 02:33:03 +0100: Memory Usage (446036K) : metal4_opc has 0 polygons
2026-03-25 02:33:03 +0100: Memory Usage (446036K) : metal4_noqrc has 0 polygons
2026-03-25 02:33:03 +0100: Memory Usage (446036K) : metal4_res has 0 polygons
2026-03-25 02:33:03 +0100: Memory Usage (446236K) : metal4_iprobe has 0 polygons
2026-03-25 02:33:03 +0100: Memory Usage (446236K) : metal4_diffprb has 0 polygons
2026-03-25 02:33:03 +0100: Memory Usage (446236K) : heattrans_drw has 1555 polygons
2026-03-25 02:33:03 +0100: Memory Usage (446496K) : heatres_drw has 7 polygons
2026-03-25 02:33:03 +0100: Memory Usage (446496K) : pempoly_drw has 0 polygons
2026-03-25 02:33:03 +0100: Memory Usage (446496K) : fbe_drw has 0 polygons
2026-03-25 02:33:03 +0100: Memory Usage (446496K) : empoly_drw has 0 polygons
2026-03-25 02:33:03 +0100: Memory Usage (446496K) : ldmos_drw has 0 polygons
2026-03-25 02:33:03 +0100: Memory Usage (446756K) : pbiwind_drw has 0 polygons
2026-03-25 02:33:03 +0100: Memory Usage (446756K) : digisub_drw has 0 polygons
2026-03-25 02:33:03 +0100: Memory Usage (446756K) : nodrc_drw has 0 polygons
2026-03-25 02:33:03 +0100: Memory Usage (447016K) : text_drw has 1107 polygons
2026-03-25 02:33:03 +0100: Memory Usage (447016K) : via4_drw has 4250 polygons
2026-03-25 02:33:03 +0100: Memory Usage (447016K) : metal5_drw has 107 polygons
2026-03-25 02:33:03 +0100: Memory Usage (447016K) : metal5_pin has 12 polygons
2026-03-25 02:33:03 +0100: Memory Usage (447280K) : metal5_mask has 0 polygons
2026-03-25 02:33:03 +0100: Memory Usage (447280K) : metal5_filler has 0 polygons
2026-03-25 02:33:03 +0100: Memory Usage (447280K) : metal5_nofill has 0 polygons
2026-03-25 02:33:03 +0100: Memory Usage (447280K) : metal5_slit has 0 polygons
2026-03-25 02:33:03 +0100: Memory Usage (447280K) : metal5_text has 18 polygons
2026-03-25 02:33:03 +0100: Memory Usage (447544K) : metal5_opc has 0 polygons
2026-03-25 02:33:03 +0100: Memory Usage (447544K) : metal5_noqrc has 0 polygons
2026-03-25 02:33:03 +0100: Memory Usage (447544K) : metal5_res has 0 polygons
2026-03-25 02:33:03 +0100: Memory Usage (447544K) : metal5_iprobe has 0 polygons
2026-03-25 02:33:03 +0100: Memory Usage (447544K) : metal5_diffprb has 0 polygons
2026-03-25 02:33:03 +0100: Memory Usage (447836K) : radhard_drw has 0 polygons
2026-03-25 02:33:03 +0100: Memory Usage (447904K) : memcap_drw has 0 polygons
2026-03-25 02:33:03 +0100: Memory Usage (447904K) : varicap_drw has 0 polygons
2026-03-25 02:33:03 +0100: Memory Usage (447904K) : flash_drw has 0 polygons
2026-03-25 02:33:03 +0100: Memory Usage (448164K) : intbondvia_drw has 0 polygons
2026-03-25 02:33:03 +0100: Memory Usage (448164K) : intbondmet_drw has 0 polygons
2026-03-25 02:33:03 +0100: Memory Usage (448164K) : devbondvia_drw has 0 polygons
2026-03-25 02:33:03 +0100: Memory Usage (448164K) : devbondmet_drw has 0 polygons
2026-03-25 02:33:03 +0100: Memory Usage (448164K) : devtrench_drw has 0 polygons
2026-03-25 02:33:03 +0100: Memory Usage (448428K) : redist_drw has 0 polygons
2026-03-25 02:33:03 +0100: Memory Usage (448428K) : graphbot_drw has 0 polygons
2026-03-25 02:33:03 +0100: Memory Usage (448428K) : graphtop_drw has 0 polygons
2026-03-25 02:33:03 +0100: Memory Usage (448428K) : antvia1_drw has 0 polygons
2026-03-25 02:33:03 +0100: Memory Usage (448428K) : antmetal2_drw has 0 polygons
2026-03-25 02:33:03 +0100: Memory Usage (448692K) : graphcont_drw has 0 polygons
2026-03-25 02:33:03 +0100: Memory Usage (448692K) : siwg_drw has 0 polygons
2026-03-25 02:33:03 +0100: Memory Usage (448692K) : siwg_filler has 0 polygons
2026-03-25 02:33:03 +0100: Memory Usage (448692K) : siwg_nofill has 0 polygons
2026-03-25 02:33:03 +0100: Memory Usage (448904K) : sigrating_drw has 0 polygons
2026-03-25 02:33:03 +0100: Memory Usage (448904K) : singrating_drw has 0 polygons
2026-03-25 02:33:03 +0100: Memory Usage (448904K) : graphpas_drw has 0 polygons
2026-03-25 02:33:03 +0100: Memory Usage (449164K) : emwind3_drw has 0 polygons
2026-03-25 02:33:03 +0100: Memory Usage (449164K) : emwihv3_drw has 0 polygons
2026-03-25 02:33:03 +0100: Memory Usage (449164K) : redbulay_drw has 0 polygons
2026-03-25 02:33:03 +0100: Memory Usage (449164K) : smos_drw has 0 polygons
2026-03-25 02:33:03 +0100: Memory Usage (449164K) : graphpad_drw has 0 polygons
2026-03-25 02:33:03 +0100: Memory Usage (449428K) : polimide_drw has 0 polygons
2026-03-25 02:33:03 +0100: Memory Usage (449460K) : polimide_pin has 0 polygons
2026-03-25 02:33:03 +0100: Memory Usage (449460K) : recog_drw has 0 polygons
2026-03-25 02:33:03 +0100: Memory Usage (449460K) : recog_pin has 0 polygons
2026-03-25 02:33:03 +0100: Memory Usage (449460K) : recog_esd has 0 polygons
2026-03-25 02:33:03 +0100: Memory Usage (449720K) : recog_diode has 0 polygons
2026-03-25 02:33:03 +0100: Memory Usage (449720K) : recog_tsv has 0 polygons
2026-03-25 02:33:03 +0100: Memory Usage (449720K) : recog_iprobe has 0 polygons
2026-03-25 02:33:03 +0100: Memory Usage (449720K) : recog_diffprb has 0 polygons
2026-03-25 02:33:03 +0100: Memory Usage (449720K) : recog_pillar has 0 polygons
2026-03-25 02:33:03 +0100: Memory Usage (449720K) : recog_sbump has 0 polygons
2026-03-25 02:33:03 +0100: Memory Usage (449720K) : recog_otp has 0 polygons
2026-03-25 02:33:03 +0100: Memory Usage (449984K) : recog_pdiode has 0 polygons
2026-03-25 02:33:03 +0100: Memory Usage (449984K) : recog_mom has 0 polygons
2026-03-25 02:33:03 +0100: Memory Usage (449984K) : recog_pcm has 0 polygons
2026-03-25 02:33:03 +0100: Memory Usage (449984K) : colopen_drw has 0 polygons
2026-03-25 02:33:03 +0100: Memory Usage (449984K) : graphmetal1_drw has 0 polygons
2026-03-25 02:33:03 +0100: Memory Usage (449984K) : graphmetal1_filler has 0 polygons
2026-03-25 02:33:03 +0100: Memory Usage (449984K) : graphmetal1_nofill has 0 polygons
2026-03-25 02:33:03 +0100: Memory Usage (450248K) : graphmetal1_slit has 0 polygons
2026-03-25 02:33:03 +0100: Memory Usage (450248K) : graphmetal1_opc has 0 polygons
2026-03-25 02:33:03 +0100: Memory Usage (450248K) : graphmet1l_drw has 0 polygons
2026-03-25 02:33:03 +0100: Memory Usage (450248K) : graphmet1l_filler has 0 polygons
2026-03-25 02:33:03 +0100: Memory Usage (450248K) : graphmet1l_nofill has 0 polygons
2026-03-25 02:33:03 +0100: Memory Usage (450512K) : graphmet1l_slit has 0 polygons
2026-03-25 02:33:03 +0100: Memory Usage (450512K) : graphmet1l_opc has 0 polygons
2026-03-25 02:33:03 +0100: Memory Usage (450512K) : extblock_drw has 21 polygons
2026-03-25 02:33:03 +0100: Memory Usage (450512K) : nldd_drw has 0 polygons
2026-03-25 02:33:03 +0100: Memory Usage (450512K) : pldd_drw has 0 polygons
2026-03-25 02:33:03 +0100: Memory Usage (450776K) : next_drw has 0 polygons
2026-03-25 02:33:03 +0100: Memory Usage (450776K) : pext_drw has 0 polygons
2026-03-25 02:33:03 +0100: Memory Usage (450776K) : nexthv_drw has 0 polygons
2026-03-25 02:33:03 +0100: Memory Usage (450776K) : pexthv_drw has 0 polygons
2026-03-25 02:33:03 +0100: Memory Usage (450776K) : graphgate_drw has 0 polygons
2026-03-25 02:33:03 +0100: Memory Usage (451040K) : sinwg_drw has 0 polygons
2026-03-25 02:33:03 +0100: Memory Usage (451040K) : sinwg_filler has 0 polygons
2026-03-25 02:33:03 +0100: Memory Usage (451040K) : sinwg_nofill has 0 polygons
2026-03-25 02:33:03 +0100: Memory Usage (451040K) : mempad_drw has 0 polygons
2026-03-25 02:33:03 +0100: Memory Usage (451040K) : topvia1_drw has 924 polygons
2026-03-25 02:33:03 +0100: Memory Usage (451040K) : topmetal1_drw has 120 polygons
2026-03-25 02:33:03 +0100: Memory Usage (451040K) : topmetal1_pin has 15 polygons
2026-03-25 02:33:03 +0100: Memory Usage (451304K) : topmetal1_mask has 0 polygons
2026-03-25 02:33:03 +0100: Memory Usage (451304K) : topmetal1_filler has 0 polygons
2026-03-25 02:33:03 +0100: Memory Usage (451304K) : topmetal1_nofill has 0 polygons
2026-03-25 02:33:03 +0100: Memory Usage (451304K) : topmetal1_slit has 0 polygons
2026-03-25 02:33:03 +0100: Memory Usage (451304K) : topmetal1_text has 4 polygons
2026-03-25 02:33:03 +0100: Memory Usage (451304K) : topmetal1_noqrc has 0 polygons
2026-03-25 02:33:03 +0100: Memory Usage (451568K) : topmetal1_res has 0 polygons
2026-03-25 02:33:03 +0100: Memory Usage (451568K) : topmetal1_iprobe has 0 polygons
2026-03-25 02:33:03 +0100: Memory Usage (451568K) : topmetal1_diffprb has 0 polygons
2026-03-25 02:33:03 +0100: Memory Usage (451568K) : inldpwl_drw has 0 polygons
2026-03-25 02:33:03 +0100: Memory Usage (451568K) : polyres_drw has 7 polygons
2026-03-25 02:33:03 +0100: Memory Usage (451832K) : polyres_pin has 0 polygons
2026-03-25 02:33:03 +0100: Memory Usage (451832K) : vmim_drw has 578 polygons
2026-03-25 02:33:03 +0100: Memory Usage (451832K) : nbulaycut_drw has 0 polygons
2026-03-25 02:33:03 +0100: Memory Usage (451832K) : antmetal1_drw has 0 polygons
2026-03-25 02:33:03 +0100: Memory Usage (452096K) : topvia2_drw has 0 polygons
2026-03-25 02:33:03 +0100: Memory Usage (452096K) : topmetal2_drw has 0 polygons
2026-03-25 02:33:03 +0100: Memory Usage (452096K) : topmetal2_pin has 0 polygons
2026-03-25 02:33:03 +0100: Memory Usage (452096K) : topmetal2_mask has 0 polygons
2026-03-25 02:33:03 +0100: Memory Usage (452096K) : topmetal2_filler has 0 polygons
2026-03-25 02:33:03 +0100: Memory Usage (452360K) : topmetal2_nofill has 0 polygons
2026-03-25 02:33:03 +0100: Memory Usage (452360K) : topmetal2_slit has 0 polygons
2026-03-25 02:33:03 +0100: Memory Usage (452360K) : topmetal2_text has 0 polygons
2026-03-25 02:33:03 +0100: Memory Usage (452360K) : topmetal2_noqrc has 0 polygons
2026-03-25 02:33:03 +0100: Memory Usage (452360K) : topmetal2_res has 0 polygons
2026-03-25 02:33:03 +0100: Memory Usage (452624K) : topmetal2_iprobe has 0 polygons
2026-03-25 02:33:03 +0100: Memory Usage (452624K) : topmetal2_diffprb has 0 polygons
2026-03-25 02:33:03 +0100: Memory Usage (452624K) : snsring_drw has 0 polygons
2026-03-25 02:33:03 +0100: Memory Usage (452624K) : sensor_drw has 0 polygons
2026-03-25 02:33:03 +0100: Memory Usage (452624K) : snsarms_drw has 0 polygons
2026-03-25 02:33:03 +0100: Memory Usage (452888K) : snscmosvia_drw has 0 polygons
2026-03-25 02:33:03 +0100: Memory Usage (452888K) : colwind_drw has 0 polygons
2026-03-25 02:33:03 +0100: Memory Usage (452888K) : flm_drw has 0 polygons
2026-03-25 02:33:03 +0100: Memory Usage (452888K) : hafniumox_drw has 0 polygons
2026-03-25 02:33:03 +0100: Memory Usage (452888K) : memvia_drw has 0 polygons
2026-03-25 02:33:03 +0100: Memory Usage (453152K) : thinfilmres_drw has 0 polygons
2026-03-25 02:33:03 +0100: Memory Usage (453152K) : rfmem_drw has 0 polygons
2026-03-25 02:33:03 +0100: Memory Usage (453152K) : norcx_drw has 0 polygons
2026-03-25 02:33:03 +0100: Memory Usage (453152K) : norcx_m2m3 has 0 polygons
2026-03-25 02:33:03 +0100: Memory Usage (453152K) : norcx_m2m4 has 0 polygons
2026-03-25 02:33:03 +0100: Memory Usage (453152K) : norcx_m2m5 has 0 polygons
2026-03-25 02:33:03 +0100: Memory Usage (453152K) : norcx_m2tm1 has 0 polygons
2026-03-25 02:33:03 +0100: Memory Usage (453416K) : norcx_m2tm2 has 0 polygons
2026-03-25 02:33:03 +0100: Memory Usage (453416K) : norcx_m3m4 has 0 polygons
2026-03-25 02:33:03 +0100: Memory Usage (453416K) : norcx_m3m5 has 0 polygons
2026-03-25 02:33:03 +0100: Memory Usage (453416K) : norcx_m3tm1 has 0 polygons
2026-03-25 02:33:03 +0100: Memory Usage (453416K) : norcx_m3tm2 has 0 polygons
2026-03-25 02:33:03 +0100: Memory Usage (453416K) : norcx_m4m5 has 0 polygons
2026-03-25 02:33:03 +0100: Memory Usage (453416K) : norcx_m4tm1 has 0 polygons
2026-03-25 02:33:03 +0100: Memory Usage (453680K) : norcx_m4tm2 has 0 polygons
2026-03-25 02:33:03 +0100: Memory Usage (453680K) : norcx_m5tm1 has 0 polygons
2026-03-25 02:33:03 +0100: Memory Usage (453680K) : norcx_m5tm2 has 0 polygons
2026-03-25 02:33:03 +0100: Memory Usage (453680K) : norcx_tm1tm2 has 0 polygons
2026-03-25 02:33:03 +0100: Memory Usage (453680K) : norcx_m1sub has 0 polygons
2026-03-25 02:33:03 +0100: Memory Usage (453680K) : norcx_m2sub has 0 polygons
2026-03-25 02:33:03 +0100: Memory Usage (453944K) : norcx_m3sub has 0 polygons
2026-03-25 02:33:03 +0100: Memory Usage (453944K) : norcx_m4sub has 0 polygons
2026-03-25 02:33:03 +0100: Memory Usage (453944K) : norcx_m5sub has 0 polygons
2026-03-25 02:33:03 +0100: Memory Usage (453944K) : norcx_tm1sub has 0 polygons
2026-03-25 02:33:03 +0100: Memory Usage (453944K) : norcx_tm2sub has 0 polygons
2026-03-25 02:33:03 +0100: Memory Usage (453944K) : snsbotvia_drw has 0 polygons
2026-03-25 02:33:03 +0100: Memory Usage (453944K) : snstopvia_drw has 0 polygons
2026-03-25 02:33:03 +0100: Memory Usage (454208K) : deepvia_drw has 0 polygons
2026-03-25 02:33:03 +0100: Memory Usage (454208K) : fgetch_drw has 0 polygons
2026-03-25 02:33:03 +0100: Memory Usage (454208K) : ctrgat_drw has 0 polygons
2026-03-25 02:33:03 +0100: Memory Usage (454208K) : fgimp_drw has 0 polygons
2026-03-25 02:33:03 +0100: Memory Usage (454208K) : emwihv_drw has 0 polygons
2026-03-25 02:33:03 +0100: Memory Usage (454208K) : lbe_drw has 0 polygons
2026-03-25 02:33:03 +0100: Memory Usage (454208K) : alcustop_drw has 0 polygons
2026-03-25 02:33:03 +0100: Memory Usage (454472K) : nometfiller_drw has 0 polygons
2026-03-25 02:33:03 +0100: Memory Usage (454472K) : prboundary_drw has 0 polygons
2026-03-25 02:33:03 +0100: Memory Usage (454472K) : exchange0_drw has 0 polygons
2026-03-25 02:33:03 +0100: Memory Usage (454472K) : exchange0_pin has 0 polygons
2026-03-25 02:33:03 +0100: Memory Usage (454472K) : exchange0_text has 0 polygons
2026-03-25 02:33:03 +0100: Memory Usage (454736K) : exchange1_drw has 0 polygons
2026-03-25 02:33:03 +0100: Memory Usage (454736K) : exchange1_pin has 0 polygons
2026-03-25 02:33:03 +0100: Memory Usage (454736K) : exchange1_text has 0 polygons
2026-03-25 02:33:03 +0100: Memory Usage (454736K) : exchange2_drw has 0 polygons
2026-03-25 02:33:03 +0100: Memory Usage (454736K) : exchange2_pin has 0 polygons
2026-03-25 02:33:03 +0100: Memory Usage (455000K) : exchange2_text has 0 polygons
2026-03-25 02:33:03 +0100: Memory Usage (455000K) : exchange3_drw has 0 polygons
2026-03-25 02:33:03 +0100: Memory Usage (455000K) : exchange3_pin has 0 polygons
2026-03-25 02:33:03 +0100: Memory Usage (455000K) : exchange3_text has 0 polygons
2026-03-25 02:33:03 +0100: Memory Usage (455000K) : exchange4_drw has 0 polygons
2026-03-25 02:33:03 +0100: Memory Usage (455000K) : exchange4_pin has 0 polygons
2026-03-25 02:33:03 +0100: Memory Usage (455000K) : exchange4_text has 0 polygons
2026-03-25 02:33:03 +0100: Memory Usage (455000K) : isonwell_drw has 0 polygons
2026-03-25 02:33:03 +0100: Memory Usage (455000K) : Total no. of polygons in the design is 74600
2026-03-25 02:33:03 +0100: Memory Usage (455000K) : Loaded TECH DRC rules values from /foss/pdks/ihp-sg13g2/libs.tech/klayout/python/sg13g2_pycell_lib/sg13g2_tech_mod.json
2026-03-25 02:33:03 +0100: Memory Usage (455000K) : Loaded default DRC rules values from /foss/pdks/ihp-sg13g2/libs.tech/klayout/tech/drc/rule_decks/sg13g2_tech_default.json
2026-03-25 02:33:03 +0100: Memory Usage (455000K) : The following rules values were missing in tech json and default values were used:
2026-03-25 02:33:03 +0100: Memory Usage (455000K) :   - Cnt_c_digibnd
2026-03-25 02:33:03 +0100: Memory Usage (455268K) : Total area of the design is 28136.451999999997 um^2.
2026-03-25 02:33:03 +0100: Memory Usage (455268K) : The design dimensions are 211.6 µm * 132.97 µm.
2026-03-25 02:33:03 +0100: Memory Usage (455268K) : Starting general IHP-SG13G2 derivations.
2026-03-25 02:33:03 +0100: Memory Usage (455268K) : Starting Pwell derivations
2026-03-25 02:33:03 +0100: Memory Usage (458992K) : Starting pad general derivations
2026-03-25 02:33:03 +0100: Memory Usage (459844K) : Starting IHP-SG13G2 DRC rules.
2026-03-25 02:33:03 +0100: Memory Usage (459844K) : Starting 6.9.2 Copper Pillar table
2026-03-25 02:33:03 +0100: Memory Usage (459844K) : Executing rule Padc.a
2026-03-25 02:33:03 +0100: Memory Usage (460552K) : Executing rule Padc.b
2026-03-25 02:33:03 +0100: Memory Usage (460552K) : Executing rule Padc.c
2026-03-25 02:33:03 +0100: Memory Usage (460552K) : Executing rule Padb.f
2026-03-25 02:33:03 +0100: Memory Usage (460552K) : KLayout DRC run for tables 'copperpillar' completed in 0.52 seconds
