# Logfile created on 2026-03-25 02:33:02 +0100 by logger.rb/v1.5.3
2026-03-25 02:33:02 +0100: Memory Usage (435400K) : Starting running IHP-SG13G2 KLayout DRC runset on /foss/designs/Design/xschem/HPAmplifier/OTA_Telescopic_backup/OTA_Telescopic_NO_FLATTEN/Layout_and_Related_files/OTA_Telescopic_TOP_wp.gds
2026-03-25 02:33:02 +0100: Memory Usage (435400K) : Ruby Version for klayout: 3.2.3
2026-03-25 02:33:02 +0100: Memory Usage (435400K) : Loading database to memory is complete.
2026-03-25 02:33:02 +0100: Memory Usage (436956K) : IHP-SG13G2 KLayout DRC runset output at: /foss/designs/Design/xschem/HPAmplifier/OTA_Telescopic_backup/OTA_Telescopic_NO_FLATTEN/Layout_and_Related_files/drc_run_OTA_Telescopic_TOP_wp/OTA_Telescopic_TOP_wp_OTA_Telescopic_TOP_wp_topmetal2filler.lyrdb
2026-03-25 02:33:02 +0100: Memory Usage (436956K) : Evaluate switches.
2026-03-25 02:33:02 +0100: Memory Usage (436956K) : tables selected: topmetal2filler
2026-03-25 02:33:02 +0100: Memory Usage (436956K) : KLayout will use 4 thread(s) in tiled mode.
2026-03-25 02:33:02 +0100: Memory Usage (436956K) : deep mode is enabled.
2026-03-25 02:33:02 +0100: Memory Usage (436956K) : FEOL enabled: false
2026-03-25 02:33:02 +0100: Memory Usage (436956K) : BEOL enabled: false
2026-03-25 02:33:02 +0100: Memory Usage (436956K) : OFFGRID enabled: true
2026-03-25 02:33:02 +0100: Memory Usage (436956K) : PIN enabled: false
2026-03-25 02:33:02 +0100: Memory Usage (436956K) : FORBIDDEN enabled: false
2026-03-25 02:33:02 +0100: Memory Usage (436956K) : RECOMMENDED enabled: true
2026-03-25 02:33:02 +0100: Memory Usage (436956K) : PreCheck DRC enabled: false
2026-03-25 02:33:02 +0100: Memory Usage (436956K) : CONNECTIVITY_RULES enabled: false.
2026-03-25 02:33:02 +0100: Memory Usage (436956K) : Read in polygons from layers.
2026-03-25 02:33:02 +0100: Memory Usage (436956K) : activ_drw has 5032 polygons
2026-03-25 02:33:02 +0100: Memory Usage (436956K) : activ_pin has 0 polygons
2026-03-25 02:33:02 +0100: Memory Usage (436956K) : activ_mask has 0 polygons
2026-03-25 02:33:02 +0100: Memory Usage (436956K) : activ_filler has 0 polygons
2026-03-25 02:33:02 +0100: Memory Usage (436956K) : activ_nofill has 0 polygons
2026-03-25 02:33:02 +0100: Memory Usage (436956K) : activ_opc has 0 polygons
2026-03-25 02:33:02 +0100: Memory Usage (436956K) : activ_iopc has 0 polygons
2026-03-25 02:33:02 +0100: Memory Usage (436956K) : activ_noqrc has 0 polygons
2026-03-25 02:33:02 +0100: Memory Usage (436956K) : biwind_drw has 0 polygons
2026-03-25 02:33:02 +0100: Memory Usage (436956K) : biwind_opc has 0 polygons
2026-03-25 02:33:02 +0100: Memory Usage (437996K) : pemwind_drw has 0 polygons
2026-03-25 02:33:02 +0100: Memory Usage (437996K) : gatpoly_drw has 2679 polygons
2026-03-25 02:33:02 +0100: Memory Usage (437996K) : gatpoly_pin has 377 polygons
2026-03-25 02:33:02 +0100: Memory Usage (437996K) : gatpoly_filler has 0 polygons
2026-03-25 02:33:02 +0100: Memory Usage (437996K) : gatpoly_nofill has 0 polygons
2026-03-25 02:33:02 +0100: Memory Usage (437996K) : gatpoly_opc has 0 polygons
2026-03-25 02:33:02 +0100: Memory Usage (438260K) : gatpoly_iopc has 0 polygons
2026-03-25 02:33:02 +0100: Memory Usage (438260K) : gatpoly_noqrc has 0 polygons
2026-03-25 02:33:02 +0100: Memory Usage (438260K) : cont_drw has 24680 polygons
2026-03-25 02:33:02 +0100: Memory Usage (438260K) : cont_opc has 0 polygons
2026-03-25 02:33:02 +0100: Memory Usage (438524K) : nsd_drw has 0 polygons
2026-03-25 02:33:02 +0100: Memory Usage (438628K) : nsd_block has 0 polygons
2026-03-25 02:33:02 +0100: Memory Usage (438628K) : metal1_drw has 7670 polygons
2026-03-25 02:33:02 +0100: Memory Usage (438628K) : metal1_pin has 2038 polygons
2026-03-25 02:33:02 +0100: Memory Usage (438888K) : metal1_mask has 0 polygons
2026-03-25 02:33:02 +0100: Memory Usage (438888K) : metal1_filler has 0 polygons
2026-03-25 02:33:02 +0100: Memory Usage (438888K) : metal1_nofill has 0 polygons
2026-03-25 02:33:02 +0100: Memory Usage (438888K) : metal1_slit has 0 polygons
2026-03-25 02:33:02 +0100: Memory Usage (439152K) : metal1_text has 1 polygons
2026-03-25 02:33:02 +0100: Memory Usage (439152K) : metal1_opc has 0 polygons
2026-03-25 02:33:02 +0100: Memory Usage (439152K) : metal1_noqrc has 0 polygons
2026-03-25 02:33:02 +0100: Memory Usage (439152K) : metal1_res has 0 polygons
2026-03-25 02:33:02 +0100: Memory Usage (439152K) : metal1_iprobe has 0 polygons
2026-03-25 02:33:02 +0100: Memory Usage (439592K) : metal1_diffprb has 0 polygons
2026-03-25 02:33:02 +0100: Memory Usage (439592K) : passiv_drw has 0 polygons
2026-03-25 02:33:02 +0100: Memory Usage (439592K) : passiv_pin has 0 polygons
2026-03-25 02:33:02 +0100: Memory Usage (439592K) : passiv_sbump has 0 polygons
2026-03-25 02:33:02 +0100: Memory Usage (439592K) : passiv_pillar has 0 polygons
2026-03-25 02:33:02 +0100: Memory Usage (439856K) : passiv_pdl has 0 polygons
2026-03-25 02:33:02 +0100: Memory Usage (439856K) : metal2_drw has 1317 polygons
2026-03-25 02:33:02 +0100: Memory Usage (439856K) : metal2_pin has 11 polygons
2026-03-25 02:33:02 +0100: Memory Usage (440468K) : metal2_mask has 0 polygons
2026-03-25 02:33:02 +0100: Memory Usage (440468K) : metal2_filler has 0 polygons
2026-03-25 02:33:02 +0100: Memory Usage (440468K) : metal2_nofill has 0 polygons
2026-03-25 02:33:02 +0100: Memory Usage (440468K) : metal2_slit has 0 polygons
2026-03-25 02:33:02 +0100: Memory Usage (440468K) : metal2_text has 6 polygons
2026-03-25 02:33:02 +0100: Memory Usage (440732K) : metal2_opc has 0 polygons
2026-03-25 02:33:02 +0100: Memory Usage (440768K) : metal2_noqrc has 0 polygons
2026-03-25 02:33:02 +0100: Memory Usage (440768K) : metal2_res has 0 polygons
2026-03-25 02:33:02 +0100: Memory Usage (440768K) : metal2_iprobe has 0 polygons
2026-03-25 02:33:02 +0100: Memory Usage (441028K) : metal2_diffprb has 0 polygons
2026-03-25 02:33:02 +0100: Memory Usage (441028K) : baspoly_drw has 0 polygons
2026-03-25 02:33:02 +0100: Memory Usage (441028K) : baspoly_pin has 0 polygons
2026-03-25 02:33:02 +0100: Memory Usage (441028K) : psd_drw has 1551 polygons
2026-03-25 02:33:02 +0100: Memory Usage (441028K) : nldb_drw has 0 polygons
2026-03-25 02:33:02 +0100: Memory Usage (441292K) : digibnd_drw has 0 polygons
2026-03-25 02:33:02 +0100: Memory Usage (441292K) : via1_drw has 9054 polygons
2026-03-25 02:33:02 +0100: Memory Usage (441292K) : backmetal1_drw has 0 polygons
2026-03-25 02:33:02 +0100: Memory Usage (441616K) : backmetal1_pin has 0 polygons
2026-03-25 02:33:02 +0100: Memory Usage (441616K) : backmetal1_mask has 0 polygons
2026-03-25 02:33:02 +0100: Memory Usage (441616K) : backmetal1_filler has 0 polygons
2026-03-25 02:33:02 +0100: Memory Usage (441616K) : backmetal1_nofill has 0 polygons
2026-03-25 02:33:02 +0100: Memory Usage (441616K) : backmetal1_slit has 0 polygons
2026-03-25 02:33:02 +0100: Memory Usage (441880K) : backmetal1_text has 0 polygons
2026-03-25 02:33:02 +0100: Memory Usage (441880K) : backmetal1_opc has 0 polygons
2026-03-25 02:33:02 +0100: Memory Usage (441880K) : backmetal1_noqrc has 0 polygons
2026-03-25 02:33:02 +0100: Memory Usage (441880K) : backmetal1_res has 0 polygons
2026-03-25 02:33:02 +0100: Memory Usage (441880K) : backmetal1_iprobe has 0 polygons
2026-03-25 02:33:02 +0100: Memory Usage (442144K) : backmetal1_diffprb has 0 polygons
2026-03-25 02:33:02 +0100: Memory Usage (442144K) : backpassiv_drw has 0 polygons
2026-03-25 02:33:02 +0100: Memory Usage (442144K) : res_drw has 0 polygons
2026-03-25 02:33:02 +0100: Memory Usage (442144K) : sram_drw has 0 polygons
2026-03-25 02:33:02 +0100: Memory Usage (442408K) : trans_drw has 0 polygons
2026-03-25 02:33:02 +0100: Memory Usage (442408K) : ind_drw has 0 polygons
2026-03-25 02:33:02 +0100: Memory Usage (442408K) : ind_pin has 0 polygons
2026-03-25 02:33:02 +0100: Memory Usage (442408K) : ind_text has 0 polygons
2026-03-25 02:33:02 +0100: Memory Usage (442668K) : salblock_drw has 7 polygons
2026-03-25 02:33:02 +0100: Memory Usage (442668K) : via2_drw has 4753 polygons
2026-03-25 02:33:02 +0100: Memory Usage (442748K) : metal3_drw has 226 polygons
2026-03-25 02:33:02 +0100: Memory Usage (442748K) : metal3_pin has 8 polygons
2026-03-25 02:33:02 +0100: Memory Usage (443008K) : metal3_mask has 0 polygons
2026-03-25 02:33:02 +0100: Memory Usage (443008K) : metal3_filler has 0 polygons
2026-03-25 02:33:02 +0100: Memory Usage (443008K) : metal3_nofill has 0 polygons
2026-03-25 02:33:02 +0100: Memory Usage (443136K) : metal3_slit has 0 polygons
2026-03-25 02:33:02 +0100: Memory Usage (443136K) : metal3_text has 2 polygons
2026-03-25 02:33:02 +0100: Memory Usage (443136K) : metal3_opc has 0 polygons
2026-03-25 02:33:02 +0100: Memory Usage (443396K) : metal3_noqrc has 0 polygons
2026-03-25 02:33:02 +0100: Memory Usage (443396K) : metal3_res has 0 polygons
2026-03-25 02:33:02 +0100: Memory Usage (443396K) : metal3_iprobe has 0 polygons
2026-03-25 02:33:02 +0100: Memory Usage (443396K) : metal3_diffprb has 0 polygons
2026-03-25 02:33:02 +0100: Memory Usage (443396K) : nwell_drw has 1216 polygons
2026-03-25 02:33:02 +0100: Memory Usage (443660K) : nwell_pin has 0 polygons
2026-03-25 02:33:02 +0100: Memory Usage (443660K) : nbulay_drw has 0 polygons
2026-03-25 02:33:02 +0100: Memory Usage (443660K) : nbulay_pin has 0 polygons
2026-03-25 02:33:02 +0100: Memory Usage (443660K) : nbulay_block has 0 polygons
2026-03-25 02:33:02 +0100: Memory Usage (443924K) : emwind_drw has 0 polygons
2026-03-25 02:33:02 +0100: Memory Usage (443928K) : emwind_opc has 0 polygons
2026-03-25 02:33:02 +0100: Memory Usage (443928K) : deepco_drw has 0 polygons
2026-03-25 02:33:02 +0100: Memory Usage (444156K) : deepco_drw has 0 polygons
2026-03-25 02:33:02 +0100: Memory Usage (444156K) : mim_drw has 2 polygons
2026-03-25 02:33:02 +0100: Memory Usage (444156K) : edgeseal_drw has 0 polygons
2026-03-25 02:33:02 +0100: Memory Usage (444156K) : edgeseal_bound has 0 polygons
2026-03-25 02:33:02 +0100: Memory Usage (444416K) : substrate_drw has 723 polygons
2026-03-25 02:33:02 +0100: Memory Usage (444416K) : substrate_text has 0 polygons
2026-03-25 02:33:02 +0100: Memory Usage (444416K) : dfpad_drw has 0 polygons
2026-03-25 02:33:02 +0100: Memory Usage (444416K) : dfpad_pillar has 0 polygons
2026-03-25 02:33:02 +0100: Memory Usage (444416K) : dfpad_sbump has 0 polygons
2026-03-25 02:33:02 +0100: Memory Usage (444680K) : thickgateox_drw has 0 polygons
2026-03-25 02:33:02 +0100: Memory Usage (444680K) : pldb_drw has 0 polygons
2026-03-25 02:33:02 +0100: Memory Usage (444680K) : pwell_drw has 0 polygons
2026-03-25 02:33:02 +0100: Memory Usage (444680K) : pwell_pin has 0 polygons
2026-03-25 02:33:02 +0100: Memory Usage (444680K) : pwell_block has 0 polygons
2026-03-25 02:33:02 +0100: Memory Usage (444944K) : ic_drw has 0 polygons
2026-03-25 02:33:02 +0100: Memory Usage (444944K) : via3_drw has 4357 polygons
2026-03-25 02:33:02 +0100: Memory Usage (445048K) : metal4_drw has 157 polygons
2026-03-25 02:33:02 +0100: Memory Usage (445048K) : metal4_pin has 3 polygons
2026-03-25 02:33:02 +0100: Memory Usage (445308K) : metal4_mask has 0 polygons
2026-03-25 02:33:02 +0100: Memory Usage (445308K) : metal4_filler has 0 polygons
2026-03-25 02:33:02 +0100: Memory Usage (445308K) : metal4_nofill has 0 polygons
2026-03-25 02:33:02 +0100: Memory Usage (445308K) : metal4_slit has 0 polygons
2026-03-25 02:33:02 +0100: Memory Usage (445308K) : metal4_text has 5 polygons
2026-03-25 02:33:02 +0100: Memory Usage (445572K) : metal4_opc has 0 polygons
2026-03-25 02:33:02 +0100: Memory Usage (445572K) : metal4_noqrc has 0 polygons
2026-03-25 02:33:02 +0100: Memory Usage (445572K) : metal4_res has 0 polygons
2026-03-25 02:33:02 +0100: Memory Usage (445712K) : metal4_iprobe has 0 polygons
2026-03-25 02:33:02 +0100: Memory Usage (445712K) : metal4_diffprb has 0 polygons
2026-03-25 02:33:02 +0100: Memory Usage (445712K) : heattrans_drw has 1555 polygons
2026-03-25 02:33:02 +0100: Memory Usage (445972K) : heatres_drw has 7 polygons
2026-03-25 02:33:02 +0100: Memory Usage (445972K) : pempoly_drw has 0 polygons
2026-03-25 02:33:02 +0100: Memory Usage (445972K) : fbe_drw has 0 polygons
2026-03-25 02:33:02 +0100: Memory Usage (445972K) : empoly_drw has 0 polygons
2026-03-25 02:33:02 +0100: Memory Usage (445972K) : ldmos_drw has 0 polygons
2026-03-25 02:33:02 +0100: Memory Usage (446232K) : pbiwind_drw has 0 polygons
2026-03-25 02:33:02 +0100: Memory Usage (446232K) : digisub_drw has 0 polygons
2026-03-25 02:33:02 +0100: Memory Usage (446232K) : nodrc_drw has 0 polygons
2026-03-25 02:33:02 +0100: Memory Usage (446492K) : text_drw has 1107 polygons
2026-03-25 02:33:02 +0100: Memory Usage (446492K) : via4_drw has 4250 polygons
2026-03-25 02:33:02 +0100: Memory Usage (446492K) : metal5_drw has 107 polygons
2026-03-25 02:33:02 +0100: Memory Usage (446492K) : metal5_pin has 12 polygons
2026-03-25 02:33:02 +0100: Memory Usage (446756K) : metal5_mask has 0 polygons
2026-03-25 02:33:02 +0100: Memory Usage (446756K) : metal5_filler has 0 polygons
2026-03-25 02:33:02 +0100: Memory Usage (446756K) : metal5_nofill has 0 polygons
2026-03-25 02:33:02 +0100: Memory Usage (446756K) : metal5_slit has 0 polygons
2026-03-25 02:33:02 +0100: Memory Usage (446756K) : metal5_text has 18 polygons
2026-03-25 02:33:02 +0100: Memory Usage (447020K) : metal5_opc has 0 polygons
2026-03-25 02:33:02 +0100: Memory Usage (447020K) : metal5_noqrc has 0 polygons
2026-03-25 02:33:02 +0100: Memory Usage (447020K) : metal5_res has 0 polygons
2026-03-25 02:33:02 +0100: Memory Usage (447020K) : metal5_iprobe has 0 polygons
2026-03-25 02:33:02 +0100: Memory Usage (447020K) : metal5_diffprb has 0 polygons
2026-03-25 02:33:02 +0100: Memory Usage (447316K) : radhard_drw has 0 polygons
2026-03-25 02:33:02 +0100: Memory Usage (447384K) : memcap_drw has 0 polygons
2026-03-25 02:33:02 +0100: Memory Usage (447384K) : varicap_drw has 0 polygons
2026-03-25 02:33:02 +0100: Memory Usage (447384K) : flash_drw has 0 polygons
2026-03-25 02:33:02 +0100: Memory Usage (447644K) : intbondvia_drw has 0 polygons
2026-03-25 02:33:02 +0100: Memory Usage (447644K) : intbondmet_drw has 0 polygons
2026-03-25 02:33:02 +0100: Memory Usage (447644K) : devbondvia_drw has 0 polygons
2026-03-25 02:33:02 +0100: Memory Usage (447644K) : devbondmet_drw has 0 polygons
2026-03-25 02:33:02 +0100: Memory Usage (447644K) : devtrench_drw has 0 polygons
2026-03-25 02:33:02 +0100: Memory Usage (447908K) : redist_drw has 0 polygons
2026-03-25 02:33:02 +0100: Memory Usage (447908K) : graphbot_drw has 0 polygons
2026-03-25 02:33:02 +0100: Memory Usage (447908K) : graphtop_drw has 0 polygons
2026-03-25 02:33:02 +0100: Memory Usage (447908K) : antvia1_drw has 0 polygons
2026-03-25 02:33:02 +0100: Memory Usage (447908K) : antmetal2_drw has 0 polygons
2026-03-25 02:33:02 +0100: Memory Usage (448172K) : graphcont_drw has 0 polygons
2026-03-25 02:33:02 +0100: Memory Usage (448172K) : siwg_drw has 0 polygons
2026-03-25 02:33:02 +0100: Memory Usage (448172K) : siwg_filler has 0 polygons
2026-03-25 02:33:02 +0100: Memory Usage (448172K) : siwg_nofill has 0 polygons
2026-03-25 02:33:02 +0100: Memory Usage (448388K) : sigrating_drw has 0 polygons
2026-03-25 02:33:02 +0100: Memory Usage (448388K) : singrating_drw has 0 polygons
2026-03-25 02:33:02 +0100: Memory Usage (448388K) : graphpas_drw has 0 polygons
2026-03-25 02:33:02 +0100: Memory Usage (448648K) : emwind3_drw has 0 polygons
2026-03-25 02:33:02 +0100: Memory Usage (448648K) : emwihv3_drw has 0 polygons
2026-03-25 02:33:03 +0100: Memory Usage (448648K) : redbulay_drw has 0 polygons
2026-03-25 02:33:03 +0100: Memory Usage (448648K) : smos_drw has 0 polygons
2026-03-25 02:33:03 +0100: Memory Usage (448648K) : graphpad_drw has 0 polygons
2026-03-25 02:33:03 +0100: Memory Usage (448912K) : polimide_drw has 0 polygons
2026-03-25 02:33:03 +0100: Memory Usage (448912K) : polimide_pin has 0 polygons
2026-03-25 02:33:03 +0100: Memory Usage (448912K) : recog_drw has 0 polygons
2026-03-25 02:33:03 +0100: Memory Usage (448912K) : recog_pin has 0 polygons
2026-03-25 02:33:03 +0100: Memory Usage (449176K) : recog_esd has 0 polygons
2026-03-25 02:33:03 +0100: Memory Usage (449176K) : recog_diode has 0 polygons
2026-03-25 02:33:03 +0100: Memory Usage (449176K) : recog_tsv has 0 polygons
2026-03-25 02:33:03 +0100: Memory Usage (449176K) : recog_iprobe has 0 polygons
2026-03-25 02:33:03 +0100: Memory Usage (449176K) : recog_diffprb has 0 polygons
2026-03-25 02:33:03 +0100: Memory Usage (449176K) : recog_pillar has 0 polygons
2026-03-25 02:33:03 +0100: Memory Usage (449176K) : recog_sbump has 0 polygons
2026-03-25 02:33:03 +0100: Memory Usage (449440K) : recog_otp has 0 polygons
2026-03-25 02:33:03 +0100: Memory Usage (449440K) : recog_pdiode has 0 polygons
2026-03-25 02:33:03 +0100: Memory Usage (449440K) : recog_mom has 0 polygons
2026-03-25 02:33:03 +0100: Memory Usage (449440K) : recog_pcm has 0 polygons
2026-03-25 02:33:03 +0100: Memory Usage (449440K) : colopen_drw has 0 polygons
2026-03-25 02:33:03 +0100: Memory Usage (449440K) : graphmetal1_drw has 0 polygons
2026-03-25 02:33:03 +0100: Memory Usage (449440K) : graphmetal1_filler has 0 polygons
2026-03-25 02:33:03 +0100: Memory Usage (449704K) : graphmetal1_nofill has 0 polygons
2026-03-25 02:33:03 +0100: Memory Usage (449704K) : graphmetal1_slit has 0 polygons
2026-03-25 02:33:03 +0100: Memory Usage (449704K) : graphmetal1_opc has 0 polygons
2026-03-25 02:33:03 +0100: Memory Usage (449704K) : graphmet1l_drw has 0 polygons
2026-03-25 02:33:03 +0100: Memory Usage (449704K) : graphmet1l_filler has 0 polygons
2026-03-25 02:33:03 +0100: Memory Usage (449704K) : graphmet1l_nofill has 0 polygons
2026-03-25 02:33:03 +0100: Memory Usage (449968K) : graphmet1l_slit has 0 polygons
2026-03-25 02:33:03 +0100: Memory Usage (449968K) : graphmet1l_opc has 0 polygons
2026-03-25 02:33:03 +0100: Memory Usage (449968K) : extblock_drw has 21 polygons
2026-03-25 02:33:03 +0100: Memory Usage (449968K) : nldd_drw has 0 polygons
2026-03-25 02:33:03 +0100: Memory Usage (449968K) : pldd_drw has 0 polygons
2026-03-25 02:33:03 +0100: Memory Usage (450232K) : next_drw has 0 polygons
2026-03-25 02:33:03 +0100: Memory Usage (450232K) : pext_drw has 0 polygons
2026-03-25 02:33:03 +0100: Memory Usage (450232K) : nexthv_drw has 0 polygons
2026-03-25 02:33:03 +0100: Memory Usage (450232K) : pexthv_drw has 0 polygons
2026-03-25 02:33:03 +0100: Memory Usage (450496K) : graphgate_drw has 0 polygons
2026-03-25 02:33:03 +0100: Memory Usage (450496K) : sinwg_drw has 0 polygons
2026-03-25 02:33:03 +0100: Memory Usage (450496K) : sinwg_filler has 0 polygons
2026-03-25 02:33:03 +0100: Memory Usage (450496K) : sinwg_nofill has 0 polygons
2026-03-25 02:33:03 +0100: Memory Usage (450496K) : mempad_drw has 0 polygons
2026-03-25 02:33:03 +0100: Memory Usage (450496K) : topvia1_drw has 924 polygons
2026-03-25 02:33:03 +0100: Memory Usage (450496K) : topmetal1_drw has 120 polygons
2026-03-25 02:33:03 +0100: Memory Usage (450760K) : topmetal1_pin has 15 polygons
2026-03-25 02:33:03 +0100: Memory Usage (450760K) : topmetal1_mask has 0 polygons
2026-03-25 02:33:03 +0100: Memory Usage (450760K) : topmetal1_filler has 0 polygons
2026-03-25 02:33:03 +0100: Memory Usage (450760K) : topmetal1_nofill has 0 polygons
2026-03-25 02:33:03 +0100: Memory Usage (450760K) : topmetal1_slit has 0 polygons
2026-03-25 02:33:03 +0100: Memory Usage (450760K) : topmetal1_text has 4 polygons
2026-03-25 02:33:03 +0100: Memory Usage (451024K) : topmetal1_noqrc has 0 polygons
2026-03-25 02:33:03 +0100: Memory Usage (451024K) : topmetal1_res has 0 polygons
2026-03-25 02:33:03 +0100: Memory Usage (451024K) : topmetal1_iprobe has 0 polygons
2026-03-25 02:33:03 +0100: Memory Usage (451024K) : topmetal1_diffprb has 0 polygons
2026-03-25 02:33:03 +0100: Memory Usage (451024K) : inldpwl_drw has 0 polygons
2026-03-25 02:33:03 +0100: Memory Usage (451288K) : polyres_drw has 7 polygons
2026-03-25 02:33:03 +0100: Memory Usage (451288K) : polyres_pin has 0 polygons
2026-03-25 02:33:03 +0100: Memory Usage (451288K) : vmim_drw has 578 polygons
2026-03-25 02:33:03 +0100: Memory Usage (451288K) : nbulaycut_drw has 0 polygons
2026-03-25 02:33:03 +0100: Memory Usage (451288K) : antmetal1_drw has 0 polygons
2026-03-25 02:33:03 +0100: Memory Usage (451552K) : topvia2_drw has 0 polygons
2026-03-25 02:33:03 +0100: Memory Usage (451552K) : topmetal2_drw has 0 polygons
2026-03-25 02:33:03 +0100: Memory Usage (451552K) : topmetal2_pin has 0 polygons
2026-03-25 02:33:03 +0100: Memory Usage (451552K) : topmetal2_mask has 0 polygons
2026-03-25 02:33:03 +0100: Memory Usage (451552K) : topmetal2_filler has 0 polygons
2026-03-25 02:33:03 +0100: Memory Usage (451816K) : topmetal2_nofill has 0 polygons
2026-03-25 02:33:03 +0100: Memory Usage (451816K) : topmetal2_slit has 0 polygons
2026-03-25 02:33:03 +0100: Memory Usage (451816K) : topmetal2_text has 0 polygons
2026-03-25 02:33:03 +0100: Memory Usage (451816K) : topmetal2_noqrc has 0 polygons
2026-03-25 02:33:03 +0100: Memory Usage (452080K) : topmetal2_res has 0 polygons
2026-03-25 02:33:03 +0100: Memory Usage (452080K) : topmetal2_iprobe has 0 polygons
2026-03-25 02:33:03 +0100: Memory Usage (452080K) : topmetal2_diffprb has 0 polygons
2026-03-25 02:33:03 +0100: Memory Usage (452080K) : snsring_drw has 0 polygons
2026-03-25 02:33:03 +0100: Memory Usage (452080K) : sensor_drw has 0 polygons
2026-03-25 02:33:03 +0100: Memory Usage (452344K) : snsarms_drw has 0 polygons
2026-03-25 02:33:03 +0100: Memory Usage (452344K) : snscmosvia_drw has 0 polygons
2026-03-25 02:33:03 +0100: Memory Usage (452344K) : colwind_drw has 0 polygons
2026-03-25 02:33:03 +0100: Memory Usage (452344K) : flm_drw has 0 polygons
2026-03-25 02:33:03 +0100: Memory Usage (452344K) : hafniumox_drw has 0 polygons
2026-03-25 02:33:03 +0100: Memory Usage (452608K) : memvia_drw has 0 polygons
2026-03-25 02:33:03 +0100: Memory Usage (452608K) : thinfilmres_drw has 0 polygons
2026-03-25 02:33:03 +0100: Memory Usage (452608K) : rfmem_drw has 0 polygons
2026-03-25 02:33:03 +0100: Memory Usage (452608K) : norcx_drw has 0 polygons
2026-03-25 02:33:03 +0100: Memory Usage (452608K) : norcx_m2m3 has 0 polygons
2026-03-25 02:33:03 +0100: Memory Usage (452608K) : norcx_m2m4 has 0 polygons
2026-03-25 02:33:03 +0100: Memory Usage (452608K) : norcx_m2m5 has 0 polygons
2026-03-25 02:33:03 +0100: Memory Usage (452872K) : norcx_m2tm1 has 0 polygons
2026-03-25 02:33:03 +0100: Memory Usage (452872K) : norcx_m2tm2 has 0 polygons
2026-03-25 02:33:03 +0100: Memory Usage (452872K) : norcx_m3m4 has 0 polygons
2026-03-25 02:33:03 +0100: Memory Usage (452872K) : norcx_m3m5 has 0 polygons
2026-03-25 02:33:03 +0100: Memory Usage (452872K) : norcx_m3tm1 has 0 polygons
2026-03-25 02:33:03 +0100: Memory Usage (452872K) : norcx_m3tm2 has 0 polygons
2026-03-25 02:33:03 +0100: Memory Usage (452872K) : norcx_m4m5 has 0 polygons
2026-03-25 02:33:03 +0100: Memory Usage (453136K) : norcx_m4tm1 has 0 polygons
2026-03-25 02:33:03 +0100: Memory Usage (453136K) : norcx_m4tm2 has 0 polygons
2026-03-25 02:33:03 +0100: Memory Usage (453136K) : norcx_m5tm1 has 0 polygons
2026-03-25 02:33:03 +0100: Memory Usage (453136K) : norcx_m5tm2 has 0 polygons
2026-03-25 02:33:03 +0100: Memory Usage (453136K) : norcx_tm1tm2 has 0 polygons
2026-03-25 02:33:03 +0100: Memory Usage (453136K) : norcx_m1sub has 0 polygons
2026-03-25 02:33:03 +0100: Memory Usage (453136K) : norcx_m2sub has 0 polygons
2026-03-25 02:33:03 +0100: Memory Usage (453400K) : norcx_m3sub has 0 polygons
2026-03-25 02:33:03 +0100: Memory Usage (453400K) : norcx_m4sub has 0 polygons
2026-03-25 02:33:03 +0100: Memory Usage (453400K) : norcx_m5sub has 0 polygons
2026-03-25 02:33:03 +0100: Memory Usage (453400K) : norcx_tm1sub has 0 polygons
2026-03-25 02:33:03 +0100: Memory Usage (453400K) : norcx_tm2sub has 0 polygons
2026-03-25 02:33:03 +0100: Memory Usage (453400K) : snsbotvia_drw has 0 polygons
2026-03-25 02:33:03 +0100: Memory Usage (453400K) : snstopvia_drw has 0 polygons
2026-03-25 02:33:03 +0100: Memory Usage (453664K) : deepvia_drw has 0 polygons
2026-03-25 02:33:03 +0100: Memory Usage (453664K) : fgetch_drw has 0 polygons
2026-03-25 02:33:03 +0100: Memory Usage (453664K) : ctrgat_drw has 0 polygons
2026-03-25 02:33:03 +0100: Memory Usage (453664K) : fgimp_drw has 0 polygons
2026-03-25 02:33:03 +0100: Memory Usage (453664K) : emwihv_drw has 0 polygons
2026-03-25 02:33:03 +0100: Memory Usage (453664K) : lbe_drw has 0 polygons
2026-03-25 02:33:03 +0100: Memory Usage (453664K) : alcustop_drw has 0 polygons
2026-03-25 02:33:03 +0100: Memory Usage (453928K) : nometfiller_drw has 0 polygons
2026-03-25 02:33:03 +0100: Memory Usage (453928K) : prboundary_drw has 0 polygons
2026-03-25 02:33:03 +0100: Memory Usage (453928K) : exchange0_drw has 0 polygons
2026-03-25 02:33:03 +0100: Memory Usage (453928K) : exchange0_pin has 0 polygons
2026-03-25 02:33:03 +0100: Memory Usage (453928K) : exchange0_text has 0 polygons
2026-03-25 02:33:03 +0100: Memory Usage (454192K) : exchange1_drw has 0 polygons
2026-03-25 02:33:03 +0100: Memory Usage (454192K) : exchange1_pin has 0 polygons
2026-03-25 02:33:03 +0100: Memory Usage (454192K) : exchange1_text has 0 polygons
2026-03-25 02:33:03 +0100: Memory Usage (454192K) : exchange2_drw has 0 polygons
2026-03-25 02:33:03 +0100: Memory Usage (454192K) : exchange2_pin has 0 polygons
2026-03-25 02:33:03 +0100: Memory Usage (454456K) : exchange2_text has 0 polygons
2026-03-25 02:33:03 +0100: Memory Usage (454456K) : exchange3_drw has 0 polygons
2026-03-25 02:33:03 +0100: Memory Usage (454456K) : exchange3_pin has 0 polygons
2026-03-25 02:33:03 +0100: Memory Usage (454456K) : exchange3_text has 0 polygons
2026-03-25 02:33:03 +0100: Memory Usage (454456K) : exchange4_drw has 0 polygons
2026-03-25 02:33:03 +0100: Memory Usage (454456K) : exchange4_pin has 0 polygons
2026-03-25 02:33:03 +0100: Memory Usage (454456K) : exchange4_text has 0 polygons
2026-03-25 02:33:03 +0100: Memory Usage (454456K) : isonwell_drw has 0 polygons
2026-03-25 02:33:03 +0100: Memory Usage (454456K) : Total no. of polygons in the design is 74600
2026-03-25 02:33:03 +0100: Memory Usage (454456K) : Loaded TECH DRC rules values from /foss/pdks/ihp-sg13g2/libs.tech/klayout/python/sg13g2_pycell_lib/sg13g2_tech_mod.json
2026-03-25 02:33:03 +0100: Memory Usage (454456K) : Loaded default DRC rules values from /foss/pdks/ihp-sg13g2/libs.tech/klayout/tech/drc/rule_decks/sg13g2_tech_default.json
2026-03-25 02:33:03 +0100: Memory Usage (454456K) : The following rules values were missing in tech json and default values were used:
2026-03-25 02:33:03 +0100: Memory Usage (454456K) :   - Cnt_c_digibnd
2026-03-25 02:33:03 +0100: Memory Usage (454792K) : Total area of the design is 28136.451999999997 um^2.
2026-03-25 02:33:03 +0100: Memory Usage (454792K) : The design dimensions are 211.6 µm * 132.97 µm.
2026-03-25 02:33:03 +0100: Memory Usage (454792K) : Starting general IHP-SG13G2 derivations.
2026-03-25 02:33:03 +0100: Memory Usage (454792K) : Starting Pwell derivations
2026-03-25 02:33:03 +0100: Memory Usage (458588K) : Starting IHP-SG13G2 DRC rules.
2026-03-25 02:33:03 +0100: Memory Usage (458588K) : Starting 5.26 TopMetal2:filler table
2026-03-25 02:33:03 +0100: Memory Usage (458588K) : Executing rule TM2Fil.c
2026-03-25 02:33:03 +0100: Memory Usage (459400K) : Executing rule TM2Fil.a1
2026-03-25 02:33:03 +0100: Memory Usage (459400K) : KLayout DRC run for tables 'topmetal2filler' completed in 0.45 seconds
